Environment variable "G4FORCE_RUN_MANAGER_TYPE" enabled with value == Serial. Forcing G4RunManager type...

        ############################################
        !!! WARNING - FPE detection is activated !!!
        ############################################


          ################################
          !!! G4Backtrace is activated !!!
          ################################


**************************************************************
 Geant4 version Name: geant4-11-04-ref-08    (28-August-2026)
                       Copyright : Geant4 Collaboration
                      References : NIM A 506 (2003), 250-303
                                 : IEEE-TNS 53 (2006), 270-278
                                 : NIM A 835 (2016), 186-225
                             WWW : http://geant4.org/
**************************************************************

##### AuNP started for 1 threads #####
*** /run/numberOfThreads command is issued in sequential mode.
Command is ignored.
PhysicsList::SetCuts:CutLength : 100000 fm 

=========================================================
---> The tracking cut to all particles is set to 10 eV 

---------------------------------------------------------
---> The Nano-Particle is a sphere of 50 nm  radius of G4_Au made of
 
 Material:    G4_Au    density: 19.320 g/cm3   RadL:   3.344 mm   Nucl.Int.Length:  10.540 cm 
                       Imean: 790.000 eV   temperature: 293.15 K  pressure:   1.00 atm

   --->  Element: Au (Au)   Z = 79.0   N =   197   A = 196.967 g/mole
         --->  Isotope: Au197   Z = 79   N = 197   A = 196.97 g/mole   abundance: 100.000 %
          ElmMassFraction: 100.00 %  ElmAbundance 100.00 % 


---------------------------------------------------------
---> The Absorber is a sphere of 100 um  radius of G4_WATER made of
 
 Material: G4_WATER H_2O   density:  1.000 g/cm3   RadL:  36.083 cm   Nucl.Int.Length:  75.375 cm 
                       Imean:  78.000 eV   temperature: 293.15 K  pressure:   1.00 atm

   --->  Element: H (H)   Z =  1.0   N =     1   A =  1.008 g/mole
         --->  Isotope:    H1   Z =  1   N =   1   A =   1.01 g/mole   abundance: 99.989 %
         --->  Isotope:    H2   Z =  1   N =   2   A =   2.01 g/mole   abundance:  0.011 %
          ElmMassFraction:  11.19 %  ElmAbundance  66.67 % 

   --->  Element: O (O)   Z =  8.0   N =    16   A = 15.999 g/mole
         --->  Isotope:   O16   Z =  8   N =  16   A =  15.99 g/mole   abundance: 99.757 %
         --->  Isotope:   O17   Z =  8   N =  17   A =  17.00 g/mole   abundance:  0.038 %
         --->  Isotope:   O18   Z =  8   N =  18   A =  18.00 g/mole   abundance:  0.205 %
          ElmMassFraction:  88.81 %  ElmAbundance  33.33 % 


=========================================================
G4DNASamplingTable::LoadData from file:
/dna/sigmadiff_ionisation_e_born.dat
    Nenergy= 83 NmaxT= 151
G4DNASamplingTable::LoadData from file:
/dna/sigmadiff_ionisation_p_born.dat
    Nenergy= 31 NmaxT= 151
PhysicsList::SetCuts:CutLength : 100000 fm 

Molecular Config | Diffusion Coefficient (m2 / s)       | Radius (nm) 
_____________________________________________________________________________
H3O^1                 9.46e-09                          0.25
_____________________________________________________________________________
°OH^0                 2.2e-09                          0.22
_____________________________________________________________________________
OH^-1                  5.3e-09                          0.33
_____________________________________________________________________________
e_aq^-1                4.9e-09                           0.5
_____________________________________________________________________________
H^0                      7e-09                          0.19
_____________________________________________________________________________
H_2^0                  4.8e-09                          0.14
_____________________________________________________________________________
H2O2^0                 2.3e-09                          0.21
_____________________________________________________________________________
HO_2°^0               2.3e-09                          0.21
_____________________________________________________________________________
HO_2^-1                1.4e-09                          0.25
_____________________________________________________________________________
°O^0                    2e-09                           0.2
_____________________________________________________________________________
O^-1                     2e-09                          0.25
_____________________________________________________________________________
O_2^0                  2.4e-09                          0.17
_____________________________________________________________________________
O_2^-1                1.75e-09                          0.22
_____________________________________________________________________________
O_3^0                    2e-09                           0.2
_____________________________________________________________________________
O_3^-1                   2e-09                           0.2
_____________________________________________________________________________
H2O^0                        0                         0.275
_____________________________________________________________________________
H3O^1                        0                        0.0961
_____________________________________________________________________________
OH^-1                        0                        0.0958
_____________________________________________________________________________
None^0                       0                             0
_____________________________________________________________________________
H2O^0                    2e-09                         0.275
_____________________________________________________________________________
H2O^0                    2e-09                         0.275
_____________________________________________________________________________
H2O^0                    2e-09                         0.275
_____________________________________________________________________________
H2O^0                    2e-09                         0.275
_____________________________________________________________________________
H2O^0                    2e-09                         0.275
_____________________________________________________________________________
H2O^1                    2e-09                         0.275
_____________________________________________________________________________
H2O^1                    2e-09                         0.275
_____________________________________________________________________________
H2O^1                    2e-09                         0.275
_____________________________________________________________________________
H2O^1                    2e-09                         0.275
_____________________________________________________________________________
H2O^1                    2e-09                         0.275
_____________________________________________________________________________
H2O^-1                   2e-09                         0.275
_____________________________________________________________________________
H2O^0                    2e-09                         0.275
_____________________________________________________________________________
H2O^0                    2e-09                         0.275
_____________________________________________________________________________
HO_2^-1                2.3e-09                          0.21
_____________________________________________________________________________
HO_2°^0               2.3e-09                          0.21
_____________________________________________________________________________
None^0                       0                             0
_____________________________________________________________________________
O^0                      2e-09                           0.2
_____________________________________________________________________________
OH^-1                  2.8e-09                        0.0958
_____________________________________________________________________________
O_2^0                  2.4e-09                          0.17
_____________________________________________________________________________
O_3^0                    2e-09                           0.2
_____________________________________________________________________________
°O^0                    2e-09                           0.2
_____________________________________________________________________________
Number of chemical species involved in reactions = 6
Reaction                                    Reaction Rate [dm3/(mol*s)]   
----------------------------------------------------------------------------
H3O^1 + OH^-1 -> No product                 1.13e+11                      
----------------------------------------------------------------------------
H3O^1 + e_aq^-1 -> H^0                      2.11e+10                      
----------------------------------------------------------------------------
°OH^0 + H^0 -> No product                  1.55e+10                      
----------------------------------------------------------------------------
°OH^0 + °OH^0 -> H2O2^0                   5.5e+09                       
----------------------------------------------------------------------------
°OH^0 + e_aq^-1 -> OH^-1                   2.95e+10                      
----------------------------------------------------------------------------
e_aq^-1 + H^0 -> H_2^0 + OH^-1              2.5e+10                       
----------------------------------------------------------------------------
e_aq^-1 + e_aq^-1 -> H_2^0 + OH^-1 + OH^-1  6.36e+09                      
----------------------------------------------------------------------------
e_aq^-1 + H2O2^0 -> OH^-1 + °OH^0          1.1e+10                       
----------------------------------------------------------------------------
H^0 + H^0 -> H_2^0                          5.03e+09                      
----------------------------------------------------------------------------
=======================================================================
======                 Electromagnetic Physics Parameters      ========
=======================================================================
LPM effect enabled                                 1
Enable creation and use of sampling tables         0
Apply cuts on all EM processes                     0
Use combined TransportationWithMsc                 Disabled
Use general process                                0
Enable linear polarisation for gamma               0
Enable photoeffect sampling below K-shell          1
Enable sampling of quantum entanglement            0
X-section factor for integral approach             0.8
Min kinetic energy for tables                      100 eV 
Max kinetic energy for tables                      1 GeV
Number of bins per decade of a table               7
Verbose level                                      1
Verbose level for worker thread                    0
Bremsstrahlung energy threshold above which 
  primary e+- is added to the list of secondary    100 TeV
Bremsstrahlung energy threshold above which primary
  muon/hadron is added to the list of secondary    100 TeV
Positron annihilation at rest model                SimplePositronium
Enable 3 gamma annihilation on fly                 0
Lowest triplet kinetic energy                      1 MeV
Enable sampling of gamma linear polarisation       0
5D gamma conversion model type                     0
5D gamma conversion model on isolated ion          0
Use RiGe 5D e+e- pair production model by muons    0
Livermore data directory                           epics_2017
=======================================================================
======                 Ionisation Parameters                   ========
=======================================================================
Step function for e+-                              (0.2, 1 mm)
Step function for muons/hadrons                    (0.2, 0.1 mm)
Step function for light ions                       (0.2, 0.1 mm)
Step function for general ions                     (0.2, 0.1 mm)
Lowest e+e- kinetic energy                         1 eV 
Lowest muon/hadron kinetic energy                  1 keV
Use ICRU90 data                                    0
Fluctuations of dE/dx are enabled                  1
Type of fluctuation model for leptons and hadrons  Universal
Use built-in Birks saturation                      0
Build CSDA range enabled                           0
Use cut as a final range enabled                   0
Enable angular generator interface                 0
Enable parallel initialisation of physics tables   0
Max kinetic energy for CSDA tables                 1 GeV
Max kinetic energy for NIEL computation            0 eV 
Linear loss limit                                  0.01
Read data from file for e+e- pair production by mu 0
=======================================================================
======                 Multiple Scattering Parameters          ========
=======================================================================
Type of msc step limit algorithm for e+-           1
Type of msc step limit algorithm for muons/hadrons 0
Msc lateral displacement for e+- enabled           1
Msc lateral displacement for muons and hadrons     0
Urban msc model lateral displacement alg96         1
Range factor for msc step limit for e+-            0.04
Range factor for msc step limit for muons/hadrons  0.2
Geometry factor for msc step limitation of e+-     2.5
Safety factor for msc step limit for e+-           0.6
Skin parameter for msc step limitation of e+-      1
Lambda limit for msc step limit for e+-            1 mm
Use Mott correction for e- scattering              0
Factor used for dynamic computation of angular 
  limit between single and multiple scattering     1
Fixed angular limit between single 
  and multiple scattering                          3.1416 rad
Upper energy limit for e+- multiple scattering     100 MeV
Type of electron single scattering model           0
Type of nuclear form-factor                        1
Screening factor                                   1
=======================================================================
======                 Atomic Deexcitation Parameters          ========
=======================================================================
Fluorescence enabled                               1
Directory in G4LEDATA for fluorescence data files  fluor
Auger electron cascade enabled                     1
PIXE atomic de-excitation enabled                  1
De-excitation module ignores cuts                  1
Type of PIXE cross section for hadrons             Empirical
Type of PIXE cross section for e+-                 Livermore
=======================================================================

### ===  Deexcitation model UAtomDeexcitation is activated for 2 regions:
          DefaultRegionForTheWorld  1  1  1
          NP  1  1  1

### === G4UAtomicDeexcitation::InitialiseForNewRun()
### ===  Auger flag: 1
### ===  Ignore cuts flag:   1
### ===  PIXE model for hadrons: Empirical
### ===  PIXE model for e+-:     Livermore
G4DNAELSEPAElasticModel: high energy limit decreased from 1000 MeV to 10 MeV

phot:  for gamma SubType=12 BuildTable=0
      LambdaPrime table from 200 keV to 1 GeV in 26 bins 
      ===== EM models for the G4Region  DefaultRegionForTheWorld ======
 LivermorePhElectric : Emin=    0 eV  Emax=    1 GeV  SauterGavrila Fluo

compt:  for gamma SubType=13 BuildTable=1
      Lambda table from 100 eV  to 1 MeV, 7 bins/decade, spline: 1
      LambdaPrime table from 1 MeV to 1 GeV in 21 bins 
      ===== EM models for the G4Region  DefaultRegionForTheWorld ======
    LivermoreCompton : Emin=    0 eV  Emax=    1 GeV Fluo

conv:  for gamma SubType=14 BuildTable=1
      Lambda table from 1.022 MeV to 1 GeV, 31 bins/decade, spline: 1
      ===== EM models for the G4Region  DefaultRegionForTheWorld ======
 LivermoreConversion : Emin=    0 eV  Emax=    1 GeV  ModifiedTsai

Rayl:  for gamma SubType=11 BuildTable=1
      Lambda table from 100 eV  to 150 keV, 7 bins/decade, spline: 0
      LambdaPrime table from 150 keV to 1 GeV in 27 bins 
      ===== EM models for the G4Region  DefaultRegionForTheWorld ======
   LivermoreRayleigh : Emin=    0 eV  Emax=    1 GeV  CullenGenerator

e-_G4DNAElastic:  for e- SubType=51 BuildTable=0
      ===== EM models for the G4Region  DefaultRegionForTheWorld ======
DNAChampionElasticModel : Emin=    0 eV  Emax=    1 MeV
      ===== EM models for the G4Region  NP ======

e-_G4DNAExcitation:  for e- SubType=52 BuildTable=0
      ===== EM models for the G4Region  DefaultRegionForTheWorld ======
DNABornExcitationModel : Emin=    0 eV  Emax=    1 GeV
      ===== EM models for the G4Region  NP ======

e-_G4DNAIonisation:  for e- SubType=53 BuildTable=0
      ===== EM models for the G4Region  DefaultRegionForTheWorld ======
DNABornIonisationModel : Emin=    0 eV  Emax=    1 GeV  deltaBorn Fluo
      ===== EM models for the G4Region  NP ======

e-_G4DNAAttachment:  for e- SubType=55 BuildTable=0
      ===== EM models for the G4Region  DefaultRegionForTheWorld ======
DNAMeltonAttachmentModel : Emin=    0 eV  Emax=   13 eV 
      ===== EM models for the G4Region  NP ======

e-_G4DNAVibExcitation:  for e- SubType=54 BuildTable=0
      ===== EM models for the G4Region  DefaultRegionForTheWorld ======
DNASancheExcitationModel : Emin=    0 eV  Emax=  100 eV 
      ===== EM models for the G4Region  NP ======

e-_G4DNABremsstrahlung:  for e-  XStype:4  SubType=3
      dE/dx and range tables from 100 eV  to 1 GeV in 49 bins
      Lambda tables from threshold to 1 GeV, 7 bins/decade, spline: 1
      LPM flag: 1 for E > 1 GeV,  VertexHighEnergyTh(GeV)= 100000
      ===== EM models for the G4Region  DefaultRegionForTheWorld ======
             eBremSB : Emin=    0 eV  Emax=    1 GeV  ModifiedTsai
      ===== EM models for the G4Region  NP ======

e-_G4DNAELSEPAElastic:  for e- SubType=51 BuildTable=0
      ===== EM models for the G4Region  DefaultRegionForTheWorld ======
          DummyModel : Emin=    0 eV  Emax=    1 GeV
          StepLim=UseSafety Rfact=0.04 Gfact=2.5 Sfact=0.6 DispFlag:1 Skin=1 Llim=1 mm
      ===== EM models for the G4Region  NP ======
DNAELSEPAElasticModel : Emin=    0 eV  Emax=    1 GeV

e-_G4DNADRMExcitation:  for e- SubType=52 BuildTable=0
      ===== EM models for the G4Region  DefaultRegionForTheWorld ======
          DummyModel : Emin=    0 eV  Emax=    1 GeV
          StepLim=UseSafety Rfact=0.04 Gfact=2.5 Sfact=0.6 DispFlag:1 Skin=1 Llim=1 mm
      ===== EM models for the G4Region  NP ======
DNADiracRMatrixExcitationModel : Emin=    0 eV  Emax=    1 GeV

e-_G4DNARelativisticIonisation:  for e- SubType=53 BuildTable=0
      ===== EM models for the G4Region  DefaultRegionForTheWorld ======
          DummyModel : Emin=    0 eV  Emax=    1 GeV
          StepLim=UseSafety Rfact=0.04 Gfact=2.5 Sfact=0.6 DispFlag:1 Skin=1 Llim=1 mm
      ===== EM models for the G4Region  NP ======
DNARelativisticIonisationModel : Emin=    0 eV  Emax=    1 GeV Fluo

e-_G4DNAPlasmonExcitation:  for e- SubType=-1 BuildTable=0
      ===== EM models for the G4Region  DefaultRegionForTheWorld ======
          DummyModel : Emin=    0 eV  Emax=    1 GeV
          StepLim=UseSafety Rfact=0.04 Gfact=2.5 Sfact=0.6 DispFlag:1 Skin=1 Llim=1 mm
      ===== EM models for the G4Region  NP ======
DNAQuinnPlasmonExcitationModel : Emin=    0 eV  Emax=    1 GeV

e-_G4DNABremsstrahlung_GNP:  for e-  XStype:4  SubType=3
      dE/dx and range tables from 100 eV  to 1 GeV in 49 bins
      Lambda tables from threshold to 1 GeV, 7 bins/decade, spline: 1
      LPM flag: 1 for E > 1 GeV,  VertexHighEnergyTh(GeV)= 100000
      ===== EM models for the G4Region  DefaultRegionForTheWorld ======
          DummyModel : Emin=    0 eV  Emax=    1 GeV
          StepLim=UseSafety Rfact=0.04 Gfact=2.5 Sfact=0.6 DispFlag:1 Skin=1 Llim=1 mm
      ===== EM models for the G4Region  NP ======
             eBremSB : Emin=    0 eV  Emax=    1 GeV  ModifiedTsai

e-_G4DNAElectronSolvation:  for e- SubType=58 BuildTable=0
      ===== EM models for the G4Region  DefaultRegionForTheWorld ======
DNAOneStepThermalizationModel_Meesungnoen2002 : Emin=    0 eV  Emax= 8.22 eV 

========= Table of registered couples ============================

Index : 0     used in the geometry : Yes
 Material : Galactic
 Range cuts        :  gamma  1 Ang    e-  1 Ang    e+  1 Ang proton 100000 fm 
 Energy thresholds :  gamma  1 eV     e-  1 eV     e+  1 eV  proton 10 meV
 Region(s) which use this couple : 
    DefaultRegionForTheWorld

Index : 1     used in the geometry : Yes
 Material : G4_WATER
 Range cuts        :  gamma  1 Ang    e-  1 Ang    e+  1 Ang proton 100000 fm 
 Energy thresholds :  gamma  1 eV     e-  1 eV     e+  1 eV  proton 10 meV
 Region(s) which use this couple : 
    DefaultRegionForTheWorld

Index : 2     used in the geometry : Yes
 Material : G4_Au
 Range cuts        :  gamma  1 Ang    e-  1 Ang    e+  1 Ang proton 1 Ang
 Energy thresholds :  gamma  1 eV     e-  1 eV     e+  1 eV  proton 10 meV
 Region(s) which use this couple : 
    NP

==================================================================

### Run 0 starts.
... set ntuple merging row mode : row-wise - done
... create file : AuNP.root - done
... open analysis file : AuNP.root - done
... open analysis file : AuNP.root - done
--> Event 0 starts.

DNAIndependentReactionTimeModel will be used ==========================

=======================================================================


-------- WWWW ------- G4Exception-START -------- WWWW -------
*** G4Exception : MOLMAN000
      issued by : G4MoleculeCounterManager::Initialize
The molecule counter manager is set to accumulate counters into the master thread. But this will *NOT* be triggered automatically, since the counters are not reset before events or runs!
*** This is just a warning message. ***
-------- WWWW -------- G4Exception-END --------- WWWW -------


-------- WWWW ------- G4Exception-START -------- WWWW -------
*** G4Exception : MOLMAN000
      issued by : G4MoleculeCounterManager::Initialize
The molecule counter manager tried to verify its settings but it appears that the selection of accumulate and reset flags does not match any reasonable configuration!
*** This is just a warning message. ***
-------- WWWW -------- G4Exception-END --------- WWWW -------

*** G4Scheduler starts processing 
At time :       1 ps  Reaction : e_aq^-1 (-289) + °OH^0 (-2554) -> OH^-1 (-4506)
At time :       1 ps  Reaction : e_aq^-1 (-1472) + °OH^0 (-3000) -> OH^-1 (-4507)
At time :       1 ps  Reaction : H^0 (-4452) + °OH^0 (-2494) -> No product
At time :       1 ps  Reaction : e_aq^-1 (-1867) + °OH^0 (-2788) -> OH^-1 (-4508)
At time :       1 ps  Reaction : OH^-1 (-1995) + H3O^1 (-2235) -> No product
At time :       1 ps  Reaction : °OH^0 (-2132) + °OH^0 (-2966) -> H2O2^0 (-4509)
At time :       1 ps  Reaction : °OH^0 (-3346) + H^0 (-4493) -> No product
At time :       1 ps  Reaction : °OH^0 (-2862) + °OH^0 (-2864) -> H2O2^0 (-4510)
At time :       1 ps  Reaction : °OH^0 (-4496) + °OH^0 (-3148) -> H2O2^0 (-4511)
At time :       1 ps  Reaction : °OH^0 (-3258) + °OH^0 (-3970) -> H2O2^0 (-4512)
At time :       1 ps  Reaction : °OH^0 (-4311) + °OH^0 (-2138) -> H2O2^0 (-4513)
At time :       1 ps  Reaction : OH^-1 (-4507) + H3O^1 (-2999) -> No product
At time :       1 ps  Reaction : OH^-1 (-4506) + H3O^1 (-2553) -> No product
At time :  1.8977 ps  Reaction : OH^-1 (-4508) + H3O^1 (-2787) -> No product
At time :  3.1937 ps  Reaction : °OH^0 (-4323) + °OH^0 (-2400) -> H2O2^0 (-4514)
At time :  3.7702 ps  Reaction : °OH^0 (-4276) + °OH^0 (-2992) -> H2O2^0 (-4515)
At time :  3.8619 ps  Reaction : °OH^0 (-2330) + °OH^0 (-2910) -> H2O2^0 (-4516)
At time :  3.9365 ps  Reaction : °OH^0 (-3868) + e_aq^-1 (-3870) -> OH^-1 (-4517)
At time :  4.0158 ps  Reaction : °OH^0 (-4363) + °OH^0 (-4364) -> H2O2^0 (-4518)
At time :    4.08 ps  Reaction : °OH^0 (-4351) + °OH^0 (-4352) -> H2O2^0 (-4519)
At time :  5.0915 ps  Reaction : °OH^0 (-2162) + °OH^0 (-2480) -> H2O2^0 (-4520)
At time :  5.3134 ps  Reaction : °OH^0 (-4313) + °OH^0 (-2390) -> H2O2^0 (-4521)
At time :  5.6918 ps  Reaction : OH^-1 (-2007) + H3O^1 (-2437) -> No product
At time :  6.1061 ps  Reaction : °OH^0 (-2440) + °OH^0 (-3734) -> H2O2^0 (-4522)
At time :  6.1873 ps  Reaction : °OH^0 (-4437) + °OH^0 (-2562) -> H2O2^0 (-4523)
At time :  6.3205 ps  Reaction : °OH^0 (-4300) + °OH^0 (-4299) -> H2O2^0 (-4524)
At time :  7.3141 ps  Reaction : °OH^0 (-3386) + °OH^0 (-3388) -> H2O2^0 (-4525)
At time :  7.5804 ps  Reaction : °OH^0 (-4294) + °OH^0 (-4295) -> H2O2^0 (-4526)
At time :  7.7352 ps  Reaction : H^0 (-4182) + °OH^0 (-3134) -> No product
At time :  8.8847 ps  Reaction : °OH^0 (-4331) + °OH^0 (-4330) -> H2O2^0 (-4527)
At time :  8.9333 ps  Reaction : H^0 (-4203) + °OH^0 (-4382) -> No product
At time :  9.0581 ps  Reaction : e_aq^-1 (-867) + °OH^0 (-2486) -> OH^-1 (-4528)
At time :  9.1385 ps  Reaction : °OH^0 (-4127) + °OH^0 (-4128) -> H2O2^0 (-4529)
At time :  10.129 ps  Reaction : H^0 (-4274) + °OH^0 (-3932) -> No product
At time :  12.168 ps  Reaction : °OH^0 (-4131) + H^0 (-4370) -> No product
At time :  13.582 ps  Reaction : °OH^0 (-4468) + H^0 (-4469) -> No product
At time :  15.148 ps  Reaction : H3O^1 (-2513) + e_aq^-1 (-3897) -> H^0 (-4530)
At time :  15.823 ps  Reaction : OH^-1 (-1983) + H3O^1 (-2771) -> No product
At time :  16.022 ps  Reaction : °OH^0 (-2344) + e_aq^-1 (-3873) -> OH^-1 (-4531)
At time :  16.146 ps  Reaction : H^0 (-4392) + °OH^0 (-2158) -> No product
At time :  16.307 ps  Reaction : H3O^1 (-2127) + OH^-1 (-4531) -> No product
At time :  16.887 ps  Reaction : °OH^0 (-2242) + °OH^0 (-2912) -> H2O2^0 (-4532)
At time :  18.056 ps  Reaction : e_aq^-1 (-1629) + H3O^1 (-2909) -> H^0 (-4533)
At time :   18.09 ps  Reaction : °OH^0 (-2418) + °OH^0 (-3212) -> H2O2^0 (-4534)
At time :  18.389 ps  Reaction : °OH^0 (-2212) + °OH^0 (-3450) -> H2O2^0 (-4535)
At time :  18.526 ps  Reaction : °OH^0 (-3128) + °OH^0 (-3136) -> H2O2^0 (-4536)
At time :  18.539 ps  Reaction : °OH^0 (-4336) + °OH^0 (-2144) -> H2O2^0 (-4537)
At time :   18.91 ps  Reaction : °OH^0 (-3130) + °OH^0 (-3170) -> H2O2^0 (-4538)
At time :   19.12 ps  Reaction : H3O^1 (-3117) + e_aq^-1 (-3885) -> H^0 (-4539)
At time :  19.943 ps  Reaction : °OH^0 (-2436) + e_aq^-1 (-3976) -> OH^-1 (-4540)
At time :  22.092 ps  Reaction : °OH^0 (-4444) + °OH^0 (-3622) -> H2O2^0 (-4541)
At time :   25.11 ps  Reaction : H^0 (-4209) + °OH^0 (-4402) -> No product
At time :  25.423 ps  Reaction : OH^-1 (-2022) + H3O^1 (-2527) -> No product
At time :  25.695 ps  Reaction : H^0 (-4186) + °OH^0 (-2434) -> No product
At time :  25.914 ps  Reaction : OH^-1 (-2025) + H3O^1 (-3595) -> No product
At time :  26.564 ps  Reaction : °OH^0 (-2472) + °OH^0 (-2476) -> H2O2^0 (-4542)
At time :  27.172 ps  Reaction : H^0 (-4229) + °OH^0 (-4488) -> No product
At time :  27.537 ps  Reaction : °OH^0 (-2488) + °OH^0 (-3985) -> H2O2^0 (-4543)
At time :  28.367 ps  Reaction : H^0 (-4166) + °OH^0 (-4064) -> No product
At time :  30.294 ps  Reaction : °OH^0 (-4473) + °OH^0 (-4474) -> H2O2^0 (-4544)
At time :  30.823 ps  Reaction : °OH^0 (-3921) + e_aq^-1 (-3923) -> OH^-1 (-4545)
At time :  32.745 ps  Reaction : °OH^0 (-4183) + °OH^0 (-2426) -> H2O2^0 (-4546)
At time :  37.859 ps  Reaction : °OH^0 (-4440) + °OH^0 (-4441) -> H2O2^0 (-4547)
At time :  39.115 ps  Reaction : °OH^0 (-3196) + °OH^0 (-3198) -> H2O2^0 (-4548)
At time :  39.314 ps  Reaction : H^0 (-4253) + °OH^0 (-2892) -> No product
At time :  41.606 ps  Reaction : °OH^0 (-4218) + °OH^0 (-3572) -> H2O2^0 (-4549)
At time :  42.517 ps  Reaction : °OH^0 (-4141) + °OH^0 (-4140) -> H2O2^0 (-4550)
At time :  44.112 ps  Reaction : H^0 (-4234) + °OH^0 (-2290) -> No product
At time :  50.722 ps  Reaction : °OH^0 (-4222) + H^0 (-4223) -> No product
At time :  53.057 ps  Reaction : °OH^0 (-4373) + H^0 (-4085) -> No product
At time :  53.348 ps  Reaction : °OH^0 (-3118) + °OH^0 (-3126) -> H2O2^0 (-4551)
At time :  55.164 ps  Reaction : °OH^0 (-2986) + °OH^0 (-2990) -> H2O2^0 (-4552)
At time :  58.897 ps  Reaction : °OH^0 (-4120) + H^0 (-3935) -> No product
At time :  61.537 ps  Reaction : H^0 (-4264) + H^0 (-4265) -> H_2^0 (-4553)
At time :  62.544 ps  Reaction : H^0 (-4219) + e_aq^-1 (-4018) -> H_2^0 (-4554) + OH^-1 (-4555)
At time :  64.849 ps  Reaction : °OH^0 (-2056) + °OH^0 (-3412) -> H2O2^0 (-4556)
At time :  65.823 ps  Reaction : °OH^0 (-2354) + H^0 (-4065) -> No product
At time :  71.997 ps  Reaction : °OH^0 (-4400) + °OH^0 (-3434) -> H2O2^0 (-4557)
At time :  74.559 ps  Reaction : °OH^0 (-3210) + °OH^0 (-3222) -> H2O2^0 (-4558)
At time :  75.978 ps  Reaction : °OH^0 (-2084) + °OH^0 (-2446) -> H2O2^0 (-4559)
At time :  76.548 ps  Reaction : °OH^0 (-3638) + °OH^0 (-3640) -> H2O2^0 (-4560)
At time :  77.066 ps  Reaction : °OH^0 (-2960) + °OH^0 (-3871) -> H2O2^0 (-4561)
At time :  77.076 ps  Reaction : H^0 (-4161) + °OH^0 (-2938) -> No product
At time :  78.267 ps  Reaction : e_aq^-1 (-1363) + °OH^0 (-3056) -> OH^-1 (-4562)
At time :   80.64 ps  Reaction : °OH^0 (-3598) + °OH^0 (-4022) -> H2O2^0 (-4563)
At time :  81.175 ps  Reaction : °OH^0 (-2950) + °OH^0 (-2952) -> H2O2^0 (-4564)
At time :  81.664 ps  Reaction : °OH^0 (-3820) + e_aq^-1 (-3822) -> OH^-1 (-4565)
At time :  82.623 ps  Reaction : H^0 (-4197) + °OH^0 (-4196) -> No product
At time :  82.819 ps  Reaction : OH^-1 (-4565) + H3O^1 (-3565) -> No product
At time :  84.271 ps  Reaction : °OH^0 (-2046) + H^0 (-4539) -> No product
At time :  85.177 ps  Reaction : °OH^0 (-2350) + °OH^0 (-3004) -> H2O2^0 (-4566)
At time :    86.4 ps  Reaction : H^0 (-4339) + °OH^0 (-3228) -> No product
At time :  86.701 ps  Reaction : e_aq^-1 (-666) + H3O^1 (-3431) -> H^0 (-4567)
At time :  90.732 ps  Reaction : OH^-1 (-4555) + H3O^1 (-3824) -> No product
At time :  91.584 ps  Reaction : H^0 (-4275) + H^0 (-4283) -> H_2^0 (-4568)
At time :  92.943 ps  Reaction : °OH^0 (-4271) + °OH^0 (-2342) -> H2O2^0 (-4569)
At time :  97.976 ps  Reaction : °OH^0 (-2394) + °OH^0 (-3114) -> H2O2^0 (-4570)
At time :  98.813 ps  Reaction : °OH^0 (-3102) + °OH^0 (-3952) -> H2O2^0 (-4571)
At time :  98.848 ps  Reaction : e_aq^-1 (-1140) + °OH^0 (-3194) -> OH^-1 (-4572)
At time :  100.99 ps  Reaction : °OH^0 (-2052) + °OH^0 (-2474) -> H2O2^0 (-4573)
At time :  102.04 ps  Reaction : H^0 (-4259) + °OH^0 (-2930) -> No product
At time :  102.55 ps  Reaction : °OH^0 (-4181) + °OH^0 (-3880) -> H2O2^0 (-4574)
At time :  102.73 ps  Reaction : °OH^0 (-3826) + e_aq^-1 (-3828) -> OH^-1 (-4575)
At time :  103.49 ps  Reaction : °OH^0 (-4153) + °OH^0 (-2106) -> H2O2^0 (-4576)
At time :  103.67 ps  Reaction : °OH^0 (-2602) + °OH^0 (-3490) -> H2O2^0 (-4577)
At time :   104.7 ps  Reaction : °OH^0 (-4092) + H^0 (-4093) -> No product
At time :  110.81 ps  Reaction : °OH^0 (-3414) + e_aq^-1 (-4004) -> OH^-1 (-4578)
At time :  111.31 ps  Reaction : H3O^1 (-3409) + OH^-1 (-4578) -> No product
At time :  118.03 ps  Reaction : e_aq^-1 (-1384) + °OH^0 (-3948) -> OH^-1 (-4579)
At time :  119.52 ps  Reaction : H3O^1 (-4011) + e_aq^-1 (-4012) -> H^0 (-4580)
At time :  123.44 ps  Reaction : °OH^0 (-2088) + °OH^0 (-3188) -> H2O2^0 (-4581)
At time :  128.31 ps  Reaction : °OH^0 (-2026) + e_aq^-1 (-4024) -> OH^-1 (-4582)
At time :  128.91 ps  Reaction : e_aq^-1 (-1805) + °OH^0 (-2812) -> OH^-1 (-4583)
At time :   129.5 ps  Reaction : H^0 (-4244) + °OH^0 (-4243) -> No product
At time :  130.43 ps  Reaction : °OH^0 (-4129) + °OH^0 (-4354) -> H2O2^0 (-4584)
At time :  130.72 ps  Reaction : °OH^0 (-2502) + °OH^0 (-2504) -> H2O2^0 (-4585)
At time :  131.03 ps  Reaction : H^0 (-4349) + °OH^0 (-3969) -> No product
At time :  141.33 ps  Reaction : °OH^0 (-2468) + e_aq^-1 (-3992) -> OH^-1 (-4586)
At time :  141.38 ps  Reaction : °OH^0 (-4213) + °OH^0 (-3844) -> H2O2^0 (-4587)
At time :   141.8 ps  Reaction : °OH^0 (-3184) + °OH^0 (-3190) -> H2O2^0 (-4588)
At time :  146.72 ps  Reaction : °OH^0 (-3432) + °OH^0 (-3436) -> H2O2^0 (-4589)
At time :  149.38 ps  Reaction : °OH^0 (-4403) + °OH^0 (-3892) -> H2O2^0 (-4590)
At time :  150.37 ps  Reaction : °OH^0 (-4501) + °OH^0 (-4348) -> H2O2^0 (-4591)
At time :  150.97 ps  Reaction : °OH^0 (-4450) + H^0 (-4411) -> No product
At time :  153.81 ps  Reaction : °OH^0 (-2230) + e_aq^-1 (-3945) -> OH^-1 (-4592)
At time :  157.06 ps  Reaction : °OH^0 (-4381) + °OH^0 (-3362) -> H2O2^0 (-4593)
At time :  161.11 ps  Reaction : °OH^0 (-3474) + H^0 (-4008) -> No product
At time :  167.04 ps  Reaction : H3O^1 (-2465) + OH^-1 (-4586) -> No product
At time :  170.57 ps  Reaction : H^0 (-4202) + °OH^0 (-3990) -> No product
At time :  174.88 ps  Reaction : H^0 (-4404) + °OH^0 (-3468) -> No product
At time :  176.19 ps  Reaction : e_aq^-1 (-866) + °OH^0 (-3334) -> OH^-1 (-4594)
At time :  176.33 ps  Reaction : °OH^0 (-4408) + °OH^0 (-3470) -> H2O2^0 (-4595)
At time :  177.37 ps  Reaction : OH^-1 (-4582) + H3O^1 (-3597) -> No product
At time :  179.69 ps  Reaction : e_aq^-1 (-1793) + °OH^0 (-2108) -> OH^-1 (-4596)
At time :  181.08 ps  Reaction : H3O^1 (-3455) + e_aq^-1 (-3894) -> H^0 (-4597)
At time :  186.85 ps  Reaction : °OH^0 (-2970) + °OH^0 (-2972) -> H2O2^0 (-4598)
At time :  196.13 ps  Reaction : °OH^0 (-3146) + °OH^0 (-3150) -> H2O2^0 (-4599)
At time :  197.96 ps  Reaction : °OH^0 (-2260) + °OH^0 (-2830) -> H2O2^0 (-4600)
At time :  198.61 ps  Reaction : OH^-1 (-4592) + H3O^1 (-2133) -> No product
At time :  206.03 ps  Reaction : °OH^0 (-3752) + e_aq^-1 (-3942) -> OH^-1 (-4601)
At time :  212.18 ps  Reaction : °OH^0 (-4502) + H^0 (-4503) -> No product
At time :  221.71 ps  Reaction : °OH^0 (-3098) + °OH^0 (-3100) -> H2O2^0 (-4602)
At time :  222.27 ps  Reaction : e_aq^-1 (-1004) + H3O^1 (-2085) -> H^0 (-4603)
At time :  222.62 ps  Reaction : °OH^0 (-4046) + H^0 (-4047) -> No product
At time :  226.45 ps  Reaction : °OH^0 (-2236) + °OH^0 (-3020) -> H2O2^0 (-4604)
At time :   229.7 ps  Reaction : H3O^1 (-2421) + OH^-1 (-4572) -> No product
At time :  230.07 ps  Reaction : e_aq^-1 (-872) + H3O^1 (-2485) -> H^0 (-4605)
At time :  236.13 ps  Reaction : °OH^0 (-3092) + H^0 (-3951) -> No product
At time :   239.6 ps  Reaction : OH^-1 (-1992) + H3O^1 (-2951) -> No product
At time :  244.36 ps  Reaction : °OH^0 (-4279) + °OH^0 (-3016) -> H2O2^0 (-4606)
At time :  244.57 ps  Reaction : °OH^0 (-2452) + °OH^0 (-2454) -> H2O2^0 (-4607)
At time :  247.46 ps  Reaction : °OH^0 (-2304) + °OH^0 (-2306) -> H2O2^0 (-4608)
At time :  250.46 ps  Reaction : °OH^0 (-3054) + °OH^0 (-3742) -> H2O2^0 (-4609)
At time :  251.29 ps  Reaction : °OH^0 (-2286) + °OH^0 (-3853) -> H2O2^0 (-4610)
At time :  258.43 ps  Reaction : e_aq^-1 (-567) + H3O^1 (-3501) -> H^0 (-4611)
At time :  262.01 ps  Reaction : °OH^0 (-4211) + °OH^0 (-3438) -> H2O2^0 (-4612)
At time :  262.53 ps  Reaction : e_aq^-1 (-714) + H3O^1 (-4003) -> H^0 (-4613)
At time :  268.71 ps  Reaction : H3O^1 (-3043) + OH^-1 (-4579) -> No product
At time :  270.34 ps  Reaction : °OH^0 (-2098) + °OH^0 (-2924) -> H2O2^0 (-4614)
At time :  270.81 ps  Reaction : e_aq^-1 (-996) + °OH^0 (-3264) -> OH^-1 (-4615)
At time :  273.22 ps  Reaction : e_aq^-1 (-1361) + °OH^0 (-3058) -> OH^-1 (-4616)
At time :  273.54 ps  Reaction : H3O^1 (-3055) + OH^-1 (-4616) -> No product
At time :  280.95 ps  Reaction : H^0 (-4115) + °OH^0 (-3312) -> No product
At time :  281.69 ps  Reaction : e_aq^-1 (-1238) + H^0 (-4327) -> H_2^0 (-4617) + OH^-1 (-4618)
At time :  283.07 ps  Reaction : °OH^0 (-2988) + e_aq^-1 (-3934) -> OH^-1 (-4619)
At time :  285.91 ps  Reaction : OH^-1 (-2004) + H3O^1 (-2387) -> No product
At time :  292.19 ps  Reaction : °OH^0 (-3256) + H^0 (-4077) -> No product
At time :  293.61 ps  Reaction : OH^-1 (-2001) + H3O^1 (-3099) -> No product
At time :  294.23 ps  Reaction : °OH^0 (-3154) + °OH^0 (-3160) -> H2O2^0 (-4620)
At time :  306.12 ps  Reaction : °OH^0 (-4094) + H^0 (-4095) -> No product
At time :  308.96 ps  Reaction : OH^-1 (-4618) + H3O^1 (-3884) -> No product
At time :  312.52 ps  Reaction : °OH^0 (-4345) + °OH^0 (-4185) -> H2O2^0 (-4621)
At time :  313.68 ps  Reaction : °OH^0 (-2150) + °OH^0 (-3232) -> H2O2^0 (-4622)
At time :  314.46 ps  Reaction : H3O^1 (-4173) + OH^-1 (-4619) -> No product
At time :  320.18 ps  Reaction : °OH^0 (-4125) + °OH^0 (-3142) -> H2O2^0 (-4623)
At time :  321.31 ps  Reaction : °OH^0 (-4385) + °OH^0 (-3348) -> H2O2^0 (-4624)
At time :   328.6 ps  Reaction : °OH^0 (-4419) + °OH^0 (-3823) -> H2O2^0 (-4625)
At time :  339.49 ps  Reaction : H3O^1 (-2369) + OH^-1 (-4562) -> No product
At time :   346.1 ps  Reaction : °OH^0 (-2408) + °OH^0 (-3120) -> H2O2^0 (-4626)
At time :  347.92 ps  Reaction : °OH^0 (-2062) + °OH^0 (-2552) -> H2O2^0 (-4627)
At time :  358.02 ps  Reaction : H3O^1 (-3333) + OH^-1 (-4594) -> No product
At time :  362.45 ps  Reaction : H^0 (-4603) + °OH^0 (-3262) -> No product
At time :  365.91 ps  Reaction : °OH^0 (-2964) + °OH^0 (-2980) -> H2O2^0 (-4628)
At time :  366.01 ps  Reaction : e_aq^-1 (-1545) + H3O^1 (-2967) -> H^0 (-4629)
At time :   372.9 ps  Reaction : °OH^0 (-4281) + H^0 (-4165) -> No product
At time :  372.97 ps  Reaction : °OH^0 (-4358) + H^0 (-4194) -> No product
At time :  396.28 ps  Reaction : OH^-1 (-4528) + H3O^1 (-3369) -> No product
At time :  415.99 ps  Reaction : °OH^0 (-2520) + °OH^0 (-3568) -> H2O2^0 (-4630)
At time :   420.3 ps  Reaction : °OH^0 (-4347) + °OH^0 (-3250) -> H2O2^0 (-4631)
At time :  423.16 ps  Reaction : °OH^0 (-3536) + °OH^0 (-3538) -> H2O2^0 (-4632)
At time :  425.31 ps  Reaction : °OH^0 (-4505) + °OH^0 (-4112) -> H2O2^0 (-4633)
At time :  432.08 ps  Reaction : °OH^0 (-4415) + °OH^0 (-3682) -> H2O2^0 (-4634)
At time :  432.34 ps  Reaction : H3O^1 (-3169) + e_aq^-1 (-3840) -> H^0 (-4635)
At time :  433.62 ps  Reaction : e_aq^-1 (-1410) + H3O^1 (-3029) -> H^0 (-4636)
At time :  434.74 ps  Reaction : °OH^0 (-2750) + °OH^0 (-2754) -> H2O2^0 (-4637)
At time :  442.49 ps  Reaction : H^0 (-4113) + °OH^0 (-4389) -> No product
At time :  446.42 ps  Reaction : °OH^0 (-2398) + °OH^0 (-3116) -> H2O2^0 (-4638)
At time :  453.91 ps  Reaction : °OH^0 (-4356) + °OH^0 (-3252) -> H2O2^0 (-4639)
At time :  458.29 ps  Reaction : H^0 (-4396) + °OH^0 (-3442) -> No product
At time :  459.49 ps  Reaction : H^0 (-4277) + e_aq^-1 (-1448) -> H_2^0 (-4640) + OH^-1 (-4641)
At time :  476.62 ps  Reaction : e_aq^-1 (-351) + H3O^1 (-2181) -> H^0 (-4642)
At time :  481.73 ps  Reaction : °OH^0 (-2740) + °OH^0 (-2744) -> H2O2^0 (-4643)
At time :  492.69 ps  Reaction : °OH^0 (-2140) + °OH^0 (-2378) -> H2O2^0 (-4644)
At time :  506.91 ps  Reaction : OH^-1 (-4641) + H3O^1 (-3933) -> No product
At time :  512.58 ps  Reaction : °OH^0 (-2500) + °OH^0 (-2616) -> H2O2^0 (-4645)
At time :  516.73 ps  Reaction : e_aq^-1 (-1230) + °OH^0 (-2402) -> OH^-1 (-4646)
At time :     518 ps  Reaction : °OH^0 (-4436) + °OH^0 (-2542) -> H2O2^0 (-4647)
At time :   535.4 ps  Reaction : H^0 (-4337) + °OH^0 (-2420) -> No product
At time :  535.53 ps  Reaction : °OH^0 (-2050) + °OH^0 (-3200) -> H2O2^0 (-4648)
At time :  543.14 ps  Reaction : °OH^0 (-4406) + °OH^0 (-3466) -> H2O2^0 (-4649)
At time :   551.6 ps  Reaction : °OH^0 (-2152) + °OH^0 (-3300) -> H2O2^0 (-4650)
At time :  553.68 ps  Reaction : e_aq^-1 (-861) + °OH^0 (-3368) -> OH^-1 (-4651)
At time :  558.18 ps  Reaction : H^0 (-4172) + °OH^0 (-4290) -> No product
At time :  566.84 ps  Reaction : °OH^0 (-3518) + °OH^0 (-3520) -> H2O2^0 (-4652)
At time :  567.19 ps  Reaction : e_aq^-1 (-977) + °OH^0 (-2648) -> OH^-1 (-4653)
At time :  572.06 ps  Reaction : °OH^0 (-3964) + H^0 (-4075) -> No product
At time :  573.61 ps  Reaction : H^0 (-4308) + °OH^0 (-2382) -> No product
At time :  585.06 ps  Reaction : e_aq^-1 (-1301) + H3O^1 (-3091) -> H^0 (-4654)
At time :  587.35 ps  Reaction : H3O^1 (-2459) + OH^-1 (-4651) -> No product
At time :  588.19 ps  Reaction : °OH^0 (-3158) + °OH^0 (-3955) -> H2O2^0 (-4655)
At time :  606.08 ps  Reaction : °OH^0 (-4367) + H^0 (-4368) -> No product
At time :  606.47 ps  Reaction : °OH^0 (-2292) + °OH^0 (-2294) -> H2O2^0 (-4656)
At time :  626.51 ps  Reaction : °OH^0 (-2836) + °OH^0 (-2838) -> H2O2^0 (-4657)
At time :  629.26 ps  Reaction : H^0 (-4371) + °OH^0 (-2492) -> No product
At time :  630.85 ps  Reaction : °OH^0 (-3814) + e_aq^-1 (-3816) -> OH^-1 (-4658)
At time :  631.87 ps  Reaction : °OH^0 (-4248) + °OH^0 (-3811) -> H2O2^0 (-4659)
At time :  634.57 ps  Reaction : °OH^0 (-4044) + H^0 (-4045) -> No product
At time :  662.51 ps  Reaction : °OH^0 (-3186) + e_aq^-1 (-3960) -> OH^-1 (-4660)
At time :  666.04 ps  Reaction : H3O^1 (-3827) + OH^-1 (-4575) -> No product
At time :  675.87 ps  Reaction : °OH^0 (-4270) + °OH^0 (-4267) -> H2O2^0 (-4661)
At time :  698.07 ps  Reaction : °OH^0 (-3862) + e_aq^-1 (-3864) -> OH^-1 (-4662)
At time :  698.88 ps  Reaction : H3O^1 (-4318) + OH^-1 (-4646) -> No product
At time :  721.84 ps  Reaction : H^0 (-4448) + °OH^0 (-3610) -> No product
At time :  729.26 ps  Reaction : °OH^0 (-2100) + °OH^0 (-2328) -> H2O2^0 (-4663)
At time :  744.14 ps  Reaction : OH^-1 (-2013) + H3O^1 (-3343) -> No product
At time :  757.55 ps  Reaction : e_aq^-1 (-1858) + H3O^1 (-2789) -> H^0 (-4664)
At time :  757.94 ps  Reaction : °OH^0 (-4179) + H^0 (-4178) -> No product
At time :   771.4 ps  Reaction : e_aq^-1 (-1754) + °OH^0 (-2850) -> OH^-1 (-4665)
At time :  782.36 ps  Reaction : e_aq^-1 (-579) + H3O^1 (-3485) -> H^0 (-4666)
At time :  797.83 ps  Reaction : e_aq^-1 (-1197) + H3O^1 (-3149) -> H^0 (-4667)
At time :  814.08 ps  Reaction : °OH^0 (-4434) + H^0 (-4432) -> No product
At time :   821.1 ps  Reaction : H3O^1 (-2651) + OH^-1 (-4615) -> No product
At time :  832.56 ps  Reaction : e_aq^-1 (-1517) + °OH^0 (-2974) -> OH^-1 (-4668)
At time :  838.47 ps  Reaction : °OH^0 (-2068) + °OH^0 (-2514) -> H2O2^0 (-4669)
At time :  853.63 ps  Reaction : H^0 (-4252) + °OH^0 (-3926) -> No product
At time :   859.3 ps  Reaction : e_aq^-1 (-1280) + H3O^1 (-2035) -> H^0 (-4670)
At time :  860.27 ps  Reaction : e_aq^-1 (-807) + °OH^0 (-2160) -> OH^-1 (-4671)
At time :  861.82 ps  Reaction : H^0 (-4205) + °OH^0 (-4204) -> No product
At time :  866.64 ps  Reaction : °OH^0 (-2632) + °OH^0 (-3382) -> H2O2^0 (-4672)
At time :  866.86 ps  Reaction : OH^-1 (-4671) + H3O^1 (-2159) -> No product
At time :  873.94 ps  Reaction : H3O^1 (-4287) + e_aq^-1 (-1451) -> H^0 (-4673)
At time :  888.26 ps  Reaction : °OH^0 (-2112) + e_aq^-1 (-3920) -> OH^-1 (-4674)
At time :  889.01 ps  Reaction : e_aq^-1 (-1331) + H3O^1 (-2375) -> H^0 (-4675)
At time :  895.75 ps  Reaction : OH^-1 (-4545) + H3O^1 (-2845) -> No product
At time :  905.95 ps  Reaction : e_aq^-1 (-1632) + H3O^1 (-3763) -> H^0 (-4676)
At time :  906.08 ps  Reaction : °OH^0 (-4306) + °OH^0 (-3080) -> H2O2^0 (-4677)
At time :  917.51 ps  Reaction : °OH^0 (-2074) + e_aq^-1 (-3891) -> OH^-1 (-4678)
At time :  918.22 ps  Reaction : °OH^0 (-3898) + e_aq^-1 (-3900) -> OH^-1 (-4679)
At time :  927.46 ps  Reaction : H^0 (-4391) + °OH^0 (-2156) -> No product
At time :  965.02 ps  Reaction : H3O^1 (-2345) + OH^-1 (-4668) -> No product
At time :  965.72 ps  Reaction : °OH^0 (-2668) + °OH^0 (-2896) -> H2O2^0 (-4680)
At time :  977.99 ps  Reaction : °OH^0 (-2172) + e_aq^-1 (-4032) -> OH^-1 (-4681)
At time :  991.87 ps  Reaction : °OH^0 (-2428) + °OH^0 (-3234) -> H2O2^0 (-4682)
At time :  1.0068 ns  Reaction : °OH^0 (-4386) + °OH^0 (-2054) -> H2O2^0 (-4683)
At time :  1.0205 ns  Reaction : H3O^1 (-3189) + OH^-1 (-4660) -> No product
At time :  1.0225 ns  Reaction : OH^-1 (-4658) + H3O^1 (-3815) -> No product
At time :  1.0285 ns  Reaction : °OH^0 (-3350) + °OH^0 (-3996) -> H2O2^0 (-4684)
At time :  1.0578 ns  Reaction : e_aq^-1 (-944) + °OH^0 (-3296) -> OH^-1 (-4685)
At time :  1.0806 ns  Reaction : e_aq^-1 (-951) + °OH^0 (-3290) -> OH^-1 (-4686)
At time :  1.0943 ns  Reaction : °OH^0 (-2384) + °OH^0 (-3096) -> H2O2^0 (-4687)
At time :  1.1091 ns  Reaction : °OH^0 (-3548) + °OH^0 (-3686) -> H2O2^0 (-4688)
At time :  1.1506 ns  Reaction : e_aq^-1 (-1146) + °OH^0 (-3962) -> OH^-1 (-4689)
At time :  1.1595 ns  Reaction : °OH^0 (-4332) + °OH^0 (-4335) -> H2O2^0 (-4690)
At time :  1.1709 ns  Reaction : e_aq^-1 (-466) + H3O^1 (-3553) -> H^0 (-4691)
At time :  1.1733 ns  Reaction : °OH^0 (-2120) + °OH^0 (-3910) -> H2O2^0 (-4692)
At time :  1.1906 ns  Reaction : e_aq^-1 (-1852) + °OH^0 (-4048) -> OH^-1 (-4693)
At time :  1.1959 ns  Reaction : e_aq^-1 (-880) + °OH^0 (-3986) -> OH^-1 (-4694)
At time :  1.2176 ns  Reaction : H3O^1 (-2315) + OH^-1 (-4596) -> No product
At time :  1.2244 ns  Reaction : e_aq^-1 (-849) + °OH^0 (-2484) -> OH^-1 (-4695)
At time :  1.2391 ns  Reaction : °OH^0 (-2762) + °OH^0 (-2766) -> H2O2^0 (-4696)
At time :  1.2601 ns  Reaction : e_aq^-1 (-1242) + H3O^1 (-4314) -> H^0 (-4697)
At time :  1.2761 ns  Reaction : °OH^0 (-2926) + °OH^0 (-2928) -> H2O2^0 (-4698)
At time :  1.3137 ns  Reaction : e_aq^-1 (-1130) + °OH^0 (-2416) -> OH^-1 (-4699)
At time :  1.3478 ns  Reaction : °OH^0 (-2700) + °OH^0 (-2776) -> H2O2^0 (-4700)
At time :  1.3575 ns  Reaction : H3O^1 (-2145) + OH^-1 (-4699) -> No product
At time :   1.365 ns  Reaction : °OH^0 (-2618) + °OH^0 (-3418) -> H2O2^0 (-4701)
At time :  1.3788 ns  Reaction : e_aq^-1 (-3819) + °OH^0 (-3981) -> OH^-1 (-4702)
At time :  1.3863 ns  Reaction : e_aq^-1 (-324) + H3O^1 (-3631) -> H^0 (-4703)
At time :  1.3866 ns  Reaction : °OH^0 (-3376) + °OH^0 (-3378) -> H2O2^0 (-4704)
At time :  1.4018 ns  Reaction : °OH^0 (-3164) + °OH^0 (-3166) -> H2O2^0 (-4705)
At time :   1.404 ns  Reaction : °OH^0 (-3556) + °OH^0 (-3570) -> H2O2^0 (-4706)
At time :  1.4053 ns  Reaction : e_aq^-1 (-1648) + °OH^0 (-2898) -> OH^-1 (-4707)
At time :  1.4123 ns  Reaction : e_aq^-1 (-1671) + °OH^0 (-2884) -> OH^-1 (-4708)
At time :  1.4127 ns  Reaction : e_aq^-1 (-1347) + H3O^1 (-2091) -> H^0 (-4709)
At time :  1.4399 ns  Reaction : H^0 (-3963) + °OH^0 (-4074) -> No product
At time :  1.4664 ns  Reaction : OH^-1 (-4665) + H3O^1 (-2851) -> No product
At time :    1.51 ns  Reaction : e_aq^-1 (-554) + °OH^0 (-3895) -> OH^-1 (-4710)
At time :  1.5158 ns  Reaction : °OH^0 (-2254) + °OH^0 (-2848) -> H2O2^0 (-4711)
At time :   1.531 ns  Reaction : °OH^0 (-3274) + °OH^0 (-3276) -> H2O2^0 (-4712)
At time :  1.5689 ns  Reaction : °OH^0 (-3352) + e_aq^-1 (-3995) -> OH^-1 (-4713)
At time :  1.5786 ns  Reaction : e_aq^-1 (-917) + °OH^0 (-2638) -> OH^-1 (-4714)
At time :  1.5988 ns  Reaction : e_aq^-1 (-1965) + °OH^0 (-2732) -> OH^-1 (-4715)
At time :  1.6117 ns  Reaction : H3O^1 (-4122) + e_aq^-1 (-1237) -> H^0 (-4716)
At time :   1.619 ns  Reaction : °OH^0 (-3036) + °OH^0 (-3038) -> H2O2^0 (-4717)
At time :  1.7467 ns  Reaction : OH^-1 (-2016) + H3O^1 (-3349) -> No product
At time :  1.7602 ns  Reaction : e_aq^-1 (-825) + H2O2^0 (-4573) -> OH^-1 (-4718) + °OH^0 (-4719)
At time :   1.774 ns  Reaction : °OH^0 (-2996) + °OH^0 (-2998) -> H2O2^0 (-4720)
At time :  1.8013 ns  Reaction : e_aq^-1 (-1118) + H3O^1 (-3205) -> H^0 (-4721)
At time :  1.8117 ns  Reaction : H^0 (-4721) + °OH^0 (-3214) -> No product
At time :  1.8709 ns  Reaction : °OH^0 (-3082) + °OH^0 (-4070) -> H2O2^0 (-4722)
At time :  1.8727 ns  Reaction : °OH^0 (-2168) + °OH^0 (-3562) -> H2O2^0 (-4723)
At time :  1.8741 ns  Reaction : °OH^0 (-4236) + °OH^0 (-2780) -> H2O2^0 (-4724)
At time :   1.898 ns  Reaction : °OH^0 (-2456) + °OH^0 (-3372) -> H2O2^0 (-4725)
At time :  1.9191 ns  Reaction : °OH^0 (-4133) + °OH^0 (-2630) -> H2O2^0 (-4726)
At time :  1.9474 ns  Reaction : °OH^0 (-3074) + °OH^0 (-3740) -> H2O2^0 (-4727)
At time :   1.995 ns  Reaction : H3O^1 (-3367) + OH^-1 (-4695) -> No product
At time :  2.0008 ns  Reaction : °OH^0 (-3886) + e_aq^-1 (-3888) -> OH^-1 (-4728)
At time :  2.0742 ns  Reaction : e_aq^-1 (-617) + °OH^0 (-3464) -> OH^-1 (-4729)
At time :  2.1034 ns  Reaction : e_aq^-1 (-313) + °OH^0 (-2180) -> OH^-1 (-4730)
At time :  2.1103 ns  Reaction : OH^-1 (-4713) + H3O^1 (-3353) -> No product
At time :  2.1459 ns  Reaction : H3O^1 (-2883) + OH^-1 (-4708) -> No product
At time :  2.1515 ns  Reaction : °OH^0 (-4288) + °OH^0 (-3008) -> H2O2^0 (-4731)
At time :  2.1969 ns  Reaction : H^0 (-4188) + °OH^0 (-3240) -> No product
At time :   2.228 ns  Reaction : °OH^0 (-2272) + °OH^0 (-2300) -> H2O2^0 (-4732)
At time :   2.255 ns  Reaction : °OH^0 (-3344) + °OH^0 (-3993) -> H2O2^0 (-4733)
At time :  2.3125 ns  Reaction : °OH^0 (-2116) + °OH^0 (-2774) -> H2O2^0 (-4734)
At time :  2.3205 ns  Reaction : °OH^0 (-2430) + °OH^0 (-4076) -> H2O2^0 (-4735)
At time :  2.4051 ns  Reaction : °OH^0 (-2248) + °OH^0 (-2868) -> H2O2^0 (-4736)
At time :  2.4218 ns  Reaction : H^0 (-4328) + °OH^0 (-2392) -> No product
At time :  2.4866 ns  Reaction : e_aq^-1 (-672) + °OH^0 (-3426) -> OH^-1 (-4737)
At time :   2.519 ns  Reaction : °OH^0 (-4114) + °OH^0 (-3310) -> H2O2^0 (-4738)
At time :  2.6064 ns  Reaction : °OH^0 (-2672) + °OH^0 (-2880) -> H2O2^0 (-4739)
At time :  2.6464 ns  Reaction : °OH^0 (-2462) + °OH^0 (-3364) -> H2O2^0 (-4740)
At time :  2.7449 ns  Reaction : e_aq^-1 (-729) + H3O^1 (-3395) -> H^0 (-4741)
At time :  2.7493 ns  Reaction : °OH^0 (-2274) + e_aq^-1 (-3855) -> OH^-1 (-4742)
At time :   2.809 ns  Reaction : e_aq^-1 (-1109) + °OH^0 (-3216) -> OH^-1 (-4743)
At time :  2.9663 ns  Reaction : °OH^0 (-2102) + °OH^0 (-2894) -> H2O2^0 (-4744)
At time :  3.1991 ns  Reaction : H^0 (-4215) + °OH^0 (-4214) -> No product
At time :  3.2175 ns  Reaction : e_aq^-1 (-1748) + H3O^1 (-2839) -> H^0 (-4745)
At time :  3.2386 ns  Reaction : H^0 (-4240) + °OH^0 (-3794) -> No product
At time :  3.2508 ns  Reaction : °OH^0 (-4499) + e_aq^-1 (-1050) -> OH^-1 (-4746)
At time :  3.2981 ns  Reaction : e_aq^-1 (-354) + °OH^0 (-4431) -> OH^-1 (-4747)
At time :   3.325 ns  Reaction : °OH^0 (-3580) + °OH^0 (-3676) -> H2O2^0 (-4748)
At time :  3.3795 ns  Reaction : e_aq^-1 (-1261) + °OH^0 (-3174) -> OH^-1 (-4749)
At time :  3.3894 ns  Reaction : °OH^0 (-2496) + °OH^0 (-3392) -> H2O2^0 (-4750)
At time :   3.402 ns  Reaction : e_aq^-1 (-360) + e_aq^-1 (-359) -> H_2^0 (-4751) + OH^-1 (-4752) + OH^-1 (-4753)
At time :  3.4324 ns  Reaction : H3O^1 (-4481) + e_aq^-1 (-1818) -> H^0 (-4754)
At time :   3.487 ns  Reaction : °OH^0 (-4325) + e_aq^-1 (-1244) -> OH^-1 (-4755)
At time :  3.5259 ns  Reaction : °OH^0 (-2240) + °OH^0 (-2336) -> H2O2^0 (-4756)
At time :  3.5863 ns  Reaction : e_aq^-1 (-622) + H3O^1 (-4407) -> H^0 (-4757)
At time :  3.6249 ns  Reaction : °OH^0 (-2994) + H^0 (-4063) -> No product
At time :  3.6626 ns  Reaction : °OH^0 (-4171) + °OH^0 (-2352) -> H2O2^0 (-4758)
At time :   3.677 ns  Reaction : °OH^0 (-3704) + °OH^0 (-4010) -> H2O2^0 (-4759)
At time :  3.7229 ns  Reaction : °OH^0 (-2376) + H^0 (-4675) -> No product
At time :  3.7817 ns  Reaction : °OH^0 (-4118) + °OH^0 (-2760) -> H2O2^0 (-4760)
At time :  3.7928 ns  Reaction : °OH^0 (-2654) + °OH^0 (-3048) -> H2O2^0 (-4761)
At time :  3.7933 ns  Reaction : H3O^1 (-2141) + OH^-1 (-4689) -> No product
At time :  3.8377 ns  Reaction : e_aq^-1 (-727) + H3O^1 (-3397) -> H^0 (-4762)
At time :  3.8703 ns  Reaction : OH^-1 (-2031) + H3O^1 (-2175) -> No product
At time :  3.8872 ns  Reaction : e_aq^-1 (-1889) + °OH^0 (-2772) -> OH^-1 (-4763)
At time :  3.8879 ns  Reaction : e_aq^-1 (-795) + H3O^1 (-2477) -> H^0 (-4764)
At time :  3.8903 ns  Reaction : °OH^0 (-2412) + °OH^0 (-3090) -> H2O2^0 (-4765)
At time :  3.9001 ns  Reaction : e_aq^-1 (-835) + °OH^0 (-2014) -> OH^-1 (-4766)
At time :  3.9135 ns  Reaction : e_aq^-1 (-1482) + H3O^1 (-3013) -> H^0 (-4767)
At time :  3.9745 ns  Reaction : H3O^1 (-3235) + OH^-1 (-4746) -> No product
At time :  3.9865 ns  Reaction : e_aq^-1 (-1106) + °OH^0 (-3206) -> OH^-1 (-4768)
At time :  4.0225 ns  Reaction : e_aq^-1 (-1371) + H3O^1 (-3049) -> H^0 (-4769)
At time :  4.0899 ns  Reaction : °OH^0 (-3028) + °OH^0 (-3754) -> H2O2^0 (-4770)
At time :  4.0981 ns  Reaction : °OH^0 (-4174) + °OH^0 (-3014) -> H2O2^0 (-4771)
At time :    4.12 ns  Reaction : e_aq^-1 (-1030) + e_aq^-1 (-1041) -> H_2^0 (-4772) + OH^-1 (-4773) + OH^-1 (-4774)
At time :  4.1278 ns  Reaction : e_aq^-1 (-901) + °OH^0 (-3326) -> OH^-1 (-4775)
At time :  4.1602 ns  Reaction : °OH^0 (-4377) + °OH^0 (-4380) -> H2O2^0 (-4776)
At time :   4.161 ns  Reaction : H3O^1 (-2161) + OH^-1 (-4766) -> No product
At time :  4.1972 ns  Reaction : e_aq^-1 (-521) + H3O^1 (-2589) -> H^0 (-4777)
At time :  4.2815 ns  Reaction : e_aq^-1 (-1188) + H3O^1 (-4316) -> H^0 (-4778)
At time :  4.3057 ns  Reaction : e_aq^-1 (-1521) + H3O^1 (-3005) -> H^0 (-4779)
At time :  4.3214 ns  Reaction : e_aq^-1 (-1264) + H3O^1 (-2407) -> H^0 (-4780)
At time :  4.4535 ns  Reaction : °OH^0 (-2146) + °OH^0 (-3202) -> H2O2^0 (-4781)
At time :  4.5726 ns  Reaction : H^0 (-4673) + °OH^0 (-2976) -> No product
At time :  4.5772 ns  Reaction : e_aq^-1 (-1349) + °OH^0 (-3064) -> OH^-1 (-4782)
At time :   4.639 ns  Reaction : H3O^1 (-4498) + OH^-1 (-4774) -> No product
At time :  4.7179 ns  Reaction : OH^-1 (-4773) + H3O^1 (-4189) -> No product
At time :  4.8349 ns  Reaction : e_aq^-1 (-1543) + °OH^0 (-2978) -> OH^-1 (-4783)
At time :   4.836 ns  Reaction : °OH^0 (-2806) + °OH^0 (-4050) -> H2O2^0 (-4784)
At time :   4.837 ns  Reaction : °OH^0 (-4123) + °OH^0 (-3168) -> H2O2^0 (-4785)
At time :  4.8492 ns  Reaction : °OH^0 (-2386) + °OH^0 (-3086) -> H2O2^0 (-4786)
At time :  4.9818 ns  Reaction : e_aq^-1 (-1253) + H3O^1 (-2047) -> H^0 (-4787)
At time :   5.027 ns  Reaction : e_aq^-1 (-477) + °OH^0 (-3560) -> OH^-1 (-4788)
At time :   5.068 ns  Reaction : e_aq^-1 (-614) + °OH^0 (-3460) -> OH^-1 (-4789)
At time :  5.1186 ns  Reaction : e_aq^-1 (-1872) + e_aq^-1 (-1871) -> H_2^0 (-4790) + OH^-1 (-4791) + OH^-1 (-4792)
At time :  5.1582 ns  Reaction : e_aq^-1 (-1519) + H3O^1 (-3017) -> H^0 (-4793)
At time :  5.2061 ns  Reaction : e_aq^-1 (-1217) + H3O^1 (-3139) -> H^0 (-4794)
At time :   5.304 ns  Reaction : e_aq^-1 (-857) + °OH^0 (-2460) -> OH^-1 (-4795)
At time :  5.4182 ns  Reaction : e_aq^-1 (-519) + H3O^1 (-3531) -> H^0 (-4796)
At time :  5.4949 ns  Reaction : °OH^0 (-2466) + °OH^0 (-3356) -> H2O2^0 (-4797)
At time :  5.5617 ns  Reaction : H3O^1 (-4388) + e_aq^-1 (-829) -> H^0 (-4798)
At time :  5.5658 ns  Reaction : H3O^1 (-4026) + e_aq^-1 (-4027) -> H^0 (-4799)
At time :  5.5842 ns  Reaction : H^0 (-4778) + H^0 (-4794) -> H_2^0 (-4800)
At time :  5.6603 ns  Reaction : H3O^1 (-3789) + e_aq^-1 (-3858) -> H^0 (-4801)
At time :  5.7247 ns  Reaction : e_aq^-1 (-1430) + °OH^0 (-3758) -> OH^-1 (-4802)
At time :  5.7801 ns  Reaction : e_aq^-1 (-1131) + H3O^1 (-2419) -> H^0 (-4803)
At time :  6.0044 ns  Reaction : H3O^1 (-2165) + OH^-1 (-4789) -> No product
At time :  6.0465 ns  Reaction : °OH^0 (-3847) + e_aq^-1 (-3849) -> OH^-1 (-4804)
At time :  6.1131 ns  Reaction : H^0 (-4272) + °OH^0 (-4282) -> No product
At time :  6.1254 ns  Reaction : e_aq^-1 (-544) + °OH^0 (-3510) -> OH^-1 (-4805)
At time :  6.1483 ns  Reaction : e_aq^-1 (-1157) + H3O^1 (-2413) -> H^0 (-4806)
At time :  6.1811 ns  Reaction : °OH^0 (-2404) + °OH^0 (-3144) -> H2O2^0 (-4807)
At time :  6.1867 ns  Reaction : e_aq^-1 (-1677) + H3O^1 (-3773) -> H^0 (-4808)
At time :   6.187 ns  Reaction : e_aq^-1 (-1194) + H3O^1 (-3151) -> H^0 (-4809)
At time :  6.2261 ns  Reaction : OH^-1 (-4783) + H3O^1 (-2973) -> No product
At time :  6.3483 ns  Reaction : e_aq^-1 (-830) + H3O^1 (-2053) -> H^0 (-4810)
At time :  6.4261 ns  Reaction : e_aq^-1 (-1073) + °OH^0 (-2432) -> OH^-1 (-4811)
At time :  6.4861 ns  Reaction : e_aq^-1 (-387) + °OH^0 (-3608) -> OH^-1 (-4812)
At time :  6.4958 ns  Reaction : °OH^0 (-4366) + °OH^0 (-3980) -> H2O2^0 (-4813)
At time :  6.8852 ns  Reaction : H3O^1 (-3757) + OH^-1 (-4802) -> No product
At time :  6.9044 ns  Reaction : e_aq^-1 (-910) + H3O^1 (-4372) -> H^0 (-4814)
At time :  6.9685 ns  Reaction : e_aq^-1 (-1414) + H3O^1 (-3941) -> H^0 (-4815)
At time :  7.2871 ns  Reaction : H3O^1 (-3461) + OH^-1 (-4729) -> No product
At time :  7.3539 ns  Reaction : H^0 (-4809) + e_aq^-1 (-3957) -> H_2^0 (-4816) + OH^-1 (-4817)
At time :  7.5406 ns  Reaction : °OH^0 (-3124) + °OH^0 (-3176) -> H2O2^0 (-4818)
At time :  7.5555 ns  Reaction : e_aq^-1 (-1777) + °OH^0 (-2828) -> OH^-1 (-4819)
At time :  7.6599 ns  Reaction : e_aq^-1 (-489) + °OH^0 (-2058) -> OH^-1 (-4820)
At time :   7.738 ns  Reaction : e_aq^-1 (-515) + °OH^0 (-3688) -> OH^-1 (-4821)
At time :  7.9336 ns  Reaction : H^0 (-4764) + H^0 (-4810) -> H_2^0 (-4822)
At time :  7.9444 ns  Reaction : H^0 (-4420) + °OH^0 (-3566) -> No product
At time :  8.2339 ns  Reaction : °OH^0 (-4321) + °OH^0 (-3162) -> H2O2^0 (-4823)
At time :  8.2728 ns  Reaction : °OH^0 (-3456) + °OH^0 (-3458) -> H2O2^0 (-4824)
At time :  8.3697 ns  Reaction : °OH^0 (-2622) + °OH^0 (-4088) -> H2O2^0 (-4825)
At time :  8.5026 ns  Reaction : e_aq^-1 (-813) + H2O2^0 (-4776) -> OH^-1 (-4826) + °OH^0 (-4827)
At time :   8.644 ns  Reaction : e_aq^-1 (-1091) + °OH^0 (-3226) -> OH^-1 (-4828)
At time :  8.6645 ns  Reaction : e_aq^-1 (-1306) + °OH^0 (-2005) -> OH^-1 (-4829)
At time :  9.1526 ns  Reaction : °OH^0 (-4315) + H^0 (-3953) -> No product
At time :  9.2876 ns  Reaction : OH^-1 (-4811) + H3O^1 (-3233) -> No product
At time :  9.3687 ns  Reaction : e_aq^-1 (-1497) + H3O^1 (-2975) -> H^0 (-4830)
At time :  9.5609 ns  Reaction : e_aq^-1 (-689) + H^0 (-4495) -> H_2^0 (-4831) + OH^-1 (-4832)
At time :  9.6399 ns  Reaction : e_aq^-1 (-1603) + H3O^1 (-2929) -> H^0 (-4833)
At time :  9.6456 ns  Reaction : °OH^0 (-2656) + °OH^0 (-3044) -> H2O2^0 (-4834)
At time :  9.7872 ns  Reaction : °OH^0 (-2136) + °OH^0 (-3078) -> H2O2^0 (-4835)
At time :  10.054 ns  Reaction : e_aq^-1 (-1112) + °OH^0 (-3204) -> OH^-1 (-4836)
At time :  10.092 ns  Reaction : e_aq^-1 (-342) + °OH^0 (-2568) -> OH^-1 (-4837)
At time :  10.238 ns  Reaction : H3O^1 (-4504) + OH^-1 (-4826) -> No product
At time :  10.248 ns  Reaction : °OH^0 (-2334) + °OH^0 (-2932) -> H2O2^0 (-4838)
At time :  10.302 ns  Reaction : °OH^0 (-4162) + e_aq^-1 (-1527) -> OH^-1 (-4839)
At time :   10.31 ns  Reaction : e_aq^-1 (-1771) + H2O2^0 (-4600) -> OH^-1 (-4840) + °OH^0 (-4841)
At time :  10.603 ns  Reaction : OH^-1 (-4715) + H3O^1 (-2725) -> No product
At time :  10.644 ns  Reaction : °OH^0 (-2118) + °OH^0 (-2770) -> H2O2^0 (-4842)
At time :  10.799 ns  Reaction : e_aq^-1 (-1489) + H2O2^0 (-4731) -> OH^-1 (-4843) + °OH^0 (-4844)
At time :  10.979 ns  Reaction : OH^-1 (-4540) + H3O^1 (-3966) -> No product
At time :  11.118 ns  Reaction : H3O^1 (-2379) + OH^-1 (-4829) -> No product
At time :  11.493 ns  Reaction : H3O^1 (-4320) + OH^-1 (-4749) -> No product
At time :  11.576 ns  Reaction : e_aq^-1 (-1838) + H3O^1 (-2795) -> H^0 (-4845)
At time :  12.048 ns  Reaction : H^0 (-4286) + °OH^0 (-3010) -> No product
At time :  12.097 ns  Reaction : e_aq^-1 (-1078) + °OH^0 (-2424) -> OH^-1 (-4846)
At time :  12.122 ns  Reaction : e_aq^-1 (-1533) + H3O^1 (-2965) -> H^0 (-4847)
At time :  12.158 ns  Reaction : H3O^1 (-2143) + OH^-1 (-4768) -> No product
At time :  12.393 ns  Reaction : °OH^0 (-4136) + °OH^0 (-3430) -> H2O2^0 (-4848)
At time :  12.444 ns  Reaction : e_aq^-1 (-669) + °OH^0 (-2506) -> OH^-1 (-4849)
At time :  12.458 ns  Reaction : °OH^0 (-3260) + °OH^0 (-3965) -> H2O2^0 (-4850)
At time :  12.629 ns  Reaction : e_aq^-1 (-859) + °OH^0 (-3366) -> OH^-1 (-4851)
At time :  12.803 ns  Reaction : e_aq^-1 (-1309) + °OH^0 (-3104) -> OH^-1 (-4852)
At time :  13.176 ns  Reaction : e_aq^-1 (-1215) + °OH^0 (-3156) -> OH^-1 (-4853)
At time :  13.449 ns  Reaction : °OH^0 (-4292) + °OH^0 (-4062) -> H2O2^0 (-4854)
At time :  14.126 ns  Reaction : OH^-1 (-4853) + H3O^1 (-3145) -> No product
At time :  14.159 ns  Reaction : e_aq^-1 (-1534) + °OH^0 (-3018) -> OH^-1 (-4855)
At time :   14.18 ns  Reaction : e_aq^-1 (-1137) + H2O2^0 (-4512) -> OH^-1 (-4856) + °OH^0 (-4857)
At time :  14.225 ns  Reaction : °OH^0 (-2890) + e_aq^-1 (-3928) -> OH^-1 (-4858)
At time :  14.282 ns  Reaction : e_aq^-1 (-1211) + H3O^1 (-3141) -> H^0 (-4859)
At time :  14.688 ns  Reaction : °OH^0 (-2464) + °OH^0 (-3342) -> H2O2^0 (-4860)
At time :  15.082 ns  Reaction : e_aq^-1 (-464) + °OH^0 (-3554) -> OH^-1 (-4861)
At time :  15.236 ns  Reaction : e_aq^-1 (-1345) + H3O^1 (-3067) -> H^0 (-4862)
At time :  16.099 ns  Reaction : e_aq^-1 (-1569) + °OH^0 (-1990) -> OH^-1 (-4863)
At time :   16.12 ns  Reaction : e_aq^-1 (-1495) + °OH^0 (-2360) -> OH^-1 (-4864)
At time :  16.312 ns  Reaction : H3O^1 (-2427) + OH^-1 (-4846) -> No product
At time :  16.604 ns  Reaction : °OH^0 (-4187) + °OH^0 (-4857) -> H2O2^0 (-4865)
At time :  16.659 ns  Reaction : H^0 (-4130) + °OH^0 (-3248) -> No product
At time :  17.072 ns  Reaction : °OH^0 (-4255) + e_aq^-1 (-1656) -> OH^-1 (-4866)
At time :  17.907 ns  Reaction : e_aq^-1 (-691) + H3O^1 (-3425) -> H^0 (-4867)
At time :  18.063 ns  Reaction : e_aq^-1 (-1715) + H3O^1 (-2867) -> H^0 (-4868)
At time :  18.198 ns  Reaction : °OH^0 (-2128) + H^0 (-4629) -> No product
At time :  18.226 ns  Reaction : e_aq^-1 (-1059) + H3O^1 (-3975) -> H^0 (-4869)
At time :  18.429 ns  Reaction : e_aq^-1 (-1962) + °OH^0 (-2726) -> OH^-1 (-4870)
At time :  19.138 ns  Reaction : H3O^1 (-2487) + OH^-1 (-4694) -> No product
At time :  19.574 ns  Reaction : e_aq^-1 (-897) + e_aq^-1 (-885) -> H_2^0 (-4871) + OH^-1 (-4872) + OH^-1 (-4873)
At time :  20.004 ns  Reaction : H3O^1 (-2453) + OH^-1 (-4873) -> No product
At time :  20.535 ns  Reaction : OH^-1 (-4775) + H3O^1 (-2491) -> No product
At time :  20.654 ns  Reaction : OH^-1 (-4782) + H3O^1 (-3065) -> No product
At time :  20.919 ns  Reaction : H3O^1 (-4397) + OH^-1 (-4849) -> No product
At time :  21.884 ns  Reaction : H3O^1 (-2897) + OH^-1 (-4707) -> No product
At time :  21.901 ns  Reaction : °OH^0 (-3066) + °OH^0 (-3070) -> H2O2^0 (-4874)
At time :  22.079 ns  Reaction : °OH^0 (-2866) + H^0 (-4868) -> No product
At time :  22.826 ns  Reaction : °OH^0 (-2038) + °OH^0 (-3936) -> H2O2^0 (-4875)
At time :   23.62 ns  Reaction : e_aq^-1 (-803) + H2O2^0 (-4683) -> OH^-1 (-4876) + °OH^0 (-4877)
At time :  24.615 ns  Reaction : e_aq^-1 (-1037) + °OH^0 (-3971) -> OH^-1 (-4878)
At time :  24.632 ns  Reaction : e_aq^-1 (-856) + H3O^1 (-3371) -> H^0 (-4879)
At time :  25.787 ns  Reaction : e_aq^-1 (-1809) + °OH^0 (-2268) -> OH^-1 (-4880)
At time :  26.032 ns  Reaction : e_aq^-1 (-1024) + °OH^0 (-3254) -> OH^-1 (-4881)
At time :  26.176 ns  Reaction : °OH^0 (-4086) + H^0 (-4087) -> No product
At time :   26.55 ns  Reaction : H3O^1 (-3245) + OH^-1 (-4828) -> No product
At time :   27.01 ns  Reaction : °OH^0 (-4877) + H^0 (-4492) -> No product
At time :  27.567 ns  Reaction : °OH^0 (-2080) + °OH^0 (-3302) -> H2O2^0 (-4882)
At time :  27.862 ns  Reaction : e_aq^-1 (-680) + H3O^1 (-4401) -> H^0 (-4883)
At time :   27.96 ns  Reaction : H3O^1 (-3003) + OH^-1 (-4855) -> No product
At time :   27.99 ns  Reaction : OH^-1 (-4843) + H3O^1 (-3872) -> No product
At time :  28.155 ns  Reaction : e_aq^-1 (-1927) + °OH^0 (-3850) -> OH^-1 (-4884)
At time :  28.216 ns  Reaction : e_aq^-1 (-583) + °OH^0 (-3482) -> OH^-1 (-4885)
At time :  28.397 ns  Reaction : °OH^0 (-2362) + °OH^0 (-2956) -> H2O2^0 (-4886)
At time :  28.784 ns  Reaction : e_aq^-1 (-1295) + °OH^0 (-3088) -> OH^-1 (-4887)
At time :  29.523 ns  Reaction : OH^-1 (-4839) + H3O^1 (-2979) -> No product
At time :  29.858 ns  Reaction : e_aq^-1 (-957) + H3O^1 (-2083) -> H^0 (-4888)
At time :  30.411 ns  Reaction : e_aq^-1 (-1300) + H2O2^0 (-4571) -> OH^-1 (-4889) + °OH^0 (-4890)
At time :  30.463 ns  Reaction : OH^-1 (-4755) + H3O^1 (-3127) -> No product
At time :  30.767 ns  Reaction : e_aq^-1 (-1926) + °OH^0 (-2284) -> OH^-1 (-4891)
At time :  30.886 ns  Reaction : e_aq^-1 (-1094) + H2O2^0 (-4534) -> OH^-1 (-4892) + °OH^0 (-4893)
At time :  30.954 ns  Reaction : °OH^0 (-3332) + H^0 (-4879) -> No product
At time :   32.24 ns  Reaction : H3O^1 (-4489) + OH^-1 (-4856) -> No product
At time :  33.215 ns  Reaction : e_aq^-1 (-399) + °OH^0 (-2576) -> OH^-1 (-4894)
At time :   33.61 ns  Reaction : OH^-1 (-1989) + H3O^1 (-2947) -> No product
At time :  34.085 ns  Reaction : OH^-1 (-2010) + H3O^1 (-3379) -> No product
At time :  36.704 ns  Reaction : OH^-1 (-4820) + H3O^1 (-4017) -> No product
At time :  36.852 ns  Reaction : °OH^0 (-3370) + e_aq^-1 (-3843) -> OH^-1 (-4895)
At time :  37.767 ns  Reaction : H3O^1 (-3097) + OH^-1 (-4852) -> No product
At time :  38.852 ns  Reaction : e_aq^-1 (-1266) + °OH^0 (-3106) -> OH^-1 (-4896)
At time :  39.239 ns  Reaction : e_aq^-1 (-702) + °OH^0 (-3420) -> OH^-1 (-4897)
At time :  39.601 ns  Reaction : e_aq^-1 (-1223) + H3O^1 (-2393) -> H^0 (-4898)
At time :  39.833 ns  Reaction : e_aq^-1 (-793) + °OH^0 (-4827) -> OH^-1 (-4899)
At time :  40.196 ns  Reaction : e_aq^-1 (-382) + °OH^0 (-3612) -> OH^-1 (-4900)
At time :  43.637 ns  Reaction : OH^-1 (-4900) + H3O^1 (-4031) -> No product
At time :  45.099 ns  Reaction : e_aq^-1 (-816) + H^0 (-4200) -> H_2^0 (-4901) + OH^-1 (-4902)
At time :  45.288 ns  Reaction : H3O^1 (-2809) + OH^-1 (-4880) -> No product
At time :  46.405 ns  Reaction : °OH^0 (-1981) + e_aq^-1 (-1938) -> OH^-1 (-4903)
At time :  47.201 ns  Reaction : H3O^1 (-3175) + OH^-1 (-4896) -> No product
At time :  47.712 ns  Reaction : °OH^0 (-3108) + e_aq^-1 (-3879) -> OH^-1 (-4904)
At time :  48.383 ns  Reaction : e_aq^-1 (-1133) + H2O2^0 (-4865) -> OH^-1 (-4905) + °OH^0 (-4906)
At time :   50.98 ns  Reaction : e_aq^-1 (-853) + °OH^0 (-2458) -> OH^-1 (-4907)
At time :  53.937 ns  Reaction : H^0 (-4787) + °OH^0 (-3954) -> No product
At time :  54.188 ns  Reaction : °OH^0 (-3756) + °OH^0 (-3874) -> H2O2^0 (-4908)
At time :  55.127 ns  Reaction : OH^-1 (-4881) + H3O^1 (-3972) -> No product
At time :  58.339 ns  Reaction : OH^-1 (-4902) + H3O^1 (-3359) -> No product
At time :  59.894 ns  Reaction : °OH^0 (-4208) + °OH^0 (-3428) -> H2O2^0 (-4909)
At time :  61.123 ns  Reaction : e_aq^-1 (-570) + °OH^0 (-3498) -> OH^-1 (-4910)
At time :  61.964 ns  Reaction : OH^-1 (-4864) + H3O^1 (-2351) -> No product
At time :  64.051 ns  Reaction : °OH^0 (-2040) + °OH^0 (-2784) -> H2O2^0 (-4911)
At time :  68.498 ns  Reaction : H3O^1 (-2753) + OH^-1 (-4742) -> No product
At time :  69.742 ns  Reaction : H3O^1 (-4500) + e_aq^-1 (-1116) -> H^0 (-4912)
At time :  74.241 ns  Reaction : H3O^1 (-2045) + OH^-1 (-4817) -> No product
At time :   80.69 ns  Reaction : H3O^1 (-3219) + OH^-1 (-4743) -> No product
At time :  88.043 ns  Reaction : °OH^0 (-4005) + e_aq^-1 (-4007) -> OH^-1 (-4913)
At time :  89.455 ns  Reaction : e_aq^-1 (-1071) + °OH^0 (-4490) -> OH^-1 (-4914)
At time :  89.456 ns  Reaction : OH^-1 (-4836) + H3O^1 (-3249) -> No product
At time :  94.076 ns  Reaction : H^0 (-4754) + e_aq^-1 (-1825) -> H_2^0 (-4915) + OH^-1 (-4916)
At time :  105.07 ns  Reaction : e_aq^-1 (-1122) + °OH^0 (-2148) -> OH^-1 (-4917)
At time :  106.77 ns  Reaction : e_aq^-1 (-1259) + °OH^0 (-3140) -> OH^-1 (-4918)
At time :  108.19 ns  Reaction : °OH^0 (-3122) + °OH^0 (-3138) -> H2O2^0 (-4919)
At time :   108.7 ns  Reaction : H3O^1 (-2461) + OH^-1 (-4872) -> No product
At time :  110.51 ns  Reaction : e_aq^-1 (-810) + H2O2^0 (-4860) -> OH^-1 (-4920) + °OH^0 (-4921)
At time :  111.37 ns  Reaction : °OH^0 (-2210) + °OH^0 (-2610) -> H2O2^0 (-4922)
At time :  116.77 ns  Reaction : e_aq^-1 (-688) + H3O^1 (-3441) -> H^0 (-4923)
At time :   117.2 ns  Reaction : e_aq^-1 (-1248) + °OH^0 (-3877) -> OH^-1 (-4924)
At time :  121.15 ns  Reaction : °OH^0 (-4921) + °OH^0 (-2478) -> H2O2^0 (-4925)
At time :  121.68 ns  Reaction : H3O^1 (-2423) + OH^-1 (-4905) -> No product
At time :  121.86 ns  Reaction : °OH^0 (-4317) + °OH^0 (-2396) -> H2O2^0 (-4926)
At time :     144 ns  Reaction : H3O^1 (-2043) + OH^-1 (-4904) -> No product
At time :  146.18 ns  Reaction : OH^-1 (-4878) + H3O^1 (-3241) -> No product
At time :  150.17 ns  Reaction : °OH^0 (-3320) + °OH^0 (-4082) -> H2O2^0 (-4927)
At time :  156.13 ns  Reaction : H3O^1 (-3143) + OH^-1 (-4924) -> No product
At time :   156.7 ns  Reaction : °OH^0 (-4890) + e_aq^-1 (-1320) -> OH^-1 (-4928)
At time :  169.88 ns  Reaction : e_aq^-1 (-800) + H3O^1 (-3357) -> H^0 (-4929)
At time :  171.05 ns  Reaction : °OH^0 (-2470) + °OH^0 (-3841) -> H2O2^0 (-4930)
At time :  179.83 ns  Reaction : OH^-1 (-4889) + H3O^1 (-3171) -> No product
At time :  180.25 ns  Reaction : e_aq^-1 (-1036) + H3O^1 (-3197) -> H^0 (-4931)
At time :  181.59 ns  Reaction : e_aq^-1 (-1761) + °OH^0 (-2258) -> OH^-1 (-4932)
At time :  202.22 ns  Reaction : e_aq^-1 (-1006) + e_aq^-1 (-1119) -> H_2^0 (-4933) + OH^-1 (-4934) + OH^-1 (-4935)
At time :  210.37 ns  Reaction : H3O^1 (-4344) + OH^-1 (-4914) -> No product
At time :  212.95 ns  Reaction : OH^-1 (-4792) + H3O^1 (-2039) -> No product
At time :  234.55 ns  Reaction : °OH^0 (-2154) + °OH^0 (-2490) -> H2O2^0 (-4936)
At time :   263.5 ns  Reaction : °OH^0 (-2280) + e_aq^-1 (-3912) -> OH^-1 (-4937)
At time :  276.07 ns  Reaction : e_aq^-1 (-1052) + H2O2^0 (-4631) -> OH^-1 (-4938) + °OH^0 (-4939)
At time :   280.7 ns  Reaction : H3O^1 (-3121) + OH^-1 (-4928) -> No product
At time :  291.17 ns  Reaction : °OH^0 (-1999) + e_aq^-1 (-3876) -> OH^-1 (-4940)
At time :  318.21 ns  Reaction : e_aq^-1 (-594) + e_aq^-1 (-597) -> H_2^0 (-4941) + OH^-1 (-4942) + OH^-1 (-4943)
At time :   330.9 ns  Reaction : °OH^0 (-4341) + e_aq^-1 (-1136) -> OH^-1 (-4944)
At time :  338.94 ns  Reaction : e_aq^-1 (-884) + H3O^1 (-3351) -> H^0 (-4945)
At time :  356.47 ns  Reaction : e_aq^-1 (-1628) + °OH^0 (-2908) -> OH^-1 (-4946)
At time :  374.73 ns  Reaction : OH^-1 (-4601) + H3O^1 (-2365) -> No product
At time :  381.61 ns  Reaction : e_aq^-1 (-1446) + H2O2^0 (-4566) -> OH^-1 (-4947) + °OH^0 (-4948)
At time :  420.59 ns  Reaction : H^0 (-4163) + °OH^0 (-2356) -> No product
At time :  477.01 ns  Reaction : H3O^1 (-3261) + OH^-1 (-4938) -> No product
At time :  479.73 ns  Reaction : e_aq^-1 (-846) + °OH^0 (-3324) -> OH^-1 (-4949)
At time :  538.42 ns  Reaction : °OH^0 (-4482) + H^0 (-4051) -> No product
At time :  649.09 ns  Reaction : e_aq^-1 (-447) + H2O2^0 (-4706) -> OH^-1 (-4950) + °OH^0 (-4951)
At time :  879.84 ns  Reaction : °OH^0 (-2324) + °OH^0 (-2888) -> H2O2^0 (-4952)
*** G4Scheduler ends at time : 1 us 
___________________________________
... write file : AuNP.root - done
... close file : AuNP.root - done
