
        ############################################
        !!! WARNING - FPE detection is activated !!!
        ############################################

**************************************************************
 Geant4 version Name: geant4-11-02-ref-07 [MT]   (31-August-2024)
  << in Multi-threaded mode >> 
                       Copyright : Geant4 Collaboration
                      References : NIM A 506 (2003), 250-303
                                 : IEEE-TNS 53 (2006), 270-278
                                 : NIM A 835 (2016), 186-225
                             WWW : http://geant4.org/
**************************************************************

##### Hadr00 started for 1 threads #####
G4PhysListFactory::GetReferencePhysList <FTFP_BERT_HP>  EMoption= 0
<<< Geant4 Physics List simulation engine: FTFP_BERT_HP


/run/verbose 1
/tracking/verbose 0
/testhadr/TargetMat G4_Fe
/testhadr/targetElm Fe
/testhadr/TargetRadius 1 cm
/testhadr/TargetLength 10 cm
/run/printProgress 10
/process/em/verbose 0
/process/had/verbose 0
/run/initialize

==========================================================================================
G4TaskRunManager :: Using G4ThreadPool...
==========================================================================================

### Target consist of G4_Fe disks with R(mm)= 10  fLength(mm)= 100  ###

***** Table : Nb of materials = 3 *****

 Material:    G4_Al    density:  2.699 g/cm3   RadL:   8.896 cm   Nucl.Int.Length:  38.894 cm 
                       Imean: 166.000 eV   temperature: 293.15 K  pressure:   1.00 atm

   --->  Element: Al (Al)   Z = 13.0   N =    27   A = 26.982 g/mole
         --->  Isotope:  Al27   Z = 13   N =  27   A =  26.98 g/mole   abundance: 100.000 %
          ElmMassFraction: 100.00 %  ElmAbundance 100.00 % 


 Material: G4_Galactic    density:  0.000 mg/cm3  RadL: 204310098.490 pc   Nucl.Int.Length: 113427284.261 pc 
                       Imean:  21.800 eV   temperature:   2.73 K  pressure:   0.00 atm

   --->  Element: H (H)   Z =  1.0   N =     1   A =  1.008 g/mole
         --->  Isotope:    H1   Z =  1   N =   1   A =   1.01 g/mole   abundance: 99.989 %
         --->  Isotope:    H2   Z =  1   N =   2   A =   2.01 g/mole   abundance:  0.011 %
          ElmMassFraction: 100.00 %  ElmAbundance 100.00 % 


 Material:    G4_Fe    density:  7.874 g/cm3   RadL:   1.757 cm   Nucl.Int.Length:  16.990 cm 
                       Imean: 286.000 eV   temperature: 293.15 K  pressure:   1.00 atm

   --->  Element: Fe (Fe)   Z = 26.0   N =    56   A = 55.845 g/mole
         --->  Isotope:  Fe54   Z = 26   N =  54   A =  53.94 g/mole   abundance:  5.845 %
         --->  Isotope:  Fe56   Z = 26   N =  56   A =  55.93 g/mole   abundance: 91.754 %
         --->  Isotope:  Fe57   Z = 26   N =  57   A =  56.94 g/mole   abundance:  2.119 %
         --->  Isotope:  Fe58   Z = 26   N =  58   A =  57.93 g/mole   abundance:  0.282 %
          ElmMassFraction: 100.00 %  ElmAbundance 100.00 % 



/run/physicsModified

=========================================================================
--> G4TaskRunManager::CreateAndStartWorkers() --> Initializing workers...
=========================================================================

G4WT0 > /run/verbose 1
G4WT0 > /tracking/verbose 0
G4WT0 > /testhadr/targetElm Fe
G4WT0 > /run/printProgress 10
G4WT0 > /process/had/verbose 0
G4WT0 > /run/initialize 
G4WT0 > /run/physicsModified 
G4WT0 > /control/verbose 1
G4WT0 > /run/verbose 1
G4WT0 > /tracking/verbose 0
G4WT0 > /testhadr/targetElm Fe
G4WT0 > /run/printProgress 10
G4WT0 > /process/had/verbose 0
G4WT0 > /run/initialize 
G4WT0 > /run/physicsModified 
/gun/particle neutron
/gun/energy 1. MeV
/testhadr/minEnergy 0.1 keV
/testhadr/particle neutron
/testhadr/verbose 1
/process/eLoss/verbose 0
/run/beamOn 1

========= Table of registered couples ============================

Index : 0     used in the geometry : Yes
 Material : G4_Galactic
 Range cuts        :  gamma  700 um     e-  700 um     e+  700 um  proton 0 fm 
 Energy thresholds :  gamma  990 eV     e-  990 eV     e+  990 eV  proton 0 eV 
 Region(s) which use this couple : 
    DefaultRegionForTheWorld

Index : 1     used in the geometry : Yes
 Material : G4_Fe
 Range cuts        :  gamma  700 um     e-  700 um     e+  700 um  proton 0 fm 
 Energy thresholds :  gamma  17.2487 keV    e-  954.642 keV    e+  906.513 keV proton 0 eV 
 Region(s) which use this couple : 
    DefaultRegionForTheWorld

==================================================================

### Run 0 starts.
### Run 0 start
G4WT0 > /gun/particle neutron
G4WT0 > /gun/energy 1. MeV
G4WT0 > /testhadr/minEnergy 0.1 keV
G4WT0 > /testhadr/particle neutron
G4WT0 > /testhadr/verbose 1

========================================================================================
--> G4TaskRunManager::CreateAndStartWorkers() --> Creating 1 tasks with 1 events/task...
========================================================================================

G4WT0 > ### Run 0 starts on worker thread 0.
G4WT0 > --> Event 0 starts with initial seeds (13049039,61775110).
G4WT0 > EventAction: Event # 0 started
G4WT0 > [thread 0] Thread-local run terminated.
G4WT0 > [thread 0] Run Summary
G4WT0 > [thread 0]   Number of events processed : 1
G4WT0 > [thread 0]   User=0.000000s Real=0.000083s Sys=0.000000s [Cpu=0.0%]
 Run terminated.
Run Summary
  Number of events processed : 1
  User=0.000000s Real=0.000686s Sys=0.000000s [Cpu=0.0%]
RunAction: End of run actions are started
HistoManager: End of run actions are started
### Fill Cross Sections for neutron off Fe
-------------------------------------------------------------
    N     E(MeV)   Elastic(b)   Inelastic(b) Capture(b)   Fission(b)   Total(b)
-------------------------------------------------------------
    0   0.0001016        10.9    1.463e-10      0.03773            0        10.93
    1   0.0001049       10.88    1.439e-10      0.03704            0        10.92
    2   0.0001082       10.87    1.417e-10      0.03639            0        10.91
    3   0.0001117       10.86    1.394e-10      0.03574            0        10.89
    4   0.0001153       10.85    1.373e-10      0.03509            0        10.89
    5    0.000119       10.83    1.351e-10      0.03446            0        10.87
    6   0.0001228       10.82    1.329e-10      0.03383            0        10.86
    7   0.0001268       10.81    1.309e-10      0.03321            0        10.84
    8   0.0001309        10.8    1.289e-10       0.0326            0        10.83
    9   0.0001351       10.78    1.268e-10      0.03201            0        10.81
   10   0.0001394       10.76    1.248e-10      0.03141            0        10.79
   11   0.0001439       10.75    1.229e-10      0.03083            0        10.78
   12   0.0001486       10.73    1.209e-10      0.03026            0        10.76
   13   0.0001533       10.72    1.191e-10      0.02968            0        10.75
   14   0.0001583        10.7    1.172e-10      0.02913            0        10.73
   15   0.0001634       10.69    1.153e-10      0.02858            0        10.72
   16   0.0001686       10.66    1.135e-10      0.02804            0        10.69
   17    0.000174       10.65    1.117e-10       0.0275            0        10.68
   18   0.0001796       10.64      1.1e-10      0.02698            0        10.67
   19   0.0001854       10.62    1.083e-10      0.02647            0        10.64
   20   0.0001914        10.6    1.065e-10      0.02595            0        10.62
   21   0.0001975       10.58    1.048e-10      0.02545            0        10.61
   22   0.0002039       10.56    1.078e-10      0.02495            0        10.59
   23   0.0002104       10.54    1.138e-10      0.02445            0        10.57
   24   0.0002172       10.52    1.205e-10      0.02399            0        10.54
   25   0.0002242        10.5    1.272e-10      0.02356            0        10.52
   26   0.0002314       10.48    1.345e-10      0.02539            0         10.5
   27   0.0002388       10.45    1.422e-10      0.02258            0        10.48
   28   0.0002465       10.43      1.5e-10       0.0221            0        10.45
   29   0.0002545        10.4    1.587e-10      0.02165            0        10.43
   30   0.0002626       10.38    1.677e-10       0.0212            0         10.4
   31   0.0002711       10.36    1.773e-10      0.02077            0        10.38
   32   0.0002798       10.33    1.873e-10      0.02033            0        10.35
   33   0.0002888        10.3    1.976e-10       0.0199            0        10.32
   34   0.0002981       10.27    2.091e-10      0.01949            0        10.29
   35   0.0003077       10.24    2.211e-10      0.01907            0        10.26
   36   0.0003176       10.21    2.334e-10      0.01867            0        10.23
   37   0.0003278       10.19    2.469e-10      0.01828            0         10.2
   38   0.0003384       10.15    2.606e-10      0.01791            0        10.17
   39   0.0003492       10.12    2.754e-10       0.0177            0        10.14
   40   0.0003605       10.09    2.912e-10      0.02985            0        10.12
   41   0.0003721       10.06     3.08e-10      0.01683            0        10.08
   42    0.000384       10.03    3.252e-10      0.01637            0        10.05
   43   0.0003964       9.999    3.439e-10      0.01599            0        10.02
   44   0.0004091        9.97     3.63e-10      0.01562            0        9.986
   45   0.0004223       9.931    3.834e-10      0.01526            0        9.947
   46   0.0004359       9.899    4.054e-10      0.01491            0        9.913
   47   0.0004499       9.858    4.293e-10      0.01456            0        9.873
   48   0.0004644       9.819    4.532e-10      0.01422            0        9.833
   49   0.0004793       9.782    4.788e-10      0.01389            0        9.796
   50   0.0004947       9.742    5.056e-10      0.01356            0        9.756
   51   0.0005107       9.699    5.337e-10      0.01324            0        9.712
   52   0.0005271       9.658    5.646e-10      0.01292            0        9.671
   53    0.000544        9.62    5.976e-10       0.0126            0        9.633
   54   0.0005615       9.579    6.311e-10       0.0123            0        9.591
   55   0.0005796       9.538    6.664e-10        0.012            0         9.55
   56   0.0005982       9.494    7.043e-10       0.0117            0        9.506
   57   0.0006175        9.45    7.445e-10      0.01141            0        9.461
   58   0.0006373       9.405    7.867e-10      0.01113            0        9.416
   59   0.0006578       9.359    8.309e-10      0.01085            0         9.37
   60    0.000679       9.309    8.787e-10      0.01058            0        9.319
   61   0.0007008       9.259    9.276e-10      0.01031            0         9.27
   62   0.0007234       9.212    9.813e-10      0.01006            0        9.222
   63   0.0007467       9.166    1.037e-09     0.009801            0        9.175
   64   0.0007707       9.118    1.095e-09     0.009556            0        9.127
   65   0.0007955       9.069    1.156e-09      0.00932            0        9.078
   66   0.0008211       9.015    1.224e-09     0.009098            0        9.025
   67   0.0008475       8.964    1.293e-09     0.008879            0        8.972
   68   0.0008747       8.909    1.365e-09     0.008683            0        8.917
   69   0.0009029       8.852    1.443e-09     0.008503            0        8.861
   70   0.0009319       8.795    1.526e-09     0.008357            0        8.804
   71   0.0009619       8.742    1.611e-09     0.008266            0        8.751
   72   0.0009928       8.689    1.703e-09     0.008262            0        8.698
   73    0.001025       8.633     1.69e-09     0.008471            0        8.642
   74    0.001058       8.578    1.644e-09     0.009227            0        8.587
   75    0.001092       8.519      1.6e-09      0.01225            0        8.531
   76    0.001127       8.458    1.556e-09      0.03992            0        8.498
   77    0.001163       8.411    1.516e-09       0.1368            0        8.548
   78    0.001201        8.34    1.475e-09      0.01421            0        8.354
   79    0.001239       8.274    1.436e-09     0.008707            0        8.283
   80    0.001279       8.212    1.397e-09     0.007203            0         8.22
   81     0.00132       8.153     1.36e-09     0.006516            0         8.16
   82    0.001363       8.092    1.322e-09     0.006095            0        8.098
   83    0.001406        8.03    1.288e-09     0.005787            0        8.035
   84    0.001452       7.965    1.253e-09     0.005543            0         7.97
   85    0.001498       7.898    1.219e-09     0.005333            0        7.903
   86    0.001547       7.831    1.187e-09     0.005158            0        7.837
   87    0.001596       7.769    1.155e-09     0.005131            0        7.774
   88    0.001648       7.706    1.124e-09     0.005403            0        7.711
   89    0.001701       7.641    1.094e-09     0.004673            0        7.645
   90    0.001755       7.572    1.064e-09     0.004499            0        7.576
   91    0.001812       7.502    1.036e-09     0.004353            0        7.506
   92     0.00187       7.438    1.008e-09     0.004216            0        7.442
   93     0.00193       7.374     9.81e-10     0.004088            0        7.378
   94    0.001992       7.307    9.545e-10     0.003968            0        7.311
   95    0.002056       7.238     9.32e-10     0.003852            0        7.242
   96    0.002123       7.167    9.095e-10      0.00374            0        7.171
   97    0.002191       7.097    8.882e-10     0.003637            0        7.101
   98    0.002261       7.033    8.668e-10     0.003543            0        7.036
   99    0.002334       6.966    8.469e-10     0.003767            0         6.97
  100    0.002409       6.897    8.263e-10     0.003376            0          6.9
  101    0.002487       6.826     8.07e-10     0.003272            0        6.829
  102    0.002567       6.758    7.876e-10     0.003192            0        6.761
  103    0.002649       6.694    7.695e-10     0.003122            0        6.697
  104    0.002734       6.627    7.512e-10     0.003058            0         6.63
  105    0.002822        6.56    7.329e-10     0.003003            0        6.563
  106    0.002913       6.491    7.158e-10     0.002956            0        6.494
  107    0.003007       6.432    6.985e-10     0.002923            0        6.434
  108    0.003104       6.373     6.82e-10     0.002905            0        6.376
  109    0.003204       6.318     6.66e-10     0.002909            0        6.321
  110    0.003307       6.268    6.501e-10      0.00295            0        6.271
  111    0.003413       6.232    6.348e-10     0.003047            0        6.235
  112    0.003523       6.236    6.197e-10      0.00327            0        6.239
  113    0.003636       6.325    6.052e-10     0.003785            0        6.329
  114    0.003753       6.694    5.909e-10     0.005187            0        6.699
  115    0.003874       8.166    5.765e-10     0.009693            0        8.175
  116    0.003998       9.063    5.631e-10      0.01143            0        9.074
  117    0.004127       7.079    5.495e-10     0.005584            0        7.084
  118     0.00426       6.322    5.368e-10     0.003757            0        6.325
  119    0.004397       6.027    5.237e-10     0.003176            0         6.03
  120    0.004538        5.88    5.115e-10     0.002979            0        5.883
  121    0.004684       5.794    4.991e-10      0.00295            0        5.797
  122    0.004835       5.744    4.876e-10     0.002994            0        5.747
  123     0.00499       5.725    4.757e-10     0.003111            0        5.729
  124    0.005151       5.749    4.665e-10     0.003325            0        5.752
  125    0.005316       5.833    4.571e-10     0.003657            0        5.836
  126    0.005488       6.011    4.476e-10     0.004188            0        6.015
  127    0.005664       6.375    4.389e-10     0.005087            0         6.38
  128    0.005846       7.189    4.298e-10     0.006798            0        7.195
  129    0.006034       9.152    4.214e-10      0.01053            0        9.163
  130    0.006228       12.63    4.128e-10      0.01655            0        12.65
  131    0.006429       11.77    4.047e-10      0.01422            0        11.79
  132    0.006636       9.877    3.966e-10      0.01066            0        9.887
  133    0.006849       10.05    3.884e-10      0.01072            0        10.07
  134    0.007069       11.85    3.808e-10      0.01324            0        11.86
  135    0.007297       15.47    3.729e-10      0.01754            0        15.49
  136    0.007531       20.82    3.657e-10      0.02294            0        20.84
  137    0.007774       24.67    3.583e-10      0.02528            0        24.69
  138    0.008024       22.98     3.51e-10      0.02083            0           23
  139    0.008282       18.29    3.441e-10       0.0142            0        18.31
  140    0.008548       14.21     3.37e-10     0.009323            0        14.22
  141    0.008823       11.41    3.305e-10     0.006294            0        11.42
  142    0.009107       9.559    3.238e-10      0.00449            0        9.563
  143      0.0094       8.295    3.171e-10     0.003767            0        8.299
  144    0.009702         7.4    3.109e-10     0.002715            0        7.403
  145     0.01001       6.779    3.043e-10     0.002351            0        6.781
  146     0.01034       6.712    2.953e-10      0.00322            0        6.715
  147     0.01067        6.12     2.86e-10     0.002093            0        6.122
  148     0.01101       5.572    2.775e-10     0.001724            0        5.574
  149     0.01137       5.237    2.688e-10     0.001445            0        5.239
  150     0.01173       4.967    2.607e-10      0.00106            0        4.968
  151     0.01211       4.734    2.527e-10     0.000941            0        4.735
  152      0.0125       4.526    2.449e-10    0.0008929            0        4.527
  153      0.0129       4.335    2.376e-10     0.000815            0        4.336
  154     0.01332       4.158    2.302e-10    0.0007598            0        4.158
  155     0.01374       3.989    2.232e-10    0.0007529            0        3.989
  156     0.01419       3.826    2.165e-10    0.0007297            0        3.827
  157     0.01464        3.67    2.099e-10    0.0007157            0        3.671
  158     0.01511       3.516      0.00378    0.0006691            0         3.52
  159      0.0156       3.359     0.007919    0.0006614            0        3.368
  160      0.0161       3.204      0.01218    0.0006619            0        3.216
  161     0.01662       3.045      0.01658    0.0006696            0        3.063
  162     0.01715       2.881      0.02113    0.0006855            0        2.903
  163     0.01771       2.713      0.02581    0.0008539            0         2.74
  164     0.01828       2.563      0.03064     0.003407            0        2.597
  165     0.01886       2.345      0.03566    0.0007885            0        2.381
  166     0.01947       2.144      0.04081    0.0008454            0        2.185
  167      0.0201       1.928      0.04528    0.0009624            0        1.974
  168     0.02074       1.693      0.04506     0.001041            0        1.739
  169     0.02141       1.436      0.04484     0.001276            0        1.482
  170      0.0221       1.153      0.04461     0.001416            0        1.199
  171     0.02281      0.9475      0.04437       0.1594            0        1.151
  172     0.02354      0.5581      0.04413      0.00225            0       0.6045
  173      0.0243      0.3433      0.04388     0.003114            0       0.3902
  174     0.02508      0.4942      0.04361     0.004808            0       0.5426
  175     0.02589       2.226      0.04334     0.008745            0        2.278
  176     0.02672       12.69      0.04307      0.02097            0        12.75
  177     0.02758       70.75      0.04278      0.06059            0        70.85
  178     0.02847       64.01      0.04248      0.03397            0        64.09
  179     0.02938       31.53      0.04218      0.01264            0        31.59
  180     0.03033       19.78      0.04186     0.006114            0        19.83
  181     0.03131       14.34      0.04154     0.003296            0        14.38
  182     0.03231       11.38       0.0412     0.002012            0        11.43
  183     0.03335       9.571      0.04086     0.001375            0        9.614
  184     0.03443       8.342       0.0405     0.001546            0        8.384
  185     0.03553       7.459      0.04013    0.0007757            0          7.5
  186     0.03668        6.78      0.03975     0.001635            0        6.821
  187     0.03786        6.24      0.03935    0.0006061            0         6.28
  188     0.03907       5.804      0.03895    0.0008156            0        5.843
  189     0.04033       5.538      0.03853     0.001162            0        5.578
  190     0.04163       6.226       0.0381     0.002936            0        6.267
  191     0.04297       5.358      0.03765    0.0007634            0        5.396
  192     0.04435       4.959      0.03719    0.0004683            0        4.997
  193     0.04577       4.619      0.03671    0.0008888            0        4.656
  194     0.04725       5.105      0.03622     0.001241            0        5.143
  195     0.04877       4.301      0.03571    0.0004445            0        4.337
  196     0.05034       4.163      0.03523    0.0006733            0        4.199
  197     0.05195       5.029       0.0349     0.006369            0        5.071
  198     0.05363        6.27      0.03456     0.004977            0        6.309
  199     0.05535       8.132      0.03421      0.08678            0        8.253
  200     0.05713       3.901      0.03385    0.0004688            0        3.936
  201     0.05897       3.629      0.03347     0.001075            0        3.664
  202     0.06087       3.778      0.03309    0.0005665            0        3.811
  203     0.06282       3.547      0.03269    0.0004194            0         3.58
  204     0.06484       2.986      0.03227    0.0003054            0        3.018
  205     0.06693       2.578      0.03185    0.0003798            0         2.61
  206     0.06908       1.994      0.03141    0.0005215            0        2.026
  207     0.07131       2.016      0.03096     0.002192            0         2.05
  208      0.0736       4.797      0.03049      0.01312            0        4.841
  209     0.07597       5.578         0.03     0.001506            0         5.61
  210     0.07841       3.117       0.0295    0.0006367            0        3.147
  211     0.08093       1.484      0.02899      0.02432            0        1.538
  212     0.08354       23.42      0.02846      0.01279            0        23.46
  213     0.08622       8.967      0.02791    0.0007927            0        8.996
  214       0.089       5.746      0.02734    0.0003509            0        5.773
  215     0.09186       4.684      0.02676    0.0002819            0        4.711
  216     0.09481       4.149      0.02616    0.0002327            0        4.175
  217     0.09786       3.705      0.02553    0.0005623            0        3.731
  218       0.101       3.444      0.02502    0.0002798            0        3.469
  219      0.1043       3.102      0.02479    0.0003666            0        3.127
  220      0.1076       2.881      0.02454    0.0004315            0        2.906
  221      0.1111       2.922      0.02428    0.0004654            0        2.947
  222      0.1147       2.447      0.02402    0.0003969            0        2.471
  223      0.1183       2.055      0.02375    0.0004166            0         2.08
  224      0.1221       1.702      0.02347    0.0009216            0        1.727
  225      0.1261       1.259      0.02318    0.0009288            0        1.283
  226      0.1301       17.61      0.02288      0.01752            0        17.65
  227      0.1343       1.448      0.02257     0.001222            0        1.472
  228      0.1386       1.094      0.02226     0.004092            0         1.12
  229      0.1431       10.76      0.02212      0.00277            0        10.78
  230      0.1477       6.105      0.02198     0.001729            0        6.128
  231      0.1524       3.755      0.02184     0.001634            0        3.778
  232      0.1574       2.876       0.0217    0.0007375            0        2.899
  233      0.1624       2.113      0.02155    0.0008763            0        2.136
  234      0.1676      0.5929       0.0214     0.002206            0       0.6165
  235       0.173       3.742      0.02124     0.001237            0        3.764
  236      0.1786       1.768      0.02108     0.001096            0         1.79
  237      0.1843      0.7348      0.02092     0.001698            0       0.7574
  238      0.1903       11.46      0.02074      0.00283            0        11.48
  239      0.1964       5.961      0.02056     0.001102            0        5.983
  240      0.2027       4.384      0.02046    0.0007434            0        4.405
  241      0.2092        3.46      0.02046    0.0006343            0        3.481
  242       0.216       2.113      0.02046      0.03723            0        2.171
  243      0.2229       5.489      0.02045     0.001593            0        5.511
  244      0.2301       3.018      0.02045     0.001185            0         3.04
  245      0.2375       2.363      0.02045     0.001835            0        2.385
  246      0.2451        11.2      0.02045      0.01521            0        11.24
  247       0.253       2.719      0.02045     0.001741            0        2.742
  248      0.2611       1.991      0.02045    0.0006862            0        2.012
  249      0.2695       1.678      0.02044     0.002841            0        1.701
  250      0.2782       9.403      0.02044     0.002892            0        9.426
  251      0.2872       2.747      0.02044    0.0004262            0        2.768
  252      0.2964       1.662      0.02044    0.0005954            0        1.683
  253      0.3059       1.516      0.02038     0.002907            0         1.54
  254      0.3158       1.647      0.02028     0.003015            0         1.67
  255      0.3259       4.693      0.02019     0.001165            0        4.715
  256      0.3364       2.489      0.02008    0.0006342            0         2.51
  257      0.3472      0.8575      0.01998     0.000811            0       0.8783
  258      0.3584      0.3996      0.01987     0.003897            0       0.4233
  259      0.3699       2.824      0.01976    0.0008865            0        2.844
  260      0.3818       4.401      0.02113    0.0009236            0        4.423
  261      0.3941       5.525      0.02314    0.0007867            0        5.549
  262      0.4068       6.576      0.02426     0.001305            0        6.601
  263      0.4199       5.395      0.02457     0.001216            0        5.421
  264      0.4334       2.788      0.02488    0.0006441            0        2.813
  265      0.4473       3.958      0.02521     0.001038            0        3.984
  266      0.4617       2.589      0.02554    0.0006305            0        2.615
  267      0.4766       3.647      0.02589     0.000533            0        3.673
  268      0.4919       2.985      0.02625    0.0008192            0        3.012
  269      0.5077       2.888      0.02657    0.0005728            0        2.915
  270      0.5241        2.55      0.02684    0.0004579            0        2.577
  271      0.5409       2.443      0.02712    0.0005963            0        2.471
  272      0.5583       2.344      0.02742      0.00393            0        2.376
  273      0.5763       3.945      0.02772     0.003252            0        3.976
  274      0.5948       1.649      0.02803     0.001309            0        1.678
  275      0.6139       2.388      0.02832     0.004337            0        2.421
  276      0.6337       1.856      0.02861     0.001864            0        1.887
  277      0.6541        1.19      0.02891     0.001569            0         1.22
  278      0.6751       4.371      0.02922    0.0006974            0        4.401
  279      0.6968        4.41      0.02954     0.002054            0        4.442
  280      0.7192       3.931       0.0294    0.0007171            0        3.961
  281      0.7424        2.34      0.03003     0.001079            0        2.371
  282      0.7663       1.696      0.03068     0.001492            0        1.728
  283      0.7909        4.61      0.03135     0.001044            0        4.643
  284      0.8163       7.498      0.03182       0.0227            0        7.553
  285      0.8426       2.501      0.03283    0.0008159            0        2.535
  286      0.8697       2.651      0.09957     0.004033            0        2.755
  287      0.8977       1.997      0.04759     0.003742            0        2.048
  288      0.9266        2.72       0.2629     0.003442            0        2.986
  289      0.9564      0.7158      0.06553     0.003134            0       0.7845
  290      0.9871       3.161       0.1434     0.002815            0        3.307
  291       1.019       1.254      0.09543     0.002656            0        1.352
  292       1.052       3.074        0.295      0.00261            0        3.371
  293       1.085       1.698       0.3494     0.002563            0         2.05
  294        1.12       1.842       0.4538     0.002514            0        2.298
  295       1.156        1.43       0.2074     0.002464            0         1.64
  296       1.194      0.9835       0.1822     0.002412            0        1.168
  297       1.232       1.649       0.2957     0.002358            0        1.947
  298       1.272       2.608        0.287     0.002329            0        2.897
  299       1.313       1.314       0.2085     0.002321            0        1.525
  300       1.355       1.408       0.4661     0.002313            0        1.876
  301       1.398       1.238       0.3015     0.002305            0        1.542
  302       1.443       3.751       0.6181     0.002243            0        4.371
  303        1.49       2.013       0.7935     0.002185            0        2.808
  304       1.538       2.632       0.5214     0.002147            0        3.155
  305       1.587       2.332       0.6374     0.002117            0        2.972
  306       1.638       2.119       0.4114     0.002107            0        2.533
  307       1.691       2.067       0.4599     0.002101            0        2.529
  308       1.745      0.9939       0.8171     0.002097            0        1.813
  309       1.801       1.813       0.4027     0.002108            0        2.218
  310       1.859       1.842       0.5712     0.002126            0        2.415
  311       1.919       3.078        1.197     0.002145            0        4.277
  312       1.981       1.762       0.5721     0.002165            0        2.337
  313       2.045       3.917        1.113     0.002179            0        5.032
  314        2.11       2.512       0.5337      0.00219            0        3.048
  315       2.178       2.196       0.8948     0.002154            0        3.093
  316       2.248        1.47       0.7911     0.002107            0        2.263
  317       2.321       1.753       0.8511      0.00212            0        2.607
  318       2.395       2.299        0.848     0.002134            0        3.149
  319       2.472       2.358       0.7732     0.002149            0        3.133
  320       2.552       2.945       0.9845     0.002173            0        3.931
  321       2.634        1.75       0.5537       0.0022            0        2.305
  322       2.719       2.741       0.9652     0.002221            0        3.708
  323       2.806       2.324       0.8748     0.002207            0        3.201
  324       2.897       2.239          1.2     0.002196            0        3.441
  325        2.99       2.149        0.904     0.002184            0        3.055
  326       3.086       2.692         1.12     0.002096            0        3.814
  327       3.185       2.546        1.063     0.001877            0        3.611
  328       3.288       2.636        1.121     0.001821            0        3.759
  329       3.393         2.3        0.988     0.001764            0         3.29
  330       3.502        2.29         1.01      0.00169            0        3.301
  331       3.615       2.676        1.234     0.001631            0        3.911
  332       3.731       2.249        1.118     0.001574            0        3.369
  333       3.851       2.494        1.254     0.001514            0        3.749
  334       3.975       2.188        1.131     0.001453            0         3.32
  335       4.103       2.473         1.34     0.001422            0        3.814
  336       4.235       2.233        1.276     0.001397            0         3.51
  337       4.371       2.527        1.397     0.001372            0        3.925
  338       4.512       2.543        1.399     0.001306            0        3.944
  339       4.657       2.446        1.401     0.001225            0        3.848
  340       4.807       2.521        1.537     0.001167            0        4.059
  341       4.962       2.141        1.347     0.001119            0         3.49
  342       5.121       2.342        1.518     0.001067            0        3.861
  343       5.286        2.22        1.485     0.001017            0        3.706
  344       5.456       2.173        1.469    0.0009735            0        3.643
  345       5.632       2.085        1.423    0.0009344            0        3.509
  346       5.813        2.26        1.559    0.0008981            0        3.819
  347           6           2        1.389     0.000866            0         3.39
  348       6.193       2.113        1.474    0.0008417            0        3.588
  349       6.392       2.107        1.481    0.0008167            0        3.589
  350       6.597       1.967        1.385    0.0007941            0        3.352
  351        6.81       2.084        1.472    0.0007725            0        3.556
  352       7.029       2.024        1.439    0.0007516            0        3.464
  353       7.255       1.986        1.425    0.0007345            0        3.412
  354       7.488           2        1.449    0.0007171            0        3.449
  355       7.729       1.986        1.449    0.0007049            0        3.436
  356       7.978        1.97        1.453    0.0006923            0        3.423
  357       8.234       1.922        1.451    0.0006854            0        3.374
  358       8.499       1.868        1.449    0.0006789            0        3.318
  359       8.773       1.815         1.44    0.0006777            0        3.256
  360       9.055       1.773         1.44    0.0006771            0        3.214
  361       9.346       1.682        1.395    0.0006793            0        3.078
  362       9.647       1.704        1.437    0.0006816            0        3.142
  363       9.957       1.632        1.417    0.0006841            0        3.049
  364       10.28       1.593         1.42    0.0006907            0        3.013
  365       10.61       1.561        1.421    0.0006982            0        2.982
  366       10.95       1.518        1.423    0.0007058            0        2.941
  367        11.3       1.469        1.423    0.0007159            0        2.893
  368       11.66       1.417        1.426    0.0007272            0        2.844
  369       12.04       1.359        1.434    0.0007394            0        2.793
  370       12.43       1.305        1.438    0.0007518            0        2.744
  371       12.83       1.254         1.44     0.000762            0        2.695
  372       13.24       1.211         1.44    0.0007703            0        2.652
  373       13.67       1.184        1.432    0.0007778            0        2.617
  374       14.11       1.163        1.422    0.0007853            0        2.586
  375       14.56       1.141        1.412     0.000791            0        2.553
  376       15.03       1.109        1.395    0.0007929            0        2.505
  377       15.51       1.076        1.376    0.0007843            0        2.453
  378       16.01       1.033        1.364    0.0007674            0        2.398
  379       16.52      0.9934        1.352    0.0007414            0        2.346
  380       17.06      0.9563        1.341    0.0007055            0        2.298
  381        17.6      0.9506        1.333    0.0006607            0        2.284
  382       18.17      0.9517        1.318    0.0006093            0         2.27
  383       18.76      0.9505        1.305    0.0005543            0        2.256
  384       19.36      0.9547         1.29    0.0004971            0        2.245
  385       19.98      0.9539        1.281    0.0004388            0        2.236
  386       20.62      0.9798        1.297            0            0        2.277
  387       21.29      0.9867        1.291            0            0        2.278
  388       21.97      0.9939        1.285            0            0        2.279
  389       22.68       1.001        1.279            0            0         2.28
  390       23.41       1.009        1.272            0            0        2.281
  391       24.16       1.025        1.265            0            0        2.291
  392       24.94       1.043        1.259            0            0        2.303
  393       25.74       1.062        1.243            0            0        2.305
  394       26.57       1.084        1.226            0            0         2.31
  395       27.42       1.111         1.21            0            0        2.321
  396       28.31       1.139          1.2            0            0        2.339
  397       29.22       1.168        1.189            0            0        2.357
  398       30.16       1.199        1.178            0            0        2.376
  399       31.13        1.23        1.165            0            0        2.395
  400       32.13       1.263        1.152            0            0        2.414
  401       33.16        1.29        1.137            0            0        2.427
  402       34.23       1.315        1.122            0            0        2.437
  403       35.33       1.341        1.105            0            0        2.446
  404       36.46       1.368        1.088            0            0        2.456
  405       37.64       1.393        1.072            0            0        2.465
  406       38.85        1.42        1.055            0            0        2.475
  407        40.1       1.447        1.039            0            0        2.486
  408       41.39       1.471        1.026            0            0        2.497
  409       42.72       1.497        1.013            0            0        2.509
  410       44.09       1.523       0.9994            0            0        2.522
  411       45.51       1.542       0.9867            0            0        2.529
  412       46.98       1.556       0.9762            0            0        2.532
  413       48.49       1.571       0.9656            0            0        2.536
  414       50.05       1.583       0.9547            0            0        2.538
  415       51.66       1.588       0.9434            0            0        2.531
  416       53.32       1.592       0.9318            0            0        2.523
  417       55.03       1.596       0.9198            0            0        2.516
  418        56.8       1.591       0.9074            0            0        2.499
  419       58.63       1.584       0.8946            0            0        2.479
  420       60.52       1.577       0.8832            0            0         2.46
  421       62.46       1.561       0.8727            0            0        2.433
  422       64.47       1.532       0.8626            0            0        2.395
  423       66.55       1.503       0.8523            0            0        2.356
  424       68.69       1.473       0.8416            0            0        2.315
  425        70.9       1.442       0.8319            0            0        2.273
  426       73.18       1.409       0.8239            0            0        2.233
  427       75.53       1.375       0.8156            0            0         2.19
  428       77.96       1.339       0.8071            0            0        2.146
  429       80.47       1.302       0.7994            0            0        2.101
  430       83.06       1.264       0.7939            0            0        2.058
  431       85.73       1.225       0.7885            0            0        2.013
  432       88.49       1.185       0.7832            0            0        1.968
  433       91.33       1.145        0.778            0            0        1.923
  434       94.27       1.103       0.7736            0            0        1.876
  435        97.3       1.062        0.769            0            0        1.831
  436       100.4        1.02       0.7653            0            0        1.785
  437       103.7      0.9767       0.7623            0            0        1.739
  438         107      0.9323       0.7598            0            0        1.692
  439       110.4      0.8867       0.7572            0            0        1.644
  440         114      0.8396       0.7545            0            0        1.594
  441       117.7      0.7924       0.7516            0            0        1.544
  442       121.4      0.7526        0.748            0            0        1.501
  443       125.4      0.7116       0.7433            0            0        1.455
  444       129.4      0.6693       0.7383            0            0        1.408
  445       133.5      0.6315       0.7331            0            0        1.365
  446       137.8      0.5945       0.7277            0            0        1.322
  447       142.3      0.5563       0.7242            0            0         1.28
  448       146.9      0.5204       0.7218            0            0        1.242
  449       151.6      0.4896         0.72            0            0         1.21
  450       156.4      0.4578         0.72            0            0        1.178
  451       161.5       0.425       0.7188            0            0        1.144
  452       166.7      0.4066       0.7167            0            0        1.123
  453         172      0.3879        0.714            0            0        1.102
  454       177.6      0.3685       0.7112            0            0         1.08
  455       183.3      0.3554       0.7084            0            0        1.064
  456       189.2      0.3465       0.7054            0            0        1.052
  457       195.3      0.3373       0.7024            0            0         1.04
  458       201.5      0.3295       0.7007            0            0         1.03
  459         208      0.3273          0.7            0            0        1.027
  460       214.7       0.325          0.7            0            0        1.025
  461       221.6      0.3226          0.7            0            0        1.023
  462       228.8      0.3202          0.7            0            0         1.02
  463       236.1      0.3177          0.7            0            0        1.018
  464       243.7      0.3151          0.7            0            0        1.015
  465       251.6      0.3141          0.7            0            0        1.014
  466       259.6      0.3149          0.7            0            0        1.015
  467         268      0.3158          0.7            0            0        1.016
  468       276.6      0.3167          0.7            0            0        1.017
  469       285.5      0.3176          0.7            0            0        1.018
  470       294.7      0.3185       0.7001            0            0        1.019
  471       304.2      0.3194        0.701            0            0         1.02
  472         314      0.3194       0.7034            0            0        1.023
  473       324.1       0.319       0.7058            0            0        1.025
  474       334.5      0.3186       0.7083            0            0        1.027
  475       345.2      0.3194       0.7103            0            0         1.03
  476       356.3      0.3228        0.711            0            0        1.034
  477       367.8      0.3263       0.7095            0            0        1.036
  478       379.6      0.3299       0.7079            0            0        1.038
  479       391.9      0.3324       0.7066            0            0        1.039
  480       404.5      0.3348       0.7067            0            0        1.042
  481       417.5      0.3373       0.7102            0            0        1.048
  482       430.9      0.3386       0.7143            0            0        1.053
  483       444.8      0.3389       0.7184            0            0        1.057
  484       459.1      0.3392       0.7227            0            0        1.062
  485       473.8      0.3397       0.7271            0            0        1.067
  486       489.1      0.3413       0.7316            0            0        1.073
  487       504.8      0.3429       0.7357            0            0        1.079
  488         521      0.3446       0.7382            0            0        1.083
  489       537.8      0.3476       0.7407            0            0        1.088
  490       555.1       0.351       0.7433            0            0        1.094
  491         573      0.3546       0.7459            0            0        1.101
  492       591.4      0.3576       0.7487            0            0        1.106
  493       610.4      0.3597       0.7516            0            0        1.111
  494         630      0.3618       0.7545            0            0        1.116
  495       650.3       0.364       0.7575            0            0        1.122
  496       671.2      0.3665       0.7607            0            0        1.127
  497       692.8      0.3691       0.7637            0            0        1.133
  498       715.1      0.3717       0.7665            0            0        1.138
  499       738.1      0.3756       0.7688            0            0        1.144
  500       761.9      0.3803       0.7712            0            0        1.151
  501       786.4      0.3852       0.7735            0            0        1.159
  502       811.7        0.39       0.7756            0            0        1.166
  503       837.8      0.3944       0.7769            0            0        1.171
  504       864.7       0.399       0.7782            0            0        1.177
  505       892.5      0.4037       0.7802            0            0        1.184
  506       921.2      0.4105       0.7832            0            0        1.194
  507       950.9      0.4179       0.7876            0            0        1.205
  508       981.5      0.4254       0.7922            0            0        1.218
  509        1013      0.4298       0.7952            0            0        1.225
  510        1046      0.4308       0.7964            0            0        1.227
  511        1079      0.4317       0.7974            0            0        1.229
  512        1114      0.4327       0.7984            0            0        1.231
  513        1150      0.4336       0.7995            0            0        1.233
  514        1187      0.4345       0.8006            0            0        1.235
  515        1225      0.4354       0.8017            0            0        1.237
  516        1264      0.4363       0.8029            0            0        1.239
  517        1305      0.4373       0.8042            0            0        1.241
  518        1347      0.4383       0.8054            0            0        1.244
  519        1390      0.4393       0.8067            0            0        1.246
  520        1435      0.4403       0.8081            0            0        1.248
  521        1481      0.4413       0.8093            0            0        1.251
  522        1529      0.4423       0.8101            0            0        1.252
  523        1578      0.4428       0.8105            0            0        1.253
  524        1629      0.4433       0.8108            0            0        1.254
  525        1681      0.4438       0.8111            0            0        1.255
  526        1735      0.4444       0.8114            0            0        1.256
  527        1791      0.4449       0.8117            0            0        1.257
  528        1849      0.4455       0.8121            0            0        1.258
  529        1908       0.446       0.8124            0            0        1.258
  530        1970      0.4464       0.8128            0            0        1.259
  531        2033      0.4468       0.8128            0            0         1.26
  532        2098      0.4473       0.8127            0            0         1.26
  533        2166      0.4475       0.8125            0            0         1.26
  534        2236      0.4477       0.8123            0            0         1.26
  535        2307      0.4479       0.8121            0            0         1.26
  536        2382      0.4481       0.8119            0            0         1.26
  537        2458      0.4484       0.8116            0            0         1.26
  538        2537      0.4486       0.8114            0            0         1.26
  539        2619      0.4489       0.8111            0            0         1.26
  540        2703      0.4491       0.8109            0            0         1.26
  541        2790      0.4494       0.8106            0            0         1.26
  542        2880      0.4496       0.8104            0            0         1.26
  543        2973      0.4498       0.8099            0            0         1.26
  544        3068      0.4498       0.8091            0            0        1.259
  545        3167      0.4498       0.8078            0            0        1.258
  546        3269      0.4499       0.8065            0            0        1.256
  547        3374      0.4498       0.8051            0            0        1.255
  548        3482      0.4498       0.8037            0            0        1.253
  549        3594      0.4497       0.8023            0            0        1.252
  550        3710      0.4496       0.8008            0            0         1.25
  551        3829      0.4496       0.7992            0            0        1.249
  552        3953      0.4495       0.7976            0            0        1.247
  553        4080      0.4495        0.796            0            0        1.245
  554        4211      0.4494       0.7943            0            0        1.244
  555        4346      0.4493       0.7925            0            0        1.242
  556        4486      0.4493       0.7907            0            0         1.24
  557        4630      0.4492       0.7888            0            0        1.238
  558        4779      0.4491       0.7869            0            0        1.236
  559        4933       0.449       0.7849            0            0        1.234
  560        5092      0.4491       0.7828            0            0        1.232
  561        5256      0.4491       0.7805            0            0         1.23
  562        5425      0.4492       0.7783            0            0        1.227
  563        5599      0.4493       0.7759            0            0        1.225
  564        5779      0.4494       0.7735            0            0        1.223
  565        5965      0.4495        0.771            0            0         1.22
  566        6157      0.4496       0.7684            0            0        1.218
  567        6355      0.4497       0.7657            0            0        1.215
  568        6560      0.4498       0.7629            0            0        1.213
  569        6771      0.4499       0.7601            0            0         1.21
  570        6988      0.4496       0.7578            0            0        1.207
  571        7213      0.4492        0.756            0            0        1.205
  572        7445      0.4487       0.7549            0            0        1.204
  573        7685      0.4482       0.7538            0            0        1.202
  574        7932      0.4475       0.7527            0            0          1.2
  575        8187      0.4468       0.7515            0            0        1.198
  576        8450      0.4461       0.7502            0            0        1.196
  577        8722      0.4454        0.749            0            0        1.194
  578        9003      0.4447       0.7477            0            0        1.192
  579        9292      0.4439       0.7463            0            0         1.19
  580        9591       0.443       0.7449            0            0        1.188
  581        9900       0.442       0.7436            0            0        1.186
  582   1.022e+04       0.441       0.7428            0            0        1.184
  583   1.055e+04        0.44       0.7426            0            0        1.183
  584   1.089e+04      0.4387       0.7423            0            0        1.181
  585   1.124e+04      0.4374        0.742            0            0        1.179
  586    1.16e+04      0.4361       0.7417            0            0        1.178
  587   1.197e+04      0.4347       0.7414            0            0        1.176
  588   1.236e+04      0.4333       0.7411            0            0        1.174
  589   1.275e+04      0.4318       0.7408            0            0        1.173
  590   1.316e+04      0.4303       0.7405            0            0        1.171
  591   1.359e+04      0.4287       0.7401            0            0        1.169
  592   1.402e+04      0.4271       0.7398            0            0        1.167
  593   1.448e+04      0.4254       0.7394            0            0        1.165
  594   1.494e+04      0.4237        0.739            0            0        1.163
  595   1.542e+04      0.4219       0.7387            0            0        1.161
  596   1.592e+04      0.4201       0.7383            0            0        1.158
  597   1.643e+04      0.4182       0.7379            0            0        1.156
  598   1.696e+04      0.4163       0.7374            0            0        1.154
  599    1.75e+04      0.4142        0.737            0            0        1.151
  600   1.807e+04      0.4122       0.7365            0            0        1.149
  601   1.865e+04        0.41       0.7361            0            0        1.146
  602   1.925e+04      0.4078       0.7356            0            0        1.143
  603   1.987e+04      0.4055       0.7351            0            0        1.141
  604   2.051e+04      0.4048       0.7348            0            0         1.14
  605   2.117e+04      0.4046       0.7346            0            0        1.139
  606   2.185e+04      0.4044       0.7344            0            0        1.139
  607   2.255e+04      0.4042       0.7342            0            0        1.138
  608   2.327e+04       0.404        0.734            0            0        1.138
  609   2.402e+04      0.4038       0.7339            0            0        1.138
  610    2.48e+04      0.4036       0.7337            0            0        1.137
  611   2.559e+04      0.4035       0.7335            0            0        1.137
  612   2.642e+04      0.4033       0.7333            0            0        1.137
  613   2.727e+04      0.4031       0.7332            0            0        1.136
  614   2.814e+04       0.403        0.733            0            0        1.136
  615   2.905e+04      0.4028       0.7329            0            0        1.136
  616   2.998e+04      0.4027       0.7327            0            0        1.135
  617   3.095e+04      0.4025       0.7326            0            0        1.135
  618   3.194e+04      0.4024       0.7325            0            0        1.135
  619   3.297e+04      0.4023       0.7323            0            0        1.135
  620   3.403e+04      0.4022       0.7322            0            0        1.134
  621   3.513e+04      0.4021       0.7321            0            0        1.134
  622   3.626e+04      0.4019        0.732            0            0        1.134
  623   3.742e+04      0.4019       0.7319            0            0        1.134
  624   3.863e+04      0.4018       0.7318            0            0        1.134
  625   3.987e+04      0.4017       0.7317            0            0        1.133
  626   4.115e+04      0.4016       0.7317            0            0        1.133
  627   4.247e+04      0.4015       0.7316            0            0        1.133
  628   4.384e+04      0.4015       0.7315            0            0        1.133
  629   4.525e+04      0.4014       0.7315            0            0        1.133
  630   4.671e+04      0.4013       0.7314            0            0        1.133
  631   4.821e+04      0.4013       0.7314            0            0        1.133
  632   4.976e+04      0.4013       0.7313            0            0        1.133
  633   5.136e+04      0.4012       0.7313            0            0        1.133
  634   5.301e+04      0.4012       0.7313            0            0        1.132
  635   5.472e+04      0.4012       0.7313            0            0        1.132
  636   5.648e+04      0.4012       0.7313            0            0        1.132
  637   5.829e+04      0.4012       0.7313            0            0        1.132
  638   6.017e+04      0.4012       0.7313            0            0        1.132
  639    6.21e+04      0.4012       0.7313            0            0        1.132
  640    6.41e+04      0.4012       0.7313            0            0        1.132
  641   6.616e+04      0.4012       0.7313            0            0        1.133
  642   6.829e+04      0.4013       0.7313            0            0        1.133
  643   7.049e+04      0.4013       0.7314            0            0        1.133
  644   7.276e+04      0.4013       0.7314            0            0        1.133
  645    7.51e+04      0.4014       0.7315            0            0        1.133
  646   7.751e+04      0.4014       0.7315            0            0        1.133
  647   8.001e+04      0.4015       0.7316            0            0        1.133
  648   8.258e+04      0.4016       0.7317            0            0        1.133
  649   8.524e+04      0.4017       0.7317            0            0        1.133
  650   8.798e+04      0.4017       0.7318            0            0        1.134
  651   9.081e+04      0.4018       0.7319            0            0        1.134
  652   9.373e+04      0.4019        0.732            0            0        1.134
  653   9.674e+04       0.402       0.7321            0            0        1.134
  654   9.986e+04      0.4021       0.7322            0            0        1.134
  655   1.031e+05      0.4023       0.7323            0            0        1.135
  656   1.064e+05      0.4024       0.7324            0            0        1.135
  657   1.098e+05      0.4025       0.7326            0            0        1.135
  658   1.133e+05      0.4027       0.7327            0            0        1.135
  659    1.17e+05      0.4028       0.7328            0            0        1.136
  660   1.207e+05      0.4029        0.733            0            0        1.136
  661   1.246e+05      0.4031       0.7331            0            0        1.136
  662   1.286e+05      0.4033       0.7333            0            0        1.137
  663   1.328e+05      0.4034       0.7335            0            0        1.137
  664    1.37e+05      0.4036       0.7336            0            0        1.137
  665   1.415e+05      0.4038       0.7338            0            0        1.138
  666    1.46e+05       0.404        0.734            0            0        1.138
  667   1.507e+05      0.4042       0.7342            0            0        1.138
  668   1.556e+05      0.4044       0.7344            0            0        1.139
  669   1.606e+05      0.4046       0.7346            0            0        1.139
  670   1.657e+05      0.4048       0.7348            0            0         1.14
  671   1.711e+05       0.405        0.735            0            0         1.14
  672   1.766e+05      0.4053       0.7353            0            0        1.141
  673   1.822e+05      0.4055       0.7355            0            0        1.141
  674   1.881e+05      0.4057       0.7357            0            0        1.141
  675   1.941e+05       0.406        0.736            0            0        1.142
  676   2.004e+05      0.4062       0.7362            0            0        1.142
  677   2.068e+05      0.4065       0.7365            0            0        1.143
  678   2.135e+05      0.4068       0.7367            0            0        1.144
  679   2.204e+05       0.407        0.737            0            0        1.144
  680   2.274e+05      0.4073       0.7373            0            0        1.145
  681   2.348e+05      0.4076       0.7375            0            0        1.145
  682   2.423e+05      0.4079       0.7378            0            0        1.146
  683   2.501e+05      0.4082       0.7381            0            0        1.146
  684   2.582e+05      0.4085       0.7384            0            0        1.147
  685   2.665e+05      0.4088       0.7387            0            0        1.148
  686    2.75e+05      0.4091        0.739            0            0        1.148
  687   2.839e+05      0.4094       0.7393            0            0        1.149
  688    2.93e+05      0.4098       0.7397            0            0        1.149
  689   3.024e+05      0.4101         0.74            0            0         1.15
  690   3.122e+05      0.4104       0.7403            0            0        1.151
  691   3.222e+05      0.4108       0.7406            0            0        1.151
  692   3.326e+05      0.4111        0.741            0            0        1.152
  693   3.433e+05      0.4115       0.7413            0            0        1.153
  694   3.543e+05      0.4119       0.7417            0            0        1.154
  695   3.657e+05      0.4122        0.742            0            0        1.154
  696   3.775e+05      0.4126       0.7424            0            0        1.155
  697   3.896e+05       0.413       0.7428            0            0        1.156
  698   4.021e+05      0.4134       0.7432            0            0        1.157
  699   4.151e+05      0.4138       0.7435            0            0        1.157
  700   4.284e+05      0.4142       0.7439            0            0        1.158
  701   4.422e+05      0.4146       0.7443            0            0        1.159
  702   4.564e+05       0.415       0.7447            0            0         1.16
  703   4.711e+05      0.4154       0.7451            0            0         1.16
  704   4.863e+05      0.4158       0.7455            0            0        1.161
  705   5.019e+05      0.4162       0.7459            0            0        1.162
  706   5.181e+05      0.4166       0.7463            0            0        1.163
  707   5.347e+05      0.4171       0.7468            0            0        1.164
  708   5.519e+05      0.4175       0.7472            0            0        1.165
  709   5.697e+05       0.418       0.7476            0            0        1.166
  710    5.88e+05      0.4184       0.7481            0            0        1.166
  711   6.069e+05      0.4189       0.7485            0            0        1.167
  712   6.264e+05      0.4193       0.7489            0            0        1.168
  713   6.466e+05      0.4198       0.7494            0            0        1.169
  714   6.674e+05      0.4203       0.7498            0            0         1.17
  715   6.889e+05      0.4208       0.7503            0            0        1.171
  716    7.11e+05      0.4212       0.7508            0            0        1.172
  717   7.339e+05      0.4217       0.7512            0            0        1.173
  718   7.575e+05      0.4222       0.7517            0            0        1.174
  719   7.819e+05      0.4227       0.7522            0            0        1.175
  720    8.07e+05      0.4232       0.7527            0            0        1.176
  721    8.33e+05      0.4237       0.7532            0            0        1.177
  722   8.598e+05      0.4242       0.7537            0            0        1.178
  723   8.874e+05      0.4248       0.7542            0            0        1.179
  724    9.16e+05      0.4253       0.7547            0            0         1.18
  725   9.454e+05      0.4258       0.7552            0            0        1.181
  726   9.758e+05      0.4263       0.7557            0            0        1.182
  727   1.007e+06      0.4269       0.7562            0            0        1.183
  728    1.04e+06      0.4274       0.7567            0            0        1.184
  729   1.073e+06       0.428       0.7573            0            0        1.185
  730   1.108e+06      0.4285       0.7578            0            0        1.186
  731   1.143e+06      0.4291       0.7583            0            0        1.187
  732    1.18e+06      0.4296       0.7589            0            0        1.188
  733   1.218e+06      0.4302       0.7594            0            0         1.19
  734   1.257e+06      0.4308       0.7599            0            0        1.191
  735   1.298e+06      0.4314       0.7605            0            0        1.192
  736   1.339e+06      0.4319       0.7611            0            0        1.193
  737   1.382e+06      0.4325       0.7616            0            0        1.194
  738   1.427e+06      0.4331       0.7622            0            0        1.195
  739   1.473e+06      0.4337       0.7627            0            0        1.196
  740    1.52e+06      0.4343       0.7633            0            0        1.198
  741   1.569e+06      0.4349       0.7639            0            0        1.199
  742   1.619e+06      0.4355       0.7645            0            0          1.2
  743   1.672e+06      0.4361       0.7651            0            0        1.201
  744   1.725e+06      0.4367       0.7656            0            0        1.202
  745   1.781e+06      0.4374       0.7662            0            0        1.204
  746   1.838e+06       0.438       0.7668            0            0        1.205
  747   1.897e+06      0.4386       0.7674            0            0        1.206
  748   1.958e+06      0.4392        0.768            0            0        1.207
  749   2.021e+06      0.4399       0.7686            0            0        1.209
  750   2.086e+06      0.4405       0.7692            0            0         1.21
  751   2.153e+06      0.4412       0.7699            0            0        1.211
  752   2.223e+06      0.4418       0.7705            0            0        1.212
  753   2.294e+06      0.4425       0.7711            0            0        1.214
  754   2.368e+06      0.4431       0.7717            0            0        1.215
  755   2.444e+06      0.4438       0.7724            0            0        1.216
  756   2.523e+06      0.4445        0.773            0            0        1.217
  757   2.604e+06      0.4451       0.7736            0            0        1.219
  758   2.688e+06      0.4458       0.7743            0            0         1.22
  759   2.774e+06      0.4465       0.7749            0            0        1.221
  760   2.863e+06      0.4472       0.7755            0            0        1.223
  761   2.955e+06      0.4479       0.7762            0            0        1.224
  762   3.051e+06      0.4485       0.7768            0            0        1.225
  763   3.149e+06      0.4492       0.7775            0            0        1.227
  764    3.25e+06      0.4499       0.7782            0            0        1.228
  765   3.354e+06      0.4506       0.7788            0            0        1.229
  766   3.462e+06      0.4513       0.7795            0            0        1.231
  767   3.574e+06      0.4521       0.7802            0            0        1.232
  768   3.689e+06      0.4528       0.7808            0            0        1.234
  769   3.807e+06      0.4535       0.7815            0            0        1.235
  770    3.93e+06      0.4542       0.7822            0            0        1.236
  771   4.056e+06      0.4549       0.7829            0            0        1.238
  772   4.187e+06      0.4557       0.7836            0            0        1.239
  773   4.321e+06      0.4564       0.7842            0            0        1.241
  774    4.46e+06      0.4571       0.7849            0            0        1.242
  775   4.604e+06      0.4579       0.7856            0            0        1.243
  776   4.752e+06      0.4586       0.7863            0            0        1.245
  777   4.905e+06      0.4593        0.787            0            0        1.246
  778   5.063e+06      0.4601       0.7877            0            0        1.248
  779   5.225e+06      0.4608       0.7884            0            0        1.249
  780   5.394e+06      0.4616       0.7891            0            0        1.251
  781   5.567e+06      0.4624       0.7899            0            0        1.252
  782   5.746e+06      0.4631       0.7906            0            0        1.254
  783   5.931e+06      0.4639       0.7913            0            0        1.255
  784   6.122e+06      0.4647        0.792            0            0        1.257
  785   6.319e+06      0.4654       0.7927            0            0        1.258
  786   6.522e+06      0.4662       0.7934            0            0         1.26
  787   6.732e+06       0.467       0.7942            0            0        1.261
  788   6.948e+06      0.4678       0.7949            0            0        1.263
  789   7.172e+06      0.4686       0.7956            0            0        1.264
  790   7.402e+06      0.4693       0.7964            0            0        1.266
  791   7.641e+06      0.4701       0.7971            0            0        1.267
  792   7.886e+06      0.4709       0.7979            0            0        1.269
  793    8.14e+06      0.4717       0.7986            0            0         1.27
  794   8.402e+06      0.4725       0.7993            0            0        1.272
  795   8.672e+06      0.4733       0.8001            0            0        1.273
  796   8.951e+06      0.4741       0.8008            0            0        1.275
  797   9.239e+06       0.475       0.8016            0            0        1.277
  798   9.536e+06      0.4758       0.8023            0            0        1.278
  799   9.843e+06      0.4766       0.8031            0            0         1.28
-------------------------------------------------------------
### neutron 5 GeV on G4_Fe xs/X0= 8.54757
G4WT0 > ================== Deleting memory pools ===================
G4WT0 > Number of memory pools allocated: 9; of which, static: 0
G4WT0 > Dynamic pools deleted: 9 / Total memory freed: 0.013 MB
G4WT0 > ============================================================
================== Deleting memory pools ===================
Number of memory pools allocated: 4; of which, static: 0
Dynamic pools deleted: 4 / Total memory freed: 0.0058 MB
============================================================
