
        ############################################
        !!! WARNING - FPE detection is activated !!!
        ############################################

**************************************************************
 Geant4 version Name: geant4-11-02-ref-07 [MT]   (31-August-2024)
  << in Multi-threaded mode >> 
                       Copyright : Geant4 Collaboration
                      References : NIM A 506 (2003), 250-303
                                 : IEEE-TNS 53 (2006), 270-278
                                 : NIM A 835 (2016), 186-225
                             WWW : http://geant4.org/
**************************************************************

##### Hadr00 started for 1 threads #####
G4PhysListFactory::GetReferencePhysList <FTFP_BERT_HP>  EMoption= 0
<<< Geant4 Physics List simulation engine: FTFP_BERT_HP


/run/verbose 1
/tracking/verbose 0
/testhadr/TargetMat G4_Gd
/testhadr/targetElm Gd
/testhadr/TargetRadius 1 cm
/testhadr/TargetLength 10 cm
/run/printProgress 10
/process/em/verbose 0
/process/had/verbose 0
/run/initialize

==========================================================================================
G4TaskRunManager :: Using G4ThreadPool...
==========================================================================================

### Target consist of G4_Gd disks with R(mm)= 10  fLength(mm)= 100  ###

***** Table : Nb of materials = 3 *****

 Material:    G4_Al    density:  2.699 g/cm3   RadL:   8.896 cm   Nucl.Int.Length:  38.894 cm 
                       Imean: 166.000 eV   temperature: 293.15 K  pressure:   1.00 atm

   --->  Element: Al (Al)   Z = 13.0   N =    27   A = 26.982 g/mole
         --->  Isotope:  Al27   Z = 13   N =  27   A =  26.98 g/mole   abundance: 100.000 %
          ElmMassFraction: 100.00 %  ElmAbundance 100.00 % 


 Material: G4_Galactic    density:  0.000 mg/cm3  RadL: 204310098.490 pc   Nucl.Int.Length: 113427284.261 pc 
                       Imean:  21.800 eV   temperature:   2.73 K  pressure:   0.00 atm

   --->  Element: H (H)   Z =  1.0   N =     1   A =  1.008 g/mole
         --->  Isotope:    H1   Z =  1   N =   1   A =   1.01 g/mole   abundance: 99.989 %
         --->  Isotope:    H2   Z =  1   N =   2   A =   2.01 g/mole   abundance:  0.011 %
          ElmMassFraction: 100.00 %  ElmAbundance 100.00 % 


 Material:    G4_Gd    density:  7.900 g/cm3   RadL:   9.472 mm   Nucl.Int.Length:  23.912 cm 
                       Imean: 591.000 eV   temperature: 293.15 K  pressure:   1.00 atm

   --->  Element: Gd (Gd)   Z = 64.0   N =   157   A = 157.252 g/mole
         --->  Isotope: Gd152   Z = 64   N = 152   A = 151.92 g/mole   abundance:  0.200 %
         --->  Isotope: Gd154   Z = 64   N = 154   A = 153.92 g/mole   abundance:  2.180 %
         --->  Isotope: Gd155   Z = 64   N = 155   A = 154.92 g/mole   abundance: 14.800 %
         --->  Isotope: Gd156   Z = 64   N = 156   A = 155.92 g/mole   abundance: 20.470 %
         --->  Isotope: Gd157   Z = 64   N = 157   A = 156.92 g/mole   abundance: 15.650 %
         --->  Isotope: Gd158   Z = 64   N = 158   A = 157.92 g/mole   abundance: 24.840 %
         --->  Isotope: Gd160   Z = 64   N = 160   A = 159.93 g/mole   abundance: 21.860 %
          ElmMassFraction: 100.00 %  ElmAbundance 100.00 % 



/run/physicsModified

=========================================================================
--> G4TaskRunManager::CreateAndStartWorkers() --> Initializing workers...
=========================================================================

G4WT0 > /run/verbose 1
G4WT0 > /tracking/verbose 0
G4WT0 > /testhadr/targetElm Gd
G4WT0 > /run/printProgress 10
G4WT0 > /process/had/verbose 0
G4WT0 > /run/initialize 
G4WT0 > /run/physicsModified 
G4WT0 > /control/verbose 1
G4WT0 > /run/verbose 1
G4WT0 > /tracking/verbose 0
G4WT0 > /testhadr/targetElm Gd
G4WT0 > /run/printProgress 10
G4WT0 > /process/had/verbose 0
G4WT0 > /run/initialize 
G4WT0 > /run/physicsModified 
/gun/particle neutron
/gun/energy 1. MeV
/testhadr/minEnergy 0.1 keV
/testhadr/particle neutron
/testhadr/verbose 1
/process/eLoss/verbose 0
/run/beamOn 1

========= Table of registered couples ============================

Index : 0     used in the geometry : Yes
 Material : G4_Galactic
 Range cuts        :  gamma  700 um     e-  700 um     e+  700 um  proton 0 fm 
 Energy thresholds :  gamma  990 eV     e-  990 eV     e+  990 eV  proton 0 eV 
 Region(s) which use this couple : 
    DefaultRegionForTheWorld

Index : 1     used in the geometry : Yes
 Material : G4_Gd
 Range cuts        :  gamma  700 um     e-  700 um     e+  700 um  proton 0 fm 
 Energy thresholds :  gamma  57.366 keV    e-  786.023 keV    e+  744.241 keV proton 0 eV 
 Region(s) which use this couple : 
    DefaultRegionForTheWorld

==================================================================

### Run 0 starts.
### Run 0 start
G4WT0 > /gun/particle neutron
G4WT0 > /gun/energy 1. MeV
G4WT0 > /testhadr/minEnergy 0.1 keV
G4WT0 > /testhadr/particle neutron
G4WT0 > /testhadr/verbose 1

========================================================================================
--> G4TaskRunManager::CreateAndStartWorkers() --> Creating 1 tasks with 1 events/task...
========================================================================================

G4WT0 > ### Run 0 starts on worker thread 0.
G4WT0 > --> Event 0 starts with initial seeds (13049039,61775110).
G4WT0 > EventAction: Event # 0 started
G4WT0 > [thread 0] Thread-local run terminated.
G4WT0 > [thread 0] Run Summary
G4WT0 > [thread 0]   Number of events processed : 1
G4WT0 > [thread 0]   User=0.000000s Real=0.000084s Sys=0.000000s [Cpu=0.0%]
 Run terminated.
Run Summary
  Number of events processed : 1
  User=0.000000s Real=0.000719s Sys=0.000000s [Cpu=0.0%]
RunAction: End of run actions are started
HistoManager: End of run actions are started
### Fill Cross Sections for neutron off Gd
-------------------------------------------------------------
    N     E(MeV)   Elastic(b)   Inelastic(b) Capture(b)   Fission(b)   Total(b)
-------------------------------------------------------------
    0   0.0001016        5.67    2.117e-07        15.26            0        20.93
    1   0.0001049       15.06    4.047e-07        24.72            0        39.78
    2   0.0001082       4.021    6.094e-07         3.58            0        7.601
    3   0.0001117       4.787    8.098e-07        3.109            0        7.895
    4   0.0001153       20.16    1.017e-06         92.5            0        112.7
    5    0.000119       6.332    1.241e-06        5.444            0        11.78
    6   0.0001228       12.21    1.464e-06        13.32            0        25.53
    7   0.0001268        6.62    1.636e-06        3.137            0        9.757
    8   0.0001309       35.45    1.606e-06        87.53            0          123
    9   0.0001351       4.392    1.575e-06        2.848            0         7.24
   10   0.0001394       52.25    1.542e-06        56.64            0        108.9
   11   0.0001439       88.04    1.509e-06         86.9            0        174.9
   12   0.0001486       18.12    1.475e-06        60.83            0        78.95
   13   0.0001533       5.826     1.44e-06         1.21            0        7.036
   14   0.0001583       5.056    1.405e-06       0.9749            0        6.031
   15   0.0001634       4.775    1.676e-06        1.394            0        6.169
   16   0.0001686       12.62     1.97e-06           34            0        46.62
   17    0.000174        15.4    2.278e-06        23.43            0        38.83
   18   0.0001796       4.803      2.6e-06         2.42            0        7.223
   19   0.0001854        9.31    2.926e-06         19.7            0        29.01
   20   0.0001914       13.35    3.258e-06        46.99            0        60.34
   21   0.0001975       204.8    3.607e-06        83.42            0        288.2
   22   0.0002039       13.04    3.589e-06        18.54            0        31.58
   23   0.0002104       13.02    3.395e-06        14.42            0        27.44
   24   0.0002172        10.8    3.193e-06        16.38            0        27.18
   25   0.0002242        14.2    2.983e-06        22.27            0        36.48
   26   0.0002314       11.41     2.77e-06         16.8            0        28.21
   27   0.0002388       11.77    2.549e-06         15.8            0        27.58
   28   0.0002465       11.29    2.318e-06        15.26            0        26.55
   29   0.0002545       10.51    2.132e-06        14.71            0        25.22
   30   0.0002626        10.2    2.012e-06        14.36            0        24.57
   31   0.0002711       10.01    1.889e-06        14.11            0        24.13
   32   0.0002798       10.22    1.762e-06        13.92            0        24.13
   33   0.0002888       9.756     1.63e-06        13.51            0        23.27
   34   0.0002981       9.623    1.495e-06        13.24            0        22.87
   35   0.0003077        9.32    1.353e-06        12.98            0         22.3
   36   0.0003176       8.995    1.227e-06        12.86            0        21.86
   37   0.0003278       8.507     1.22e-06        12.52            0        21.03
   38   0.0003384       7.627    1.213e-06        12.86            0        20.49
   39   0.0003492       91.08    1.205e-06        24.69            0        115.8
   40   0.0003605       11.85    1.197e-06        11.85            0         23.7
   41   0.0003721       10.22    1.189e-06        11.54            0        21.76
   42    0.000384       8.062    1.181e-06         13.1            0        21.16
   43   0.0003964       20.72    1.172e-06         18.8            0        39.52
   44   0.0004091       434.7    1.197e-06        145.5            0        580.2
   45   0.0004223       10.32    1.227e-06        12.75            0        23.08
   46   0.0004359       9.299     1.26e-06        10.42            0        19.72
   47   0.0004499       8.305    1.292e-06        11.04            0        19.34
   48   0.0004644       8.801    1.327e-06        10.09            0        18.89
   49   0.0004793         210    1.362e-06        91.26            0        301.2
   50   0.0004947       9.631    1.399e-06        9.751            0        19.38
   51   0.0005107       10.35    1.368e-06        9.971            0        20.32
   52   0.0005271       10.53     1.29e-06         9.21            0        19.74
   53    0.000544       9.688    1.209e-06         8.99            0        18.68
   54   0.0005615       9.297    1.125e-06        8.807            0         18.1
   55   0.0005796       9.096    1.039e-06        8.654            0        17.75
   56   0.0005982       9.105    9.493e-07        8.463            0        17.57
   57   0.0006175       8.553    8.573e-07        8.286            0        16.84
   58   0.0006373       8.302    7.922e-07        8.112            0        16.41
   59   0.0006578       7.804    7.901e-07        7.953            0        15.76
   60    0.000679       6.964    7.879e-07         7.87            0        14.83
   61   0.0007008       12.04    7.856e-07        8.091            0        20.13
   62   0.0007234       10.15    7.834e-07        7.636            0        17.79
   63   0.0007467       9.855    7.809e-07        7.343            0         17.2
   64   0.0007707       8.152    7.784e-07        7.172            0        15.32
   65   0.0007955       29.63    7.744e-07        23.71            0        53.34
   66   0.0008211       42.77    7.401e-07        11.22            0        53.99
   67   0.0008475       592.7    7.049e-07        43.38            0        636.1
   68   0.0008747       11.57    6.684e-07        6.702            0        18.27
   69   0.0009029       286.2    6.307e-07        15.82            0          302
   70   0.0009319       17.28    5.919e-07        6.424            0         23.7
   71   0.0009619       11.81    5.519e-07        6.195            0           18
   72   0.0009928       10.93    5.105e-07        6.077            0        17.01
   73    0.001025       9.521    4.881e-07        5.926            0        15.45
   74    0.001058       9.626    4.712e-07        6.158            0        15.78
   75    0.001092       8.949    4.535e-07        5.702            0        14.65
   76    0.001127       7.463    4.356e-07        5.579            0        13.04
   77    0.001163       10.48    4.169e-07        5.482            0        15.96
   78    0.001201       8.551    3.976e-07        5.386            0        13.94
   79    0.001239       293.8    3.777e-07        36.96            0        330.8
   80    0.001279        11.8    3.738e-07        5.142            0        16.94
   81     0.00132       11.57    3.865e-07        5.149            0        16.71
   82    0.001363       9.451    3.996e-07        4.899            0        14.35
   83    0.001406       7.815    4.133e-07        4.869            0        12.68
   84    0.001452       10.09    4.272e-07        6.397            0        16.48
   85    0.001498       10.88    4.417e-07        4.615            0        15.49
   86    0.001547       8.266    4.567e-07        4.638            0         12.9
   87    0.001596       12.73    4.694e-07        5.122            0        17.86
   88    0.001648       11.58    4.726e-07        4.875            0        16.45
   89    0.001701       11.94     4.76e-07        5.392            0        17.33
   90    0.001755       10.18    4.796e-07        4.703            0        14.88
   91    0.001812       189.8    4.832e-07        6.797            0        196.6
   92     0.00187       17.22    4.869e-07         5.57            0        22.79
   93     0.00193       11.75    4.908e-07        4.406            0        16.16
   94    0.001992       41.34    4.947e-07        9.202            0        50.54
   95    0.002056        12.1    4.811e-07        4.189            0        16.29
   96    0.002123       11.34    4.661e-07        4.099            0        15.43
   97    0.002191       10.88    4.506e-07        4.397            0        15.28
   98    0.002261       10.76    4.347e-07        4.095            0        14.85
   99    0.002334       12.06    4.182e-07        4.457            0        16.51
  100    0.002409       27.68    4.013e-07        3.976            0        31.66
  101    0.002487       9.955    3.838e-07        3.704            0        13.66
  102    0.002567       19.13    3.778e-07         4.81            0        23.94
  103    0.002649       27.52    3.775e-07         3.79            0        31.31
  104    0.002734       12.21    3.772e-07        3.452            0        15.66
  105    0.002822       12.89    3.768e-07        3.504            0         16.4
  106    0.002913       20.02    3.764e-07        3.597            0        23.62
  107    0.003007       19.33    3.761e-07          3.5            0        22.83
  108    0.003104        18.8    3.757e-07        3.429            0        22.23
  109    0.003204       18.39    3.737e-07        3.351            0        21.74
  110    0.003307       17.87    3.694e-07         3.28            0        21.15
  111    0.003413       17.19     3.65e-07        3.213            0         20.4
  112    0.003523       18.67    3.604e-07         3.15            0        21.82
  113    0.003636       17.75    3.557e-07        3.078            0        20.83
  114    0.003753       16.11    3.508e-07        3.057            0        19.16
  115    0.003874       16.96    3.458e-07        2.949            0        19.91
  116    0.003998       24.81    3.408e-07        2.949            0        27.75
  117    0.004127       17.43     3.37e-07        2.825            0        20.26
  118     0.00426       17.02    3.331e-07        2.764            0        19.78
  119    0.004397       16.74     3.29e-07        2.706            0        19.44
  120    0.004538       16.35    3.248e-07         2.65            0           19
  121    0.004684       16.65    3.205e-07        2.596            0        19.24
  122    0.004835       16.78     3.16e-07        2.544            0        19.32
  123     0.00499       20.78    3.114e-07        2.647            0        23.43
  124    0.005151        15.9    3.079e-07        2.436            0        18.33
  125    0.005316        15.2    3.044e-07         2.39            0        17.59
  126    0.005488       15.08    3.009e-07        2.339            0        17.42
  127    0.005664       15.35    2.972e-07        2.313            0        17.66
  128    0.005846       16.11    2.934e-07        2.243            0        18.35
  129    0.006034       16.16    2.895e-07          2.2            0        18.36
  130    0.006228       20.43    2.855e-07        2.325            0        22.75
  131    0.006429       20.18     2.82e-07        2.277            0        22.46
  132    0.006636       19.94     2.79e-07        2.231            0        22.17
  133    0.006849       19.71    2.758e-07        2.185            0         21.9
  134    0.007069       19.48    2.726e-07        2.141            0        21.62
  135    0.007297       19.25    2.693e-07        2.098            0        21.35
  136    0.007531       19.02    2.658e-07        2.056            0        21.08
  137    0.007774        18.8    2.623e-07        2.016            0        20.81
  138    0.008024       18.58     2.59e-07        1.975            0        20.55
  139    0.008282       18.36    2.563e-07        1.939            0         20.3
  140    0.008548       18.15    2.536e-07        1.903            0        20.05
  141    0.008823       17.94    2.508e-07        1.868            0        19.81
  142    0.009107       17.74    2.478e-07        1.833            0        19.57
  143      0.0094       17.53    2.448e-07          1.8            0        19.33
  144    0.009702       17.33    2.417e-07        1.767            0         19.1
  145     0.01001       17.14    2.386e-07        1.734            0        18.87
  146     0.01034       16.94    2.363e-07        1.704            0        18.64
  147     0.01067       16.75     2.34e-07        1.674            0        18.42
  148     0.01101       16.56    2.316e-07        1.646            0        18.21
  149     0.01137       16.37    2.292e-07        1.617            0        17.99
  150     0.01173        16.2    2.266e-07        1.589            0        17.79
  151     0.01211       16.01     2.24e-07        1.562            0        17.58
  152      0.0125       15.83    2.213e-07        1.535            0        17.37
  153      0.0129       15.66    2.191e-07        1.509            0        17.17
  154     0.01332       15.49    2.172e-07        1.483            0        16.97
  155     0.01374       15.31    2.151e-07        1.458            0        16.77
  156     0.01419       15.14     2.13e-07        1.434            0        16.58
  157     0.01464       14.98    2.108e-07         1.41            0        16.39
  158     0.01511       14.81    2.085e-07        1.386            0         16.2
  159      0.0156       14.65    2.062e-07        1.363            0        16.02
  160      0.0161        14.5    2.042e-07         1.34            0        15.84
  161     0.01662       14.34    2.026e-07        1.317            0        15.66
  162     0.01715       14.19    2.009e-07        1.295            0        15.48
  163     0.01771       14.04    1.992e-07        1.273            0        15.31
  164     0.01828       13.89    1.974e-07        1.253            0        15.14
  165     0.01886       13.74    1.955e-07        1.232            0        14.97
  166     0.01947        13.6    1.936e-07        1.211            0        14.81
  167      0.0201       13.45    1.918e-07        1.191            0        14.64
  168     0.02074       13.31    1.904e-07        1.174            0        14.49
  169     0.02141       13.17     1.89e-07        1.157            0        14.33
  170      0.0221       13.03    1.876e-07         1.14            0        14.17
  171     0.02281        12.9    1.861e-07        1.123            0        14.02
  172     0.02354       12.77    1.845e-07        1.108            0        13.87
  173      0.0243       12.63    1.829e-07        1.092            0        13.72
  174     0.02508        12.5    1.813e-07        1.075            0        13.57
  175     0.02589       12.37    1.803e-07         1.06            0        13.43
  176     0.02672       12.24    1.793e-07        1.044            0        13.29
  177     0.02758       12.12    1.782e-07        1.029            0        13.15
  178     0.02847          12    1.771e-07        1.014            0        13.01
  179     0.02938       11.88     1.76e-07       0.9986            0        12.87
  180     0.03033       11.76    1.748e-07       0.9837            0        12.74
  181     0.03131       11.65    1.736e-07       0.9689            0        12.61
  182     0.03231       11.53    1.727e-07       0.9537            0        12.48
  183     0.03335       11.42    1.719e-07       0.9391            0        12.35
  184     0.03443       11.31    1.711e-07       0.9247            0        12.23
  185     0.03553        11.2    1.702e-07       0.9103            0        12.11
  186     0.03668       11.08    1.694e-07       0.8965            0        11.98
  187     0.03786       10.97    1.685e-07       0.8825            0        11.86
  188     0.03907       10.87    1.675e-07        0.869            0        11.74
  189     0.04033       10.76    1.669e-07       0.8555            0        11.62
  190     0.04163       10.66    1.667e-07       0.8417            0        11.51
  191     0.04297       10.56    1.665e-07       0.8281            0        11.39
  192     0.04435       10.46    1.664e-07       0.8148            0        11.27
  193     0.04577       10.36    1.662e-07       0.8019            0        11.16
  194     0.04725       10.27     1.66e-07       0.7891            0        11.06
  195     0.04877       10.17    1.658e-07       0.7762            0        10.95
  196     0.05034       10.09    1.659e-07       0.7639            0        10.86
  197     0.05195       9.993    1.672e-07       0.7527            0        10.75
  198     0.05363       9.891    1.686e-07        0.741            0        10.63
  199     0.05535       9.784     0.003932       0.7283            0        10.52
  200     0.05713       9.676      0.01792       0.7133            0        10.41
  201     0.05897       9.566      0.03235       0.6988            0         10.3
  202     0.06087       9.443      0.04785       0.6819            0        10.17
  203     0.06282       9.314      0.06574       0.6634            0        10.04
  204     0.06484       9.189      0.08145       0.6465            0        9.917
  205     0.06693       9.078       0.0872       0.6316            0        9.797
  206     0.06908       8.967      0.09313       0.6172            0        9.678
  207     0.07131       8.854      0.09926       0.6034            0        9.556
  208      0.0736       8.734       0.1055       0.5899            0         9.43
  209     0.07597       8.615       0.1122       0.5765            0        9.303
  210     0.07841       8.497       0.1222       0.5636            0        9.182
  211     0.08093       8.381       0.1319       0.5512            0        9.064
  212     0.08354        8.27       0.1409       0.5404            0        8.952
  213     0.08622       8.161       0.1502       0.5305            0        8.842
  214       0.089       8.056       0.1612       0.5156            0        8.733
  215     0.09186       7.949       0.1781       0.5028            0         8.63
  216     0.09481       7.841       0.1969       0.4923            0         8.53
  217     0.09786       7.731       0.2162       0.4826            0         8.43
  218       0.101       7.646        0.231       0.4717            0        8.349
  219      0.1043       7.616       0.2391       0.4607            0        8.316
  220      0.1076       7.558        0.251        0.451            0         8.26
  221      0.1111       7.468       0.2622       0.4424            0        8.173
  222      0.1147       7.381       0.2724       0.4347            0        8.089
  223      0.1183       7.298       0.2831       0.4268            0        8.008
  224      0.1221       7.211       0.2953       0.4183            0        7.925
  225      0.1261       7.126       0.3065       0.4113            0        7.843
  226      0.1301       7.046       0.3181       0.4044            0        7.768
  227      0.1343       6.963       0.3304       0.3971            0        7.691
  228      0.1386       6.879       0.3436       0.3897            0        7.613
  229      0.1431         6.8       0.3571       0.3824            0        7.539
  230      0.1477       6.722       0.3712       0.3749            0        7.468
  231      0.1524       6.643       0.3851       0.3682            0        7.397
  232      0.1574       6.568       0.3983       0.3627            0        7.329
  233      0.1624       6.493       0.4118        0.357            0        7.262
  234      0.1676       6.416       0.4256       0.3515            0        7.194
  235       0.173       6.339       0.4397       0.3461            0        7.125
  236      0.1786       6.265       0.4542       0.3408            0         7.06
  237      0.1843        6.19       0.4692       0.3357            0        6.995
  238      0.1903       6.115       0.4846       0.3306            0        6.931
  239      0.1964       6.043       0.5005       0.3256            0        6.869
  240      0.2027        5.98        0.516       0.3212            0        6.818
  241      0.2092       5.933       0.5306       0.3177            0        6.782
  242       0.216       5.885       0.5457       0.3141            0        6.745
  243      0.2229       5.836        0.561       0.3108            0        6.708
  244      0.2301       5.787       0.5769       0.3073            0        6.671
  245      0.2375        5.74       0.5945       0.3031            0        6.638
  246      0.2451       5.692       0.6149       0.2978            0        6.605
  247       0.253       5.644       0.6352       0.2929            0        6.572
  248      0.2611       5.597       0.6549       0.2893            0        6.541
  249      0.2695       5.548       0.6759       0.2852            0        6.509
  250      0.2782       5.497       0.6994       0.2801            0        6.477
  251      0.2872       5.446       0.7232       0.2751            0        6.444
  252      0.2964       5.397       0.7504       0.2693            0        6.417
  253      0.3059       5.354       0.7759       0.2649            0        6.395
  254      0.3158       5.313       0.8002       0.2614            0        6.374
  255      0.3259       5.272        0.826       0.2574            0        6.355
  256      0.3364       5.233       0.8524       0.2534            0        6.339
  257      0.3472       5.193       0.8787       0.2497            0        6.321
  258      0.3584       5.153       0.9059       0.2462            0        6.306
  259      0.3699       5.115        0.934       0.2428            0        6.291
  260      0.3818         5.1       0.9569       0.2399            0        6.297
  261      0.3941       5.087       0.9803        0.237            0        6.304
  262      0.4068       5.076        1.003       0.2344            0        6.313
  263      0.4199       5.067        1.026       0.2317            0        6.325
  264      0.4334       5.059         1.05       0.2288            0        6.338
  265      0.4473        5.05        1.077       0.2257            0        6.353
  266      0.4617       5.039        1.106       0.2222            0        6.368
  267      0.4766       5.028        1.137       0.2187            0        6.384
  268      0.4919       5.019        1.167       0.2149            0          6.4
  269      0.5077       5.012        1.195       0.2117            0        6.419
  270      0.5241       5.008        1.223       0.2092            0         6.44
  271      0.5409       5.004        1.252       0.2064            0        6.462
  272      0.5583       4.999        1.279       0.2046            0        6.482
  273      0.5763       4.994        1.308       0.2023            0        6.504
  274      0.5948       4.989        1.337       0.2002            0        6.526
  275      0.6139       4.985        1.365       0.1981            0        6.548
  276      0.6337       4.981        1.395        0.196            0        6.572
  277      0.6541       4.978        1.424       0.1941            0        6.596
  278      0.6751       4.975        1.452       0.1927            0         6.62
  279      0.6968       4.972        1.483       0.1907            0        6.645
  280      0.7192       4.975        1.512       0.1881            0        6.675
  281      0.7424       4.985        1.534       0.1864            0        6.706
  282      0.7663       4.993         1.56       0.1841            0        6.737
  283      0.7909       5.004        1.583       0.1821            0        6.769
  284      0.8163       5.016        1.605       0.1801            0        6.801
  285      0.8426       5.028        1.626       0.1781            0        6.832
  286      0.8697       5.042        1.646       0.1766            0        6.864
  287      0.8977       5.057        1.664       0.1755            0        6.897
  288      0.9266       5.074        1.679       0.1747            0        6.928
  289      0.9564       5.089        1.694        0.174            0        6.957
  290      0.9871       5.102        1.711       0.1733            0        6.987
  291       1.019       5.105         1.73       0.1723            0        7.008
  292       1.052       5.122        1.734       0.1712            0        7.027
  293       1.085       5.133        1.741       0.1698            0        7.044
  294        1.12       5.144        1.748       0.1683            0        7.061
  295       1.156       5.148        1.763       0.1658            0        7.078
  296       1.194       5.139        1.793       0.1622            0        7.094
  297       1.232       5.137        1.813       0.1592            0        7.109
  298       1.272       5.128        1.838       0.1547            0        7.121
  299       1.313       5.112        1.866        0.151            0        7.129
  300       1.355       5.097        1.892       0.1476            0        7.137
  301       1.398       5.086        1.916       0.1442            0        7.146
  302       1.443       5.071         1.94        0.141            0        7.151
  303        1.49       5.053        1.966       0.1372            0        7.156
  304       1.538        5.03        1.995       0.1337            0        7.159
  305       1.587       4.989        2.042       0.1303            0        7.161
  306       1.638       4.964        2.061       0.1271            0        7.152
  307       1.691       4.946         2.07        0.124            0        7.139
  308       1.745       4.927        2.078        0.121            0        7.126
  309       1.801       4.905        2.087       0.1179            0         7.11
  310       1.859       4.881        2.093       0.1148            0        7.089
  311       1.919       4.858        2.099       0.1118            0        7.069
  312       1.981       4.835        2.106       0.1089            0        7.049
  313       2.045       4.796        2.109       0.1056            0         7.01
  314        2.11       4.749        2.111       0.1021            0        6.962
  315       2.178         4.7        2.113      0.09876            0        6.912
  316       2.248       4.651        2.116      0.09556            0        6.862
  317       2.321       4.603        2.118      0.09252            0        6.813
  318       2.395       4.556         2.12      0.08962            0        6.766
  319       2.472       4.508        2.122      0.08681            0        6.717
  320       2.552       4.459        2.125      0.08424            0        6.667
  321       2.634       4.408        2.127      0.08179            0        6.617
  322       2.719       4.356         2.13       0.0795            0        6.565
  323       2.806       4.305        2.132      0.07724            0        6.514
  324       2.897       4.255        2.134      0.07507            0        6.464
  325        2.99       4.204        2.137      0.07298            0        6.415
  326       3.086       4.126        2.138      0.06876            0        6.332
  327       3.185       4.041        2.139      0.06455            0        6.244
  328       3.288       3.957         2.14      0.06062            0        6.157
  329       3.393       3.875        2.141      0.05697            0        6.073
  330       3.502       3.792        2.142      0.05352            0        5.987
  331       3.615       3.714        2.141      0.05026            0        5.905
  332       3.731       3.633         2.14       0.0472            0         5.82
  333       3.851       3.554        2.139      0.04436            0        5.738
  334       3.975       3.475        2.139      0.04168            0        5.656
  335       4.103       3.397        2.138       0.0385            0        5.574
  336       4.235        3.32        2.138      0.03545            0        5.493
  337       4.371       3.245        2.137      0.03267            0        5.414
  338       4.512        3.17        2.136      0.03015            0        5.336
  339       4.657       3.096        2.137      0.02782            0        5.261
  340       4.807       3.025        2.137      0.02569            0        5.188
  341       4.962       2.953        2.138      0.02375            0        5.114
  342       5.121       2.902        2.137      0.02037            0         5.06
  343       5.286       2.858        2.137      0.01709            0        5.012
  344       5.456       2.813        2.136      0.01438            0        4.964
  345       5.632        2.77        2.135      0.01214            0        4.918
  346       5.813       2.726        2.135      0.01028            0        4.871
  347           6       2.681        2.134     0.008735            0        4.824
  348       6.193       2.655         2.13     0.007286            0        4.792
  349       6.392       2.629        2.125     0.006092            0        4.761
  350       6.597       2.603        2.121     0.005111            0        4.729
  351        6.81       2.576        2.117     0.004302            0        4.697
  352       7.029       2.553        2.111      0.00365            0        4.668
  353       7.255       2.552        2.102      0.00322            0        4.658
  354       7.488       2.552        2.093     0.002856            0        4.647
  355       7.729       2.551        2.083     0.002551            0        4.636
  356       7.978        2.55        2.073     0.002291            0        4.625
  357       8.234       2.558        2.062     0.002081            0        4.622
  358       8.499       2.568        2.051     0.001903            0        4.621
  359       8.773       2.579        2.041     0.001743            0        4.622
  360       9.055       2.592        2.031     0.001604            0        4.624
  361       9.346       2.608        2.021     0.001489            0        4.631
  362       9.647       2.625        2.012      0.00139            0        4.639
  363       9.957       2.643        2.003     0.001302            0        4.647
  364       10.28       2.682        1.997     0.001293            0        4.681
  365       10.61       2.725        1.992     0.001301            0        4.719
  366       10.95        2.77        1.987     0.001312            0        4.758
  367        11.3       2.815        1.982     0.001325            0        4.798
  368       11.66       2.861        1.977     0.001341            0        4.839
  369       12.04       2.909        1.973     0.001363            0        4.883
  370       12.43       2.971        1.967     0.001417            0        4.939
  371       12.83       3.034        1.961     0.001476            0        4.997
  372       13.24       3.096        1.953     0.001542            0        5.051
  373       13.67       3.154        1.943     0.001599            0        5.098
  374       14.11       3.209         1.93     0.001636            0         5.14
  375       14.56       3.265        1.917     0.001674            0        5.183
  376       15.03       3.322        1.903     0.001715            0        5.227
  377       15.51       3.366        1.891     0.001764            0        5.259
  378       16.01       3.412        1.879     0.001816            0        5.293
  379       16.52        3.46        1.866     0.001871            0        5.328
  380       17.06       3.508        1.854     0.001927            0        5.364
  381        17.6       3.556        1.841     0.001987            0        5.399
  382       18.17       3.602        1.829     0.002048            0        5.433
  383       18.76       3.649        1.818     0.002112            0        5.469
  384       19.36       3.697        1.806     0.002178            0        5.506
  385       19.98       3.747        1.795     0.002247            0        5.544
  386       20.62       3.062         1.94            0            0        5.002
  387       21.29       2.929        1.967            0            0        4.896
  388       21.97       2.792        1.995            0            0        4.787
  389       22.68       2.663        2.023            0            0        4.687
  390       23.41       2.556        2.053            0            0        4.609
  391       24.16       2.446        2.072            0            0        4.518
  392       24.94       2.332        2.061            0            0        4.393
  393       25.74       2.275        2.051            0            0        4.325
  394       26.57       2.221         2.04            0            0        4.261
  395       27.42       2.165        2.029            0            0        4.194
  396       28.31       2.117        2.016            0            0        4.133
  397       29.22       2.077        2.003            0            0        4.081
  398       30.16       2.036        1.989            0            0        4.026
  399       31.13       1.995        1.975            0            0         3.97
  400       32.13       1.967         1.96            0            0        3.927
  401       33.16       1.937        1.944            0            0        3.881
  402       34.23       1.906        1.927            0            0        3.833
  403       35.33       1.901        1.909            0            0         3.81
  404       36.46       1.907        1.894            0            0        3.801
  405       37.64       1.913        1.877            0            0         3.79
  406       38.85       1.923        1.861            0            0        3.784
  407        40.1       1.943        1.844            0            0        3.787
  408       41.39       1.964        1.826            0            0         3.79
  409       42.72       1.986        1.807            0            0        3.793
  410       44.09       2.015        1.789            0            0        3.803
  411       45.51       2.045        1.772            0            0        3.816
  412       46.98       2.076        1.757            0            0        3.834
  413       48.49       2.111        1.744            0            0        3.854
  414       50.05       2.149        1.729            0            0        3.878
  415       51.66       2.188        1.713            0            0        3.901
  416       53.32       2.228        1.697            0            0        3.925
  417       55.03       2.268        1.682            0            0         3.95
  418        56.8       2.309        1.668            0            0        3.977
  419       58.63       2.352        1.655            0            0        4.007
  420       60.52       2.388        1.641            0            0         4.03
  421       62.46       2.423        1.627            0            0         4.05
  422       64.47       2.458        1.613            0            0        4.071
  423       66.55       2.491        1.603            0            0        4.094
  424       68.69       2.514        1.594            0            0        4.108
  425        70.9       2.539        1.586            0            0        4.124
  426       73.18       2.564        1.579            0            0        4.143
  427       75.53       2.563        1.571            0            0        4.134
  428       77.96       2.557        1.564            0            0        4.121
  429       80.47       2.552        1.557            0            0        4.109
  430       83.06       2.533        1.555            0            0        4.088
  431       85.73       2.498        1.553            0            0        4.051
  432       88.49       2.462         1.55            0            0        4.012
  433       91.33       2.424        1.545            0            0         3.97
  434       94.27       2.377        1.536            0            0        3.913
  435        97.3       2.329        1.525            0            0        3.855
  436       100.4        2.28        1.517            0            0        3.797
  437       103.7       2.218        1.514            0            0        3.733
  438         107       2.149        1.513            0            0        3.662
  439       110.4       2.077        1.511            0            0        3.588
  440         114       2.004        1.509            0            0        3.514
  441       117.7       1.932        1.508            0            0        3.439
  442       121.4       1.857        1.505            0            0        3.362
  443       125.4        1.78        1.503            0            0        3.283
  444       129.4       1.704          1.5            0            0        3.204
  445       133.5       1.627        1.498            0            0        3.124
  446       137.8       1.547        1.495            0            0        3.041
  447       142.3       1.473        1.491            0            0        2.963
  448       146.9       1.407        1.486            0            0        2.892
  449       151.6       1.339         1.48            0            0        2.819
  450       156.4       1.269        1.475            0            0        2.743
  451       161.5        1.21        1.471            0            0        2.681
  452       166.7        1.15        1.471            0            0         2.62
  453         172       1.087        1.471            0            0        2.558
  454       177.6       1.037         1.47            0            0        2.508
  455       183.3      0.9943         1.47            0            0        2.464
  456       189.2      0.9501        1.468            0            0        2.418
  457       195.3       0.911        1.467            0            0        2.378
  458       201.5      0.8939        1.465            0            0        2.359
  459         208      0.8764        1.465            0            0        2.341
  460       214.7      0.8582        1.464            0            0        2.322
  461       221.6      0.8463        1.463            0            0         2.31
  462       228.8      0.8357        1.463            0            0        2.298
  463       236.1      0.8246        1.462            0            0        2.286
  464       243.7      0.8171        1.461            0            0        2.278
  465       251.6      0.8152         1.46            0            0        2.275
  466       259.6      0.8131        1.458            0            0        2.271
  467         268       0.811        1.455            0            0        2.266
  468       276.6      0.8144        1.453            0            0        2.267
  469       285.5       0.818         1.45            0            0        2.268
  470       294.7      0.8216        1.448            0            0        2.269
  471       304.2       0.825        1.446            0            0        2.271
  472         314      0.8283        1.447            0            0        2.276
  473       324.1      0.8317        1.449            0            0         2.28
  474       334.5      0.8353         1.45            0            0        2.285
  475       345.2      0.8397        1.451            0            0        2.291
  476       356.3      0.8442        1.453            0            0        2.298
  477       367.8      0.8489        1.456            0            0        2.305
  478       379.6      0.8541        1.458            0            0        2.312
  479       391.9      0.8596        1.461            0            0         2.32
  480       404.5      0.8652        1.463            0            0        2.329
  481       417.5      0.8709        1.466            0            0        2.337
  482       430.9      0.8764        1.469            0            0        2.346
  483       444.8       0.882        1.472            0            0        2.355
  484       459.1      0.8879        1.476            0            0        2.364
  485       473.8      0.8929        1.479            0            0        2.372
  486       489.1      0.8981        1.483            0            0        2.381
  487       504.8      0.9034        1.488            0            0        2.391
  488         521      0.9067        1.495            0            0        2.402
  489       537.8      0.9084        1.503            0            0        2.411
  490       555.1      0.9101        1.511            0            0        2.421
  491         573       0.912        1.519            0            0        2.431
  492       591.4      0.9147        1.527            0            0        2.442
  493       610.4      0.9174        1.534            0            0        2.451
  494         630      0.9202        1.537            0            0        2.457
  495       650.3      0.9235        1.541            0            0        2.464
  496       671.2       0.927        1.545            0            0        2.472
  497       692.8      0.9307        1.549            0            0        2.479
  498       715.1      0.9338        1.552            0            0        2.486
  499       738.1      0.9358        1.555            0            0        2.491
  500       761.9       0.938        1.558            0            0        2.496
  501       786.4      0.9401        1.561            0            0        2.501
  502       811.7      0.9442        1.563            0            0        2.507
  503       837.8      0.9486        1.565            0            0        2.513
  504       864.7       0.953        1.566            0            0        2.519
  505       892.5      0.9565        1.568            0            0        2.524
  506       921.2      0.9591         1.57            0            0        2.529
  507       950.9      0.9618        1.573            0            0        2.535
  508       981.5      0.9648        1.576            0            0        2.541
  509        1013      0.9688        1.579            0            0        2.547
  510        1046      0.9729         1.58            0            0        2.553
  511        1079      0.9772        1.582            0            0        2.559
  512        1114      0.9821        1.583            0            0        2.565
  513        1150      0.9872        1.584            0            0        2.572
  514        1187      0.9925        1.586            0            0        2.579
  515        1225       0.998        1.588            0            0        2.586
  516        1264       1.004        1.589            0            0        2.593
  517        1305        1.01        1.591            0            0          2.6
  518        1347       1.016        1.593            0            0        2.608
  519        1390       1.022        1.595            0            0        2.616
  520        1435       1.028        1.596            0            0        2.624
  521        1481       1.035        1.598            0            0        2.633
  522        1529        1.04        1.599            0            0        2.639
  523        1578       1.044        1.599            0            0        2.643
  524        1629       1.048        1.599            0            0        2.647
  525        1681       1.052        1.599            0            0        2.651
  526        1735       1.056        1.599            0            0        2.655
  527        1791        1.06        1.599            0            0        2.659
  528        1849       1.065        1.599            0            0        2.664
  529        1908       1.068        1.599            0            0        2.667
  530        1970       1.072        1.599            0            0         2.67
  531        2033       1.075        1.598            0            0        2.673
  532        2098       1.078        1.596            0            0        2.674
  533        2166       1.079        1.594            0            0        2.673
  534        2236       1.079        1.592            0            0        2.671
  535        2307        1.08         1.59            0            0         2.67
  536        2382       1.081        1.587            0            0        2.669
  537        2458       1.082        1.585            0            0        2.667
  538        2537       1.083        1.583            0            0        2.666
  539        2619       1.084         1.58            0            0        2.664
  540        2703       1.085        1.577            0            0        2.663
  541        2790       1.086        1.575            0            0        2.661
  542        2880       1.087        1.572            0            0        2.659
  543        2973       1.087        1.569            0            0        2.656
  544        3068       1.087        1.567            0            0        2.654
  545        3167       1.087        1.566            0            0        2.653
  546        3269       1.086        1.564            0            0         2.65
  547        3374       1.085        1.563            0            0        2.648
  548        3482       1.084        1.561            0            0        2.645
  549        3594       1.083        1.559            0            0        2.642
  550        3710       1.081        1.558            0            0        2.639
  551        3829        1.08        1.556            0            0        2.636
  552        3953       1.079        1.554            0            0        2.633
  553        4080       1.078        1.552            0            0         2.63
  554        4211       1.076         1.55            0            0        2.627
  555        4346       1.075        1.548            0            0        2.623
  556        4486       1.074        1.546            0            0         2.62
  557        4630       1.072        1.544            0            0        2.616
  558        4779       1.071        1.542            0            0        2.612
  559        4933       1.069         1.54            0            0        2.609
  560        5092       1.068        1.538            0            0        2.606
  561        5256       1.066        1.538            0            0        2.604
  562        5425       1.065        1.538            0            0        2.603
  563        5599       1.064        1.538            0            0        2.601
  564        5779       1.062        1.537            0            0        2.599
  565        5965       1.061        1.537            0            0        2.598
  566        6157       1.059        1.537            0            0        2.596
  567        6355       1.058        1.537            0            0        2.594
  568        6560       1.056        1.536            0            0        2.592
  569        6771       1.054        1.536            0            0         2.59
  570        6988       1.053        1.536            0            0        2.589
  571        7213       1.052        1.535            0            0        2.586
  572        7445        1.05        1.534            0            0        2.584
  573        7685       1.049        1.533            0            0        2.582
  574        7932       1.048        1.532            0            0        2.579
  575        8187       1.047         1.53            0            0        2.577
  576        8450       1.045        1.529            0            0        2.575
  577        8722       1.044        1.528            0            0        2.572
  578        9003       1.042        1.527            0            0        2.569
  579        9292       1.041        1.526            0            0        2.567
  580        9591        1.04        1.524            0            0        2.564
  581        9900       1.038        1.523            0            0        2.561
  582   1.022e+04       1.037        1.522            0            0        2.559
  583   1.055e+04       1.035        1.522            0            0        2.557
  584   1.089e+04       1.034        1.522            0            0        2.556
  585   1.124e+04       1.033        1.521            0            0        2.554
  586    1.16e+04       1.031        1.521            0            0        2.552
  587   1.197e+04        1.03        1.521            0            0        2.551
  588   1.236e+04       1.028        1.521            0            0        2.549
  589   1.275e+04       1.027         1.52            0            0        2.547
  590   1.316e+04       1.025         1.52            0            0        2.545
  591   1.359e+04       1.024         1.52            0            0        2.543
  592   1.402e+04       1.022        1.519            0            0        2.541
  593   1.448e+04        1.02        1.519            0            0        2.539
  594   1.494e+04       1.018        1.518            0            0        2.537
  595   1.542e+04       1.016        1.518            0            0        2.535
  596   1.592e+04       1.015        1.518            0            0        2.532
  597   1.643e+04       1.013        1.517            0            0         2.53
  598   1.696e+04       1.011        1.517            0            0        2.527
  599    1.75e+04       1.008        1.516            0            0        2.525
  600   1.807e+04       1.006        1.516            0            0        2.522
  601   1.865e+04       1.004        1.515            0            0        2.519
  602   1.925e+04       1.002        1.515            0            0        2.517
  603   1.987e+04      0.9992        1.515            0            0        2.514
  604   2.051e+04      0.9984        1.514            0            0        2.512
  605   2.117e+04      0.9979        1.514            0            0        2.512
  606   2.185e+04      0.9975        1.513            0            0        2.511
  607   2.255e+04      0.9971        1.513            0            0         2.51
  608   2.327e+04      0.9967        1.513            0            0        2.509
  609   2.402e+04      0.9963        1.512            0            0        2.509
  610    2.48e+04      0.9959        1.512            0            0        2.508
  611   2.559e+04      0.9956        1.512            0            0        2.507
  612   2.642e+04      0.9952        1.511            0            0        2.507
  613   2.727e+04      0.9949        1.511            0            0        2.506
  614   2.814e+04      0.9945        1.511            0            0        2.505
  615   2.905e+04      0.9942        1.511            0            0        2.505
  616   2.998e+04      0.9939         1.51            0            0        2.504
  617   3.095e+04      0.9936         1.51            0            0        2.504
  618   3.194e+04      0.9934         1.51            0            0        2.503
  619   3.297e+04      0.9931         1.51            0            0        2.503
  620   3.403e+04      0.9929        1.509            0            0        2.502
  621   3.513e+04      0.9926        1.509            0            0        2.502
  622   3.626e+04      0.9924        1.509            0            0        2.501
  623   3.742e+04      0.9922        1.509            0            0        2.501
  624   3.863e+04       0.992        1.509            0            0        2.501
  625   3.987e+04      0.9918        1.509            0            0          2.5
  626   4.115e+04      0.9917        1.508            0            0          2.5
  627   4.247e+04      0.9915        1.508            0            0          2.5
  628   4.384e+04      0.9914        1.508            0            0          2.5
  629   4.525e+04      0.9913        1.508            0            0        2.499
  630   4.671e+04      0.9912        1.508            0            0        2.499
  631   4.821e+04      0.9911        1.508            0            0        2.499
  632   4.976e+04       0.991        1.508            0            0        2.499
  633   5.136e+04      0.9909        1.508            0            0        2.499
  634   5.301e+04      0.9909        1.508            0            0        2.499
  635   5.472e+04      0.9909        1.508            0            0        2.499
  636   5.648e+04      0.9908        1.508            0            0        2.498
  637   5.829e+04      0.9908        1.508            0            0        2.498
  638   6.017e+04      0.9908        1.508            0            0        2.498
  639    6.21e+04      0.9909        1.508            0            0        2.498
  640    6.41e+04      0.9909        1.508            0            0        2.499
  641   6.616e+04      0.9909        1.508            0            0        2.499
  642   6.829e+04       0.991        1.508            0            0        2.499
  643   7.049e+04      0.9911        1.508            0            0        2.499
  644   7.276e+04      0.9912        1.508            0            0        2.499
  645    7.51e+04      0.9913        1.508            0            0        2.499
  646   7.751e+04      0.9914        1.508            0            0          2.5
  647   8.001e+04      0.9915        1.508            0            0          2.5
  648   8.258e+04      0.9917        1.508            0            0          2.5
  649   8.524e+04      0.9918        1.508            0            0          2.5
  650   8.798e+04       0.992        1.509            0            0        2.501
  651   9.081e+04      0.9922        1.509            0            0        2.501
  652   9.373e+04      0.9924        1.509            0            0        2.501
  653   9.674e+04      0.9926        1.509            0            0        2.502
  654   9.986e+04      0.9929        1.509            0            0        2.502
  655   1.031e+05      0.9931         1.51            0            0        2.503
  656   1.064e+05      0.9934         1.51            0            0        2.503
  657   1.098e+05      0.9936         1.51            0            0        2.504
  658   1.133e+05      0.9939         1.51            0            0        2.504
  659    1.17e+05      0.9942        1.511            0            0        2.505
  660   1.207e+05      0.9945        1.511            0            0        2.505
  661   1.246e+05      0.9949        1.511            0            0        2.506
  662   1.286e+05      0.9952        1.511            0            0        2.507
  663   1.328e+05      0.9956        1.512            0            0        2.507
  664    1.37e+05      0.9959        1.512            0            0        2.508
  665   1.415e+05      0.9963        1.512            0            0        2.509
  666    1.46e+05      0.9967        1.513            0            0        2.509
  667   1.507e+05      0.9971        1.513            0            0         2.51
  668   1.556e+05      0.9975        1.513            0            0        2.511
  669   1.606e+05       0.998        1.514            0            0        2.512
  670   1.657e+05      0.9984        1.514            0            0        2.513
  671   1.711e+05      0.9989        1.515            0            0        2.513
  672   1.766e+05      0.9994        1.515            0            0        2.514
  673   1.822e+05      0.9999        1.515            0            0        2.515
  674   1.881e+05           1        1.516            0            0        2.516
  675   1.941e+05       1.001        1.516            0            0        2.517
  676   2.004e+05       1.001        1.517            0            0        2.518
  677   2.068e+05       1.002        1.517            0            0        2.519
  678   2.135e+05       1.002        1.518            0            0         2.52
  679   2.204e+05       1.003        1.518            0            0        2.521
  680   2.274e+05       1.004        1.519            0            0        2.522
  681   2.348e+05       1.004        1.519            0            0        2.523
  682   2.423e+05       1.005         1.52            0            0        2.524
  683   2.501e+05       1.005         1.52            0            0        2.526
  684   2.582e+05       1.006        1.521            0            0        2.527
  685   2.665e+05       1.007        1.521            0            0        2.528
  686    2.75e+05       1.007        1.522            0            0        2.529
  687   2.839e+05       1.008        1.522            0            0         2.53
  688    2.93e+05       1.009        1.523            0            0        2.532
  689   3.024e+05       1.009        1.524            0            0        2.533
  690   3.122e+05        1.01        1.524            0            0        2.534
  691   3.222e+05       1.011        1.525            0            0        2.536
  692   3.326e+05       1.012        1.525            0            0        2.537
  693   3.433e+05       1.012        1.526            0            0        2.538
  694   3.543e+05       1.013        1.527            0            0         2.54
  695   3.657e+05       1.014        1.527            0            0        2.541
  696   3.775e+05       1.015        1.528            0            0        2.543
  697   3.896e+05       1.015        1.529            0            0        2.544
  698   4.021e+05       1.016        1.529            0            0        2.545
  699   4.151e+05       1.017         1.53            0            0        2.547
  700   4.284e+05       1.018        1.531            0            0        2.549
  701   4.422e+05       1.019        1.531            0            0         2.55
  702   4.564e+05       1.019        1.532            0            0        2.552
  703   4.711e+05        1.02        1.533            0            0        2.553
  704   4.863e+05       1.021        1.534            0            0        2.555
  705   5.019e+05       1.022        1.534            0            0        2.556
  706   5.181e+05       1.023        1.535            0            0        2.558
  707   5.347e+05       1.024        1.536            0            0         2.56
  708   5.519e+05       1.025        1.537            0            0        2.561
  709   5.697e+05       1.026        1.537            0            0        2.563
  710    5.88e+05       1.027        1.538            0            0        2.565
  711   6.069e+05       1.028        1.539            0            0        2.567
  712   6.264e+05       1.029         1.54            0            0        2.568
  713   6.466e+05        1.03        1.541            0            0         2.57
  714   6.674e+05        1.03        1.542            0            0        2.572
  715   6.889e+05       1.031        1.542            0            0        2.574
  716    7.11e+05       1.032        1.543            0            0        2.576
  717   7.339e+05       1.033        1.544            0            0        2.578
  718   7.575e+05       1.035        1.545            0            0        2.579
  719   7.819e+05       1.036        1.546            0            0        2.581
  720    8.07e+05       1.037        1.547            0            0        2.583
  721    8.33e+05       1.038        1.548            0            0        2.585
  722   8.598e+05       1.039        1.548            0            0        2.587
  723   8.874e+05        1.04        1.549            0            0        2.589
  724    9.16e+05       1.041         1.55            0            0        2.591
  725   9.454e+05       1.042        1.551            0            0        2.593
  726   9.758e+05       1.043        1.552            0            0        2.595
  727   1.007e+06       1.044        1.553            0            0        2.597
  728    1.04e+06       1.045        1.554            0            0        2.599
  729   1.073e+06       1.046        1.555            0            0        2.601
  730   1.108e+06       1.048        1.556            0            0        2.603
  731   1.143e+06       1.049        1.557            0            0        2.606
  732    1.18e+06        1.05        1.558            0            0        2.608
  733   1.218e+06       1.051        1.559            0            0         2.61
  734   1.257e+06       1.052         1.56            0            0        2.612
  735   1.298e+06       1.053        1.561            0            0        2.614
  736   1.339e+06       1.055        1.562            0            0        2.616
  737   1.382e+06       1.056        1.563            0            0        2.619
  738   1.427e+06       1.057        1.564            0            0        2.621
  739   1.473e+06       1.058        1.565            0            0        2.623
  740    1.52e+06       1.059        1.566            0            0        2.625
  741   1.569e+06       1.061        1.567            0            0        2.628
  742   1.619e+06       1.062        1.568            0            0         2.63
  743   1.672e+06       1.063        1.569            0            0        2.632
  744   1.725e+06       1.064         1.57            0            0        2.635
  745   1.781e+06       1.066        1.571            0            0        2.637
  746   1.838e+06       1.067        1.572            0            0        2.639
  747   1.897e+06       1.068        1.573            0            0        2.642
  748   1.958e+06        1.07        1.575            0            0        2.644
  749   2.021e+06       1.071        1.576            0            0        2.647
  750   2.086e+06       1.072        1.577            0            0        2.649
  751   2.153e+06       1.074        1.578            0            0        2.651
  752   2.223e+06       1.075        1.579            0            0        2.654
  753   2.294e+06       1.076         1.58            0            0        2.656
  754   2.368e+06       1.078        1.581            0            0        2.659
  755   2.444e+06       1.079        1.582            0            0        2.661
  756   2.523e+06        1.08        1.584            0            0        2.664
  757   2.604e+06       1.082        1.585            0            0        2.666
  758   2.688e+06       1.083        1.586            0            0        2.669
  759   2.774e+06       1.084        1.587            0            0        2.671
  760   2.863e+06       1.086        1.588            0            0        2.674
  761   2.955e+06       1.087        1.589            0            0        2.677
  762   3.051e+06       1.089        1.591            0            0        2.679
  763   3.149e+06        1.09        1.592            0            0        2.682
  764    3.25e+06       1.092        1.593            0            0        2.684
  765   3.354e+06       1.093        1.594            0            0        2.687
  766   3.462e+06       1.094        1.595            0            0         2.69
  767   3.574e+06       1.096        1.597            0            0        2.692
  768   3.689e+06       1.097        1.598            0            0        2.695
  769   3.807e+06       1.099        1.599            0            0        2.698
  770    3.93e+06         1.1          1.6            0            0          2.7
  771   4.056e+06       1.102        1.601            0            0        2.703
  772   4.187e+06       1.103        1.603            0            0        2.706
  773   4.321e+06       1.105        1.604            0            0        2.709
  774    4.46e+06       1.106        1.605            0            0        2.711
  775   4.604e+06       1.108        1.606            0            0        2.714
  776   4.752e+06       1.109        1.608            0            0        2.717
  777   4.905e+06       1.111        1.609            0            0         2.72
  778   5.063e+06       1.112         1.61            0            0        2.723
  779   5.225e+06       1.114        1.612            0            0        2.725
  780   5.394e+06       1.115        1.613            0            0        2.728
  781   5.567e+06       1.117        1.614            0            0        2.731
  782   5.746e+06       1.118        1.615            0            0        2.734
  783   5.931e+06        1.12        1.617            0            0        2.737
  784   6.122e+06       1.122        1.618            0            0         2.74
  785   6.319e+06       1.123        1.619            0            0        2.742
  786   6.522e+06       1.125        1.621            0            0        2.745
  787   6.732e+06       1.126        1.622            0            0        2.748
  788   6.948e+06       1.128        1.623            0            0        2.751
  789   7.172e+06        1.13        1.625            0            0        2.754
  790   7.402e+06       1.131        1.626            0            0        2.757
  791   7.641e+06       1.133        1.627            0            0         2.76
  792   7.886e+06       1.134        1.629            0            0        2.763
  793    8.14e+06       1.136         1.63            0            0        2.766
  794   8.402e+06       1.138        1.631            0            0        2.769
  795   8.672e+06       1.139        1.633            0            0        2.772
  796   8.951e+06       1.141        1.634            0            0        2.775
  797   9.239e+06       1.143        1.635            0            0        2.778
  798   9.536e+06       1.144        1.637            0            0        2.781
  799   9.843e+06       1.146        1.638            0            0        2.784
-------------------------------------------------------------
### neutron 5 GeV on G4_Gd xs/X0= 22.6767
G4WT0 > ================== Deleting memory pools ===================
G4WT0 > Number of memory pools allocated: 9; of which, static: 0
G4WT0 > Dynamic pools deleted: 9 / Total memory freed: 0.013 MB
G4WT0 > ============================================================
================== Deleting memory pools ===================
Number of memory pools allocated: 4; of which, static: 0
Dynamic pools deleted: 4 / Total memory freed: 0.0058 MB
============================================================
