
        ############################################
        !!! WARNING - FPE detection is activated !!!
        ############################################

**************************************************************
 Geant4 version Name: geant4-11-02-ref-07 [MT]   (31-August-2024)
  << in Multi-threaded mode >> 
                       Copyright : Geant4 Collaboration
                      References : NIM A 506 (2003), 250-303
                                 : IEEE-TNS 53 (2006), 270-278
                                 : NIM A 835 (2016), 186-225
                             WWW : http://geant4.org/
**************************************************************

##### Hadr00 started for 1 threads #####
G4PhysListFactory::GetReferencePhysList <QBBC>  EMoption= 0
<<< Reference Physics List QBBC 

/run/verbose 1
/tracking/verbose 0
/testhadr/TargetMat G4_Gd
/testhadr/targetElm Gd
/testhadr/TargetRadius 1 cm
/testhadr/TargetLength 10 cm
/run/printProgress 10
/process/em/verbose 0
/process/had/verbose 0
/run/initialize

==========================================================================================
G4TaskRunManager :: Using G4ThreadPool...
==========================================================================================

### Target consist of G4_Gd disks with R(mm)= 10  fLength(mm)= 100  ###

***** Table : Nb of materials = 3 *****

 Material:    G4_Al    density:  2.699 g/cm3   RadL:   8.896 cm   Nucl.Int.Length:  38.894 cm 
                       Imean: 166.000 eV   temperature: 293.15 K  pressure:   1.00 atm

   --->  Element: Al (Al)   Z = 13.0   N =    27   A = 26.982 g/mole
         --->  Isotope:  Al27   Z = 13   N =  27   A =  26.98 g/mole   abundance: 100.000 %
          ElmMassFraction: 100.00 %  ElmAbundance 100.00 % 


 Material: G4_Galactic    density:  0.000 mg/cm3  RadL: 204310098.490 pc   Nucl.Int.Length: 113427284.261 pc 
                       Imean:  21.800 eV   temperature:   2.73 K  pressure:   0.00 atm

   --->  Element: H (H)   Z =  1.0   N =     1   A =  1.008 g/mole
         --->  Isotope:    H1   Z =  1   N =   1   A =   1.01 g/mole   abundance: 99.989 %
         --->  Isotope:    H2   Z =  1   N =   2   A =   2.01 g/mole   abundance:  0.011 %
          ElmMassFraction: 100.00 %  ElmAbundance 100.00 % 


 Material:    G4_Gd    density:  7.900 g/cm3   RadL:   9.472 mm   Nucl.Int.Length:  23.912 cm 
                       Imean: 591.000 eV   temperature: 293.15 K  pressure:   1.00 atm

   --->  Element: Gd (Gd)   Z = 64.0   N =   157   A = 157.252 g/mole
         --->  Isotope: Gd152   Z = 64   N = 152   A = 151.92 g/mole   abundance:  0.200 %
         --->  Isotope: Gd154   Z = 64   N = 154   A = 153.92 g/mole   abundance:  2.180 %
         --->  Isotope: Gd155   Z = 64   N = 155   A = 154.92 g/mole   abundance: 14.800 %
         --->  Isotope: Gd156   Z = 64   N = 156   A = 155.92 g/mole   abundance: 20.470 %
         --->  Isotope: Gd157   Z = 64   N = 157   A = 156.92 g/mole   abundance: 15.650 %
         --->  Isotope: Gd158   Z = 64   N = 158   A = 157.92 g/mole   abundance: 24.840 %
         --->  Isotope: Gd160   Z = 64   N = 160   A = 159.93 g/mole   abundance: 21.860 %
          ElmMassFraction: 100.00 %  ElmAbundance 100.00 % 



/run/physicsModified

=========================================================================
--> G4TaskRunManager::CreateAndStartWorkers() --> Initializing workers...
=========================================================================

G4WT0 > /run/verbose 1
G4WT0 > /tracking/verbose 0
G4WT0 > /testhadr/targetElm Gd
G4WT0 > /run/printProgress 10
G4WT0 > /process/had/verbose 0
G4WT0 > /run/initialize 
G4WT0 > /run/physicsModified 
G4WT0 > /control/verbose 1
G4WT0 > /run/verbose 1
G4WT0 > /tracking/verbose 0
G4WT0 > /testhadr/targetElm Gd
G4WT0 > /run/printProgress 10
G4WT0 > /process/had/verbose 0
G4WT0 > /run/initialize 
G4WT0 > /run/physicsModified 
/gun/particle neutron
/gun/energy 1. MeV
/testhadr/minEnergy 0.1 keV
/testhadr/particle neutron
/testhadr/verbose 1
/process/eLoss/verbose 0
/run/beamOn 1

========= Table of registered couples ============================

Index : 0     used in the geometry : Yes
 Material : G4_Galactic
 Range cuts        :  gamma  700 um     e-  700 um     e+  700 um  proton 700 um 
 Energy thresholds :  gamma  990 eV     e-  990 eV     e+  990 eV  proton 70 keV
 Region(s) which use this couple : 
    DefaultRegionForTheWorld

Index : 1     used in the geometry : Yes
 Material : G4_Gd
 Range cuts        :  gamma  700 um     e-  700 um     e+  700 um  proton 700 um 
 Energy thresholds :  gamma  57.366 keV    e-  786.023 keV    e+  744.241 keV proton 70 keV
 Region(s) which use this couple : 
    DefaultRegionForTheWorld

==================================================================

### Run 0 starts.
### Run 0 start
G4WT0 > /gun/particle neutron
G4WT0 > /gun/energy 1. MeV
G4WT0 > /testhadr/minEnergy 0.1 keV
G4WT0 > /testhadr/particle neutron
G4WT0 > /testhadr/verbose 1

========================================================================================
--> G4TaskRunManager::CreateAndStartWorkers() --> Creating 1 tasks with 1 events/task...
========================================================================================

G4WT0 > ### Run 0 starts on worker thread 0.
G4WT0 > --> Event 0 starts with initial seeds (13049039,61775110).
G4WT0 > EventAction: Event # 0 started
G4WT0 > [thread 0] Thread-local run terminated.
G4WT0 > [thread 0] Run Summary
G4WT0 > [thread 0]   Number of events processed : 1
G4WT0 > [thread 0]   User=0.000000s Real=0.000158s Sys=0.000000s [Cpu=0.0%]
 Run terminated.
Run Summary
  Number of events processed : 1
  User=0.000000s Real=0.000838s Sys=0.000000s [Cpu=0.0%]
RunAction: End of run actions are started
HistoManager: End of run actions are started
### Fill Cross Sections for neutron off Gd
-------------------------------------------------------------
    N     E(MeV)   Elastic(b)   Inelastic(b) Capture(b)   Fission(b)   Total(b)
-------------------------------------------------------------
    0   0.0001122        11.7    8.368e-07        42.36            0        54.06
    1   0.0001413       22.68    1.529e-06        28.52            0         51.2
    2   0.0001778       11.25    2.494e-06        6.552            0        17.81
    3   0.0002239       16.31    2.994e-06        16.89            0         33.2
    4   0.0002818       10.38    1.732e-06        20.76            0        31.14
    5   0.0003548       19.87    1.201e-06         23.3            0        43.17
    6   0.0004467       29.94    1.285e-06        13.79            0        43.73
    7   0.0005623       12.25    1.121e-06        9.571            0        21.82
    8   0.0007079       34.31    7.849e-07        13.46            0        47.78
    9   0.0008913       78.23    6.463e-07        11.86            0        90.09
   10    0.001122       14.33     4.38e-07         5.81            0        20.14
   11    0.001413        10.9    4.152e-07        7.365            0        18.26
   12    0.001778       13.71     4.81e-07        6.296            0        20.01
   13    0.002239       19.61    4.398e-07        4.399            0        24.01
   14    0.002818       25.13    3.768e-07        4.493            0        29.62
   15    0.003548       18.34    3.594e-07        3.437            0        21.77
   16    0.004467       16.79    3.269e-07        2.848            0        19.64
   17    0.005623       20.64    2.981e-07        2.357            0        22.99
   18    0.007079       19.48    2.725e-07         2.14            0        21.62
   19    0.008913       17.89    2.498e-07        1.857            0        19.75
   20     0.01122       16.47    2.302e-07        1.629            0        18.09
   21     0.01413       15.18    2.133e-07        1.437            0        16.62
   22     0.01778       14.03    1.989e-07        1.271            0         15.3
   23     0.02239       12.98     1.87e-07        1.134            0        14.12
   24     0.02818       12.04    1.775e-07        1.018            0        13.06
   25     0.03548        11.2    1.703e-07       0.9111            0        12.12
   26     0.04467       10.44    1.663e-07        0.812            0        11.26
   27     0.05623       9.731      0.01148        0.721            0        10.46
   28     0.07079        8.88      0.09785       0.6067            0        9.584
   29     0.08913       8.056       0.1632       0.5158            0        8.736
   30      0.1122       7.442       0.2654         0.44            0        8.147
   31      0.1413       6.833       0.3516       0.3854            0         7.57
   32      0.1778       6.277       0.4522       0.3416            0        7.071
   33      0.2239       5.832       0.5631       0.3103            0        6.705
   34      0.2818       5.481        0.709       0.2781            0        6.468
   35      0.3548       5.174       0.8972       0.2473            0        6.318
   36      0.4467       5.049        1.076       0.2258            0        6.351
   37      0.5623       4.998        1.286        0.204            0        6.487
   38      0.7079       4.975        1.496       0.1894            0        6.661
   39      0.8913       5.053        1.659       0.1758            0        6.888
   40       1.122       5.137        1.749        0.168            0        7.054
   41       1.413       5.077        1.923       0.1434            0        7.144
   42       1.778       4.912        2.083       0.1192            0        7.115
   43       2.239       4.661        2.115      0.09601            0        6.872
   44       2.818       4.301        2.132      0.07697            0         6.51
   45       3.548       3.763        2.141      0.05221            0        5.956
   46       4.467       3.195        2.137      0.03099            0        5.362
   47       5.623       2.775        2.135      0.01231            0        4.923
   48       7.079       2.565        2.109     0.003574            0        4.678
   49       8.913       2.588        2.036     0.001675            0        4.625
-------------------------------------------------------------
### neutron 5 GeV on G4_Gd xs/X0= 22.6767
G4WT0 > ================== Deleting memory pools ===================
G4WT0 > Number of memory pools allocated: 10; of which, static: 0
G4WT0 > Dynamic pools deleted: 10 / Total memory freed: 0.021 MB
G4WT0 > ============================================================
================== Deleting memory pools ===================
Number of memory pools allocated: 4; of which, static: 0
Dynamic pools deleted: 4 / Total memory freed: 0.0058 MB
============================================================
