
        ############################################
        !!! WARNING - FPE detection is activated !!!
        ############################################

**************************************************************
 Geant4 version Name: geant4-11-02-ref-07 [MT]   (31-August-2024)
  << in Multi-threaded mode >> 
                       Copyright : Geant4 Collaboration
                      References : NIM A 506 (2003), 250-303
                                 : IEEE-TNS 53 (2006), 270-278
                                 : NIM A 835 (2016), 186-225
                             WWW : http://geant4.org/
**************************************************************

##### Hadr00 started for 1 threads #####
G4PhysListFactory::GetReferencePhysList <QBBC>  EMoption= 0
<<< Reference Physics List QBBC 

/run/verbose 1
/tracking/verbose 0
/testhadr/TargetMat G4_Gd
/testhadr/targetElm Gd
/testhadr/TargetRadius 1 cm
/testhadr/TargetLength 10 cm
/run/printProgress 10
/process/em/verbose 0
/process/had/verbose 0
/run/initialize

==========================================================================================
G4TaskRunManager :: Using G4ThreadPool...
==========================================================================================

### Target consist of G4_Gd disks with R(mm)= 10  fLength(mm)= 100  ###

***** Table : Nb of materials = 3 *****

 Material:    G4_Al    density:  2.699 g/cm3   RadL:   8.896 cm   Nucl.Int.Length:  38.894 cm 
                       Imean: 166.000 eV   temperature: 293.15 K  pressure:   1.00 atm

   --->  Element: Al (Al)   Z = 13.0   N =    27   A = 26.982 g/mole
         --->  Isotope:  Al27   Z = 13   N =  27   A =  26.98 g/mole   abundance: 100.000 %
          ElmMassFraction: 100.00 %  ElmAbundance 100.00 % 


 Material: G4_Galactic    density:  0.000 mg/cm3  RadL: 204310098.490 pc   Nucl.Int.Length: 113427284.261 pc 
                       Imean:  21.800 eV   temperature:   2.73 K  pressure:   0.00 atm

   --->  Element: H (H)   Z =  1.0   N =     1   A =  1.008 g/mole
         --->  Isotope:    H1   Z =  1   N =   1   A =   1.01 g/mole   abundance: 99.989 %
         --->  Isotope:    H2   Z =  1   N =   2   A =   2.01 g/mole   abundance:  0.011 %
          ElmMassFraction: 100.00 %  ElmAbundance 100.00 % 


 Material:    G4_Gd    density:  7.900 g/cm3   RadL:   9.472 mm   Nucl.Int.Length:  23.912 cm 
                       Imean: 591.000 eV   temperature: 293.15 K  pressure:   1.00 atm

   --->  Element: Gd (Gd)   Z = 64.0   N =   157   A = 157.252 g/mole
         --->  Isotope: Gd152   Z = 64   N = 152   A = 151.92 g/mole   abundance:  0.200 %
         --->  Isotope: Gd154   Z = 64   N = 154   A = 153.92 g/mole   abundance:  2.180 %
         --->  Isotope: Gd155   Z = 64   N = 155   A = 154.92 g/mole   abundance: 14.800 %
         --->  Isotope: Gd156   Z = 64   N = 156   A = 155.92 g/mole   abundance: 20.470 %
         --->  Isotope: Gd157   Z = 64   N = 157   A = 156.92 g/mole   abundance: 15.650 %
         --->  Isotope: Gd158   Z = 64   N = 158   A = 157.92 g/mole   abundance: 24.840 %
         --->  Isotope: Gd160   Z = 64   N = 160   A = 159.93 g/mole   abundance: 21.860 %
          ElmMassFraction: 100.00 %  ElmAbundance 100.00 % 



/run/physicsModified

=========================================================================
--> G4TaskRunManager::CreateAndStartWorkers() --> Initializing workers...
=========================================================================

G4WT0 > /run/verbose 1
G4WT0 > /tracking/verbose 0
G4WT0 > /testhadr/targetElm Gd
G4WT0 > /run/printProgress 10
G4WT0 > /process/had/verbose 0
G4WT0 > /run/initialize 
G4WT0 > /run/physicsModified 
G4WT0 > /control/verbose 1
G4WT0 > /run/verbose 1
G4WT0 > /tracking/verbose 0
G4WT0 > /testhadr/targetElm Gd
G4WT0 > /run/printProgress 10
G4WT0 > /process/had/verbose 0
G4WT0 > /run/initialize 
G4WT0 > /run/physicsModified 
/gun/particle neutron
/gun/energy 1. MeV
/testhadr/minEnergy 0.1 keV
/testhadr/particle neutron
/testhadr/verbose 1
/process/eLoss/verbose 0
/run/beamOn 1

========= Table of registered couples ============================

Index : 0     used in the geometry : Yes
 Material : G4_Galactic
 Range cuts        :  gamma  700 um     e-  700 um     e+  700 um  proton 700 um 
 Energy thresholds :  gamma  990 eV     e-  990 eV     e+  990 eV  proton 70 keV
 Region(s) which use this couple : 
    DefaultRegionForTheWorld

Index : 1     used in the geometry : Yes
 Material : G4_Gd
 Range cuts        :  gamma  700 um     e-  700 um     e+  700 um  proton 700 um 
 Energy thresholds :  gamma  57.366 keV    e-  786.023 keV    e+  744.241 keV proton 70 keV
 Region(s) which use this couple : 
    DefaultRegionForTheWorld

==================================================================

### Run 0 starts.
### Run 0 start
G4WT0 > /gun/particle neutron
G4WT0 > /gun/energy 1. MeV
G4WT0 > /testhadr/minEnergy 0.1 keV
G4WT0 > /testhadr/particle neutron
G4WT0 > /testhadr/verbose 1

========================================================================================
--> G4TaskRunManager::CreateAndStartWorkers() --> Creating 1 tasks with 1 events/task...
========================================================================================

G4WT0 > ### Run 0 starts on worker thread 0.
G4WT0 > --> Event 0 starts with initial seeds (13049039,61775110).
G4WT0 > EventAction: Event # 0 started
G4WT0 > [thread 0] Thread-local run terminated.
G4WT0 > [thread 0] Run Summary
G4WT0 > [thread 0]   Number of events processed : 1
G4WT0 > [thread 0]   User=0.000000s Real=0.000165s Sys=0.000000s [Cpu=0.0%]
 Run terminated.
Run Summary
  Number of events processed : 1
  User=0.000000s Real=0.000896s Sys=0.000000s [Cpu=0.0%]
RunAction: End of run actions are started
HistoManager: End of run actions are started
### Fill Cross Sections for neutron off Gd
-------------------------------------------------------------
    N     E(MeV)   Elastic(b)   Inelastic(b) Capture(b)   Fission(b)   Total(b)
-------------------------------------------------------------
    0   0.0001016       15.65     2.14e-07        17.47            0        33.13
    1   0.0001049       16.34    4.051e-07        41.38            0        57.71
    2   0.0001082       14.21    6.034e-07        49.04            0        63.25
    3   0.0001117       12.01    8.083e-07        43.36            0        55.37
    4   0.0001153       10.01     1.02e-06        35.92            0        45.93
    5    0.000119       9.937    1.238e-06        41.88            0        51.82
    6   0.0001228       9.861     1.46e-06        32.94            0         42.8
    7   0.0001268       9.783    1.599e-06        20.45            0        30.24
    8   0.0001309       12.61    1.606e-06        23.03            0        35.64
    9   0.0001351       16.69    1.574e-06        14.84            0        31.54
   10   0.0001394       20.91    1.542e-06        21.92            0        42.83
   11   0.0001439       22.43    1.509e-06        45.43            0        67.87
   12   0.0001486       17.63    1.475e-06         85.7            0        103.3
   13   0.0001533       12.66     1.44e-06        28.48            0        41.15
   14   0.0001583       7.541    1.504e-06        12.04            0        19.58
   15   0.0001634       7.054    1.677e-06        16.27            0        23.32
   16   0.0001686       7.061    1.973e-06        16.78            0        23.84
   17    0.000174       7.067     2.28e-06        6.241            0        13.31
   18   0.0001796       18.62    2.596e-06        9.948            0        28.57
   19   0.0001854       42.28    2.922e-06        17.12            0         59.4
   20   0.0001914        66.7    3.259e-06        18.41            0         85.1
   21   0.0001975       87.53    3.523e-06        61.59            0        149.1
   22   0.0002039       66.73    3.588e-06        52.79            0        119.5
   23   0.0002104       45.25    3.395e-06        27.64            0        72.89
   24   0.0002172       23.09    3.193e-06        15.83            0        38.92
   25   0.0002242       16.33    2.985e-06        16.94            0        33.26
   26   0.0002314       16.72     2.77e-06        16.53            0        33.25
   27   0.0002388       17.13    2.548e-06        16.43            0        33.56
   28   0.0002465        16.9     2.32e-06        17.73            0        34.63
   29   0.0002545          15    2.147e-06        16.45            0        31.46
   30   0.0002626       13.05    2.012e-06        15.71            0        28.76
   31   0.0002711       11.03    1.889e-06         17.6            0        28.63
   32   0.0002798       10.46    1.761e-06         22.3            0        32.76
   33   0.0002888       10.09    1.629e-06        15.44            0        25.54
   34   0.0002981       9.708    1.493e-06        13.38            0        23.09
   35   0.0003077       11.64    1.353e-06        13.06            0         24.7
   36   0.0003176       16.26    1.266e-06         12.9            0        29.16
   37   0.0003278       21.03     1.22e-06        13.25            0        34.28
   38   0.0003384       25.36    1.213e-06        34.33            0        59.69
   39   0.0003492       21.73    1.205e-06        37.68            0        59.41
   40   0.0003605       17.99    1.197e-06        11.89            0        29.88
   41   0.0003721       14.12    1.189e-06        11.58            0         25.7
   42    0.000384        16.1    1.181e-06         11.4            0         27.5
   43   0.0003964       21.23    1.179e-06        18.22            0        39.45
   44   0.0004091       26.53    1.197e-06        29.77            0         56.3
   45   0.0004223       30.49    1.228e-06        14.23            0        44.72
   46   0.0004359       30.18     1.26e-06        13.18            0        43.36
   47   0.0004499       29.86    1.293e-06        13.03            0         42.9
   48   0.0004644       29.54    1.327e-06        12.58            0        42.12
   49   0.0004793       26.44    1.362e-06        29.66            0        56.11
   50   0.0004947       22.76    1.397e-06        27.07            0        49.83
   51   0.0005107       18.97    1.358e-06        18.26            0        37.22
   52   0.0005271       16.02     1.29e-06        9.297            0        25.32
   53    0.000544       14.21    1.209e-06        9.356            0        23.57
   54   0.0005615       12.34    1.125e-06        9.561            0         21.9
   55   0.0005796       10.46    1.039e-06        10.99            0        21.45
   56   0.0005982         9.9    9.494e-07        12.56            0        22.46
   57   0.0006175       9.318    8.574e-07        9.286            0         18.6
   58   0.0006373       8.717    8.093e-07        8.526            0        17.24
   59   0.0006578       13.85    7.901e-07        8.178            0        22.03
   60    0.000679        22.5    7.879e-07         8.74            0        31.24
   61   0.0007008       31.41    7.856e-07        13.19            0         44.6
   62   0.0007234        36.9    7.833e-07        12.34            0        49.24
   63   0.0007467       30.02    7.809e-07        9.803            0        39.82
   64   0.0007707       22.92    7.774e-07        7.618            0        30.54
   65   0.0007955       15.59    7.695e-07        9.573            0        25.16
   66   0.0008211       29.22      7.4e-07        9.096            0        38.31
   67   0.0008475       47.83    7.048e-07        8.105            0        55.93
   68   0.0008747       67.03    6.684e-07        8.519            0        75.55
   69   0.0009029       70.55    6.308e-07        14.21            0        84.76
   70   0.0009319       51.36    5.919e-07        9.032            0        60.39
   71   0.0009619       31.55    5.519e-07        7.055            0         38.6
   72   0.0009928       11.41     5.11e-07        7.879            0        19.29
   73    0.001025       10.66    4.898e-07        7.236            0         17.9
   74    0.001058        9.89    4.711e-07        7.868            0        17.76
   75    0.001092       9.091    4.536e-07        7.054            0        16.15
   76    0.001127       15.95    4.355e-07        5.972            0        21.92
   77    0.001163       28.01    4.169e-07        7.177            0        35.19
   78    0.001201       40.47    3.976e-07        8.115            0        48.58
   79    0.001239       48.31    3.809e-07        7.669            0        55.98
   80    0.001279       36.63    3.765e-07         6.48            0        43.11
   81     0.00132       24.58    3.865e-07        5.667            0        30.25
   82    0.001363       12.14    3.997e-07         5.93            0        18.07
   83    0.001406       10.71    4.133e-07        7.129            0        17.84
   84    0.001452       12.14    4.273e-07        7.963            0         20.1
   85    0.001498       13.62    4.418e-07        6.671            0        20.29
   86    0.001547       14.18     4.56e-07        5.789            0        19.97
   87    0.001596       13.25    4.691e-07        5.254            0        18.51
   88    0.001648        12.3    4.726e-07        4.979            0        17.28
   89    0.001701       11.32     4.76e-07        4.863            0        16.18
   90    0.001755          13    4.795e-07        5.997            0           19
   91    0.001812       14.77    4.831e-07        5.588            0        20.35
   92     0.00187       16.59    4.869e-07        4.959            0        21.55
   93     0.00193       16.42    4.907e-07         5.49            0        21.91
   94    0.001992       14.76    4.914e-07        5.098            0        19.86
   95    0.002056       13.05    4.805e-07        4.565            0        17.62
   96    0.002123       12.35    4.661e-07        4.152            0         16.5
   97    0.002191       16.62    4.506e-07        4.103            0        20.73
   98    0.002261       21.03    4.347e-07        4.539            0        25.57
   99    0.002334       25.59    4.182e-07        4.721            0        30.31
  100    0.002409       25.53    4.013e-07        4.511            0        30.04
  101    0.002487       24.04    3.871e-07        3.868            0        27.91
  102    0.002567       22.52    3.778e-07        4.247            0        26.76
  103    0.002649       22.08    3.775e-07        3.894            0        25.97
  104    0.002734       23.62    3.771e-07        3.789            0         27.4
  105    0.002822        25.2    3.768e-07        4.477            0        29.68
  106    0.002913       26.84    3.764e-07        4.115            0        30.96
  107    0.003007       24.58     3.76e-07        3.834            0        28.42
  108    0.003104       22.09    3.753e-07        3.697            0        25.79
  109    0.003204       19.52    3.736e-07          3.7            0        23.22
  110    0.003307       18.35    3.694e-07        3.373            0        21.72
  111    0.003413       18.35     3.65e-07        3.413            0        21.76
  112    0.003523       18.34    3.604e-07        3.461            0         21.8
  113    0.003636       18.55    3.557e-07        3.357            0         21.9
  114    0.003753       19.97    3.508e-07        3.296            0        23.27
  115    0.003874       21.44    3.458e-07        3.336            0        24.77
  116    0.003998       22.95    3.411e-07        3.196            0        26.15
  117    0.004127        21.9     3.37e-07        2.844            0        24.74
  118     0.00426       19.91    3.331e-07        2.953            0        22.86
  119    0.004397       17.85     3.29e-07        2.898            0        20.75
  120    0.004538       16.49    3.248e-07        2.824            0        19.32
  121    0.004684       16.61    3.205e-07        2.769            0        19.38
  122    0.004835       16.72     3.16e-07        2.653            0        19.38
  123     0.00499       16.84    3.118e-07        2.556            0         19.4
  124    0.005151       17.86    3.079e-07        2.515            0        20.37
  125    0.005316       18.97    3.044e-07        2.506            0        21.47
  126    0.005488       20.11    3.009e-07        2.359            0        22.47
  127    0.005664       20.61    2.972e-07        2.367            0        22.98
  128    0.005846       20.52    2.934e-07        2.375            0        22.89
  129    0.006034       20.42    2.895e-07        2.348            0        22.76
  130    0.006228        20.3    2.856e-07        2.322            0        22.62
  131    0.006429       20.11     2.82e-07        2.278            0        22.39
  132    0.006636       19.91     2.79e-07        2.231            0        22.14
  133    0.006849       19.71    2.759e-07        2.186            0        21.89
  134    0.007069       19.49    2.726e-07        2.142            0        21.63
  135    0.007297       19.27    2.693e-07        2.099            0        21.36
  136    0.007531       19.03    2.658e-07        2.057            0        21.09
  137    0.007774        18.8    2.623e-07        2.016            0        20.82
  138    0.008024       18.59    2.591e-07        1.976            0        20.57
  139    0.008282       18.38    2.563e-07        1.939            0        20.32
  140    0.008548       18.15    2.536e-07        1.903            0        20.06
  141    0.008823       17.95    2.508e-07        1.868            0        19.82
  142    0.009107       17.75    2.478e-07        1.833            0        19.58
  143      0.0094       17.54    2.448e-07          1.8            0        19.34
  144    0.009702       17.34    2.417e-07        1.767            0        19.11
  145     0.01001       17.15    2.389e-07        1.735            0        18.88
  146     0.01034       16.95    2.363e-07        1.704            0        18.66
  147     0.01067       16.75     2.34e-07        1.675            0        18.43
  148     0.01101       16.57    2.316e-07        1.646            0        18.22
  149     0.01137       16.39    2.292e-07        1.617            0        18.01
  150     0.01173        16.2    2.266e-07        1.589            0        17.79
  151     0.01211       16.02     2.24e-07        1.562            0        17.59
  152      0.0125       15.85    2.214e-07        1.535            0        17.39
  153      0.0129       15.67    2.192e-07        1.509            0        17.18
  154     0.01332       15.49    2.172e-07        1.483            0        16.98
  155     0.01374       15.33    2.151e-07        1.459            0        16.79
  156     0.01419       15.16     2.13e-07        1.434            0        16.59
  157     0.01464       14.98    2.108e-07         1.41            0        16.39
  158     0.01511       14.83    2.085e-07        1.386            0        16.21
  159      0.0156       14.67    2.062e-07        1.363            0        16.03
  160      0.0161        14.5    2.043e-07         1.34            0        15.84
  161     0.01662       14.35    2.026e-07        1.317            0        15.67
  162     0.01715        14.2    2.009e-07        1.295            0         15.5
  163     0.01771       14.05    1.992e-07        1.274            0        15.32
  164     0.01828       13.89    1.974e-07        1.253            0        15.14
  165     0.01886       13.75    1.955e-07        1.232            0        14.98
  166     0.01947       13.61    1.936e-07        1.211            0        14.82
  167      0.0201       13.46    1.919e-07        1.192            0        14.65
  168     0.02074       13.32    1.904e-07        1.174            0        14.49
  169     0.02141       13.18     1.89e-07        1.157            0        14.34
  170      0.0221       13.04    1.876e-07         1.14            0        14.18
  171     0.02281        12.9    1.861e-07        1.124            0        14.03
  172     0.02354       12.77    1.845e-07        1.108            0        13.88
  173      0.0243       12.64     1.83e-07        1.092            0        13.73
  174     0.02508        12.5    1.814e-07        1.075            0        13.58
  175     0.02589       12.38    1.803e-07         1.06            0        13.44
  176     0.02672       12.26    1.793e-07        1.044            0         13.3
  177     0.02758       12.13    1.782e-07        1.029            0        13.16
  178     0.02847       12.01    1.771e-07        1.014            0        13.02
  179     0.02938       11.89     1.76e-07       0.9987            0        12.89
  180     0.03033       11.77    1.748e-07       0.9839            0        12.75
  181     0.03131       11.65    1.736e-07       0.9689            0        12.61
  182     0.03231       11.54    1.727e-07       0.9538            0        12.49
  183     0.03335       11.43    1.719e-07       0.9393            0        12.36
  184     0.03443       11.31    1.711e-07       0.9248            0        12.23
  185     0.03553        11.2    1.702e-07       0.9105            0        12.11
  186     0.03668       11.09    1.694e-07       0.8965            0        11.99
  187     0.03786       10.98    1.685e-07       0.8826            0        11.86
  188     0.03907       10.87    1.676e-07       0.8691            0        11.74
  189     0.04033       10.77     1.67e-07       0.8555            0        11.63
  190     0.04163       10.67    1.667e-07       0.8418            0        11.51
  191     0.04297       10.56    1.665e-07       0.8283            0        11.39
  192     0.04435       10.47    1.664e-07        0.815            0        11.28
  193     0.04577       10.37    1.662e-07        0.802            0        11.17
  194     0.04725       10.27     1.66e-07       0.7892            0        11.06
  195     0.04877       10.17    1.659e-07       0.7762            0        10.95
  196     0.05034       10.08    1.659e-07       0.7643            0        10.85
  197     0.05195       9.988    1.672e-07       0.7527            0        10.74
  198     0.05363       9.891    0.0004442       0.7409            0        10.63
  199     0.05535       9.785     0.005121        0.728            0        10.52
  200     0.05713       9.676      0.01795       0.7136            0        10.41
  201     0.05897       9.564      0.03236       0.6983            0        10.29
  202     0.06087       9.447      0.04836       0.6821            0        10.18
  203     0.06282       9.327      0.06499       0.6637            0        10.06
  204     0.06484       9.203      0.08035       0.6472            0        9.931
  205     0.06693       9.079       0.0872       0.6318            0        9.798
  206     0.06908       8.968      0.09314       0.6173            0        9.678
  207     0.07131       8.853      0.09925       0.6035            0        9.556
  208      0.0736       8.735       0.1055       0.5899            0         9.43
  209     0.07597       8.621       0.1132       0.5767            0        9.311
  210     0.07841       8.507        0.122       0.5637            0        9.192
  211     0.08093       8.388       0.1319       0.5514            0        9.071
  212     0.08354       8.274       0.1409       0.5406            0        8.956
  213     0.08622        8.17       0.1506       0.5291            0        8.849
  214       0.089       8.061       0.1625       0.5164            0         8.74
  215     0.09186        7.95       0.1782       0.5032            0        8.631
  216     0.09481       7.875       0.1969       0.4926            0        8.565
  217     0.09786       7.799       0.2151       0.4812            0        8.495
  218       0.101       7.719       0.2305       0.4697            0         8.42
  219      0.1043       7.638       0.2391       0.4609            0        8.338
  220      0.1076       7.555        0.251       0.4511            0        8.258
  221      0.1111        7.47       0.2621       0.4424            0        8.174
  222      0.1147       7.383       0.2724       0.4347            0         8.09
  223      0.1183       7.301       0.2833       0.4268            0        8.011
  224      0.1221       7.216       0.2948       0.4187            0         7.93
  225      0.1261       7.129       0.3065       0.4113            0        7.846
  226      0.1301       7.048       0.3181       0.4043            0         7.77
  227      0.1343       6.967       0.3305       0.3971            0        7.694
  228      0.1386       6.883       0.3436       0.3898            0        7.617
  229      0.1431       6.802       0.3572       0.3824            0        7.542
  230      0.1477       6.727       0.3712       0.3751            0        7.473
  231      0.1524       6.649       0.3848       0.3682            0        7.402
  232      0.1574       6.569       0.3983       0.3627            0         7.33
  233      0.1624       6.495       0.4118       0.3571            0        7.264
  234      0.1676        6.42       0.4256       0.3515            0        7.197
  235       0.173       6.342       0.4397       0.3461            0        7.128
  236      0.1786       6.267       0.4542       0.3409            0        7.062
  237      0.1843       6.194       0.4691       0.3357            0        6.999
  238      0.1903        6.12       0.4846       0.3306            0        6.935
  239      0.1964       6.047       0.5004       0.3256            0        6.873
  240      0.2027       5.995       0.5158       0.3215            0        6.832
  241      0.2092       5.942       0.5306       0.3177            0         6.79
  242       0.216       5.887       0.5456       0.3142            0        6.747
  243      0.2229       5.838       0.5609       0.3108            0         6.71
  244      0.2301       5.791       0.5771       0.3072            0        6.675
  245      0.2375       5.742       0.5946       0.3028            0        6.639
  246      0.2451       5.693       0.6149       0.2979            0        6.606
  247       0.253       5.646       0.6349       0.2929            0        6.574
  248      0.2611       5.598        0.655       0.2893            0        6.542
  249      0.2695       5.548        0.676       0.2849            0        6.509
  250      0.2782         5.5       0.6993       0.2801            0         6.48
  251      0.2872       5.452        0.724       0.2751            0        6.451
  252      0.2964       5.401       0.7498       0.2694            0         6.42
  253      0.3059       5.356       0.7756       0.2651            0        6.397
  254      0.3158       5.316       0.8002       0.2613            0        6.378
  255      0.3259       5.275       0.8257       0.2575            0        6.358
  256      0.3364       5.234       0.8524       0.2535            0        6.339
  257      0.3472       5.198       0.8787       0.2498            0        6.327
  258      0.3584       5.162       0.9059       0.2462            0        6.314
  259      0.3699       5.124       0.9323       0.2428            0        6.299
  260      0.3818       5.105       0.9569       0.2399            0        6.302
  261      0.3941       5.092       0.9801       0.2371            0        6.309
  262      0.4068       5.079        1.003       0.2344            0        6.317
  263      0.4199       5.067        1.026       0.2317            0        6.325
  264      0.4334       5.058         1.05       0.2289            0        6.337
  265      0.4473       5.049        1.077       0.2256            0        6.352
  266      0.4617       5.039        1.106       0.2222            0        6.368
  267      0.4766       5.031        1.136       0.2187            0        6.386
  268      0.4919       5.023        1.167       0.2149            0        6.404
  269      0.5077       5.015        1.194        0.212            0        6.421
  270      0.5241       5.008        1.223       0.2092            0         6.44
  271      0.5409       5.003        1.252       0.2064            0        6.461
  272      0.5583       4.999        1.279       0.2045            0        6.482
  273      0.5763       4.994        1.308       0.2023            0        6.504
  274      0.5948        4.99        1.337       0.2002            0        6.527
  275      0.6139       4.986        1.365       0.1981            0        6.549
  276      0.6337       4.982        1.395        0.196            0        6.572
  277      0.6541       4.979        1.423       0.1942            0        6.597
  278      0.6751       4.977        1.452       0.1926            0        6.622
  279      0.6968       4.976        1.483       0.1907            0        6.649
  280      0.7192       4.977         1.51       0.1881            0        6.675
  281      0.7424       4.986        1.536       0.1863            0        6.708
  282      0.7663       4.995        1.559       0.1843            0        6.738
  283      0.7909       5.004        1.583       0.1821            0        6.769
  284      0.8163       5.016        1.605       0.1801            0        6.801
  285      0.8426       5.029        1.626       0.1781            0        6.833
  286      0.8697       5.043        1.646       0.1766            0        6.865
  287      0.8977       5.056        1.663       0.1756            0        6.895
  288      0.9266        5.07        1.679       0.1747            0        6.924
  289      0.9564       5.084        1.695        0.174            0        6.953
  290      0.9871       5.099        1.711       0.1732            0        6.983
  291       1.019        5.11        1.726       0.1723            0        7.008
  292       1.052       5.121        1.735       0.1712            0        7.027
  293       1.085       5.133        1.741       0.1698            0        7.043
  294        1.12       5.137        1.748       0.1681            0        7.053
  295       1.156       5.137        1.768       0.1658            0        7.071
  296       1.194       5.137         1.79       0.1623            0         7.09
  297       1.232       5.134        1.814       0.1591            0        7.107
  298       1.272       5.122        1.838       0.1552            0        7.116
  299       1.313        5.11        1.866       0.1511            0        7.127
  300       1.355       5.098        1.891       0.1477            0        7.137
  301       1.398       5.083        1.915       0.1445            0        7.142
  302       1.443       5.066         1.94        0.141            0        7.147
  303        1.49        5.05        1.966       0.1373            0        7.153
  304       1.538       5.029        1.999       0.1337            0        7.161
  305       1.587       5.002         2.04       0.1303            0        7.172
  306       1.638       4.974        2.058       0.1271            0        7.159
  307       1.691       4.946         2.07        0.124            0        7.139
  308       1.745       4.925        2.078        0.121            0        7.124
  309       1.801       4.903        2.087       0.1179            0        7.108
  310       1.859       4.881        2.093       0.1149            0        7.089
  311       1.919       4.853        2.099       0.1118            0        7.064
  312       1.981        4.82        2.105       0.1089            0        7.034
  313       2.045       4.786        2.109       0.1055            0        7.001
  314        2.11       4.749        2.111       0.1021            0        6.962
  315       2.178       4.702        2.113      0.09878            0        6.914
  316       2.248       4.654        2.116      0.09557            0        6.865
  317       2.321       4.604        2.118      0.09257            0        6.814
  318       2.395       4.557         2.12      0.08966            0        6.766
  319       2.472       4.508        2.122      0.08687            0        6.718
  320       2.552       4.459        2.125      0.08424            0        6.668
  321       2.634       4.409        2.127      0.08184            0        6.618
  322       2.719       4.359         2.13      0.07952            0        6.568
  323       2.806       4.308        2.132      0.07727            0        6.517
  324       2.897       4.255        2.134      0.07507            0        6.464
  325        2.99       4.185        2.137      0.07261            0        6.394
  326       3.086       4.113        2.138      0.06884            0        6.319
  327       3.185       4.038        2.139      0.06462            0        6.241
  328       3.288       3.961         2.14      0.06064            0        6.161
  329       3.393        3.88        2.141      0.05702            0        6.078
  330       3.502       3.798        2.141      0.05359            0        5.992
  331       3.615       3.715        2.141      0.05033            0        5.906
  332       3.731       3.638         2.14      0.04722            0        5.825
  333       3.851       3.559        2.139       0.0444            0        5.742
  334       3.975       3.477        2.139      0.04156            0        5.657
  335       4.103       3.402        2.138      0.03859            0        5.578
  336       4.235       3.326        2.138      0.03548            0        5.499
  337       4.371       3.248        2.137      0.03273            0        5.418
  338       4.512       3.173        2.137      0.03021            0         5.34
  339       4.657       3.103        2.137      0.02788            0        5.268
  340       4.807       3.031        2.137       0.0257            0        5.194
  341       4.962       2.956        2.138      0.02364            0        5.118
  342       5.121       2.911        2.137      0.02046            0        5.069
  343       5.286       2.864        2.137      0.01723            0        5.018
  344       5.456       2.816        2.136      0.01443            0        4.966
  345       5.632       2.773        2.135       0.0122            0        4.921
  346       5.813       2.734        2.135      0.01037            0        4.879
  347           6       2.694        2.133     0.008753            0        4.836
  348       6.193       2.656         2.13     0.007315            0        4.793
  349       6.392        2.63        2.125     0.006125            0        4.762
  350       6.597       2.604        2.121     0.005157            0         4.73
  351        6.81       2.577        2.117      0.00434            0        4.698
  352       7.029       2.567         2.11     0.003673            0        4.681
  353       7.255       2.561        2.102     0.003232            0        4.666
  354       7.488       2.555        2.093     0.002873            0        4.651
  355       7.729       2.553        2.083     0.002563            0        4.639
  356       7.978       2.558        2.073     0.002298            0        4.633
  357       8.234       2.563        2.062     0.002086            0        4.627
  358       8.499       2.568        2.051     0.001908            0        4.621
  359       8.773       2.581        2.041     0.001749            0        4.624
  360       9.055       2.595        2.031     0.001607            0        4.627
  361       9.346       2.609        2.022     0.001491            0        4.632
  362       9.647       2.632        2.012     0.001393            0        4.646
  363       9.957       2.661        2.004     0.001326            0        4.667
  364       10.28       2.692        1.997     0.001294            0        4.691
  365       10.61       2.725        1.992     0.001301            0        4.718
  366       10.95       2.769        1.987     0.001312            0        4.757
  367        11.3       2.814        1.982     0.001326            0        4.797
  368       11.66       2.861        1.977     0.001343            0        4.839
  369       12.04       2.915        1.973     0.001366            0        4.889
  370       12.43       2.974        1.967     0.001418            0        4.942
  371       12.83       3.034        1.961     0.001477            0        4.996
  372       13.24       3.093        1.953     0.001539            0        5.048
  373       13.67       3.149        1.943     0.001597            0        5.093
  374       14.11       3.206         1.93     0.001636            0        5.137
  375       14.56       3.265        1.917     0.001674            0        5.183
  376       15.03       3.312        1.904     0.001716            0        5.218
  377       15.51       3.361        1.891     0.001764            0        5.254
  378       16.01        3.41        1.879     0.001816            0        5.291
  379       16.52       3.454        1.866     0.001871            0        5.322
  380       17.06       3.493        1.854     0.001928            0        5.349
  381        17.6       3.533        1.841     0.001987            0        5.377
  382       18.17       3.554        1.847     0.002048            0        5.403
  383       18.76       3.437        1.864     0.002112            0        5.303
  384       19.36       3.316        1.888     0.002178            0        5.206
  385       19.98       3.191        1.914     0.002247            0        5.107
  386       20.62       3.062         1.94            0            0        5.002
  387       21.29       2.929        1.967            0            0        4.896
  388       21.97       2.792        1.995            0            0        4.787
  389       22.68       2.663        2.023            0            0        4.687
  390       23.41       2.556        2.053            0            0        4.609
  391       24.16       2.446        2.072            0            0        4.518
  392       24.94       2.332        2.061            0            0        4.393
  393       25.74       2.275        2.051            0            0        4.325
  394       26.57       2.221         2.04            0            0        4.261
  395       27.42       2.165        2.029            0            0        4.194
  396       28.31       2.117        2.016            0            0        4.133
  397       29.22       2.077        2.003            0            0        4.081
  398       30.16       2.036        1.989            0            0        4.026
  399       31.13       1.995        1.975            0            0         3.97
  400       32.13       1.967         1.96            0            0        3.927
  401       33.16       1.937        1.944            0            0        3.881
  402       34.23       1.906        1.927            0            0        3.833
  403       35.33       1.901        1.909            0            0         3.81
  404       36.46       1.907        1.894            0            0        3.801
  405       37.64       1.913        1.877            0            0         3.79
  406       38.85       1.923        1.861            0            0        3.784
  407        40.1       1.943        1.844            0            0        3.787
  408       41.39       1.964        1.826            0            0         3.79
  409       42.72       1.986        1.807            0            0        3.793
  410       44.09       2.015        1.789            0            0        3.803
  411       45.51       2.045        1.772            0            0        3.816
  412       46.98       2.076        1.757            0            0        3.834
  413       48.49       2.111        1.744            0            0        3.854
  414       50.05       2.149        1.729            0            0        3.878
  415       51.66       2.188        1.713            0            0        3.901
  416       53.32       2.228        1.697            0            0        3.925
  417       55.03       2.268        1.682            0            0         3.95
  418        56.8       2.309        1.668            0            0        3.977
  419       58.63       2.352        1.655            0            0        4.007
  420       60.52       2.388        1.641            0            0         4.03
  421       62.46       2.423        1.627            0            0         4.05
  422       64.47       2.458        1.613            0            0        4.071
  423       66.55       2.491        1.603            0            0        4.094
  424       68.69       2.514        1.594            0            0        4.108
  425        70.9       2.539        1.586            0            0        4.124
  426       73.18       2.564        1.579            0            0        4.143
  427       75.53       2.563        1.571            0            0        4.134
  428       77.96       2.557        1.564            0            0        4.121
  429       80.47       2.552        1.557            0            0        4.109
  430       83.06       2.533        1.555            0            0        4.088
  431       85.73       2.498        1.553            0            0        4.051
  432       88.49       2.462         1.55            0            0        4.012
  433       91.33       2.424        1.545            0            0         3.97
  434       94.27       2.377        1.536            0            0        3.913
  435        97.3       2.329        1.525            0            0        3.855
  436       100.4        2.28        1.517            0            0        3.797
  437       103.7       2.218        1.514            0            0        3.733
  438         107       2.149        1.513            0            0        3.662
  439       110.4       2.077        1.511            0            0        3.588
  440         114       2.004        1.509            0            0        3.514
  441       117.7       1.932        1.508            0            0        3.439
  442       121.4       1.857        1.505            0            0        3.362
  443       125.4        1.78        1.503            0            0        3.283
  444       129.4       1.704          1.5            0            0        3.204
  445       133.5       1.627        1.498            0            0        3.124
  446       137.8       1.547        1.495            0            0        3.041
  447       142.3       1.473        1.491            0            0        2.963
  448       146.9       1.407        1.486            0            0        2.892
  449       151.6       1.339         1.48            0            0        2.819
  450       156.4       1.269        1.475            0            0        2.743
  451       161.5        1.21        1.471            0            0        2.681
  452       166.7        1.15        1.471            0            0         2.62
  453         172       1.087        1.471            0            0        2.558
  454       177.6       1.037         1.47            0            0        2.508
  455       183.3      0.9943         1.47            0            0        2.464
  456       189.2      0.9501        1.468            0            0        2.418
  457       195.3       0.911        1.467            0            0        2.378
  458       201.5      0.8939        1.465            0            0        2.359
  459         208      0.8764        1.465            0            0        2.341
  460       214.7      0.8582        1.464            0            0        2.322
  461       221.6      0.8463        1.463            0            0         2.31
  462       228.8      0.8357        1.463            0            0        2.298
  463       236.1      0.8246        1.462            0            0        2.286
  464       243.7      0.8171        1.461            0            0        2.278
  465       251.6      0.8152         1.46            0            0        2.275
  466       259.6      0.8131        1.458            0            0        2.271
  467         268       0.811        1.455            0            0        2.266
  468       276.6      0.8144        1.453            0            0        2.267
  469       285.5       0.818         1.45            0            0        2.268
  470       294.7      0.8216        1.448            0            0        2.269
  471       304.2       0.825        1.446            0            0        2.271
  472         314      0.8283        1.447            0            0        2.276
  473       324.1      0.8317        1.449            0            0         2.28
  474       334.5      0.8353         1.45            0            0        2.285
  475       345.2      0.8397        1.451            0            0        2.291
  476       356.3      0.8442        1.453            0            0        2.298
  477       367.8      0.8489        1.456            0            0        2.305
  478       379.6      0.8541        1.458            0            0        2.312
  479       391.9      0.8596        1.461            0            0         2.32
  480       404.5      0.8652        1.463            0            0        2.329
  481       417.5      0.8709        1.466            0            0        2.337
  482       430.9      0.8764        1.469            0            0        2.346
  483       444.8       0.882        1.472            0            0        2.355
  484       459.1      0.8879        1.476            0            0        2.364
  485       473.8      0.8929        1.479            0            0        2.372
  486       489.1      0.8981        1.483            0            0        2.381
  487       504.8      0.9034        1.488            0            0        2.391
  488         521      0.9067        1.495            0            0        2.402
  489       537.8      0.9084        1.503            0            0        2.411
  490       555.1      0.9101        1.511            0            0        2.421
  491         573       0.912        1.519            0            0        2.431
  492       591.4      0.9147        1.527            0            0        2.442
  493       610.4      0.9174        1.534            0            0        2.451
  494         630      0.9202        1.537            0            0        2.457
  495       650.3      0.9235        1.541            0            0        2.464
  496       671.2       0.927        1.545            0            0        2.472
  497       692.8      0.9307        1.549            0            0        2.479
  498       715.1      0.9338        1.552            0            0        2.486
  499       738.1      0.9358        1.555            0            0        2.491
  500       761.9       0.938        1.558            0            0        2.496
  501       786.4      0.9401        1.561            0            0        2.501
  502       811.7      0.9442        1.563            0            0        2.507
  503       837.8      0.9486        1.565            0            0        2.513
  504       864.7       0.953        1.566            0            0        2.519
  505       892.5      0.9565        1.568            0            0        2.524
  506       921.2      0.9591         1.57            0            0        2.529
  507       950.9      0.9618        1.573            0            0        2.535
  508       981.5      0.9648        1.576            0            0        2.541
  509        1013      0.9688        1.579            0            0        2.547
  510        1046      0.9729         1.58            0            0        2.553
  511        1079      0.9772        1.582            0            0        2.559
  512        1114      0.9821        1.583            0            0        2.565
  513        1150      0.9872        1.584            0            0        2.572
  514        1187      0.9925        1.586            0            0        2.579
  515        1225       0.998        1.588            0            0        2.586
  516        1264       1.004        1.589            0            0        2.593
  517        1305        1.01        1.591            0            0          2.6
  518        1347       1.016        1.593            0            0        2.608
  519        1390       1.022        1.595            0            0        2.616
  520        1435       1.028        1.596            0            0        2.624
  521        1481       1.035        1.598            0            0        2.633
  522        1529        1.04        1.599            0            0        2.639
  523        1578       1.044        1.599            0            0        2.643
  524        1629       1.048        1.599            0            0        2.647
  525        1681       1.052        1.599            0            0        2.651
  526        1735       1.056        1.599            0            0        2.655
  527        1791        1.06        1.599            0            0        2.659
  528        1849       1.065        1.599            0            0        2.664
  529        1908       1.068        1.599            0            0        2.667
  530        1970       1.072        1.599            0            0         2.67
  531        2033       1.075        1.598            0            0        2.673
  532        2098       1.078        1.596            0            0        2.674
  533        2166       1.079        1.594            0            0        2.673
  534        2236       1.079        1.592            0            0        2.671
  535        2307        1.08         1.59            0            0         2.67
  536        2382       1.081        1.587            0            0        2.669
  537        2458       1.082        1.585            0            0        2.667
  538        2537       1.083        1.583            0            0        2.666
  539        2619       1.084         1.58            0            0        2.664
  540        2703       1.085        1.577            0            0        2.663
  541        2790       1.086        1.575            0            0        2.661
  542        2880       1.087        1.572            0            0        2.659
  543        2973       1.087        1.569            0            0        2.656
  544        3068       1.087        1.567            0            0        2.654
  545        3167       1.087        1.566            0            0        2.653
  546        3269       1.086        1.564            0            0         2.65
  547        3374       1.085        1.563            0            0        2.648
  548        3482       1.084        1.561            0            0        2.645
  549        3594       1.083        1.559            0            0        2.642
  550        3710       1.081        1.558            0            0        2.639
  551        3829        1.08        1.556            0            0        2.636
  552        3953       1.079        1.554            0            0        2.633
  553        4080       1.078        1.552            0            0         2.63
  554        4211       1.076         1.55            0            0        2.627
  555        4346       1.075        1.548            0            0        2.623
  556        4486       1.074        1.546            0            0         2.62
  557        4630       1.072        1.544            0            0        2.616
  558        4779       1.071        1.542            0            0        2.612
  559        4933       1.069         1.54            0            0        2.609
  560        5092       1.068        1.538            0            0        2.606
  561        5256       1.066        1.538            0            0        2.604
  562        5425       1.065        1.538            0            0        2.603
  563        5599       1.064        1.538            0            0        2.601
  564        5779       1.062        1.537            0            0        2.599
  565        5965       1.061        1.537            0            0        2.598
  566        6157       1.059        1.537            0            0        2.596
  567        6355       1.058        1.537            0            0        2.594
  568        6560       1.056        1.536            0            0        2.592
  569        6771       1.054        1.536            0            0         2.59
  570        6988       1.053        1.536            0            0        2.589
  571        7213       1.052        1.535            0            0        2.586
  572        7445        1.05        1.534            0            0        2.584
  573        7685       1.049        1.533            0            0        2.582
  574        7932       1.048        1.532            0            0        2.579
  575        8187       1.047         1.53            0            0        2.577
  576        8450       1.045        1.529            0            0        2.575
  577        8722       1.044        1.528            0            0        2.572
  578        9003       1.042        1.527            0            0        2.569
  579        9292       1.041        1.526            0            0        2.567
  580        9591        1.04        1.524            0            0        2.564
  581        9900       1.038        1.523            0            0        2.561
  582   1.022e+04       1.037        1.522            0            0        2.559
  583   1.055e+04       1.035        1.522            0            0        2.557
  584   1.089e+04       1.034        1.522            0            0        2.556
  585   1.124e+04       1.033        1.521            0            0        2.554
  586    1.16e+04       1.031        1.521            0            0        2.552
  587   1.197e+04        1.03        1.521            0            0        2.551
  588   1.236e+04       1.028        1.521            0            0        2.549
  589   1.275e+04       1.027         1.52            0            0        2.547
  590   1.316e+04       1.025         1.52            0            0        2.545
  591   1.359e+04       1.024         1.52            0            0        2.543
  592   1.402e+04       1.022        1.519            0            0        2.541
  593   1.448e+04        1.02        1.519            0            0        2.539
  594   1.494e+04       1.018        1.518            0            0        2.537
  595   1.542e+04       1.016        1.518            0            0        2.535
  596   1.592e+04       1.015        1.518            0            0        2.532
  597   1.643e+04       1.013        1.517            0            0         2.53
  598   1.696e+04       1.011        1.517            0            0        2.527
  599    1.75e+04       1.008        1.516            0            0        2.525
  600   1.807e+04       1.006        1.516            0            0        2.522
  601   1.865e+04       1.004        1.515            0            0        2.519
  602   1.925e+04       1.002        1.515            0            0        2.517
  603   1.987e+04      0.9992        1.515            0            0        2.514
  604   2.051e+04      0.9984        1.514            0            0        2.512
  605   2.117e+04      0.9979        1.514            0            0        2.512
  606   2.185e+04      0.9975        1.513            0            0        2.511
  607   2.255e+04      0.9971        1.513            0            0         2.51
  608   2.327e+04      0.9967        1.513            0            0        2.509
  609   2.402e+04      0.9963        1.512            0            0        2.509
  610    2.48e+04      0.9959        1.512            0            0        2.508
  611   2.559e+04      0.9956        1.512            0            0        2.507
  612   2.642e+04      0.9952        1.511            0            0        2.507
  613   2.727e+04      0.9949        1.511            0            0        2.506
  614   2.814e+04      0.9945        1.511            0            0        2.505
  615   2.905e+04      0.9942        1.511            0            0        2.505
  616   2.998e+04      0.9939         1.51            0            0        2.504
  617   3.095e+04      0.9936         1.51            0            0        2.504
  618   3.194e+04      0.9934         1.51            0            0        2.503
  619   3.297e+04      0.9931         1.51            0            0        2.503
  620   3.403e+04      0.9929        1.509            0            0        2.502
  621   3.513e+04      0.9926        1.509            0            0        2.502
  622   3.626e+04      0.9924        1.509            0            0        2.501
  623   3.742e+04      0.9922        1.509            0            0        2.501
  624   3.863e+04       0.992        1.509            0            0        2.501
  625   3.987e+04      0.9918        1.509            0            0          2.5
  626   4.115e+04      0.9917        1.508            0            0          2.5
  627   4.247e+04      0.9915        1.508            0            0          2.5
  628   4.384e+04      0.9914        1.508            0            0          2.5
  629   4.525e+04      0.9913        1.508            0            0        2.499
  630   4.671e+04      0.9912        1.508            0            0        2.499
  631   4.821e+04      0.9911        1.508            0            0        2.499
  632   4.976e+04       0.991        1.508            0            0        2.499
  633   5.136e+04      0.9909        1.508            0            0        2.499
  634   5.301e+04      0.9909        1.508            0            0        2.499
  635   5.472e+04      0.9909        1.508            0            0        2.499
  636   5.648e+04      0.9908        1.508            0            0        2.498
  637   5.829e+04      0.9908        1.508            0            0        2.498
  638   6.017e+04      0.9908        1.508            0            0        2.498
  639    6.21e+04      0.9909        1.508            0            0        2.498
  640    6.41e+04      0.9909        1.508            0            0        2.499
  641   6.616e+04      0.9909        1.508            0            0        2.499
  642   6.829e+04       0.991        1.508            0            0        2.499
  643   7.049e+04      0.9911        1.508            0            0        2.499
  644   7.276e+04      0.9912        1.508            0            0        2.499
  645    7.51e+04      0.9913        1.508            0            0        2.499
  646   7.751e+04      0.9914        1.508            0            0          2.5
  647   8.001e+04      0.9915        1.508            0            0          2.5
  648   8.258e+04      0.9917        1.508            0            0          2.5
  649   8.524e+04      0.9918        1.508            0            0          2.5
  650   8.798e+04       0.992        1.509            0            0        2.501
  651   9.081e+04      0.9922        1.509            0            0        2.501
  652   9.373e+04      0.9924        1.509            0            0        2.501
  653   9.674e+04      0.9926        1.509            0            0        2.502
  654   9.986e+04      0.9929        1.509            0            0        2.502
  655   1.031e+05      0.9931         1.51            0            0        2.503
  656   1.064e+05      0.9934         1.51            0            0        2.503
  657   1.098e+05      0.9936         1.51            0            0        2.504
  658   1.133e+05      0.9939         1.51            0            0        2.504
  659    1.17e+05      0.9942        1.511            0            0        2.505
  660   1.207e+05      0.9945        1.511            0            0        2.505
  661   1.246e+05      0.9949        1.511            0            0        2.506
  662   1.286e+05      0.9952        1.511            0            0        2.507
  663   1.328e+05      0.9956        1.512            0            0        2.507
  664    1.37e+05      0.9959        1.512            0            0        2.508
  665   1.415e+05      0.9963        1.512            0            0        2.509
  666    1.46e+05      0.9967        1.513            0            0        2.509
  667   1.507e+05      0.9971        1.513            0            0         2.51
  668   1.556e+05      0.9975        1.513            0            0        2.511
  669   1.606e+05       0.998        1.514            0            0        2.512
  670   1.657e+05      0.9984        1.514            0            0        2.513
  671   1.711e+05      0.9989        1.515            0            0        2.513
  672   1.766e+05      0.9994        1.515            0            0        2.514
  673   1.822e+05      0.9999        1.515            0            0        2.515
  674   1.881e+05           1        1.516            0            0        2.516
  675   1.941e+05       1.001        1.516            0            0        2.517
  676   2.004e+05       1.001        1.517            0            0        2.518
  677   2.068e+05       1.002        1.517            0            0        2.519
  678   2.135e+05       1.002        1.518            0            0         2.52
  679   2.204e+05       1.003        1.518            0            0        2.521
  680   2.274e+05       1.004        1.519            0            0        2.522
  681   2.348e+05       1.004        1.519            0            0        2.523
  682   2.423e+05       1.005         1.52            0            0        2.524
  683   2.501e+05       1.005         1.52            0            0        2.526
  684   2.582e+05       1.006        1.521            0            0        2.527
  685   2.665e+05       1.007        1.521            0            0        2.528
  686    2.75e+05       1.007        1.522            0            0        2.529
  687   2.839e+05       1.008        1.522            0            0         2.53
  688    2.93e+05       1.009        1.523            0            0        2.532
  689   3.024e+05       1.009        1.524            0            0        2.533
  690   3.122e+05        1.01        1.524            0            0        2.534
  691   3.222e+05       1.011        1.525            0            0        2.536
  692   3.326e+05       1.012        1.525            0            0        2.537
  693   3.433e+05       1.012        1.526            0            0        2.538
  694   3.543e+05       1.013        1.527            0            0         2.54
  695   3.657e+05       1.014        1.527            0            0        2.541
  696   3.775e+05       1.015        1.528            0            0        2.543
  697   3.896e+05       1.015        1.529            0            0        2.544
  698   4.021e+05       1.016        1.529            0            0        2.545
  699   4.151e+05       1.017         1.53            0            0        2.547
  700   4.284e+05       1.018        1.531            0            0        2.549
  701   4.422e+05       1.019        1.531            0            0         2.55
  702   4.564e+05       1.019        1.532            0            0        2.552
  703   4.711e+05        1.02        1.533            0            0        2.553
  704   4.863e+05       1.021        1.534            0            0        2.555
  705   5.019e+05       1.022        1.534            0            0        2.556
  706   5.181e+05       1.023        1.535            0            0        2.558
  707   5.347e+05       1.024        1.536            0            0         2.56
  708   5.519e+05       1.025        1.537            0            0        2.561
  709   5.697e+05       1.026        1.537            0            0        2.563
  710    5.88e+05       1.027        1.538            0            0        2.565
  711   6.069e+05       1.028        1.539            0            0        2.567
  712   6.264e+05       1.029         1.54            0            0        2.568
  713   6.466e+05        1.03        1.541            0            0         2.57
  714   6.674e+05        1.03        1.542            0            0        2.572
  715   6.889e+05       1.031        1.542            0            0        2.574
  716    7.11e+05       1.032        1.543            0            0        2.576
  717   7.339e+05       1.033        1.544            0            0        2.578
  718   7.575e+05       1.035        1.545            0            0        2.579
  719   7.819e+05       1.036        1.546            0            0        2.581
  720    8.07e+05       1.037        1.547            0            0        2.583
  721    8.33e+05       1.038        1.548            0            0        2.585
  722   8.598e+05       1.039        1.548            0            0        2.587
  723   8.874e+05        1.04        1.549            0            0        2.589
  724    9.16e+05       1.041         1.55            0            0        2.591
  725   9.454e+05       1.042        1.551            0            0        2.593
  726   9.758e+05       1.043        1.552            0            0        2.595
  727   1.007e+06       1.044        1.553            0            0        2.597
  728    1.04e+06       1.045        1.554            0            0        2.599
  729   1.073e+06       1.046        1.555            0            0        2.601
  730   1.108e+06       1.048        1.556            0            0        2.603
  731   1.143e+06       1.049        1.557            0            0        2.606
  732    1.18e+06        1.05        1.558            0            0        2.608
  733   1.218e+06       1.051        1.559            0            0         2.61
  734   1.257e+06       1.052         1.56            0            0        2.612
  735   1.298e+06       1.053        1.561            0            0        2.614
  736   1.339e+06       1.055        1.562            0            0        2.616
  737   1.382e+06       1.056        1.563            0            0        2.619
  738   1.427e+06       1.057        1.564            0            0        2.621
  739   1.473e+06       1.058        1.565            0            0        2.623
  740    1.52e+06       1.059        1.566            0            0        2.625
  741   1.569e+06       1.061        1.567            0            0        2.628
  742   1.619e+06       1.062        1.568            0            0         2.63
  743   1.672e+06       1.063        1.569            0            0        2.632
  744   1.725e+06       1.064         1.57            0            0        2.635
  745   1.781e+06       1.066        1.571            0            0        2.637
  746   1.838e+06       1.067        1.572            0            0        2.639
  747   1.897e+06       1.068        1.573            0            0        2.642
  748   1.958e+06        1.07        1.575            0            0        2.644
  749   2.021e+06       1.071        1.576            0            0        2.647
  750   2.086e+06       1.072        1.577            0            0        2.649
  751   2.153e+06       1.074        1.578            0            0        2.651
  752   2.223e+06       1.075        1.579            0            0        2.654
  753   2.294e+06       1.076         1.58            0            0        2.656
  754   2.368e+06       1.078        1.581            0            0        2.659
  755   2.444e+06       1.079        1.582            0            0        2.661
  756   2.523e+06        1.08        1.584            0            0        2.664
  757   2.604e+06       1.082        1.585            0            0        2.666
  758   2.688e+06       1.083        1.586            0            0        2.669
  759   2.774e+06       1.084        1.587            0            0        2.671
  760   2.863e+06       1.086        1.588            0            0        2.674
  761   2.955e+06       1.087        1.589            0            0        2.677
  762   3.051e+06       1.089        1.591            0            0        2.679
  763   3.149e+06        1.09        1.592            0            0        2.682
  764    3.25e+06       1.092        1.593            0            0        2.684
  765   3.354e+06       1.093        1.594            0            0        2.687
  766   3.462e+06       1.094        1.595            0            0         2.69
  767   3.574e+06       1.096        1.597            0            0        2.692
  768   3.689e+06       1.097        1.598            0            0        2.695
  769   3.807e+06       1.099        1.599            0            0        2.698
  770    3.93e+06         1.1          1.6            0            0          2.7
  771   4.056e+06       1.102        1.601            0            0        2.703
  772   4.187e+06       1.103        1.603            0            0        2.706
  773   4.321e+06       1.105        1.604            0            0        2.709
  774    4.46e+06       1.106        1.605            0            0        2.711
  775   4.604e+06       1.108        1.606            0            0        2.714
  776   4.752e+06       1.109        1.608            0            0        2.717
  777   4.905e+06       1.111        1.609            0            0         2.72
  778   5.063e+06       1.112         1.61            0            0        2.723
  779   5.225e+06       1.114        1.612            0            0        2.725
  780   5.394e+06       1.115        1.613            0            0        2.728
  781   5.567e+06       1.117        1.614            0            0        2.731
  782   5.746e+06       1.118        1.615            0            0        2.734
  783   5.931e+06        1.12        1.617            0            0        2.737
  784   6.122e+06       1.122        1.618            0            0         2.74
  785   6.319e+06       1.123        1.619            0            0        2.742
  786   6.522e+06       1.125        1.621            0            0        2.745
  787   6.732e+06       1.126        1.622            0            0        2.748
  788   6.948e+06       1.128        1.623            0            0        2.751
  789   7.172e+06        1.13        1.625            0            0        2.754
  790   7.402e+06       1.131        1.626            0            0        2.757
  791   7.641e+06       1.133        1.627            0            0         2.76
  792   7.886e+06       1.134        1.629            0            0        2.763
  793    8.14e+06       1.136         1.63            0            0        2.766
  794   8.402e+06       1.138        1.631            0            0        2.769
  795   8.672e+06       1.139        1.633            0            0        2.772
  796   8.951e+06       1.141        1.634            0            0        2.775
  797   9.239e+06       1.143        1.635            0            0        2.778
  798   9.536e+06       1.144        1.637            0            0        2.781
  799   9.843e+06       1.146        1.638            0            0        2.784
-------------------------------------------------------------
### neutron 5 GeV on G4_Gd xs/X0= 22.6767
G4WT0 > ================== Deleting memory pools ===================
G4WT0 > Number of memory pools allocated: 10; of which, static: 0
G4WT0 > Dynamic pools deleted: 10 / Total memory freed: 0.021 MB
G4WT0 > ============================================================
================== Deleting memory pools ===================
Number of memory pools allocated: 4; of which, static: 0
Dynamic pools deleted: 4 / Total memory freed: 0.0058 MB
============================================================
