
        ############################################
        !!! WARNING - FPE detection is activated !!!
        ############################################

**************************************************************
 Geant4 version Name: geant4-11-02-ref-07 [MT]   (31-August-2024)
  << in Multi-threaded mode >> 
                       Copyright : Geant4 Collaboration
                      References : NIM A 506 (2003), 250-303
                                 : IEEE-TNS 53 (2006), 270-278
                                 : NIM A 835 (2016), 186-225
                             WWW : http://geant4.org/
**************************************************************

##### Hadr00 started for 1 threads #####
G4PhysListFactory::GetReferencePhysList <QGSP_BERT_HP>  EMoption= 0
<<< Geant4 Physics List simulation engine: QGSP_BERT_HP


/run/verbose 1
/tracking/verbose 0
/testhadr/TargetMat G4_Gd
/testhadr/targetElm Gd
/testhadr/TargetRadius 1 cm
/testhadr/TargetLength 10 cm
/run/printProgress 10
/process/em/verbose 0
/process/had/verbose 0
/run/initialize

==========================================================================================
G4TaskRunManager :: Using G4ThreadPool...
==========================================================================================

### Target consist of G4_Gd disks with R(mm)= 10  fLength(mm)= 100  ###

***** Table : Nb of materials = 3 *****

 Material:    G4_Al    density:  2.699 g/cm3   RadL:   8.896 cm   Nucl.Int.Length:  38.894 cm 
                       Imean: 166.000 eV   temperature: 293.15 K  pressure:   1.00 atm

   --->  Element: Al (Al)   Z = 13.0   N =    27   A = 26.982 g/mole
         --->  Isotope:  Al27   Z = 13   N =  27   A =  26.98 g/mole   abundance: 100.000 %
          ElmMassFraction: 100.00 %  ElmAbundance 100.00 % 


 Material: G4_Galactic    density:  0.000 mg/cm3  RadL: 204310098.490 pc   Nucl.Int.Length: 113427284.261 pc 
                       Imean:  21.800 eV   temperature:   2.73 K  pressure:   0.00 atm

   --->  Element: H (H)   Z =  1.0   N =     1   A =  1.008 g/mole
         --->  Isotope:    H1   Z =  1   N =   1   A =   1.01 g/mole   abundance: 99.989 %
         --->  Isotope:    H2   Z =  1   N =   2   A =   2.01 g/mole   abundance:  0.011 %
          ElmMassFraction: 100.00 %  ElmAbundance 100.00 % 


 Material:    G4_Gd    density:  7.900 g/cm3   RadL:   9.472 mm   Nucl.Int.Length:  23.912 cm 
                       Imean: 591.000 eV   temperature: 293.15 K  pressure:   1.00 atm

   --->  Element: Gd (Gd)   Z = 64.0   N =   157   A = 157.252 g/mole
         --->  Isotope: Gd152   Z = 64   N = 152   A = 151.92 g/mole   abundance:  0.200 %
         --->  Isotope: Gd154   Z = 64   N = 154   A = 153.92 g/mole   abundance:  2.180 %
         --->  Isotope: Gd155   Z = 64   N = 155   A = 154.92 g/mole   abundance: 14.800 %
         --->  Isotope: Gd156   Z = 64   N = 156   A = 155.92 g/mole   abundance: 20.470 %
         --->  Isotope: Gd157   Z = 64   N = 157   A = 156.92 g/mole   abundance: 15.650 %
         --->  Isotope: Gd158   Z = 64   N = 158   A = 157.92 g/mole   abundance: 24.840 %
         --->  Isotope: Gd160   Z = 64   N = 160   A = 159.93 g/mole   abundance: 21.860 %
          ElmMassFraction: 100.00 %  ElmAbundance 100.00 % 



/run/physicsModified

=======================================================
======       ParticleHP Physics Parameters     ========
=======================================================
 Use only photo-evaporation      0
 Skip missing isotopes           0
 Neglect Doppler                 0
 Do not adjust final state       0
 Produce fission fragments       0
 Use WendtFissionModel           0
 Use NRESP71Model                0
 Use DBRC                        0
 PHP use Poisson                 0
 PHP check                       1
 CHECK HP NAMES                  0
 Enable DEBUG                    0
 Use probability tables from     njoy
=======================================================


=========================================================================
--> G4TaskRunManager::CreateAndStartWorkers() --> Initializing workers...
=========================================================================

G4WT0 > /run/verbose 1
G4WT0 > /tracking/verbose 0
G4WT0 > /testhadr/targetElm Gd
G4WT0 > /run/printProgress 10
G4WT0 > /process/had/verbose 0
G4WT0 > /run/initialize 
G4WT0 > /run/physicsModified 
G4WT0 > /control/verbose 1
G4WT0 > /run/verbose 1
G4WT0 > /tracking/verbose 0
G4WT0 > /testhadr/targetElm Gd
G4WT0 > /run/printProgress 10
G4WT0 > /process/had/verbose 0
G4WT0 > /run/initialize 
G4WT0 > /run/physicsModified 
/gun/particle neutron
/gun/energy 1. MeV
/testhadr/minEnergy 0.1 keV
/testhadr/particle neutron
/testhadr/verbose 1
/process/eLoss/verbose 0
/run/beamOn 1

========= Table of registered couples ============================

Index : 0     used in the geometry : Yes
 Material : G4_Galactic
 Range cuts        :  gamma  700 um     e-  700 um     e+  700 um  proton 0 fm 
 Energy thresholds :  gamma  990 eV     e-  990 eV     e+  990 eV  proton 0 eV 
 Region(s) which use this couple : 
    DefaultRegionForTheWorld

Index : 1     used in the geometry : Yes
 Material : G4_Gd
 Range cuts        :  gamma  700 um     e-  700 um     e+  700 um  proton 0 fm 
 Energy thresholds :  gamma  57.366 keV    e-  786.023 keV    e+  744.241 keV proton 0 eV 
 Region(s) which use this couple : 
    DefaultRegionForTheWorld

==================================================================

### Run 0 starts.
### Run 0 start
G4WT0 > /gun/particle neutron
G4WT0 > /gun/energy 1. MeV
G4WT0 > /testhadr/minEnergy 0.1 keV
G4WT0 > /testhadr/particle neutron
G4WT0 > /testhadr/verbose 1

========================================================================================
--> G4TaskRunManager::CreateAndStartWorkers() --> Creating 1 tasks with 1 events/task...
========================================================================================

G4WT0 > ### Run 0 starts on worker thread 0.
G4WT0 > --> Event 0 starts with initial seeds (13049039,61775110).
G4WT0 > EventAction: Event # 0 started
G4WT0 > [thread 0] Thread-local run terminated.
G4WT0 > [thread 0] Run Summary
G4WT0 > [thread 0]   Number of events processed : 1
G4WT0 > [thread 0]   User=0.000000s Real=0.000139s Sys=0.000000s [Cpu=0.0%]
 Run terminated.
Run Summary
  Number of events processed : 1
  User=0.000000s Real=0.000827s Sys=0.000000s [Cpu=0.0%]
RunAction: End of run actions are started
HistoManager: End of run actions are started
### Fill Cross Sections for neutron off Gd
-------------------------------------------------------------
    N     E(MeV)   Elastic(b)   Inelastic(b) Capture(b)   Fission(b)   Total(b)
-------------------------------------------------------------
    0   0.0001122       6.359    8.341e-07        26.61            0        32.97
    1   0.0001413       5.813    1.526e-06        4.186            0           10
    2   0.0001778       4.842      2.5e-06        9.879            0        14.72
    3   0.0002239       17.91    2.994e-06        26.69            0        44.61
    4   0.0002818       10.37    1.734e-06        14.06            0        24.43
    5   0.0003548       15.26    1.201e-06        12.16            0        27.41
    6   0.0004467       13.52    1.285e-06        11.08            0        24.59
    7   0.0005623       9.256    1.121e-06        8.802            0        18.06
    8   0.0007079       191.4    7.849e-07        11.89            0        203.3
    9   0.0008913       14.05    6.471e-07        6.872            0        20.92
   10    0.001122       7.818    4.381e-07        5.577            0        13.39
   11    0.001413       10.48    4.155e-07        5.305            0        15.78
   12    0.001778       16.45    4.809e-07           27            0        43.45
   13    0.002239       9.574    4.397e-07        3.995            0        13.57
   14    0.002818       15.44    3.768e-07        3.588            0        19.03
   15    0.003548       17.95    3.593e-07        3.132            0        21.08
   16    0.004467       16.07    3.269e-07        4.671            0        20.74
   17    0.005623       25.82     2.98e-07        3.076            0        28.89
   18    0.007079       19.47    2.724e-07        2.139            0         21.6
   19    0.008913       17.88    2.498e-07        1.857            0        19.74
   20     0.01122       16.45    2.302e-07        1.628            0        18.08
   21     0.01413       15.17    2.133e-07        1.437            0         16.6
   22     0.01778       14.02    1.989e-07        1.271            0        15.29
   23     0.02239       12.98     1.87e-07        1.133            0        14.11
   24     0.02818       12.04    1.775e-07        1.018            0        13.06
   25     0.03548        11.2    1.703e-07       0.9109            0        12.11
   26     0.04467       10.43    1.663e-07       0.8118            0        11.25
   27     0.05623       9.729      0.01087       0.7209            0        10.46
   28     0.07079        8.88      0.09785       0.6064            0        9.585
   29     0.08913       8.051       0.1618       0.5149            0        8.728
   30      0.1122       7.439       0.2654       0.4399            0        8.144
   31      0.1413       6.831       0.3516       0.3854            0        7.568
   32      0.1778       6.275       0.4522       0.3415            0        7.068
   33      0.2239       5.829       0.5631       0.3103            0        6.703
   34      0.2818       5.476       0.7091       0.2781            0        6.464
   35      0.3548       5.166       0.8972       0.2473            0         6.31
   36      0.4467        5.05        1.076       0.2259            0        6.352
   37      0.5623       4.998        1.286        0.204            0        6.487
   38      0.7079       4.972        1.498       0.1894            0         6.66
   39      0.8913       5.054         1.66       0.1757            0        6.889
   40       1.122       5.145        1.749       0.1683            0        7.062
   41       1.413       5.082        1.922       0.1435            0        7.147
   42       1.778       4.914        2.084       0.1192            0        7.117
   43       2.239       4.658        2.115      0.09598            0        6.869
   44       2.818       4.298        2.132      0.07694            0        6.507
   45       3.548        3.76        2.141      0.05218            0        5.954
   46       4.467       3.194        2.137      0.03093            0        5.361
   47       5.623       2.772        2.135      0.01223            0         4.92
   48       7.079       2.553        2.109     0.003546            0        4.666
   49       8.913       2.585        2.036      0.00167            0        4.623
-------------------------------------------------------------
### neutron 5 GeV on G4_Gd xs/X0= 22.6767
G4WT0 > ================== Deleting memory pools ===================
G4WT0 > Number of memory pools allocated: 9; of which, static: 0
G4WT0 > Dynamic pools deleted: 9 / Total memory freed: 0.013 MB
G4WT0 > ============================================================
================== Deleting memory pools ===================
Number of memory pools allocated: 4; of which, static: 0
Dynamic pools deleted: 4 / Total memory freed: 0.0058 MB
============================================================
