
        ############################################
        !!! WARNING - FPE detection is activated !!!
        ############################################

**************************************************************
 Geant4 version Name: geant4-11-02-ref-07 [MT]   (31-August-2024)
  << in Multi-threaded mode >> 
                       Copyright : Geant4 Collaboration
                      References : NIM A 506 (2003), 250-303
                                 : IEEE-TNS 53 (2006), 270-278
                                 : NIM A 835 (2016), 186-225
                             WWW : http://geant4.org/
**************************************************************

##### Hadr00 started for 1 threads #####
G4PhysListFactory::GetReferencePhysList <QGSP_BERT_HP>  EMoption= 0
<<< Geant4 Physics List simulation engine: QGSP_BERT_HP


/run/verbose 1
/tracking/verbose 0
/testhadr/TargetMat G4_Fe
/testhadr/targetElm Fe
/testhadr/TargetRadius 1 cm
/testhadr/TargetLength 10 cm
/run/printProgress 10
/process/em/verbose 0
/process/had/verbose 0
/run/initialize

==========================================================================================
G4TaskRunManager :: Using G4ThreadPool...
==========================================================================================

### Target consist of G4_Fe disks with R(mm)= 10  fLength(mm)= 100  ###

***** Table : Nb of materials = 3 *****

 Material:    G4_Al    density:  2.699 g/cm3   RadL:   8.896 cm   Nucl.Int.Length:  38.894 cm 
                       Imean: 166.000 eV   temperature: 293.15 K  pressure:   1.00 atm

   --->  Element: Al (Al)   Z = 13.0   N =    27   A = 26.982 g/mole
         --->  Isotope:  Al27   Z = 13   N =  27   A =  26.98 g/mole   abundance: 100.000 %
          ElmMassFraction: 100.00 %  ElmAbundance 100.00 % 


 Material: G4_Galactic    density:  0.000 mg/cm3  RadL: 204310098.490 pc   Nucl.Int.Length: 113427284.261 pc 
                       Imean:  21.800 eV   temperature:   2.73 K  pressure:   0.00 atm

   --->  Element: H (H)   Z =  1.0   N =     1   A =  1.008 g/mole
         --->  Isotope:    H1   Z =  1   N =   1   A =   1.01 g/mole   abundance: 99.989 %
         --->  Isotope:    H2   Z =  1   N =   2   A =   2.01 g/mole   abundance:  0.011 %
          ElmMassFraction: 100.00 %  ElmAbundance 100.00 % 


 Material:    G4_Fe    density:  7.874 g/cm3   RadL:   1.757 cm   Nucl.Int.Length:  16.990 cm 
                       Imean: 286.000 eV   temperature: 293.15 K  pressure:   1.00 atm

   --->  Element: Fe (Fe)   Z = 26.0   N =    56   A = 55.845 g/mole
         --->  Isotope:  Fe54   Z = 26   N =  54   A =  53.94 g/mole   abundance:  5.845 %
         --->  Isotope:  Fe56   Z = 26   N =  56   A =  55.93 g/mole   abundance: 91.754 %
         --->  Isotope:  Fe57   Z = 26   N =  57   A =  56.94 g/mole   abundance:  2.119 %
         --->  Isotope:  Fe58   Z = 26   N =  58   A =  57.93 g/mole   abundance:  0.282 %
          ElmMassFraction: 100.00 %  ElmAbundance 100.00 % 



/run/physicsModified

=======================================================
======       ParticleHP Physics Parameters     ========
=======================================================
 Use only photo-evaporation      0
 Skip missing isotopes           0
 Neglect Doppler                 0
 Do not adjust final state       0
 Produce fission fragments       0
 Use WendtFissionModel           0
 Use NRESP71Model                0
 Use DBRC                        0
 PHP use Poisson                 0
 PHP check                       1
 CHECK HP NAMES                  0
 Enable DEBUG                    0
 Use probability tables from     njoy
=======================================================


=========================================================================
--> G4TaskRunManager::CreateAndStartWorkers() --> Initializing workers...
=========================================================================

G4WT0 > /run/verbose 1
G4WT0 > /tracking/verbose 0
G4WT0 > /testhadr/targetElm Fe
G4WT0 > /run/printProgress 10
G4WT0 > /process/had/verbose 0
G4WT0 > /run/initialize 
G4WT0 > /run/physicsModified 
G4WT0 > /control/verbose 1
G4WT0 > /run/verbose 1
G4WT0 > /tracking/verbose 0
G4WT0 > /testhadr/targetElm Fe
G4WT0 > /run/printProgress 10
G4WT0 > /process/had/verbose 0
G4WT0 > /run/initialize 
G4WT0 > /run/physicsModified 
/gun/particle neutron
/gun/energy 1. MeV
/testhadr/minEnergy 0.1 keV
/testhadr/particle neutron
/testhadr/verbose 1
/process/eLoss/verbose 0
/run/beamOn 1

========= Table of registered couples ============================

Index : 0     used in the geometry : Yes
 Material : G4_Galactic
 Range cuts        :  gamma  700 um     e-  700 um     e+  700 um  proton 0 fm 
 Energy thresholds :  gamma  990 eV     e-  990 eV     e+  990 eV  proton 0 eV 
 Region(s) which use this couple : 
    DefaultRegionForTheWorld

Index : 1     used in the geometry : Yes
 Material : G4_Fe
 Range cuts        :  gamma  700 um     e-  700 um     e+  700 um  proton 0 fm 
 Energy thresholds :  gamma  17.2487 keV    e-  954.642 keV    e+  906.513 keV proton 0 eV 
 Region(s) which use this couple : 
    DefaultRegionForTheWorld

==================================================================

### Run 0 starts.
### Run 0 start
G4WT0 > /gun/particle neutron
G4WT0 > /gun/energy 1. MeV
G4WT0 > /testhadr/minEnergy 0.1 keV
G4WT0 > /testhadr/particle neutron
G4WT0 > /testhadr/verbose 1

========================================================================================
--> G4TaskRunManager::CreateAndStartWorkers() --> Creating 1 tasks with 1 events/task...
========================================================================================

G4WT0 > ### Run 0 starts on worker thread 0.
G4WT0 > --> Event 0 starts with initial seeds (13049039,61775110).
G4WT0 > EventAction: Event # 0 started
G4WT0 > [thread 0] Thread-local run terminated.
G4WT0 > [thread 0] Run Summary
G4WT0 > [thread 0]   Number of events processed : 1
G4WT0 > [thread 0]   User=0.000000s Real=0.000124s Sys=0.000000s [Cpu=0.0%]
 Run terminated.
Run Summary
  Number of events processed : 1
  User=0.010000s Real=0.000793s Sys=0.000000s [Cpu=1261.8%]
RunAction: End of run actions are started
HistoManager: End of run actions are started
### Fill Cross Sections for neutron off Fe
-------------------------------------------------------------
    N     E(MeV)   Elastic(b)   Inelastic(b) Capture(b)   Fission(b)   Total(b)
-------------------------------------------------------------
    0   0.0001016       4.641        1.212     0.001071            0        5.854
    1   0.0001049       1.735        0.778     0.001781            0        2.515
    2   0.0001082     0.03834        1.032      0.00205            0        1.072
    3   0.0001117       2.015       0.3282     0.004419            0        2.348
    4   0.0001153      0.1278       0.3628     0.001457            0       0.4921
    5    0.000119       2.312        1.209    0.0001673            0        3.521
    6   0.0001228       3.565      0.06052     5.01e-05            0        3.626
    7   0.0001268       2.049        0.718    0.0003088            0        2.767
    8   0.0001309       1.711        1.314     0.002004            0        3.027
    9   0.0001351       1.941       0.9157    0.0009763            0        2.858
   10   0.0001394       2.083        1.134    0.0007056            0        3.218
   11   0.0001439       1.467      0.05304    4.876e-05            0         1.52
   12   0.0001486       1.941        1.208    9.499e-05            0        3.149
   13   0.0001533       1.762        1.129    0.0006967            0        2.891
   14   0.0001583      0.2911        1.134    0.0003851            0        1.426
   15   0.0001634       1.547       0.0341    0.0002045            0        1.581
   16   0.0001686       1.511       0.1045     0.001417            0        1.617
   17    0.000174       1.648        1.155    0.0008226            0        2.804
   18   0.0001796       1.929       0.5628     0.001864            0        2.494
   19   0.0001854       1.531       0.1142    0.0003859            0        1.645
   20   0.0001914       2.322       0.1016     0.001234            0        2.425
   21   0.0001975       1.857       0.3143    0.0009985            0        2.172
   22   0.0002039       1.768      0.08656     0.001718            0        1.856
   23   0.0002104      0.9792        1.153    0.0009186            0        2.133
   24   0.0002172       1.591        1.257     0.001041            0        2.848
   25   0.0002242       1.519      0.04634     0.001797            0        1.567
   26   0.0002314       4.722       0.9191    0.0008547            0        5.642
   27   0.0002388        2.17        0.483    0.0009131            0        2.654
   28   0.0002465       1.631        1.105     0.001072            0        2.737
   29   0.0002545       2.044       0.1065     0.001935            0        2.153
   30   0.0002626        1.73        1.357    0.0005613            0        3.087
   31   0.0002711       1.827        1.105      0.00029            0        2.933
   32   0.0002798       1.016       0.9889    0.0009246            0        2.006
   33   0.0002888       1.759        1.281     0.001349            0        3.041
   34   0.0002981       2.711        1.152     0.001122            0        3.865
   35   0.0003077        2.15      0.03542    0.0008744            0        2.186
   36   0.0003176      0.1238       0.9258     0.002568            0        1.052
   37   0.0003278       1.602       0.8844     0.001955            0        2.489
   38   0.0003384       2.194        1.358     0.001266            0        3.554
   39   0.0003492       2.315       0.9446     0.001041            0        3.261
   40   0.0003605       1.464      0.05448    0.0009678            0        1.519
   41   0.0003721       1.843      0.07057     0.001188            0        1.914
   42    0.000384       1.483       0.3318    0.0001047            0        1.815
   43   0.0003964       2.738         1.32     0.001519            0        4.059
   44   0.0004091       1.285       0.3023    0.0008638            0        1.588
   45   0.0004223       1.995        1.226     0.002136            0        3.222
   46   0.0004359        1.75       0.5309     0.001712            0        2.283
   47   0.0004499       1.733        1.028     0.002043            0        2.764
   48   0.0004644       2.126      0.07837    0.0009992            0        2.205
   49   0.0004793        2.55        1.388    0.0009232            0        3.939
   50   0.0004947       2.279        1.076     0.001972            0        3.357
   51   0.0005107       1.515       0.9129     0.002038            0         2.43
   52   0.0005271       1.874       0.9105     0.001233            0        2.785
   53    0.000544        1.01       0.4137     0.002308            0        1.426
   54   0.0005615       2.843        1.031      0.00132            0        3.875
   55   0.0005796       1.176        1.385    9.585e-05            0        2.561
   56   0.0005982       1.953      0.02883     0.001136            0        1.983
   57   0.0006175        2.24       0.7515    0.0007988            0        2.992
   58   0.0006373       2.283        1.095     0.003029            0        3.381
   59   0.0006578       2.596        1.112    0.0008255            0        3.708
   60    0.000679       1.989       0.9283     0.002039            0         2.92
   61   0.0007008       2.289      0.06542     0.002383            0        2.357
   62   0.0007234       2.816       0.6184    0.0001367            0        3.434
   63   0.0007467        2.28         1.23     0.002276            0        3.513
   64   0.0007707         1.8       0.1004    0.0006336            0        1.901
   65   0.0007955        1.56       0.9934    0.0009869            0        2.555
   66   0.0008211        1.67      0.06294     0.003116            0        1.736
   67   0.0008475       1.801        1.412    0.0004072            0        3.214
   68   0.0008747       1.915       0.1189     0.001121            0        2.035
   69   0.0009029       1.969        1.307     0.001673            0        3.277
   70   0.0009319       2.104        1.277     0.009407            0         3.39
   71   0.0009619       1.836       0.7195    0.0002201            0        2.555
   72   0.0009928       2.084        1.269    0.0007286            0        3.354
   73    0.001025       2.683         1.34    0.0003525            0        4.023
   74    0.001058       1.141        1.135    0.0006544            0        2.276
   75    0.001092       2.396        1.162     0.009848            0        3.569
   76    0.001127       2.034        1.301     0.002326            0        3.337
   77    0.001163       2.331        1.441    0.0008755            0        3.772
   78    0.001201       2.356        1.285    0.0009721            0        3.642
   79    0.001239       2.178        1.142     0.001966            0        3.323
   80    0.001279       1.739       0.9227     0.001307            0        2.663
   81     0.00132      0.1662       0.7406     0.001258            0       0.9081
   82    0.001363       2.225       0.8055     0.001091            0        3.032
   83    0.001406       1.655       0.9647     0.001135            0        2.621
   84    0.001452       2.333        1.243      0.00227            0        3.579
   85    0.001498     0.05815       0.4045     0.001497            0       0.4642
   86    0.001547     0.06316      0.03154      0.01464            0       0.1093
   87    0.001596       2.648      0.06309    0.0002388            0        2.712
   88    0.001648        2.05      0.09066    0.0006546            0        2.142
   89    0.001701       1.531       0.4151     0.001647            0        1.948
   90    0.001755      0.2661      0.03766    5.765e-05            0       0.3038
   91    0.001812      0.1321       0.1197    0.0007478            0       0.2525
   92     0.00187       2.074      0.05977     0.001218            0        2.135
   93     0.00193       2.146       0.8757     0.001022            0        3.023
   94    0.001992       3.058        1.168    0.0009994            0        4.227
   95    0.002056       3.011        1.102     0.001076            0        4.114
   96    0.002123        1.97        1.098    0.0008135            0        3.069
   97    0.002191       1.552       0.8738    0.0007482            0        2.426
   98    0.002261        2.12        1.081     0.003173            0        3.204
   99    0.002334       2.133       0.1128    0.0004516            0        2.246
  100    0.002409       1.566        1.382     0.002021            0         2.95
  101    0.002487       1.969        1.337     0.002138            0        3.309
  102    0.002567       1.779        1.021     0.001206            0        2.801
  103    0.002649       2.259        1.316    0.0002197            0        3.575
  104    0.002734       2.459       0.1056    5.277e-05            0        2.565
  105    0.002822        2.74        1.214    0.0005443            0        3.955
  106    0.002913       2.112        1.339     0.003262            0        3.455
  107    0.003007       2.388       0.1018     0.000192            0         2.49
  108    0.003104       1.716        1.215    0.0004778            0        2.932
  109    0.003204        2.47        1.086    0.0008555            0        3.556
  110    0.003307       2.206       0.1205    0.0002335            0        2.327
  111    0.003413      0.1731       0.1027     0.001804            0       0.2776
  112    0.003523       1.885        1.118    0.0009592            0        3.004
  113    0.003636       1.899       0.7389     0.002403            0        2.641
  114    0.003753       2.505        1.237     0.002548            0        3.745
  115    0.003874       2.669        1.069     0.002273            0         3.74
  116    0.003998       1.365        1.127     0.007978            0        2.501
  117    0.004127      0.3064        1.311     0.002327            0         1.62
  118     0.00426       1.859       0.6875     0.001951            0        2.548
  119    0.004397       1.478         1.21    0.0007516            0        2.689
  120    0.004538       2.184         1.04    0.0008832            0        3.226
  121    0.004684       1.648        1.325     0.001078            0        2.973
  122    0.004835       3.241       0.9198    7.512e-05            0        4.161
  123     0.00499       1.463       0.7724    0.0009263            0        2.236
  124    0.005151       2.414        1.096    5.726e-06            0        3.511
  125    0.005316       4.619        1.038    0.0001908            0        5.657
  126    0.005488       2.204        1.178    0.0008028            0        3.383
  127    0.005664       2.998         1.24    0.0009948            0        4.239
  128    0.005846       3.035        1.155     0.002325            0        4.192
  129    0.006034       1.464        1.198    0.0006225            0        2.663
  130    0.006228       2.475       0.8559      0.00167            0        3.333
  131    0.006429       2.441        1.024     0.000858            0        3.466
  132    0.006636        4.52      0.09868     0.001852            0         4.62
  133    0.006849        1.83        1.213    0.0007379            0        3.045
  134    0.007069       4.209       0.9983      0.00115            0        5.209
  135    0.007297       2.227        1.004     0.001096            0        3.232
  136    0.007531       1.512        1.181     0.001305            0        2.694
  137    0.007774       2.755      0.04984     0.001189            0        2.806
  138    0.008024       2.877        1.194     0.001045            0        4.071
  139    0.008282       3.536      0.06885     0.001461            0        3.606
  140    0.008548     0.04667       0.1415     0.001422            0       0.1896
  141    0.008823      0.1616       0.9843    0.0009587            0        1.147
  142    0.009107       1.766         0.73      0.00126            0        2.498
  143      0.0094       1.836      0.03216    0.0004545            0        1.869
  144    0.009702       1.682        1.194       0.0011            0        2.877
  145     0.01001        1.96        1.373       0.1442            0        3.477
  146     0.01034       2.077        1.375    0.0006805            0        3.452
  147     0.01067       2.053        1.071    0.0002863            0        3.124
  148     0.01101       2.237       0.8126    0.0005849            0         3.05
  149     0.01137       1.275       0.2069     0.000419            0        1.482
  150     0.01173       2.197        1.266     0.003731            0        3.467
  151     0.01211       1.112        1.203     0.001542            0        2.317
  152      0.0125      0.9381        1.268     0.001765            0        2.208
  153      0.0129       2.004         1.29    0.0009041            0        3.295
  154     0.01332       2.264        1.159      0.00214            0        3.425
  155     0.01374       2.134        1.024    5.601e-05            0        3.157
  156     0.01419       2.244        0.717    0.0009345            0        2.962
  157     0.01464       1.686        1.249    0.0007016            0        2.936
  158     0.01511       2.022        1.232     0.001483            0        3.256
  159      0.0156       2.753        1.321     0.001032            0        4.075
  160      0.0161       1.267         1.22    0.0002313            0        2.487
  161     0.01662       1.463        1.116     0.002115            0        2.581
  162     0.01715       2.373        1.204    0.0001048            0        3.577
  163     0.01771       1.839       0.2764    7.088e-05            0        2.116
  164     0.01828       1.703       0.9453     0.000763            0         2.65
  165     0.01886       1.918       0.6387     0.001102            0        2.558
  166     0.01947         2.1      0.07804      0.00186            0         2.18
  167      0.0201      0.1484       0.1318      0.07056            0       0.3508
  168     0.02074        1.51        1.385    0.0009481            0        2.895
  169     0.02141       2.002        1.084    0.0001397            0        3.086
  170      0.0221       2.542        1.318    0.0001984            0         3.86
  171     0.02281      0.2109        1.348    0.0008428            0         1.56
  172     0.02354       2.297        1.084     0.002088            0        3.383
  173      0.0243      0.1892       0.8129      0.00211            0        1.004
  174     0.02508       1.578        1.143     0.001001            0        2.721
  175     0.02589       1.817       0.7212    0.0007807            0        2.539
  176     0.02672       2.109        1.269    0.0006036            0        3.379
  177     0.02758       1.695        1.054    0.0009891            0         2.75
  178     0.02847       3.223       0.5763     0.002022            0        3.802
  179     0.02938       1.551      0.03651    0.0007873            0        1.589
  180     0.03033       1.083        1.069     0.001653            0        2.153
  181     0.03131       3.052        1.188     0.001108            0        4.242
  182     0.03231       11.38       0.0412     0.002012            0        11.43
  183     0.03335       9.573      0.04086     0.001375            0        9.615
  184     0.03443       8.343       0.0405     0.001538            0        8.385
  185     0.03553        7.46      0.04013    0.0007758            0        7.501
  186     0.03668       6.781      0.03975     0.001589            0        6.823
  187     0.03786       6.241      0.03935    0.0006058            0         6.28
  188     0.03907       5.803      0.03895    0.0008061            0        5.843
  189     0.04033       5.538      0.03853     0.001163            0        5.578
  190     0.04163       6.226       0.0381     0.002935            0        6.267
  191     0.04297       5.357      0.03765    0.0007631            0        5.395
  192     0.04435       4.959      0.03719    0.0004682            0        4.997
  193     0.04577       4.618      0.03671    0.0008934            0        4.656
  194     0.04725       5.101      0.03622     0.001239            0        5.139
  195     0.04877         4.3      0.03571    0.0004446            0        4.336
  196     0.05034       4.163      0.03524    0.0006734            0        4.199
  197     0.05195       5.028       0.0349     0.006384            0        5.069
  198     0.05363       6.261      0.03456     0.004807            0        6.301
  199     0.05535       9.848      0.03421       0.1153            0        9.998
  200     0.05713       3.901      0.03385    0.0004688            0        3.935
  201     0.05897       3.629      0.03347     0.001075            0        3.664
  202     0.06087       3.778      0.03309    0.0005665            0        3.812
  203     0.06282       3.547      0.03269    0.0004194            0         3.58
  204     0.06484       2.985      0.03227    0.0003054            0        3.018
  205     0.06693       2.578      0.03185    0.0003792            0         2.61
  206     0.06908       1.994      0.03141    0.0005214            0        2.026
  207     0.07131       2.015      0.03096     0.002204            0        2.048
  208      0.0736       4.767      0.03049      0.01303            0         4.81
  209     0.07597       5.572         0.03     0.001507            0        5.604
  210     0.07841       3.116       0.0295    0.0006367            0        3.146
  211     0.08093       1.497      0.02899      0.02347            0        1.549
  212     0.08354       23.38      0.02846      0.01279            0        23.43
  213     0.08622       8.972      0.02791    0.0007924            0            9
  214       0.089       5.745      0.02734     0.000351            0        5.773
  215     0.09186       4.685      0.02676    0.0002818            0        4.712
  216     0.09481       4.148      0.02616    0.0002327            0        4.175
  217     0.09786       3.705      0.02553    0.0005614            0        3.731
  218       0.101       3.444      0.02502    0.0002798            0         3.47
  219      0.1043       3.101      0.02478    0.0003632            0        3.126
  220      0.1076       2.881      0.02454    0.0004315            0        2.906
  221      0.1111       2.922      0.02428    0.0004652            0        2.946
  222      0.1147       2.447      0.02402    0.0003968            0        2.471
  223      0.1183       2.056      0.02375    0.0004167            0         2.08
  224      0.1221       1.702      0.02347      0.00092            0        1.727
  225      0.1261        1.26      0.02318    0.0009285            0        1.284
  226      0.1301       17.59      0.02288      0.01688            0        17.63
  227      0.1343       1.449      0.02257     0.001222            0        1.473
  228      0.1386       1.088      0.02226     0.004083            0        1.114
  229      0.1431       10.75      0.02212     0.002768            0        10.78
  230      0.1477       6.105      0.02198     0.001729            0        6.129
  231      0.1524       3.756      0.02184     0.001777            0         3.78
  232      0.1574       2.876       0.0217    0.0007373            0        2.898
  233      0.1624       2.114      0.02155     0.000876            0        2.136
  234      0.1676      0.5903       0.0214     0.002205            0       0.6139
  235       0.173        3.74      0.02124     0.001237            0        3.763
  236      0.1786       1.769      0.02108     0.001096            0        1.791
  237      0.1843      0.7349      0.02092     0.001699            0       0.7575
  238      0.1903       11.47      0.02074     0.002813            0        11.49
  239      0.1964       5.963      0.02056       0.0011            0        5.985
  240      0.2027       4.383      0.02046    0.0007423            0        4.405
  241      0.2092       3.461      0.02046    0.0006286            0        3.482
  242       0.216        2.11      0.02046     0.001561            0        2.132
  243      0.2229       5.487      0.02045     0.001591            0        5.509
  244      0.2301       3.018      0.02045     0.001184            0        3.039
  245      0.2375       2.362      0.02045     0.001835            0        2.385
  246      0.2451       11.16      0.02045      0.01529            0         11.2
  247       0.253       2.719      0.02045     0.001734            0        2.742
  248      0.2611        1.99      0.02045    0.0006862            0        2.012
  249      0.2695       1.701      0.02044     0.002788            0        1.724
  250      0.2782         9.4      0.02044     0.002895            0        9.423
  251      0.2872       2.747      0.02044    0.0004261            0        2.768
  252      0.2964       1.664      0.02044    0.0005444            0        1.685
  253      0.3059       1.462      0.02038     0.002808            0        1.485
  254      0.3158       1.642      0.02028     0.003013            0        1.665
  255      0.3259       4.693      0.02019     0.001164            0        4.714
  256      0.3364       2.489      0.02008    0.0006335            0         2.51
  257      0.3472      0.8579      0.01998    0.0008114            0       0.8787
  258      0.3584      0.3985      0.01987     0.003869            0       0.4222
  259      0.3699       2.825      0.01976    0.0008843            0        2.845
  260      0.3818       4.397      0.02113    0.0009236            0        4.419
  261      0.3941       5.525      0.02314    0.0007911            0        5.549
  262      0.4068       6.575      0.02426      0.00131            0        6.601
  263      0.4199       5.405      0.02457     0.001214            0        5.431
  264      0.4334       2.787      0.02488     0.000645            0        2.813
  265      0.4473       3.957      0.02521     0.001035            0        3.983
  266      0.4617       2.589      0.02554    0.0006275            0        2.615
  267      0.4766       3.648      0.02589    0.0005309            0        3.674
  268      0.4919       2.977      0.02625    0.0008196            0        3.004
  269      0.5077       2.887      0.02657    0.0005714            0        2.915
  270      0.5241        2.55      0.02684    0.0004572            0        2.577
  271      0.5409       2.443      0.02712    0.0005962            0        2.471
  272      0.5583         2.3      0.02742     0.003948            0        2.331
  273      0.5763       3.962      0.02772     0.003285            0        3.993
  274      0.5948       1.646      0.02803     0.001308            0        1.675
  275      0.6139        2.35      0.02832     0.004183            0        2.382
  276      0.6337        1.88      0.02861     0.001946            0        1.911
  277      0.6541       1.187      0.02891     0.001557            0        1.218
  278      0.6751       4.369      0.02922    0.0006971            0        4.399
  279      0.6968       4.395      0.02954     0.002059            0        4.427
  280      0.7192        3.93       0.0294    0.0007171            0         3.96
  281      0.7424       2.344      0.03003     0.001078            0        2.375
  282      0.7663       1.697      0.03068      0.00149            0         1.73
  283      0.7909       4.609      0.03135     0.001046            0        4.641
  284      0.8163       7.813      0.03182      0.02372            0        7.868
  285      0.8426       2.502      0.03283    0.0008159            0        2.535
  286      0.8697        2.66      0.09953     0.004033            0        2.763
  287      0.8977       2.013      0.04747     0.003742            0        2.064
  288      0.9266       2.711       0.2589     0.003442            0        2.973
  289      0.9564      0.7199      0.06568     0.003134            0       0.7887
  290      0.9871       3.161       0.1434     0.002815            0        3.307
  291       1.019       1.254       0.0963     0.002656            0        1.353
  292       1.052       3.109       0.2954      0.00261            0        3.407
  293       1.085       1.701        0.349     0.002563            0        2.052
  294        1.12       1.853       0.4536     0.002514            0        2.309
  295       1.156        1.43       0.2066     0.002464            0        1.639
  296       1.194       0.982       0.1822     0.002412            0        1.167
  297       1.232        1.63       0.2959     0.002358            0        1.928
  298       1.272       2.608       0.2871     0.002329            0        2.898
  299       1.313       1.315       0.2085     0.002321            0        1.526
  300       1.355       1.409       0.4656     0.002313            0        1.877
  301       1.398       1.238       0.3014     0.002305            0        1.542
  302       1.443       3.762       0.6162     0.002243            0        4.381
  303        1.49       2.007       0.7935     0.002185            0        2.803
  304       1.538       2.632       0.5226     0.002147            0        3.157
  305       1.587        2.34       0.6379     0.002117            0         2.98
  306       1.638       2.122       0.4109     0.002107            0        2.535
  307       1.691       2.067       0.4598     0.002101            0        2.529
  308       1.745      0.9917        0.817     0.002097            0        1.811
  309       1.801       1.808       0.4025     0.002108            0        2.213
  310       1.859       1.849       0.5712     0.002126            0        2.422
  311       1.919       3.078        1.197     0.002145            0        4.277
  312       1.981       1.763       0.5711     0.002165            0        2.336
  313       2.045       3.911        1.112     0.002179            0        5.025
  314        2.11       2.512       0.5343      0.00219            0        3.049
  315       2.178       2.193       0.8949     0.002154            0        3.091
  316       2.248       1.457       0.7893     0.002107            0        2.248
  317       2.321       1.757       0.8512      0.00212            0         2.61
  318       2.395       2.295       0.8458     0.002134            0        3.143
  319       2.472       2.363       0.7726     0.002149            0        3.137
  320       2.552       2.937       0.9806     0.002173            0         3.92
  321       2.634       1.747       0.5538       0.0022            0        2.303
  322       2.719        2.76       0.9657     0.002221            0        3.728
  323       2.806       2.322        0.875     0.002207            0        3.199
  324       2.897       2.247        1.201     0.002196            0        3.451
  325        2.99       2.149       0.9037     0.002184            0        3.054
  326       3.086       2.692         1.12     0.002096            0        3.814
  327       3.185       2.548        1.063     0.001877            0        3.613
  328       3.288       2.635        1.122     0.001821            0        3.759
  329       3.393         2.3       0.9879     0.001764            0        3.289
  330       3.502       2.294        1.011      0.00169            0        3.307
  331       3.615       2.685        1.232     0.001631            0        3.919
  332       3.731       2.252        1.117     0.001574            0        3.371
  333       3.851       2.496        1.252     0.001514            0         3.75
  334       3.975       2.188        1.131     0.001453            0        3.321
  335       4.103       2.473         1.34     0.001422            0        3.815
  336       4.235       2.232        1.275     0.001397            0        3.508
  337       4.371       2.527        1.398     0.001372            0        3.927
  338       4.512       2.543        1.399     0.001306            0        3.944
  339       4.657       2.444        1.401     0.001225            0        3.847
  340       4.807       2.521        1.537     0.001167            0        4.059
  341       4.962       2.141        1.347     0.001119            0         3.49
  342       5.121       2.342        1.518     0.001067            0        3.861
  343       5.286        2.22        1.486     0.001017            0        3.706
  344       5.456       2.172        1.469    0.0009735            0        3.642
  345       5.632       2.085        1.423    0.0009344            0         3.51
  346       5.813       2.259        1.558    0.0008981            0        3.819
  347           6           2        1.389     0.000866            0         3.39
  348       6.193       2.113        1.474    0.0008417            0        3.588
  349       6.392       2.107        1.481    0.0008167            0        3.589
  350       6.597       1.967        1.385    0.0007941            0        3.353
  351        6.81       2.084        1.471    0.0007725            0        3.556
  352       7.029       2.024        1.439    0.0007516            0        3.464
  353       7.255       1.986        1.425    0.0007345            0        3.412
  354       7.488           2        1.449    0.0007171            0        3.449
  355       7.729       1.987         1.45    0.0007049            0        3.437
  356       7.978        1.97        1.453    0.0006923            0        3.424
  357       8.234       1.922        1.451    0.0006854            0        3.374
  358       8.499       1.868        1.449    0.0006789            0        3.318
  359       8.773       1.815         1.44    0.0006777            0        3.256
  360       9.055       1.773         1.44    0.0006771            0        3.214
  361       9.346       1.682        1.395    0.0006793            0        3.078
  362       9.647       1.704        1.437    0.0006816            0        3.142
  363       9.957       1.632        1.417    0.0006841            0        3.049
  364       10.28       1.593         1.42    0.0006907            0        3.013
  365       10.61       1.561        1.421    0.0006982            0        2.982
  366       10.95       1.518        1.423    0.0007058            0        2.941
  367        11.3       1.469        1.423    0.0007159            0        2.893
  368       11.66       1.417        1.426    0.0007272            0        2.844
  369       12.04       1.359        1.434    0.0007394            0        2.793
  370       12.43       1.305        1.438    0.0007518            0        2.744
  371       12.83       1.254         1.44     0.000762            0        2.695
  372       13.24       1.211         1.44    0.0007703            0        2.652
  373       13.67       1.184        1.432    0.0007778            0        2.617
  374       14.11       1.163        1.422    0.0007853            0        2.586
  375       14.56       1.141        1.412     0.000791            0        2.553
  376       15.03       1.109        1.395    0.0007929            0        2.505
  377       15.51       1.076        1.376    0.0007843            0        2.453
  378       16.01       1.033        1.364    0.0007674            0        2.398
  379       16.52      0.9934        1.352    0.0007414            0        2.346
  380       17.06      0.9563        1.341    0.0007055            0        2.298
  381        17.6      0.9506        1.333    0.0006607            0        2.284
  382       18.17      0.9517        1.318    0.0006093            0         2.27
  383       18.76      0.9505        1.305    0.0005543            0        2.256
  384       19.36      0.9547         1.29    0.0004971            0        2.245
  385       19.98      0.9539        1.281    0.0004388            0        2.236
  386       20.62      0.9798        1.297            0            0        2.277
  387       21.29      0.9867        1.291            0            0        2.278
  388       21.97      0.9939        1.285            0            0        2.279
  389       22.68       1.001        1.279            0            0         2.28
  390       23.41       1.009        1.272            0            0        2.281
  391       24.16       1.025        1.265            0            0        2.291
  392       24.94       1.043        1.259            0            0        2.303
  393       25.74       1.062        1.243            0            0        2.305
  394       26.57       1.084        1.226            0            0         2.31
  395       27.42       1.111         1.21            0            0        2.321
  396       28.31       1.139          1.2            0            0        2.339
  397       29.22       1.168        1.189            0            0        2.357
  398       30.16       1.199        1.178            0            0        2.376
  399       31.13        1.23        1.165            0            0        2.395
  400       32.13       1.263        1.152            0            0        2.414
  401       33.16        1.29        1.137            0            0        2.427
  402       34.23       1.315        1.122            0            0        2.437
  403       35.33       1.341        1.105            0            0        2.446
  404       36.46       1.368        1.088            0            0        2.456
  405       37.64       1.393        1.072            0            0        2.465
  406       38.85        1.42        1.055            0            0        2.475
  407        40.1       1.447        1.039            0            0        2.486
  408       41.39       1.471        1.026            0            0        2.497
  409       42.72       1.497        1.013            0            0        2.509
  410       44.09       1.523       0.9994            0            0        2.522
  411       45.51       1.542       0.9867            0            0        2.529
  412       46.98       1.556       0.9762            0            0        2.532
  413       48.49       1.571       0.9656            0            0        2.536
  414       50.05       1.583       0.9547            0            0        2.538
  415       51.66       1.588       0.9434            0            0        2.531
  416       53.32       1.592       0.9318            0            0        2.523
  417       55.03       1.596       0.9198            0            0        2.516
  418        56.8       1.591       0.9074            0            0        2.499
  419       58.63       1.584       0.8946            0            0        2.479
  420       60.52       1.577       0.8832            0            0         2.46
  421       62.46       1.561       0.8727            0            0        2.433
  422       64.47       1.532       0.8626            0            0        2.395
  423       66.55       1.503       0.8523            0            0        2.356
  424       68.69       1.473       0.8416            0            0        2.315
  425        70.9       1.442       0.8319            0            0        2.273
  426       73.18       1.409       0.8239            0            0        2.233
  427       75.53       1.375       0.8156            0            0         2.19
  428       77.96       1.339       0.8071            0            0        2.146
  429       80.47       1.302       0.7994            0            0        2.101
  430       83.06       1.264       0.7939            0            0        2.058
  431       85.73       1.225       0.7885            0            0        2.013
  432       88.49       1.185       0.7832            0            0        1.968
  433       91.33       1.145        0.778            0            0        1.923
  434       94.27       1.103       0.7736            0            0        1.876
  435        97.3       1.062        0.769            0            0        1.831
  436       100.4        1.02       0.7653            0            0        1.785
  437       103.7      0.9767       0.7623            0            0        1.739
  438         107      0.9323       0.7598            0            0        1.692
  439       110.4      0.8867       0.7572            0            0        1.644
  440         114      0.8396       0.7545            0            0        1.594
  441       117.7      0.7924       0.7516            0            0        1.544
  442       121.4      0.7526        0.748            0            0        1.501
  443       125.4      0.7116       0.7433            0            0        1.455
  444       129.4      0.6693       0.7383            0            0        1.408
  445       133.5      0.6315       0.7331            0            0        1.365
  446       137.8      0.5945       0.7277            0            0        1.322
  447       142.3      0.5563       0.7242            0            0         1.28
  448       146.9      0.5204       0.7218            0            0        1.242
  449       151.6      0.4896         0.72            0            0         1.21
  450       156.4      0.4578         0.72            0            0        1.178
  451       161.5       0.425       0.7188            0            0        1.144
  452       166.7      0.4066       0.7167            0            0        1.123
  453         172      0.3879        0.714            0            0        1.102
  454       177.6      0.3685       0.7112            0            0         1.08
  455       183.3      0.3554       0.7084            0            0        1.064
  456       189.2      0.3465       0.7054            0            0        1.052
  457       195.3      0.3373       0.7024            0            0         1.04
  458       201.5      0.3295       0.7007            0            0         1.03
  459         208      0.3273          0.7            0            0        1.027
  460       214.7       0.325          0.7            0            0        1.025
  461       221.6      0.3226          0.7            0            0        1.023
  462       228.8      0.3202          0.7            0            0         1.02
  463       236.1      0.3177          0.7            0            0        1.018
  464       243.7      0.3151          0.7            0            0        1.015
  465       251.6      0.3141          0.7            0            0        1.014
  466       259.6      0.3149          0.7            0            0        1.015
  467         268      0.3158          0.7            0            0        1.016
  468       276.6      0.3167          0.7            0            0        1.017
  469       285.5      0.3176          0.7            0            0        1.018
  470       294.7      0.3185       0.7001            0            0        1.019
  471       304.2      0.3194        0.701            0            0         1.02
  472         314      0.3194       0.7034            0            0        1.023
  473       324.1       0.319       0.7058            0            0        1.025
  474       334.5      0.3186       0.7083            0            0        1.027
  475       345.2      0.3194       0.7103            0            0         1.03
  476       356.3      0.3228        0.711            0            0        1.034
  477       367.8      0.3263       0.7095            0            0        1.036
  478       379.6      0.3299       0.7079            0            0        1.038
  479       391.9      0.3324       0.7066            0            0        1.039
  480       404.5      0.3348       0.7067            0            0        1.042
  481       417.5      0.3373       0.7102            0            0        1.048
  482       430.9      0.3386       0.7143            0            0        1.053
  483       444.8      0.3389       0.7184            0            0        1.057
  484       459.1      0.3392       0.7227            0            0        1.062
  485       473.8      0.3397       0.7271            0            0        1.067
  486       489.1      0.3413       0.7316            0            0        1.073
  487       504.8      0.3429       0.7357            0            0        1.079
  488         521      0.3446       0.7382            0            0        1.083
  489       537.8      0.3476       0.7407            0            0        1.088
  490       555.1       0.351       0.7433            0            0        1.094
  491         573      0.3546       0.7459            0            0        1.101
  492       591.4      0.3576       0.7487            0            0        1.106
  493       610.4      0.3597       0.7516            0            0        1.111
  494         630      0.3618       0.7545            0            0        1.116
  495       650.3       0.364       0.7575            0            0        1.122
  496       671.2      0.3665       0.7607            0            0        1.127
  497       692.8      0.3691       0.7637            0            0        1.133
  498       715.1      0.3717       0.7665            0            0        1.138
  499       738.1      0.3756       0.7688            0            0        1.144
  500       761.9      0.3803       0.7712            0            0        1.151
  501       786.4      0.3852       0.7735            0            0        1.159
  502       811.7        0.39       0.7756            0            0        1.166
  503       837.8      0.3944       0.7769            0            0        1.171
  504       864.7       0.399       0.7782            0            0        1.177
  505       892.5      0.4037       0.7802            0            0        1.184
  506       921.2      0.4105       0.7832            0            0        1.194
  507       950.9      0.4179       0.7876            0            0        1.205
  508       981.5      0.4254       0.7922            0            0        1.218
  509        1013      0.4298       0.7952            0            0        1.225
  510        1046      0.4308       0.7964            0            0        1.227
  511        1079      0.4317       0.7974            0            0        1.229
  512        1114      0.4327       0.7984            0            0        1.231
  513        1150      0.4336       0.7995            0            0        1.233
  514        1187      0.4345       0.8006            0            0        1.235
  515        1225      0.4354       0.8017            0            0        1.237
  516        1264      0.4363       0.8029            0            0        1.239
  517        1305      0.4373       0.8042            0            0        1.241
  518        1347      0.4383       0.8054            0            0        1.244
  519        1390      0.4393       0.8067            0            0        1.246
  520        1435      0.4403       0.8081            0            0        1.248
  521        1481      0.4413       0.8093            0            0        1.251
  522        1529      0.4423       0.8101            0            0        1.252
  523        1578      0.4428       0.8105            0            0        1.253
  524        1629      0.4433       0.8108            0            0        1.254
  525        1681      0.4438       0.8111            0            0        1.255
  526        1735      0.4444       0.8114            0            0        1.256
  527        1791      0.4449       0.8117            0            0        1.257
  528        1849      0.4455       0.8121            0            0        1.258
  529        1908       0.446       0.8124            0            0        1.258
  530        1970      0.4464       0.8128            0            0        1.259
  531        2033      0.4468       0.8128            0            0         1.26
  532        2098      0.4473       0.8127            0            0         1.26
  533        2166      0.4475       0.8125            0            0         1.26
  534        2236      0.4477       0.8123            0            0         1.26
  535        2307      0.4479       0.8121            0            0         1.26
  536        2382      0.4481       0.8119            0            0         1.26
  537        2458      0.4484       0.8116            0            0         1.26
  538        2537      0.4486       0.8114            0            0         1.26
  539        2619      0.4489       0.8111            0            0         1.26
  540        2703      0.4491       0.8109            0            0         1.26
  541        2790      0.4494       0.8106            0            0         1.26
  542        2880      0.4496       0.8104            0            0         1.26
  543        2973      0.4498       0.8099            0            0         1.26
  544        3068      0.4498       0.8091            0            0        1.259
  545        3167      0.4498       0.8078            0            0        1.258
  546        3269      0.4499       0.8065            0            0        1.256
  547        3374      0.4498       0.8051            0            0        1.255
  548        3482      0.4498       0.8037            0            0        1.253
  549        3594      0.4497       0.8023            0            0        1.252
  550        3710      0.4496       0.8008            0            0         1.25
  551        3829      0.4496       0.7992            0            0        1.249
  552        3953      0.4495       0.7976            0            0        1.247
  553        4080      0.4495        0.796            0            0        1.245
  554        4211      0.4494       0.7943            0            0        1.244
  555        4346      0.4493       0.7925            0            0        1.242
  556        4486      0.4493       0.7907            0            0         1.24
  557        4630      0.4492       0.7888            0            0        1.238
  558        4779      0.4491       0.7869            0            0        1.236
  559        4933       0.449       0.7849            0            0        1.234
  560        5092      0.4491       0.7828            0            0        1.232
  561        5256      0.4491       0.7805            0            0         1.23
  562        5425      0.4492       0.7783            0            0        1.227
  563        5599      0.4493       0.7759            0            0        1.225
  564        5779      0.4494       0.7735            0            0        1.223
  565        5965      0.4495        0.771            0            0         1.22
  566        6157      0.4496       0.7684            0            0        1.218
  567        6355      0.4497       0.7657            0            0        1.215
  568        6560      0.4498       0.7629            0            0        1.213
  569        6771      0.4499       0.7601            0            0         1.21
  570        6988      0.4496       0.7578            0            0        1.207
  571        7213      0.4492        0.756            0            0        1.205
  572        7445      0.4487       0.7549            0            0        1.204
  573        7685      0.4482       0.7538            0            0        1.202
  574        7932      0.4475       0.7527            0            0          1.2
  575        8187      0.4468       0.7515            0            0        1.198
  576        8450      0.4461       0.7502            0            0        1.196
  577        8722      0.4454        0.749            0            0        1.194
  578        9003      0.4447       0.7477            0            0        1.192
  579        9292      0.4439       0.7463            0            0         1.19
  580        9591       0.443       0.7449            0            0        1.188
  581        9900       0.442       0.7436            0            0        1.186
  582   1.022e+04       0.441       0.7428            0            0        1.184
  583   1.055e+04        0.44       0.7426            0            0        1.183
  584   1.089e+04      0.4387       0.7423            0            0        1.181
  585   1.124e+04      0.4374        0.742            0            0        1.179
  586    1.16e+04      0.4361       0.7417            0            0        1.178
  587   1.197e+04      0.4347       0.7414            0            0        1.176
  588   1.236e+04      0.4333       0.7411            0            0        1.174
  589   1.275e+04      0.4318       0.7408            0            0        1.173
  590   1.316e+04      0.4303       0.7405            0            0        1.171
  591   1.359e+04      0.4287       0.7401            0            0        1.169
  592   1.402e+04      0.4271       0.7398            0            0        1.167
  593   1.448e+04      0.4254       0.7394            0            0        1.165
  594   1.494e+04      0.4237        0.739            0            0        1.163
  595   1.542e+04      0.4219       0.7387            0            0        1.161
  596   1.592e+04      0.4201       0.7383            0            0        1.158
  597   1.643e+04      0.4182       0.7379            0            0        1.156
  598   1.696e+04      0.4163       0.7374            0            0        1.154
  599    1.75e+04      0.4142        0.737            0            0        1.151
  600   1.807e+04      0.4122       0.7365            0            0        1.149
  601   1.865e+04        0.41       0.7361            0            0        1.146
  602   1.925e+04      0.4078       0.7356            0            0        1.143
  603   1.987e+04      0.4055       0.7351            0            0        1.141
  604   2.051e+04      0.4048       0.7348            0            0         1.14
  605   2.117e+04      0.4046       0.7346            0            0        1.139
  606   2.185e+04      0.4044       0.7344            0            0        1.139
  607   2.255e+04      0.4042       0.7342            0            0        1.138
  608   2.327e+04       0.404        0.734            0            0        1.138
  609   2.402e+04      0.4038       0.7339            0            0        1.138
  610    2.48e+04      0.4036       0.7337            0            0        1.137
  611   2.559e+04      0.4035       0.7335            0            0        1.137
  612   2.642e+04      0.4033       0.7333            0            0        1.137
  613   2.727e+04      0.4031       0.7332            0            0        1.136
  614   2.814e+04       0.403        0.733            0            0        1.136
  615   2.905e+04      0.4028       0.7329            0            0        1.136
  616   2.998e+04      0.4027       0.7327            0            0        1.135
  617   3.095e+04      0.4025       0.7326            0            0        1.135
  618   3.194e+04      0.4024       0.7325            0            0        1.135
  619   3.297e+04      0.4023       0.7323            0            0        1.135
  620   3.403e+04      0.4022       0.7322            0            0        1.134
  621   3.513e+04      0.4021       0.7321            0            0        1.134
  622   3.626e+04      0.4019        0.732            0            0        1.134
  623   3.742e+04      0.4019       0.7319            0            0        1.134
  624   3.863e+04      0.4018       0.7318            0            0        1.134
  625   3.987e+04      0.4017       0.7317            0            0        1.133
  626   4.115e+04      0.4016       0.7317            0            0        1.133
  627   4.247e+04      0.4015       0.7316            0            0        1.133
  628   4.384e+04      0.4015       0.7315            0            0        1.133
  629   4.525e+04      0.4014       0.7315            0            0        1.133
  630   4.671e+04      0.4013       0.7314            0            0        1.133
  631   4.821e+04      0.4013       0.7314            0            0        1.133
  632   4.976e+04      0.4013       0.7313            0            0        1.133
  633   5.136e+04      0.4012       0.7313            0            0        1.133
  634   5.301e+04      0.4012       0.7313            0            0        1.132
  635   5.472e+04      0.4012       0.7313            0            0        1.132
  636   5.648e+04      0.4012       0.7313            0            0        1.132
  637   5.829e+04      0.4012       0.7313            0            0        1.132
  638   6.017e+04      0.4012       0.7313            0            0        1.132
  639    6.21e+04      0.4012       0.7313            0            0        1.132
  640    6.41e+04      0.4012       0.7313            0            0        1.132
  641   6.616e+04      0.4012       0.7313            0            0        1.133
  642   6.829e+04      0.4013       0.7313            0            0        1.133
  643   7.049e+04      0.4013       0.7314            0            0        1.133
  644   7.276e+04      0.4013       0.7314            0            0        1.133
  645    7.51e+04      0.4014       0.7315            0            0        1.133
  646   7.751e+04      0.4014       0.7315            0            0        1.133
  647   8.001e+04      0.4015       0.7316            0            0        1.133
  648   8.258e+04      0.4016       0.7317            0            0        1.133
  649   8.524e+04      0.4017       0.7317            0            0        1.133
  650   8.798e+04      0.4017       0.7318            0            0        1.134
  651   9.081e+04      0.4018       0.7319            0            0        1.134
  652   9.373e+04      0.4019        0.732            0            0        1.134
  653   9.674e+04       0.402       0.7321            0            0        1.134
  654   9.986e+04      0.4021       0.7322            0            0        1.134
  655   1.031e+05      0.4023       0.7323            0            0        1.135
  656   1.064e+05      0.4024       0.7324            0            0        1.135
  657   1.098e+05      0.4025       0.7326            0            0        1.135
  658   1.133e+05      0.4027       0.7327            0            0        1.135
  659    1.17e+05      0.4028       0.7328            0            0        1.136
  660   1.207e+05      0.4029        0.733            0            0        1.136
  661   1.246e+05      0.4031       0.7331            0            0        1.136
  662   1.286e+05      0.4033       0.7333            0            0        1.137
  663   1.328e+05      0.4034       0.7335            0            0        1.137
  664    1.37e+05      0.4036       0.7336            0            0        1.137
  665   1.415e+05      0.4038       0.7338            0            0        1.138
  666    1.46e+05       0.404        0.734            0            0        1.138
  667   1.507e+05      0.4042       0.7342            0            0        1.138
  668   1.556e+05      0.4044       0.7344            0            0        1.139
  669   1.606e+05      0.4046       0.7346            0            0        1.139
  670   1.657e+05      0.4048       0.7348            0            0         1.14
  671   1.711e+05       0.405        0.735            0            0         1.14
  672   1.766e+05      0.4053       0.7353            0            0        1.141
  673   1.822e+05      0.4055       0.7355            0            0        1.141
  674   1.881e+05      0.4057       0.7357            0            0        1.141
  675   1.941e+05       0.406        0.736            0            0        1.142
  676   2.004e+05      0.4062       0.7362            0            0        1.142
  677   2.068e+05      0.4065       0.7365            0            0        1.143
  678   2.135e+05      0.4068       0.7367            0            0        1.144
  679   2.204e+05       0.407        0.737            0            0        1.144
  680   2.274e+05      0.4073       0.7373            0            0        1.145
  681   2.348e+05      0.4076       0.7375            0            0        1.145
  682   2.423e+05      0.4079       0.7378            0            0        1.146
  683   2.501e+05      0.4082       0.7381            0            0        1.146
  684   2.582e+05      0.4085       0.7384            0            0        1.147
  685   2.665e+05      0.4088       0.7387            0            0        1.148
  686    2.75e+05      0.4091        0.739            0            0        1.148
  687   2.839e+05      0.4094       0.7393            0            0        1.149
  688    2.93e+05      0.4098       0.7397            0            0        1.149
  689   3.024e+05      0.4101         0.74            0            0         1.15
  690   3.122e+05      0.4104       0.7403            0            0        1.151
  691   3.222e+05      0.4108       0.7406            0            0        1.151
  692   3.326e+05      0.4111        0.741            0            0        1.152
  693   3.433e+05      0.4115       0.7413            0            0        1.153
  694   3.543e+05      0.4119       0.7417            0            0        1.154
  695   3.657e+05      0.4122        0.742            0            0        1.154
  696   3.775e+05      0.4126       0.7424            0            0        1.155
  697   3.896e+05       0.413       0.7428            0            0        1.156
  698   4.021e+05      0.4134       0.7432            0            0        1.157
  699   4.151e+05      0.4138       0.7435            0            0        1.157
  700   4.284e+05      0.4142       0.7439            0            0        1.158
  701   4.422e+05      0.4146       0.7443            0            0        1.159
  702   4.564e+05       0.415       0.7447            0            0         1.16
  703   4.711e+05      0.4154       0.7451            0            0         1.16
  704   4.863e+05      0.4158       0.7455            0            0        1.161
  705   5.019e+05      0.4162       0.7459            0            0        1.162
  706   5.181e+05      0.4166       0.7463            0            0        1.163
  707   5.347e+05      0.4171       0.7468            0            0        1.164
  708   5.519e+05      0.4175       0.7472            0            0        1.165
  709   5.697e+05       0.418       0.7476            0            0        1.166
  710    5.88e+05      0.4184       0.7481            0            0        1.166
  711   6.069e+05      0.4189       0.7485            0            0        1.167
  712   6.264e+05      0.4193       0.7489            0            0        1.168
  713   6.466e+05      0.4198       0.7494            0            0        1.169
  714   6.674e+05      0.4203       0.7498            0            0         1.17
  715   6.889e+05      0.4208       0.7503            0            0        1.171
  716    7.11e+05      0.4212       0.7508            0            0        1.172
  717   7.339e+05      0.4217       0.7512            0            0        1.173
  718   7.575e+05      0.4222       0.7517            0            0        1.174
  719   7.819e+05      0.4227       0.7522            0            0        1.175
  720    8.07e+05      0.4232       0.7527            0            0        1.176
  721    8.33e+05      0.4237       0.7532            0            0        1.177
  722   8.598e+05      0.4242       0.7537            0            0        1.178
  723   8.874e+05      0.4248       0.7542            0            0        1.179
  724    9.16e+05      0.4253       0.7547            0            0         1.18
  725   9.454e+05      0.4258       0.7552            0            0        1.181
  726   9.758e+05      0.4263       0.7557            0            0        1.182
  727   1.007e+06      0.4269       0.7562            0            0        1.183
  728    1.04e+06      0.4274       0.7567            0            0        1.184
  729   1.073e+06       0.428       0.7573            0            0        1.185
  730   1.108e+06      0.4285       0.7578            0            0        1.186
  731   1.143e+06      0.4291       0.7583            0            0        1.187
  732    1.18e+06      0.4296       0.7589            0            0        1.188
  733   1.218e+06      0.4302       0.7594            0            0         1.19
  734   1.257e+06      0.4308       0.7599            0            0        1.191
  735   1.298e+06      0.4314       0.7605            0            0        1.192
  736   1.339e+06      0.4319       0.7611            0            0        1.193
  737   1.382e+06      0.4325       0.7616            0            0        1.194
  738   1.427e+06      0.4331       0.7622            0            0        1.195
  739   1.473e+06      0.4337       0.7627            0            0        1.196
  740    1.52e+06      0.4343       0.7633            0            0        1.198
  741   1.569e+06      0.4349       0.7639            0            0        1.199
  742   1.619e+06      0.4355       0.7645            0            0          1.2
  743   1.672e+06      0.4361       0.7651            0            0        1.201
  744   1.725e+06      0.4367       0.7656            0            0        1.202
  745   1.781e+06      0.4374       0.7662            0            0        1.204
  746   1.838e+06       0.438       0.7668            0            0        1.205
  747   1.897e+06      0.4386       0.7674            0            0        1.206
  748   1.958e+06      0.4392        0.768            0            0        1.207
  749   2.021e+06      0.4399       0.7686            0            0        1.209
  750   2.086e+06      0.4405       0.7692            0            0         1.21
  751   2.153e+06      0.4412       0.7699            0            0        1.211
  752   2.223e+06      0.4418       0.7705            0            0        1.212
  753   2.294e+06      0.4425       0.7711            0            0        1.214
  754   2.368e+06      0.4431       0.7717            0            0        1.215
  755   2.444e+06      0.4438       0.7724            0            0        1.216
  756   2.523e+06      0.4445        0.773            0            0        1.217
  757   2.604e+06      0.4451       0.7736            0            0        1.219
  758   2.688e+06      0.4458       0.7743            0            0         1.22
  759   2.774e+06      0.4465       0.7749            0            0        1.221
  760   2.863e+06      0.4472       0.7755            0            0        1.223
  761   2.955e+06      0.4479       0.7762            0            0        1.224
  762   3.051e+06      0.4485       0.7768            0            0        1.225
  763   3.149e+06      0.4492       0.7775            0            0        1.227
  764    3.25e+06      0.4499       0.7782            0            0        1.228
  765   3.354e+06      0.4506       0.7788            0            0        1.229
  766   3.462e+06      0.4513       0.7795            0            0        1.231
  767   3.574e+06      0.4521       0.7802            0            0        1.232
  768   3.689e+06      0.4528       0.7808            0            0        1.234
  769   3.807e+06      0.4535       0.7815            0            0        1.235
  770    3.93e+06      0.4542       0.7822            0            0        1.236
  771   4.056e+06      0.4549       0.7829            0            0        1.238
  772   4.187e+06      0.4557       0.7836            0            0        1.239
  773   4.321e+06      0.4564       0.7842            0            0        1.241
  774    4.46e+06      0.4571       0.7849            0            0        1.242
  775   4.604e+06      0.4579       0.7856            0            0        1.243
  776   4.752e+06      0.4586       0.7863            0            0        1.245
  777   4.905e+06      0.4593        0.787            0            0        1.246
  778   5.063e+06      0.4601       0.7877            0            0        1.248
  779   5.225e+06      0.4608       0.7884            0            0        1.249
  780   5.394e+06      0.4616       0.7891            0            0        1.251
  781   5.567e+06      0.4624       0.7899            0            0        1.252
  782   5.746e+06      0.4631       0.7906            0            0        1.254
  783   5.931e+06      0.4639       0.7913            0            0        1.255
  784   6.122e+06      0.4647        0.792            0            0        1.257
  785   6.319e+06      0.4654       0.7927            0            0        1.258
  786   6.522e+06      0.4662       0.7934            0            0         1.26
  787   6.732e+06       0.467       0.7942            0            0        1.261
  788   6.948e+06      0.4678       0.7949            0            0        1.263
  789   7.172e+06      0.4686       0.7956            0            0        1.264
  790   7.402e+06      0.4693       0.7964            0            0        1.266
  791   7.641e+06      0.4701       0.7971            0            0        1.267
  792   7.886e+06      0.4709       0.7979            0            0        1.269
  793    8.14e+06      0.4717       0.7986            0            0         1.27
  794   8.402e+06      0.4725       0.7993            0            0        1.272
  795   8.672e+06      0.4733       0.8001            0            0        1.273
  796   8.951e+06      0.4741       0.8008            0            0        1.275
  797   9.239e+06       0.475       0.8016            0            0        1.277
  798   9.536e+06      0.4758       0.8023            0            0        1.278
  799   9.843e+06      0.4766       0.8031            0            0         1.28
-------------------------------------------------------------
### neutron 5 GeV on G4_Fe xs/X0= 8.54757
G4WT0 > ================== Deleting memory pools ===================
G4WT0 > Number of memory pools allocated: 9; of which, static: 0
G4WT0 > Dynamic pools deleted: 9 / Total memory freed: 0.013 MB
G4WT0 > ============================================================
================== Deleting memory pools ===================
Number of memory pools allocated: 4; of which, static: 0
Dynamic pools deleted: 4 / Total memory freed: 0.0058 MB
============================================================
