
        ############################################
        !!! WARNING - FPE detection is activated !!!
        ############################################

**************************************************************
 Geant4 version Name: geant4-11-02-ref-06 [MT]   (28-June-2024)
  << in Multi-threaded mode >> 
                       Copyright : Geant4 Collaboration
                      References : NIM A 506 (2003), 250-303
                                 : IEEE-TNS 53 (2006), 270-278
                                 : NIM A 835 (2016), 186-225
                             WWW : http://geant4.org/
**************************************************************

##### Hadr00 started for 1 threads #####
G4PhysListFactory::GetReferencePhysList <QGSP_BIC_AllHP>  EMoption= 0
<<< Geant4 Physics List simulation engine: QGSP_BIC_AllHP


/run/verbose 1
/tracking/verbose 0
/testhadr/TargetMat G4_PbWO4
/testhadr/targetElm Pb
/testhadr/TargetRadius 1 cm
/testhadr/TargetLength 10 cm
/run/printProgress 10
/run/initialize

==========================================================================================
G4TaskRunManager :: Using G4ThreadPool...
==========================================================================================

### Target consist of G4_PbWO4 disks with R(mm)= 10  fLength(mm)= 100  ###

***** Table : Nb of materials = 3 *****

 Material:    G4_Al    density:  2.699 g/cm3   RadL:   8.896 cm   Nucl.Int.Length:  38.894 cm 
                       Imean: 166.000 eV   temperature: 293.15 K  pressure:   1.00 atm

   --->  Element: Al (Al)   Z = 13.0   N =    27   A = 26.982 g/mole
         --->  Isotope:  Al27   Z = 13   N =  27   A =  26.98 g/mole   abundance: 100.000 %
          ElmMassFraction: 100.00 %  ElmAbundance 100.00 % 


 Material: G4_Galactic    density:  0.000 mg/cm3  RadL: 204310098.490 pc   Nucl.Int.Length: 113427284.261 pc 
                       Imean:  21.800 eV   temperature:   2.73 K  pressure:   0.00 atm

   --->  Element: H (H)   Z =  1.0   N =     1   A =  1.008 g/mole
         --->  Isotope:    H1   Z =  1   N =   1   A =   1.01 g/mole   abundance: 99.989 %
         --->  Isotope:    H2   Z =  1   N =   2   A =   2.01 g/mole   abundance:  0.011 %
          ElmMassFraction: 100.00 %  ElmAbundance 100.00 % 


 Material: G4_PbWO4    density:  8.280 g/cm3   RadL:   8.925 mm   Nucl.Int.Length:  20.740 cm 
                       Imean: 542.741 eV   temperature: 293.15 K  pressure:   1.00 atm

   --->  Element: O (O)   Z =  8.0   N =    16   A = 15.999 g/mole
         --->  Isotope:   O16   Z =  8   N =  16   A =  15.99 g/mole   abundance: 99.757 %
         --->  Isotope:   O17   Z =  8   N =  17   A =  17.00 g/mole   abundance:  0.038 %
         --->  Isotope:   O18   Z =  8   N =  18   A =  18.00 g/mole   abundance:  0.205 %
          ElmMassFraction:  14.06 %  ElmAbundance  66.67 % 

   --->  Element: Pb (Pb)   Z = 82.0   N =   207   A = 207.217 g/mole
         --->  Isotope: Pb204   Z = 82   N = 204   A = 203.97 g/mole   abundance:  1.400 %
         --->  Isotope: Pb206   Z = 82   N = 206   A = 205.97 g/mole   abundance: 24.100 %
         --->  Isotope: Pb207   Z = 82   N = 207   A = 206.98 g/mole   abundance: 22.100 %
         --->  Isotope: Pb208   Z = 82   N = 208   A = 207.98 g/mole   abundance: 52.400 %
          ElmMassFraction:  45.54 %  ElmAbundance  16.67 % 

   --->  Element: W (W)   Z = 74.0   N =   184   A = 183.842 g/mole
         --->  Isotope:  W180   Z = 74   N = 180   A = 179.95 g/mole   abundance:  0.120 %
         --->  Isotope:  W182   Z = 74   N = 182   A = 181.95 g/mole   abundance: 26.500 %
         --->  Isotope:  W183   Z = 74   N = 183   A = 182.95 g/mole   abundance: 14.310 %
         --->  Isotope:  W184   Z = 74   N = 184   A = 183.95 g/mole   abundance: 30.640 %
         --->  Isotope:  W186   Z = 74   N = 186   A = 185.95 g/mole   abundance: 28.430 %
          ElmMassFraction:  40.40 %  ElmAbundance  16.67 % 



@@@ G4ParticleHPInelasticData instantiated for particle neutron data directory variable is G4NEUTRONHPDATA pointing to /cvmfs/geant4.cern.ch/share/data/G4NDL4.7.1
@@@ G4ParticleHPInelasticData instantiated for particle proton data directory variable is G4PROTONHPDATA pointing to /cvmfs/geant4.cern.ch/share/data/G4TENDL1.4/Proton
@@@ G4ParticleHPInelasticData instantiated for particle deuteron data directory variable is G4DEUTERONHPDATA pointing to /cvmfs/geant4.cern.ch/share/data/G4TENDL1.4/Deuteron
@@@ G4ParticleHPInelasticData instantiated for particle triton data directory variable is G4TRITONHPDATA pointing to /cvmfs/geant4.cern.ch/share/data/G4TENDL1.4/Triton
@@@ G4ParticleHPInelasticData instantiated for particle He3 data directory variable is G4HE3HPDATA pointing to /cvmfs/geant4.cern.ch/share/data/G4TENDL1.4/He3
@@@ G4ParticleHPInelasticData instantiated for particle alpha data directory variable is G4ALPHAHPDATA pointing to /cvmfs/geant4.cern.ch/share/data/G4TENDL1.4/Alpha
/run/physicsModified
=======================================================================
======                 Electromagnetic Physics Parameters      ========
=======================================================================
LPM effect enabled                                 1
Enable creation and use of sampling tables         0
Apply cuts on all EM processes                     0
Use combined TransportationWithMsc                 Disabled
Use general process                                1
Enable linear polarisation for gamma               0
Enable photoeffect sampling below K-shell          1
Enable sampling of quantum entanglement            0
X-section factor for integral approach             0.8
Min kinetic energy for tables                      100 eV 
Max kinetic energy for tables                      100 TeV
Number of bins per decade of a table               20
Verbose level                                      1
Verbose level for worker thread                    0
Bremsstrahlung energy threshold above which 
  primary e+- is added to the list of secondary    100 TeV
Bremsstrahlung energy threshold above which primary
  muon/hadron is added to the list of secondary    100 TeV
Lowest triplet kinetic energy                      1 MeV
Enable sampling of gamma linear polarisation       0
5D gamma conversion model type                     0
5D gamma conversion model on isolated ion          0
Livermore data directory                           epics_2017
=======================================================================
======                 Ionisation Parameters                   ========
=======================================================================
Step function for e+-                              (0.2, 0.01 mm)
Step function for muons/hadrons                    (0.1, 0.05 mm)
Step function for light ions                       (0.1, 0.02 mm)
Step function for general ions                     (0.1, 0.001 mm)
Lowest e+e- kinetic energy                         100 eV 
Lowest muon/hadron kinetic energy                  1 keV
Use ICRU90 data                                    1
Fluctuations of dE/dx are enabled                  1
Type of fluctuation model for leptons and hadrons  Urban
Use built-in Birks satuaration                     0
Build CSDA range enabled                           0
Use cut as a final range enabled                   0
Enable angular generator interface                 1
Max kinetic energy for CSDA tables                 1 GeV
Max kinetic energy for NIEL computation            1 MeV
Linear loss limit                                  0.01
Read data from file for e+e- pair production by mu 0
=======================================================================
======                 Multiple Scattering Parameters          ========
=======================================================================
Type of msc step limit algorithm for e+-           2
Type of msc step limit algorithm for muons/hadrons 0
Msc lateral displacement for e+- enabled           1
Msc lateral displacement for muons and hadrons     1
Urban msc model lateral displacement alg96         1
Range factor for msc step limit for e+-            0.08
Range factor for msc step limit for muons/hadrons  0.2
Geometry factor for msc step limitation of e+-     2.5
Safety factor for msc step limit for e+-           0.6
Skin parameter for msc step limitation of e+-      3
Lambda limit for msc step limit for e+-            1 mm
Use Mott correction for e- scattering              1
Factor used for dynamic computation of angular 
  limit between single and multiple scattering     1
Fixed angular limit between single 
  and multiple scattering                          3.1416 rad
Upper energy limit for e+- multiple scattering     100 MeV
Type of electron single scattering model           0
Type of nuclear form-factor                        1
Screening factor                                   1
=======================================================================
======                 Atomic Deexcitation Parameters          ========
=======================================================================
Fluorescence enabled                               1
Directory in G4LEDATA for fluorescence data files  fluor
Auger electron cascade enabled                     1
PIXE atomic de-excitation enabled                  0
De-excitation module ignores cuts                  1
Type of PIXE cross section for hadrons             Empirical
Type of PIXE cross section for e+-                 Livermore
=======================================================================

### ===  Deexcitation model UAtomDeexcitation is activated for 1 region:
          DefaultRegionForTheWorld  1  1  0
### ===  Auger flag: 1
### ===  Ignore cuts flag:   1

phot:  for gamma SubType=12 BuildTable=0
      LambdaPrime table from 200 keV to 100 TeV in 174 bins 
      ===== EM models for the G4Region  DefaultRegionForTheWorld ======
 LivermorePhElectric : Emin=    0 eV  Emax=  100 TeV  SauterGavrila Fluo

compt:  for gamma SubType=13 BuildTable=1
      Lambda table from 100 eV  to 1 MeV, 20 bins/decade, spline: 1
      LambdaPrime table from 1 MeV to 100 TeV in 160 bins 
      ===== EM models for the G4Region  DefaultRegionForTheWorld ======
   LowEPComptonModel : Emin=    0 eV  Emax=   20 MeV Fluo
        KleinNishina : Emin=   20 MeV Emax=  100 TeV Fluo

conv:  for gamma SubType=14 BuildTable=1
      Lambda table from 1.022 MeV to 100 TeV, 20 bins/decade, spline: 1
      ===== EM models for the G4Region  DefaultRegionForTheWorld ======
      BetheHeitler5D : Emin=    0 eV  Emax=  100 TeV  ModifiedTsai

Rayl:  for gamma SubType=11 BuildTable=1
      Lambda table from 100 eV  to 150 keV, 20 bins/decade, spline: 0
      LambdaPrime table from 150 keV to 100 TeV in 176 bins 
      ===== EM models for the G4Region  DefaultRegionForTheWorld ======
   LivermoreRayleigh : Emin=    0 eV  Emax=  100 TeV  CullenGenerator

msc:  for e-  SubType= 10
      ===== EM models for the G4Region  DefaultRegionForTheWorld ======
  GoudsmitSaunderson : Emin=    0 eV  Emax=  100 MeV Nbins=120 100 eV  - 100 MeV
          StepLim=SafetyPlus Rfact=0.08 Gfact=2.5 Sfact=0.6 DispFlag:1 Skin=3 Llim=1 mm
        WentzelVIUni : Emin=  100 MeV Emax=  100 TeV Nbins=120 100 MeV - 100 TeV
          StepLim=SafetyPlus Rfact=0.08 Gfact=2.5 Sfact=0.6 DispFlag:1 Skin=3 Llim=1 mm

eIoni:  for e-  XStype:3  SubType=2
      dE/dx and range tables from 100 eV  to 100 TeV in 240 bins
      Lambda tables from threshold to 100 TeV, 20 bins/decade, spline: 1
      StepFunction=(0.2, 0.01 mm), integ: 3, fluct: 1, linLossLim= 0.01
      ===== EM models for the G4Region  DefaultRegionForTheWorld ======
             PenIoni : Emin=    0 eV  Emax=  100 keV
        MollerBhabha : Emin=  100 keV Emax=  100 TeV  deltaVI

eBrem:  for e-  XStype:4  SubType=3
      dE/dx and range tables from 100 eV  to 100 TeV in 240 bins
      Lambda tables from threshold to 100 TeV, 20 bins/decade, spline: 1
      LPM flag: 1 for E > 1 GeV,  VertexHighEnergyTh(GeV)= 100000
      ===== EM models for the G4Region  DefaultRegionForTheWorld ======
             eBremSB : Emin=    0 eV  Emax=    1 GeV  AngularGen2BS
            eBremLPM : Emin=    1 GeV Emax=  100 TeV  AngularGen2BS

ePairProd:  for e-  XStype:1  SubType=4
      dE/dx and range tables from 100 eV  to 100 TeV in 240 bins
      Lambda tables from threshold to 100 TeV, 20 bins/decade, spline: 0
      Sampling table 25x1001; from 0.1 GeV to 100 TeV 
      ===== EM models for the G4Region  DefaultRegionForTheWorld ======
           ePairProd : Emin=    0 eV  Emax=  100 TeV  ModifiedMephi

CoulombScat:  for e- XStype:1 SubType=1 BuildTable=1
      Lambda table from 100 MeV to 100 TeV, 20 bins/decade, spline: 0
      ThetaMin(p) < Theta(degree) < 180, pLimit(GeV^1)= 0.139531
      ===== EM models for the G4Region  DefaultRegionForTheWorld ======
  eCoulombScattering : Emin=  100 MeV Emax=  100 TeV

msc:  for e+  SubType= 10
      ===== EM models for the G4Region  DefaultRegionForTheWorld ======
  GoudsmitSaunderson : Emin=    0 eV  Emax=  100 MeV Nbins=120 100 eV  - 100 MeV
          StepLim=SafetyPlus Rfact=0.08 Gfact=2.5 Sfact=0.6 DispFlag:1 Skin=3 Llim=1 mm
        WentzelVIUni : Emin=  100 MeV Emax=  100 TeV Nbins=120 100 MeV - 100 TeV
          StepLim=SafetyPlus Rfact=0.08 Gfact=2.5 Sfact=0.6 DispFlag:1 Skin=3 Llim=1 mm

eIoni:  for e+  XStype:3  SubType=2
      dE/dx and range tables from 100 eV  to 100 TeV in 240 bins
      Lambda tables from threshold to 100 TeV, 20 bins/decade, spline: 1
      StepFunction=(0.2, 0.01 mm), integ: 3, fluct: 1, linLossLim= 0.01
      ===== EM models for the G4Region  DefaultRegionForTheWorld ======
             PenIoni : Emin=    0 eV  Emax=  100 keV
        MollerBhabha : Emin=  100 keV Emax=  100 TeV  deltaVI

eBrem:  for e+  XStype:4  SubType=3
      dE/dx and range tables from 100 eV  to 100 TeV in 240 bins
      Lambda tables from threshold to 100 TeV, 20 bins/decade, spline: 1
      LPM flag: 1 for E > 1 GeV,  VertexHighEnergyTh(GeV)= 100000
      ===== EM models for the G4Region  DefaultRegionForTheWorld ======
             eBremSB : Emin=    0 eV  Emax=    1 GeV  AngularGen2BS
            eBremLPM : Emin=    1 GeV Emax=  100 TeV  AngularGen2BS

ePairProd:  for e+  XStype:1  SubType=4
      dE/dx and range tables from 100 eV  to 100 TeV in 240 bins
      Lambda tables from threshold to 100 TeV, 20 bins/decade, spline: 0
      Sampling table 25x1001; from 0.1 GeV to 100 TeV 
      ===== EM models for the G4Region  DefaultRegionForTheWorld ======
           ePairProd : Emin=    0 eV  Emax=  100 TeV  ModifiedMephi

annihil:  for e+ XStype:2 SubType=5 AtRestModel:Allison BuildTable=0
      ===== EM models for the G4Region  DefaultRegionForTheWorld ======
        eplus2ggOKVI : Emin=    0 eV  Emax=  100 TeV

CoulombScat:  for e+ XStype:1 SubType=1 BuildTable=1
      Lambda table from 100 MeV to 100 TeV, 20 bins/decade, spline: 0
      ThetaMin(p) < Theta(degree) < 180, pLimit(GeV^1)= 0.139531
      ===== EM models for the G4Region  DefaultRegionForTheWorld ======
  eCoulombScattering : Emin=  100 MeV Emax=  100 TeV

msc:  for proton  SubType= 10
      ===== EM models for the G4Region  DefaultRegionForTheWorld ======
        WentzelVIUni : Emin=    0 eV  Emax=  100 TeV Nbins=240 100 eV  - 100 TeV
          StepLim=Minimal Rfact=0.2 Gfact=2.5 Sfact=0.6 DispFlag:1 Skin=3 Llim=1 mm

hIoni:  for proton  XStype:3  SubType=2
      dE/dx and range tables from 100 eV  to 100 TeV in 240 bins
      Lambda tables from threshold to 100 TeV, 20 bins/decade, spline: 1
      StepFunction=(0.1, 0.05 mm), integ: 3, fluct: 1, linLossLim= 0.01
      ===== EM models for the G4Region  DefaultRegionForTheWorld ======
               Bragg : Emin=    0 eV  Emax=    2 MeV  deltaVI
          BetheBloch : Emin=    2 MeV Emax=  100 TeV  deltaVI

hBrems:  for proton  XStype:1  SubType=3
      dE/dx and range tables from 100 eV  to 100 TeV in 240 bins
      Lambda tables from threshold to 100 TeV, 20 bins/decade, spline: 1
      ===== EM models for the G4Region  DefaultRegionForTheWorld ======
               hBrem : Emin=    0 eV  Emax=  100 TeV  ModifiedMephi

hPairProd:  for proton  XStype:1  SubType=4
      dE/dx and range tables from 100 eV  to 100 TeV in 240 bins
      Lambda tables from threshold to 100 TeV, 20 bins/decade, spline: 1
      Sampling table 17x1001; from 7.50618 GeV to 100 TeV 
      ===== EM models for the G4Region  DefaultRegionForTheWorld ======
           hPairProd : Emin=    0 eV  Emax=  100 TeV  ModifiedMephi

CoulombScat:  for proton XStype:1 SubType=1 BuildTable=1
      Lambda table from threshold  to 100 TeV, 20 bins/decade, spline: 0
      ThetaMin(p) < Theta(degree) < 180, pLimit(GeV^1)= 0.139531
      ===== EM models for the G4Region  DefaultRegionForTheWorld ======
  eCoulombScattering : Emin=    0 eV  Emax=  100 TeV

nuclearStopping:  for proton SubType=8 BuildTable=0
      ===== EM models for the G4Region  DefaultRegionForTheWorld ======
   ICRU49NucStopping : Emin=    0 eV  Emax=    1 MeV

=======================================================
======       ParticleHP Physics Parameters     ========
=======================================================
 Use only photo-evaporation      0
 Skip missing isotopes           0
 Neglect Doppler                 0
 Do not adjust final state       0
 Produce fission fragments       0
 Use WendtFissionModel           0
 Use NRESP71Model                0
 Use DBRC                        0
 PHP use Poisson                 0
 PHP check                       1
 CHECK HP NAMES                  0
 Enable DEBUG                    0
 Use probability tables from     njoy
=======================================================

@@@ G4ParticleHPInelastic instantiated for particle proton/n    data directory is /cvmfs/geant4.cern.ch/share/data/G4TENDL1.4/Proton/Inelastic

msc:  for GenericIon  SubType= 10
      ===== EM models for the G4Region  DefaultRegionForTheWorld ======
            UrbanMsc : Emin=    0 eV  Emax=  100 TeV
          StepLim=Minimal Rfact=0.2 Gfact=2.5 Sfact=0.6 DispFlag:1 Skin=3 Llim=1 mm

ionIoni:  for GenericIon  XStype:3  SubType=2
      dE/dx and range tables from 100 eV  to 100 TeV in 240 bins
      Lambda tables from threshold to 100 TeV, 20 bins/decade, spline: 1
      StepFunction=(0.1, 0.001 mm), integ: 3, fluct: 1, linLossLim= 0.02
      ===== EM models for the G4Region  DefaultRegionForTheWorld ======
    LindhardSorensen : Emin=    0 eV  Emax=  100 TeV  deltaVI

nuclearStopping:  for GenericIon SubType=8 BuildTable=0
      ===== EM models for the G4Region  DefaultRegionForTheWorld ======
   ICRU49NucStopping : Emin=    0 eV  Emax=    1 MeV
======================================================================
======          Radioactive Decay Physics Parameters           =======
======================================================================
min MeanLife (from G4NuclideTable)                1 ns 
Max life time (from G4DeexPrecoParameters)        1000 ps 
Internal e- conversion flag                       1
Stored internal conversion coefficients           1
Enabled atomic relaxation mode                    1
Enable correlated gamma emission                  0
Max 2J for sampling of angular correlations       10
Atomic de-excitation enabled                      1
Auger electron emission enabled                   1
Check EM cuts disabled for atomic de-excitation   1
Use Bearden atomic level energies                 0
Use ANSTO fluorescence model                      0
Threshold for very long decay time at rest        1 y  
======================================================================
@@@ G4ParticleHPInelastic instantiated for particle He3/n    data directory is /cvmfs/geant4.cern.ch/share/data/G4TENDL1.4/He3/Inelastic

msc:  for alpha  SubType= 10
      ===== EM models for the G4Region  DefaultRegionForTheWorld ======
            UrbanMsc : Emin=    0 eV  Emax=  100 TeV
          StepLim=Minimal Rfact=0.2 Gfact=2.5 Sfact=0.6 DispFlag:1 Skin=3 Llim=1 mm

ionIoni:  for alpha  XStype:3  SubType=2
      dE/dx and range tables from 100 eV  to 100 TeV in 240 bins
      Lambda tables from threshold to 100 TeV, 20 bins/decade, spline: 1
      StepFunction=(0.1, 0.02 mm), integ: 3, fluct: 1, linLossLim= 0.02
      ===== EM models for the G4Region  DefaultRegionForTheWorld ======
            BraggIon : Emin=    0 eV  Emax=7.9452 MeV  deltaVI
          BetheBloch : Emin=7.9452 MeV Emax=  100 TeV  deltaVI

nuclearStopping:  for alpha SubType=8 BuildTable=0
      ===== EM models for the G4Region  DefaultRegionForTheWorld ======
   ICRU49NucStopping : Emin=    0 eV  Emax=    1 MeV
@@@ G4ParticleHPInelastic instantiated for particle alpha/n    data directory is /cvmfs/geant4.cern.ch/share/data/G4TENDL1.4/Alpha/Inelastic

msc:  for anti_proton  SubType= 10
      ===== EM models for the G4Region  DefaultRegionForTheWorld ======
        WentzelVIUni : Emin=    0 eV  Emax=  100 TeV Nbins=240 100 eV  - 100 TeV
          StepLim=Minimal Rfact=0.2 Gfact=2.5 Sfact=0.6 DispFlag:1 Skin=3 Llim=1 mm

hIoni:  for anti_proton  XStype:3  SubType=2
      dE/dx and range tables from 100 eV  to 100 TeV in 240 bins
      Lambda tables from threshold to 100 TeV, 20 bins/decade, spline: 1
      StepFunction=(0.1, 0.05 mm), integ: 3, fluct: 1, linLossLim= 0.01
      ===== EM models for the G4Region  DefaultRegionForTheWorld ======
            ICRU73QO : Emin=    0 eV  Emax=    2 MeV  deltaVI
          BetheBloch : Emin=    2 MeV Emax=  100 TeV  deltaVI

hBrems:  for anti_proton  XStype:1  SubType=3
      dE/dx and range tables from 100 eV  to 100 TeV in 240 bins
      Lambda tables from threshold to 100 TeV, 20 bins/decade, spline: 1
      ===== EM models for the G4Region  DefaultRegionForTheWorld ======
               hBrem : Emin=    0 eV  Emax=  100 TeV  ModifiedMephi

hPairProd:  for anti_proton  XStype:1  SubType=4
      dE/dx and range tables from 100 eV  to 100 TeV in 240 bins
      Lambda tables from threshold to 100 TeV, 20 bins/decade, spline: 1
      Sampling table 17x1001; from 7.50618 GeV to 100 TeV 
      ===== EM models for the G4Region  DefaultRegionForTheWorld ======
           hPairProd : Emin=    0 eV  Emax=  100 TeV  ModifiedMephi

CoulombScat:  for anti_proton XStype:1 SubType=1 BuildTable=1
      Lambda table from threshold  to 100 TeV, 20 bins/decade, spline: 0
      ThetaMin(p) < Theta(degree) < 180, pLimit(GeV^1)= 0.139531
      ===== EM models for the G4Region  DefaultRegionForTheWorld ======
  eCoulombScattering : Emin=    0 eV  Emax=  100 TeV
@@@ G4ParticleHPInelastic instantiated for particle deuteron/n    data directory is /cvmfs/geant4.cern.ch/share/data/G4TENDL1.4/Deuteron/Inelastic

msc:  for kaon+  SubType= 10
      ===== EM models for the G4Region  DefaultRegionForTheWorld ======
        WentzelVIUni : Emin=    0 eV  Emax=  100 TeV Nbins=240 100 eV  - 100 TeV
          StepLim=Minimal Rfact=0.2 Gfact=2.5 Sfact=0.6 DispFlag:1 Skin=3 Llim=1 mm

hIoni:  for kaon+  XStype:3  SubType=2
      dE/dx and range tables from 100 eV  to 100 TeV in 240 bins
      Lambda tables from threshold to 100 TeV, 20 bins/decade, spline: 1
      StepFunction=(0.1, 0.05 mm), integ: 3, fluct: 1, linLossLim= 0.01
      ===== EM models for the G4Region  DefaultRegionForTheWorld ======
               Bragg : Emin=    0 eV  Emax=1.05231 MeV  deltaVI
          BetheBloch : Emin=1.05231 MeV Emax=  100 TeV  deltaVI

hBrems:  for kaon+  XStype:1  SubType=3
      dE/dx and range tables from 100 eV  to 100 TeV in 240 bins
      Lambda tables from threshold to 100 TeV, 20 bins/decade, spline: 1
      ===== EM models for the G4Region  DefaultRegionForTheWorld ======
               hBrem : Emin=    0 eV  Emax=  100 TeV  ModifiedMephi

hPairProd:  for kaon+  XStype:1  SubType=4
      dE/dx and range tables from 100 eV  to 100 TeV in 240 bins
      Lambda tables from threshold to 100 TeV, 20 bins/decade, spline: 1
      Sampling table 18x1001; from 3.94942 GeV to 100 TeV 
      ===== EM models for the G4Region  DefaultRegionForTheWorld ======
           hPairProd : Emin=    0 eV  Emax=  100 TeV  ModifiedMephi

CoulombScat:  for kaon+ XStype:1 SubType=1 BuildTable=1
      Lambda table from threshold  to 100 TeV, 20 bins/decade, spline: 0
      ThetaMin(p) < Theta(degree) < 180, pLimit(GeV^1)= 0.139531
      ===== EM models for the G4Region  DefaultRegionForTheWorld ======
  eCoulombScattering : Emin=    0 eV  Emax=  100 TeV

msc:  for kaon-  SubType= 10
      ===== EM models for the G4Region  DefaultRegionForTheWorld ======
        WentzelVIUni : Emin=    0 eV  Emax=  100 TeV Nbins=240 100 eV  - 100 TeV
          StepLim=Minimal Rfact=0.2 Gfact=2.5 Sfact=0.6 DispFlag:1 Skin=3 Llim=1 mm

hIoni:  for kaon-  XStype:3  SubType=2
      dE/dx and range tables from 100 eV  to 100 TeV in 240 bins
      Lambda tables from threshold to 100 TeV, 20 bins/decade, spline: 1
      StepFunction=(0.1, 0.05 mm), integ: 3, fluct: 1, linLossLim= 0.01
      ===== EM models for the G4Region  DefaultRegionForTheWorld ======
            ICRU73QO : Emin=    0 eV  Emax=1.05231 MeV  deltaVI
          BetheBloch : Emin=1.05231 MeV Emax=  100 TeV  deltaVI

hBrems:  for kaon-  XStype:1  SubType=3
      dE/dx and range tables from 100 eV  to 100 TeV in 240 bins
      Lambda tables from threshold to 100 TeV, 20 bins/decade, spline: 1
      ===== EM models for the G4Region  DefaultRegionForTheWorld ======
               hBrem : Emin=    0 eV  Emax=  100 TeV  ModifiedMephi

hPairProd:  for kaon-  XStype:1  SubType=4
      dE/dx and range tables from 100 eV  to 100 TeV in 240 bins
      Lambda tables from threshold to 100 TeV, 20 bins/decade, spline: 1
      Sampling table 18x1001; from 3.94942 GeV to 100 TeV 
      ===== EM models for the G4Region  DefaultRegionForTheWorld ======
           hPairProd : Emin=    0 eV  Emax=  100 TeV  ModifiedMephi

CoulombScat:  for kaon- XStype:1 SubType=1 BuildTable=1
      Used Lambda table of kaon+
      ThetaMin(p) < Theta(degree) < 180, pLimit(GeV^1)= 0.139531
      ===== EM models for the G4Region  DefaultRegionForTheWorld ======
  eCoulombScattering : Emin=    0 eV  Emax=  100 TeV

msc:  for mu+  SubType= 10
      ===== EM models for the G4Region  DefaultRegionForTheWorld ======
        WentzelVIUni : Emin=    0 eV  Emax=  100 TeV Nbins=240 100 eV  - 100 TeV
          StepLim=Minimal Rfact=0.2 Gfact=2.5 Sfact=0.6 DispFlag:1 Skin=3 Llim=1 mm

muIoni:  for mu+  XStype:3  SubType=2
      dE/dx and range tables from 100 eV  to 100 TeV in 240 bins
      Lambda tables from threshold to 100 TeV, 20 bins/decade, spline: 1
      StepFunction=(0.1, 0.05 mm), integ: 3, fluct: 1, linLossLim= 0.01
      ===== EM models for the G4Region  DefaultRegionForTheWorld ======
               Bragg : Emin=    0 eV  Emax=  200 keV  deltaVI
        MuBetheBloch : Emin=  200 keV Emax=  100 TeV  deltaVI

muBrems:  for mu+  XStype:1  SubType=3
      dE/dx and range tables from 100 eV  to 100 TeV in 240 bins
      Lambda tables from threshold to 100 TeV, 20 bins/decade, spline: 1
      ===== EM models for the G4Region  DefaultRegionForTheWorld ======
              MuBrem : Emin=    0 eV  Emax=  100 TeV  ModifiedMephi

muPairProd:  for mu+  XStype:1  SubType=4
      dE/dx and range tables from 100 eV  to 100 TeV in 240 bins
      Lambda tables from threshold to 100 TeV, 20 bins/decade, spline: 1
      Sampling table 21x1001; from 0.85 GeV to 100 TeV 
      ===== EM models for the G4Region  DefaultRegionForTheWorld ======
          muPairProd : Emin=    0 eV  Emax=  100 TeV  ModifiedMephi

CoulombScat:  for mu+ XStype:1 SubType=1 BuildTable=1
      Lambda table from threshold  to 100 TeV, 20 bins/decade, spline: 0
      ThetaMin(p) < Theta(degree) < 180, pLimit(GeV^1)= 0.139531
      ===== EM models for the G4Region  DefaultRegionForTheWorld ======
  eCoulombScattering : Emin=    0 eV  Emax=  100 TeV

msc:  for mu-  SubType= 10
      ===== EM models for the G4Region  DefaultRegionForTheWorld ======
        WentzelVIUni : Emin=    0 eV  Emax=  100 TeV Nbins=240 100 eV  - 100 TeV
          StepLim=Minimal Rfact=0.2 Gfact=2.5 Sfact=0.6 DispFlag:1 Skin=3 Llim=1 mm

muIoni:  for mu-  XStype:3  SubType=2
      dE/dx and range tables from 100 eV  to 100 TeV in 240 bins
      Lambda tables from threshold to 100 TeV, 20 bins/decade, spline: 1
      StepFunction=(0.1, 0.05 mm), integ: 3, fluct: 1, linLossLim= 0.01
      ===== EM models for the G4Region  DefaultRegionForTheWorld ======
            ICRU73QO : Emin=    0 eV  Emax=  200 keV  deltaVI
        MuBetheBloch : Emin=  200 keV Emax=  100 TeV  deltaVI

muBrems:  for mu-  XStype:1  SubType=3
      dE/dx and range tables from 100 eV  to 100 TeV in 240 bins
      Lambda tables from threshold to 100 TeV, 20 bins/decade, spline: 1
      ===== EM models for the G4Region  DefaultRegionForTheWorld ======
              MuBrem : Emin=    0 eV  Emax=  100 TeV  ModifiedMephi

muPairProd:  for mu-  XStype:1  SubType=4
      dE/dx and range tables from 100 eV  to 100 TeV in 240 bins
      Lambda tables from threshold to 100 TeV, 20 bins/decade, spline: 1
      Sampling table 21x1001; from 0.85 GeV to 100 TeV 
      ===== EM models for the G4Region  DefaultRegionForTheWorld ======
          muPairProd : Emin=    0 eV  Emax=  100 TeV  ModifiedMephi

CoulombScat:  for mu- XStype:1 SubType=1 BuildTable=1
      Used Lambda table of mu+
      ThetaMin(p) < Theta(degree) < 180, pLimit(GeV^1)= 0.139531
      ===== EM models for the G4Region  DefaultRegionForTheWorld ======
  eCoulombScattering : Emin=    0 eV  Emax=  100 TeV
@@@ G4ParticleHPInelastic instantiated for particle neutron/n    data directory is /cvmfs/geant4.cern.ch/share/data/G4NDL4.7.1/Inelastic

msc:  for pi+  SubType= 10
      ===== EM models for the G4Region  DefaultRegionForTheWorld ======
        WentzelVIUni : Emin=    0 eV  Emax=  100 TeV Nbins=240 100 eV  - 100 TeV
          StepLim=Minimal Rfact=0.2 Gfact=2.5 Sfact=0.6 DispFlag:1 Skin=3 Llim=1 mm

hIoni:  for pi+  XStype:3  SubType=2
      dE/dx and range tables from 100 eV  to 100 TeV in 240 bins
      Lambda tables from threshold to 100 TeV, 20 bins/decade, spline: 1
      StepFunction=(0.1, 0.05 mm), integ: 3, fluct: 1, linLossLim= 0.01
      ===== EM models for the G4Region  DefaultRegionForTheWorld ======
               Bragg : Emin=    0 eV  Emax=297.505 keV  deltaVI
          BetheBloch : Emin=297.505 keV Emax=  100 TeV  deltaVI

hBrems:  for pi+  XStype:1  SubType=3
      dE/dx and range tables from 100 eV  to 100 TeV in 240 bins
      Lambda tables from threshold to 100 TeV, 20 bins/decade, spline: 1
      ===== EM models for the G4Region  DefaultRegionForTheWorld ======
               hBrem : Emin=    0 eV  Emax=  100 TeV  ModifiedMephi

hPairProd:  for pi+  XStype:1  SubType=4
      dE/dx and range tables from 100 eV  to 100 TeV in 240 bins
      Lambda tables from threshold to 100 TeV, 20 bins/decade, spline: 1
      Sampling table 20x1001; from 1.11656 GeV to 100 TeV 
      ===== EM models for the G4Region  DefaultRegionForTheWorld ======
           hPairProd : Emin=    0 eV  Emax=  100 TeV  ModifiedMephi

CoulombScat:  for pi+ XStype:1 SubType=1 BuildTable=1
      Lambda table from threshold  to 100 TeV, 20 bins/decade, spline: 0
      ThetaMin(p) < Theta(degree) < 180, pLimit(GeV^1)= 0.139531
      ===== EM models for the G4Region  DefaultRegionForTheWorld ======
  eCoulombScattering : Emin=    0 eV  Emax=  100 TeV

msc:  for pi-  SubType= 10
      ===== EM models for the G4Region  DefaultRegionForTheWorld ======
        WentzelVIUni : Emin=    0 eV  Emax=  100 TeV Nbins=240 100 eV  - 100 TeV
          StepLim=Minimal Rfact=0.2 Gfact=2.5 Sfact=0.6 DispFlag:1 Skin=3 Llim=1 mm

hIoni:  for pi-  XStype:3  SubType=2
      dE/dx and range tables from 100 eV  to 100 TeV in 240 bins
      Lambda tables from threshold to 100 TeV, 20 bins/decade, spline: 1
      StepFunction=(0.1, 0.05 mm), integ: 3, fluct: 1, linLossLim= 0.01
      ===== EM models for the G4Region  DefaultRegionForTheWorld ======
            ICRU73QO : Emin=    0 eV  Emax=297.505 keV  deltaVI
          BetheBloch : Emin=297.505 keV Emax=  100 TeV  deltaVI

hBrems:  for pi-  XStype:1  SubType=3
      dE/dx and range tables from 100 eV  to 100 TeV in 240 bins
      Lambda tables from threshold to 100 TeV, 20 bins/decade, spline: 1
      ===== EM models for the G4Region  DefaultRegionForTheWorld ======
               hBrem : Emin=    0 eV  Emax=  100 TeV  ModifiedMephi

hPairProd:  for pi-  XStype:1  SubType=4
      dE/dx and range tables from 100 eV  to 100 TeV in 240 bins
      Lambda tables from threshold to 100 TeV, 20 bins/decade, spline: 1
      Sampling table 20x1001; from 1.11656 GeV to 100 TeV 
      ===== EM models for the G4Region  DefaultRegionForTheWorld ======
           hPairProd : Emin=    0 eV  Emax=  100 TeV  ModifiedMephi

CoulombScat:  for pi- XStype:1 SubType=1 BuildTable=1
      Used Lambda table of pi+
      ThetaMin(p) < Theta(degree) < 180, pLimit(GeV^1)= 0.139531
      ===== EM models for the G4Region  DefaultRegionForTheWorld ======
  eCoulombScattering : Emin=    0 eV  Emax=  100 TeV
@@@ G4ParticleHPInelastic instantiated for particle triton/n    data directory is /cvmfs/geant4.cern.ch/share/data/G4TENDL1.4/Triton/Inelastic

====================================================================
                  HADRONIC PROCESSES SUMMARY (verbose level 1)
-----------------------------------------------------------------------
                           Hadronic Processes for GenericIon
  Process: ionElastic
        Model:          NNDiffuseElastic: 0 eV /n ---> 100 TeV/n
     Cr_sctns:  Glauber-Gribov Nucl-nucl: 0 eV  ---> 25.6 PeV
  Process: ionInelastic
        Model:  Binary Light Ion Cascade: 0 eV /n ---> 6 GeV/n
        Model:                      FTFP: 3 GeV/n ---> 100 TeV/n
     Cr_sctns:  Glauber-Gribov Nucl-nucl: 0 eV  ---> 25.6 PeV
  Process: RadioactiveDecay
-----------------------------------------------------------------------
                           Hadronic Processes for He3
  Process: hadElastic
        Model:              hElasticLHEP: 0 eV /n ---> 100 TeV/n
     Cr_sctns:  Glauber-Gribov Nucl-nucl: 0 eV  ---> 25.6 PeV
  Process: He3Inelastic
        Model:       ParticleHPInelastic: 0 eV /n ---> 200 MeV/n
        Model:  Binary Light Ion Cascade: 190 MeV/n ---> 6 GeV/n
        Model:                      FTFP: 3 GeV/n ---> 100 TeV/n
     Cr_sctns:          He3HPInelasticXS: 0 eV  ---> 200 MeV
     Cr_sctns:  Glauber-Gribov Nucl-nucl: 0 eV  ---> 25.6 PeV
-----------------------------------------------------------------------
                           Hadronic Processes for alpha
  Process: hadElastic
        Model:              hElasticLHEP: 0 eV /n ---> 100 TeV/n
     Cr_sctns:  Glauber-Gribov Nucl-nucl: 0 eV  ---> 25.6 PeV
  Process: alphaInelastic
        Model:       ParticleHPInelastic: 0 eV /n ---> 200 MeV/n
        Model:  Binary Light Ion Cascade: 190 MeV/n ---> 6 GeV/n
        Model:                      FTFP: 3 GeV/n ---> 100 TeV/n
     Cr_sctns:        AlphaHPInelasticXS: 0 eV  ---> 200 MeV
     Cr_sctns:  Glauber-Gribov Nucl-nucl: 0 eV  ---> 25.6 PeV
-----------------------------------------------------------------------
                           Hadronic Processes for anti_He3
  Process: hadElastic
        Model:              hElasticLHEP: 0 eV /n ---> 100.1 MeV/n
        Model:              AntiAElastic: 100 MeV/n ---> 100 TeV/n
     Cr_sctns:              AntiAGlauber: 0 eV  ---> 25.6 PeV
  Process: anti_He3Inelastic
        Model:                      FTFP: 0 eV /n ---> 100 TeV/n
     Cr_sctns:              AntiAGlauber: 0 eV  ---> 25.6 PeV
  Process: hFritiofCaptureAtRest
-----------------------------------------------------------------------
                           Hadronic Processes for anti_alpha
  Process: hadElastic
        Model:              hElasticLHEP: 0 eV /n ---> 100.1 MeV/n
        Model:              AntiAElastic: 100 MeV/n ---> 100 TeV/n
     Cr_sctns:              AntiAGlauber: 0 eV  ---> 25.6 PeV
  Process: anti_alphaInelastic
        Model:                      FTFP: 0 eV /n ---> 100 TeV/n
     Cr_sctns:              AntiAGlauber: 0 eV  ---> 25.6 PeV
  Process: hFritiofCaptureAtRest
-----------------------------------------------------------------------
                           Hadronic Processes for anti_deuteron
  Process: hadElastic
        Model:              hElasticLHEP: 0 eV /n ---> 100.1 MeV/n
        Model:              AntiAElastic: 100 MeV/n ---> 100 TeV/n
     Cr_sctns:              AntiAGlauber: 0 eV  ---> 25.6 PeV
  Process: anti_deuteronInelastic
        Model:                      FTFP: 0 eV /n ---> 100 TeV/n
     Cr_sctns:              AntiAGlauber: 0 eV  ---> 25.6 PeV
  Process: hFritiofCaptureAtRest
-------------------------------------------------------------------------
                           Hadronic Processes for anti_hypertriton
  Process: hFritiofCaptureAtRest
-----------------------------------------------------------------------
                           Hadronic Processes for anti_lambda
  Process: hadElastic
        Model:              hElasticLHEP: 0 eV  ---> 100 TeV
     Cr_sctns:            Glauber-Gribov: 0 eV  ---> 100 TeV
  Process: anti_lambdaInelastic
        Model:                      QGSP: 12 GeV ---> 100 TeV
        Model:                      FTFP: 0 eV  ---> 25 GeV
     Cr_sctns:            Glauber-Gribov: 0 eV  ---> 100 TeV
  Process: hFritiofCaptureAtRest
-----------------------------------------------------------------------
                           Hadronic Processes for anti_neutron
  Process: hadElastic
        Model:              hElasticLHEP: 0 eV  ---> 100.1 MeV
        Model:              AntiAElastic: 100 MeV ---> 100 TeV
     Cr_sctns:              AntiAGlauber: 0 eV  ---> 25.6 PeV
  Process: anti_neutronInelastic
        Model:                      FTFP: 0 eV  ---> 100 TeV
     Cr_sctns:              AntiAGlauber: 0 eV  ---> 25.6 PeV
  Process: hFritiofCaptureAtRest
-----------------------------------------------------------------------
                           Hadronic Processes for anti_proton
  Process: hadElastic
        Model:              hElasticLHEP: 0 eV  ---> 100.1 MeV
        Model:              AntiAElastic: 100 MeV ---> 100 TeV
     Cr_sctns:              AntiAGlauber: 0 eV  ---> 25.6 PeV
  Process: anti_protonInelastic
        Model:                      FTFP: 0 eV  ---> 100 TeV
     Cr_sctns:              AntiAGlauber: 0 eV  ---> 25.6 PeV
  Process: hFritiofCaptureAtRest
-----------------------------------------------------------------------
                           Hadronic Processes for anti_triton
  Process: hadElastic
        Model:              hElasticLHEP: 0 eV /n ---> 100.1 MeV/n
        Model:              AntiAElastic: 100 MeV/n ---> 100 TeV/n
     Cr_sctns:              AntiAGlauber: 0 eV  ---> 25.6 PeV
  Process: anti_tritonInelastic
        Model:                      FTFP: 0 eV /n ---> 100 TeV/n
     Cr_sctns:              AntiAGlauber: 0 eV  ---> 25.6 PeV
  Process: hFritiofCaptureAtRest
-----------------------------------------------------------------------
                           Hadronic Processes for deuteron
  Process: hadElastic
        Model:              hElasticLHEP: 0 eV /n ---> 100 TeV/n
     Cr_sctns:  Glauber-Gribov Nucl-nucl: 0 eV  ---> 25.6 PeV
  Process: dInelastic
        Model:       ParticleHPInelastic: 0 eV /n ---> 200 MeV/n
        Model:  Binary Light Ion Cascade: 190 MeV/n ---> 6 GeV/n
        Model:                      FTFP: 3 GeV/n ---> 100 TeV/n
     Cr_sctns:     DeuteronHPInelasticXS: 0 eV  ---> 200 MeV
     Cr_sctns:  Glauber-Gribov Nucl-nucl: 0 eV  ---> 25.6 PeV
-----------------------------------------------------------------------
                           Hadronic Processes for e+
  Process: positronNuclear
        Model:   G4ElectroVDNuclearModel: 0 eV  ---> 1 PeV
     Cr_sctns:          ElectroNuclearXS: 0 eV  ---> 100 TeV
-----------------------------------------------------------------------
                           Hadronic Processes for e-
  Process: electronNuclear
        Model:   G4ElectroVDNuclearModel: 0 eV  ---> 1 PeV
     Cr_sctns:          ElectroNuclearXS: 0 eV  ---> 100 TeV
-----------------------------------------------------------------------
                           Hadronic Processes for gamma
  Process: photonNuclear
        Model:               GammaNPreco: 0 eV  ---> 200 MeV
        Model:            BertiniCascade: 199 MeV ---> 6 GeV
        Model:           TheoFSGenerator: 3 GeV ---> 100 TeV
     Cr_sctns:            GammaNuclearXS: 0 eV  ---> 100 TeV
-----------------------------------------------------------------------
                           Hadronic Processes for kaon+
  Process: hadElastic
        Model:              hElasticLHEP: 0 eV  ---> 100 TeV
     Cr_sctns:            Glauber-Gribov: 0 eV  ---> 100 TeV
  Process: kaon+Inelastic
        Model:                      QGSP: 12 GeV ---> 100 TeV
        Model:                      FTFP: 3 GeV ---> 25 GeV
        Model:            BertiniCascade: 0 eV  ---> 6 GeV
     Cr_sctns:            Glauber-Gribov: 0 eV  ---> 100 TeV
-----------------------------------------------------------------------
                           Hadronic Processes for kaon-
  Process: hadElastic
        Model:              hElasticLHEP: 0 eV  ---> 100 TeV
     Cr_sctns:            Glauber-Gribov: 0 eV  ---> 100 TeV
  Process: kaon-Inelastic
        Model:                      QGSP: 12 GeV ---> 100 TeV
        Model:                      FTFP: 3 GeV ---> 25 GeV
        Model:            BertiniCascade: 0 eV  ---> 6 GeV
     Cr_sctns:            Glauber-Gribov: 0 eV  ---> 100 TeV
  Process: hBertiniCaptureAtRest
-----------------------------------------------------------------------
                           Hadronic Processes for lambda
  Process: hadElastic
        Model:              hElasticLHEP: 0 eV  ---> 100 TeV
     Cr_sctns:            Glauber-Gribov: 0 eV  ---> 100 TeV
  Process: lambdaInelastic
        Model:                      QGSP: 12 GeV ---> 100 TeV
        Model:                      FTFP: 3 GeV ---> 25 GeV
        Model:            BertiniCascade: 0 eV  ---> 6 GeV
     Cr_sctns:            Glauber-Gribov: 0 eV  ---> 100 TeV
-----------------------------------------------------------------------
                           Hadronic Processes for mu+
  Process: muonNuclear
        Model:      G4MuonVDNuclearModel: 0 eV  ---> 1 PeV
     Cr_sctns:     KokoulinMuonNuclearXS: 0 eV  ---> 100 TeV
-----------------------------------------------------------------------
                           Hadronic Processes for mu-
  Process: muonNuclear
        Model:      G4MuonVDNuclearModel: 0 eV  ---> 1 PeV
     Cr_sctns:     KokoulinMuonNuclearXS: 0 eV  ---> 100 TeV
  Process: muMinusCaptureAtRest
-----------------------------------------------------------------------
                           Hadronic Processes for neutron
  Process: hadElastic
        Model:             hElasticCHIPS: 19.5 MeV ---> 100 TeV
        Model:          NeutronHPElastic: 0 eV  ---> 20 MeV
     Cr_sctns:        NeutronHPElasticXS: 0 eV  ---> 20 MeV
     Cr_sctns:        G4NeutronElasticXS: 0 eV  ---> 100 TeV
  Process: neutronInelastic
        Model:                      QGSP: 12 GeV ---> 100 TeV
        Model:                      FTFP: 3 GeV ---> 25 GeV
        Model:            Binary Cascade: 19.9 MeV ---> 6 GeV
        Model:        NeutronHPInelastic: 0 eV  ---> 20 MeV
     Cr_sctns:      NeutronHPInelasticXS: 0 eV  ---> 20 MeV
     Cr_sctns:      G4NeutronInelasticXS: 0 eV  ---> 100 TeV
  Process: nCapture
        Model:          NeutronHPCapture: 0 eV  ---> 20 MeV
        Model:               nRadCapture: 19.9 MeV ---> 100 TeV
     Cr_sctns:        NeutronHPCaptureXS: 0 eV  ---> 100 TeV
     Cr_sctns:        G4NeutronCaptureXS: 0 eV  ---> 100 TeV
  Process: nFission
        Model:          NeutronHPFission: 0 eV  ---> 20 MeV
        Model:                G4LFission: 19.9 MeV ---> 100 TeV
     Cr_sctns:        NeutronHPFissionXS: 0 eV  ---> 20 MeV
     Cr_sctns:                    ZeroXS: 0 eV  ---> 100 TeV
-----------------------------------------------------------------------
                           Hadronic Processes for pi+
  Process: hadElastic
        Model:           hElasticGlauber: 0 eV  ---> 100 TeV
     Cr_sctns:  BarashenkovGlauberGribov: 0 eV  ---> 100 TeV
  Process: pi+Inelastic
        Model:                      QGSP: 12 GeV ---> 100 TeV
        Model:                      FTFP: 3 GeV ---> 25 GeV
        Model:            BertiniCascade: 0 eV  ---> 6 GeV
     Cr_sctns:  BarashenkovGlauberGribov: 0 eV  ---> 100 TeV
-----------------------------------------------------------------------
                           Hadronic Processes for pi-
  Process: hadElastic
        Model:           hElasticGlauber: 0 eV  ---> 100 TeV
     Cr_sctns:  BarashenkovGlauberGribov: 0 eV  ---> 100 TeV
  Process: pi-Inelastic
        Model:                      QGSP: 12 GeV ---> 100 TeV
        Model:                      FTFP: 3 GeV ---> 25 GeV
        Model:            BertiniCascade: 0 eV  ---> 6 GeV
     Cr_sctns:  BarashenkovGlauberGribov: 0 eV  ---> 100 TeV
  Process: hBertiniCaptureAtRest
-----------------------------------------------------------------------
                           Hadronic Processes for proton
  Process: hadElastic
        Model:             hElasticCHIPS: 0 eV  ---> 100 TeV
     Cr_sctns:  BarashenkovGlauberGribov: 0 eV  ---> 100 TeV
  Process: protonInelastic
        Model:                      QGSP: 12 GeV ---> 100 TeV
        Model:                      FTFP: 3 GeV ---> 25 GeV
        Model:            Binary Cascade: 190 MeV ---> 6 GeV
        Model:       ParticleHPInelastic: 0 eV  ---> 200 MeV
     Cr_sctns:       ProtonHPInelasticXS: 0 eV  ---> 200 MeV
     Cr_sctns:  BarashenkovGlauberGribov: 0 eV  ---> 100 TeV
-----------------------------------------------------------------------
                           Hadronic Processes for sigma-
  Process: hadElastic
        Model:              hElasticLHEP: 0 eV  ---> 100 TeV
     Cr_sctns:            Glauber-Gribov: 0 eV  ---> 100 TeV
  Process: sigma-Inelastic
        Model:                      QGSP: 12 GeV ---> 100 TeV
        Model:                      FTFP: 3 GeV ---> 25 GeV
        Model:            BertiniCascade: 0 eV  ---> 6 GeV
     Cr_sctns:            Glauber-Gribov: 0 eV  ---> 100 TeV
  Process: hBertiniCaptureAtRest
-----------------------------------------------------------------------
                           Hadronic Processes for triton
  Process: hadElastic
        Model:              hElasticLHEP: 0 eV /n ---> 100 TeV/n
     Cr_sctns:  Glauber-Gribov Nucl-nucl: 0 eV  ---> 25.6 PeV
  Process: tInelastic
        Model:       ParticleHPInelastic: 0 eV /n ---> 200 MeV/n
        Model:  Binary Light Ion Cascade: 190 MeV/n ---> 6 GeV/n
        Model:                      FTFP: 3 GeV/n ---> 100 TeV/n
     Cr_sctns:       TritonHPInelasticXS: 0 eV  ---> 200 MeV
     Cr_sctns:  Glauber-Gribov Nucl-nucl: 0 eV  ---> 25.6 PeV
  Process: RadioactiveDecay
=======================================================================
======       Geant4 Native Pre-compound Model Parameters       ========
=======================================================================
Type of pre-compound inverse x-section              3
Pre-compound model active                           1
Pre-compound excitation low energy                  100 keV
Pre-compound excitation high energy                 30 MeV
Angular generator for pre-compound model            1
Use NeverGoBack option for pre-compound model       0
Use SoftCutOff option for pre-compound model        0
Use CEM transitions for pre-compound model          1
Use GNASH transitions for pre-compound model        0
Use HETC submodel for pre-compound model            0
=======================================================================
======       Nuclear De-excitation Module Parameters           ========
=======================================================================
Type of de-excitation inverse x-section             3
Type of de-excitation factory                       Evaporation+GEM
Number of de-excitation channels                    68
Min excitation energy                               10 eV 
Min energy per nucleon for multifragmentation       200 GeV
Limit excitation energy for Fermi BreakUp           20 MeV
Level density (1/MeV)                               0.075
Use simple level density model                      1
Use discrete excitation energy of the residual      0
Time limit for long lived isomeres                  1000 ps 
Isomer production flag                              1
Internal e- conversion flag                         1
Store e- internal conversion data                   1
Correlated gamma emission flag                      0
Max 2J for sampling of angular correlations         10
=======================================================================

=========================================================================
--> G4TaskRunManager::CreateAndStartWorkers() --> Initializing workers...
=========================================================================

G4WT0 > /run/verbose 1
G4WT0 > /tracking/verbose 0
G4WT0 > /testhadr/targetElm Pb
G4WT0 > /run/printProgress 10
G4WT0 > /run/initialize 
G4WT0 > /run/physicsModified 
G4WT0 > /control/verbose 1
G4WT0 > /run/verbose 1
G4WT0 > /tracking/verbose 0
G4WT0 > /testhadr/targetElm Pb
G4WT0 > /run/printProgress 10
G4WT0 > /run/initialize 
G4WT0 > /run/physicsModified 
/process/em/workerVerbose 0
/gun/particle alpha
/gun/energy 100. MeV
/testhadr/particle alpha
/testhadr/verbose 1
/process/eLoss/verbose 0
/run/beamOn 1

========= Table of registered couples ============================

Index : 0     used in the geometry : Yes
 Material : G4_Galactic
 Range cuts        :  gamma  700 um     e-  700 um     e+  700 um  proton 0 fm 
 Energy thresholds :  gamma  990 eV     e-  990 eV     e+  990 eV  proton 0 eV 
 Region(s) which use this couple : 
    DefaultRegionForTheWorld

Index : 1     used in the geometry : Yes
 Material : G4_PbWO4
 Range cuts        :  gamma  700 um     e-  700 um     e+  700 um  proton 0 fm 
 Energy thresholds :  gamma  75.7749 keV    e-  842.468 keV    e+  797.806 keV proton 0 eV 
 Region(s) which use this couple : 
    DefaultRegionForTheWorld

==================================================================

### Run 0 starts.
### Run 0 start
G4WT0 > /gun/particle alpha
G4WT0 > /gun/energy 100. MeV
G4WT0 > /testhadr/particle alpha
G4WT0 > /testhadr/verbose 1

========================================================================================
--> G4TaskRunManager::CreateAndStartWorkers() --> Creating 1 tasks with 1 events/task...
========================================================================================

G4WT0 > ### Run 0 starts on worker thread 0.
G4WT0 > --> Event 0 starts with initial seeds (51341066,43415275).
G4WT0 > EventAction: Event # 0 started
G4WT0 > [thread 0] Thread-local run terminated.
G4WT0 > [thread 0] Run Summary
G4WT0 > [thread 0]   Number of events processed : 1
G4WT0 > [thread 0]   User=0.000000s Real=0.000172s Sys=0.000000s [Cpu=0.0%]
 Run terminated.
Run Summary
  Number of events processed : 1
  User=0.000000s Real=0.000977s Sys=0.000000s [Cpu=0.0%]
RunAction: End of run actions are started
HistoManager: End of run actions are started
### Fill Cross Sections for alpha off Pb
-------------------------------------------------------------
    N     E(MeV)   Elastic(b)   Inelastic(b)   Total(b)
-------------------------------------------------------------
    0      0.1012           0            0            0
    1      0.1035           0            0            0
    2      0.1059           0            0            0
    3      0.1084           0            0            0
    4      0.1109           0            0            0
    5      0.1135           0            0            0
    6      0.1161           0            0            0
    7      0.1189           0            0            0
    8      0.1216           0            0            0
    9      0.1245           0            0            0
   10      0.1274           0            0            0
   11      0.1303           0            0            0
   12      0.1334           0            0            0
   13      0.1365           0            0            0
   14      0.1396           0            0            0
   15      0.1429           0            0            0
   16      0.1462           0            0            0
   17      0.1496           0            0            0
   18      0.1531           0            0            0
   19      0.1567           0            0            0
   20      0.1603           0            0            0
   21      0.1641           0            0            0
   22      0.1679           0            0            0
   23      0.1718           0            0            0
   24      0.1758           0            0            0
   25      0.1799           0            0            0
   26      0.1841           0            0            0
   27      0.1884           0            0            0
   28      0.1928           0            0            0
   29      0.1972           0            0            0
   30      0.2018           0            0            0
   31      0.2065           0            0            0
   32      0.2113           0            0            0
   33      0.2163           0            0            0
   34      0.2213           0            0            0
   35      0.2265           0            0            0
   36      0.2317           0            0            0
   37      0.2371           0            0            0
   38      0.2427           0            0            0
   39      0.2483           0            0            0
   40      0.2541           0            0            0
   41        0.26           0            0            0
   42      0.2661           0            0            0
   43      0.2723           0            0            0
   44      0.2786           0            0            0
   45      0.2851           0            0            0
   46      0.2917           0            0            0
   47      0.2985           0            0            0
   48      0.3055           0            0            0
   49      0.3126           0            0            0
   50      0.3199           0            0            0
   51      0.3273           0            0            0
   52       0.335           0            0            0
   53      0.3428           0            0            0
   54      0.3508           0            0            0
   55      0.3589           0            0            0
   56      0.3673           0            0            0
   57      0.3758           0            0            0
   58      0.3846           0            0            0
   59      0.3936           0            0            0
   60      0.4027           0            0            0
   61      0.4121           0            0            0
   62      0.4217           0            0            0
   63      0.4315           0            0            0
   64      0.4416           0            0            0
   65      0.4519           0            0            0
   66      0.4624           0            0            0
   67      0.4732           0            0            0
   68      0.4842           0            0            0
   69      0.4955           0            0            0
   70       0.507           0            0            0
   71      0.5188           0            0            0
   72      0.5309           0            0            0
   73      0.5433           0            0            0
   74      0.5559           0            0            0
   75      0.5689           0            0            0
   76      0.5821           0            0            0
   77      0.5957           0            0            0
   78      0.6095           0            0            0
   79      0.6237           0            0            0
   80      0.6383           0            0            0
   81      0.6531           0            0            0
   82      0.6683           0            0            0
   83      0.6839           0            0            0
   84      0.6998           0            0            0
   85      0.7161           0            0            0
   86      0.7328           0            0            0
   87      0.7499           0            0            0
   88      0.7674           0            0            0
   89      0.7852           0            0            0
   90      0.8035           0            0            0
   91      0.8222           0            0            0
   92      0.8414           0            0            0
   93       0.861           0            0            0
   94       0.881           0            0            0
   95      0.9016           0            0            0
   96      0.9226           0            0            0
   97      0.9441           0            0            0
   98      0.9661           0            0            0
   99      0.9886           0            0            0
  100       1.012           0            0            0
  101       1.035           0            0            0
  102       1.059           0            0            0
  103       1.084           0            0            0
  104       1.109           0            0            0
  105       1.135           0            0            0
  106       1.161           0            0            0
  107       1.189           0            0            0
  108       1.216           0            0            0
  109       1.245           0            0            0
  110       1.274           0            0            0
  111       1.303           0            0            0
  112       1.334           0            0            0
  113       1.365           0            0            0
  114       1.396           0            0            0
  115       1.429           0            0            0
  116       1.462           0            0            0
  117       1.496           0            0            0
  118       1.531           0            0            0
  119       1.567           0            0            0
  120       1.603           0            0            0
  121       1.641           0            0            0
  122       1.679           0            0            0
  123       1.718           0            0            0
  124       1.758           0            0            0
  125       1.799           0            0            0
  126       1.841           0            0            0
  127       1.884           0            0            0
  128       1.928           0            0            0
  129       1.972           0            0            0
  130       2.018           0            0            0
  131       2.065           0            0            0
  132       2.113           0            0            0
  133       2.163           0            0            0
  134       2.213           0            0            0
  135       2.265           0            0            0
  136       2.317           0            0            0
  137       2.371           0            0            0
  138       2.427           0            0            0
  139       2.483           0            0            0
  140       2.541           0            0            0
  141         2.6           0            0            0
  142       2.661           0            0            0
  143       2.723           0            0            0
  144       2.786           0            0            0
  145       2.851           0            0            0
  146       2.917           0            0            0
  147       2.985           0            0            0
  148       3.055           0            0            0
  149       3.126           0            0            0
  150       3.199           0            0            0
  151       3.273           0            0            0
  152        3.35           0            0            0
  153       3.428           0            0            0
  154       3.508           0            0            0
  155       3.589           0            0            0
  156       3.673           0            0            0
  157       3.758           0            0            0
  158       3.846           0            0            0
  159       3.936           0            0            0
  160       4.027           0            0            0
  161       4.121           0            0            0
  162       4.217           0            0            0
  163       4.315           0            0            0
  164       4.416           0            0            0
  165       4.519           0            0            0
  166       4.624           0            0            0
  167       4.732           0            0            0
  168       4.842           0            0            0
  169       4.955           0            0            0
  170        5.07           0            0            0
  171       5.188           0            0            0
  172       5.309           0            0            0
  173       5.433           0            0            0
  174       5.559           0            0            0
  175       5.689           0            0            0
  176       5.821           0            0            0
  177       5.957           0            0            0
  178       6.095           0     4.63e-22     4.63e-22
  179       6.237           0    1.152e-21    1.152e-21
  180       6.383           0    1.858e-21    1.858e-21
  181       6.531           0    2.579e-21    2.579e-21
  182       6.683           0    3.318e-21    3.318e-21
  183       6.839           0    4.074e-21    4.074e-21
  184       6.998           0    4.847e-21    4.847e-21
  185       7.161           0    2.217e-18    2.217e-18
  186       7.328           0    4.503e-18    4.503e-18
  187       7.499           0    6.842e-18    6.842e-18
  188       7.674           0    9.236e-18    9.236e-18
  189       7.852           0    1.168e-17    1.168e-17
  190       8.035           0    1.638e-16    1.638e-16
  191       8.222           0    9.602e-16    9.602e-16
  192       8.414           0    1.775e-15    1.775e-15
  193        8.61           0    2.609e-15    2.609e-15
  194        8.81           0    3.463e-15    3.463e-15
  195       9.016           0    1.497e-14    1.497e-14
  196       9.226           0    1.581e-13    1.581e-13
  197       9.441           0    3.045e-13    3.045e-13
  198       9.661           0    4.543e-13    4.543e-13
  199       9.886           0    6.076e-13    6.076e-13
  200       10.12           0    7.082e-12    7.082e-12
  201       10.35           0     2.01e-11     2.01e-11
  202       10.59           0    3.342e-11    3.342e-11
  203       10.84           0    4.704e-11    4.704e-11
  204       11.09           0    2.339e-10    2.339e-10
  205       11.35           0    7.349e-10    7.349e-10
  206       11.61           0    1.247e-09    1.247e-09
  207       11.89           0    1.772e-09    1.772e-09
  208       12.16           0    9.563e-09    9.563e-09
  209       12.45           0    2.281e-08    2.281e-08
  210       12.74           0    3.636e-08    3.636e-08
  211       13.03           0    7.621e-08    7.621e-08
  212       13.34           0    3.398e-07    3.398e-07
  213       13.65           0    6.095e-07    6.095e-07
  214       13.96           0    8.855e-07    8.855e-07
  215       14.29           0    3.555e-06    3.555e-06
  216       14.62           0    6.592e-06    6.592e-06
  217       14.96           0    9.701e-06    9.701e-06
  218       15.31           0    3.919e-05    3.919e-05
  219       15.67           0    7.263e-05    7.263e-05
  220       16.03           0     0.000123     0.000123
  221       16.41           0     0.000343     0.000343
  222       16.79           0    0.0005683    0.0005683
  223       17.18           0     0.001229     0.001229
  224       17.58           0     0.002425     0.002425
  225       17.99           0      0.00365      0.00365
  226       18.41           0     0.008544     0.008544
  227       18.84           0      0.01366      0.01366
  228       19.28           0      0.02561      0.02561
  229       19.72           0      0.04195      0.04195
  230       20.18           0      0.06882      0.06882
  231       20.65     0.05331       0.1119       0.1652
  232       21.13      0.1508        0.156       0.3069
  233       21.63      0.2456       0.2012       0.4468
  234       22.13      0.3376       0.2526       0.5902
  235       22.65      0.4269       0.3204       0.7473
  236       23.17      0.5137       0.3898       0.9035
  237       23.71      0.5979       0.4608        1.059
  238       24.27      0.6796       0.5277        1.207
  239       24.83      0.7588         0.59        1.349
  240       25.41      0.8357       0.6537        1.489
  241          26      0.9103       0.7189        1.629
  242       26.61      0.9826        0.782        1.765
  243       27.23       1.053       0.8466        1.899
  244       27.86       1.121       0.9127        2.033
  245       28.51       1.187       0.9754        2.162
  246       29.17        1.25        1.038        2.288
  247       29.85       1.312        1.102        2.414
  248       30.55       1.372        1.157        2.529
  249       31.26        1.43         1.21         2.64
  250       31.99       1.486        1.264         2.75
  251       32.73        1.54         1.32        2.859
  252        33.5       1.592        1.376        2.969
  253       34.28       1.643        1.434        3.077
  254       35.08       1.692        1.492        3.184
  255       35.89       1.739        1.535        3.274
  256       36.73       1.785        1.578        3.363
  257       37.58       1.829        1.623        3.451
  258       38.46       1.871        1.668        3.539
  259       39.36       1.912        1.715        3.627
  260       40.27       1.951        1.759        3.711
  261       41.21       1.989        1.796        3.785
  262       42.17       2.026        1.834         3.86
  263       43.15       2.061        1.872        3.933
  264       44.16       2.095        1.912        4.007
  265       45.19       2.127         1.95        4.078
  266       46.24       2.159        1.982        4.141
  267       47.32       2.189        2.015        4.204
  268       48.42       2.217        2.049        4.266
  269       49.55       2.245        2.083        4.328
  270        50.7       2.271        2.113        4.385
  271       51.88       2.296        2.142        4.438
  272       53.09        2.32        2.171        4.491
  273       54.33       2.343        2.201        4.544
  274       55.59       2.365        2.228        4.593
  275       56.89       2.386        2.253        4.639
  276       58.21       2.406        2.279        4.685
  277       59.57       2.424        2.305         4.73
  278       60.95       2.442        2.329        4.771
  279       62.37       2.459        2.351         4.81
  280       63.83       2.475        2.374        4.849
  281       65.31        2.49        2.397        4.887
  282       66.83       2.504        2.417        4.921
  283       68.39       2.517        2.437        4.954
  284       69.98       2.529        2.458        4.987
  285       71.61       2.541        2.475        5.016
  286       73.28       2.552        2.494        5.045
  287       74.99       2.561        2.512        5.073
  288       76.74        2.57        2.528        5.098
  289       78.52       2.579        2.544        5.123
  290       80.35       2.586         2.56        5.146
  291       82.22       2.593        2.573        5.166
  292       84.14       2.599        2.586        5.185
  293        86.1       2.605          2.6        5.204
  294        88.1        2.61        2.613        5.223
  295       90.16       2.614        2.627        5.241
  296       92.26       2.617        2.638        5.255
  297       94.41        2.62        2.648        5.268
  298       96.61       2.622        2.659        5.281
  299       98.86       2.624         2.67        5.294
  300       101.2       2.625         2.68        5.305
  301       103.5       2.625        2.689        5.314
  302       105.9       2.625        2.698        5.322
  303       108.4       2.624        2.707        5.331
  304       110.9       2.623        2.715        5.338
  305       113.5       2.621        2.722        5.343
  306       116.1       2.619         2.73        5.348
  307       118.9       2.616        2.737        5.353
  308       121.6       2.613        2.744        5.357
  309       124.5       2.609         2.75        5.359
  310       127.4       2.605        2.757        5.362
  311       130.3         2.6        2.763        5.363
  312       133.4       2.595        2.769        5.364
  313       136.5       2.589        2.774        5.364
  314       139.6       2.584         2.78        5.363
  315       142.9       2.577        2.784        5.362
  316       146.2        2.57        2.789        5.359
  317       149.6       2.563        2.794        5.357
  318       153.1       2.556        2.797        5.353
  319       156.7       2.548          2.8        5.348
  320       160.3        2.54        2.804        5.343
  321       164.1       2.531        2.803        5.334
  322       167.9       2.522        2.803        5.325
  323       171.8       2.513        2.803        5.316
  324       175.8       2.504        2.802        5.306
  325       179.9       2.494        2.802        5.296
  326       184.1       2.484        2.791        5.275
  327       188.4       2.474         2.78        5.253
  328       192.8       2.463        2.768        5.231
  329       197.2       2.452        2.756        5.209
  330       201.8       2.441        2.465        4.906
  331       206.5        2.43        2.459        4.889
  332       211.3       2.419        2.452        4.871
  333       216.3       2.407        2.445        4.852
  334       221.3       2.395        2.439        4.834
  335       226.5       2.383        2.431        4.814
  336       231.7       2.371        2.424        4.795
  337       237.1       2.359        2.417        4.775
  338       242.7       2.346        2.409        4.755
  339       248.3       2.333        2.401        4.735
  340       254.1       2.321        2.394        4.714
  341         260       2.308        2.386        4.694
  342       266.1       2.295        2.378        4.673
  343       272.3       2.282        2.369        4.652
  344       278.6       2.269        2.361         4.63
  345       285.1       2.256        2.353        4.609
  346       291.7       2.243        2.345        4.587
  347       298.5        2.23        2.336        4.566
  348       305.5       2.217        2.328        4.544
  349       312.6       2.203        2.319        4.523
  350       319.9        2.19        2.311        4.501
  351       327.3       2.177        2.302         4.48
  352         335       2.164        2.294        4.458
  353       342.8       2.151        2.285        4.436
  354       350.8       2.138        2.277        4.415
  355       358.9       2.125        2.268        4.394
  356       367.3       2.113         2.26        4.373
  357       375.8         2.1        2.252        4.352
  358       384.6       2.087        2.243        4.331
  359       393.6       2.075        2.235         4.31
  360       402.7       2.064        2.228        4.292
  361       412.1       2.052         2.22        4.272
  362       421.7        2.04        2.212        4.252
  363       431.5       2.028        2.204        4.232
  364       441.6       2.017        2.196        4.213
  365       451.9       2.005        2.189        4.194
  366       462.4       1.994        2.181        4.175
  367       473.2       1.983        2.174        4.157
  368       484.2       1.972        2.167        4.139
  369       495.5       1.962         2.16        4.121
  370         507       1.952        2.153        4.104
  371       518.8       1.942        2.146        4.088
  372       530.9       1.932        2.139        4.071
  373       543.3       1.922        2.133        4.055
  374       555.9       1.913        2.127         4.04
  375       568.9       1.904        2.121        4.025
  376       582.1       1.896        2.115         4.01
  377       595.7       1.887        2.109        3.996
  378       609.5       1.879        2.104        3.983
  379       623.7       1.871        2.098         3.97
  380       638.3       1.864        2.093        3.957
  381       653.1       1.856        2.088        3.945
  382       668.3        1.85        2.084        3.933
  383       683.9       1.843        2.079        3.922
  384       699.8       1.836        2.075        3.911
  385       716.1        1.83        2.071        3.901
  386       732.8       1.824        2.067        3.891
  387       749.9       1.819        2.063        3.882
  388       767.4       1.814         2.06        3.873
  389       785.2       1.808        2.056        3.865
  390       803.5       1.804        2.053        3.857
  391       822.2       1.799         2.05        3.849
  392       841.4       1.795        2.047        3.842
  393         861       1.791        2.045        3.835
  394         881       1.787        2.042        3.829
  395       901.6       1.783         2.04        3.823
  396       922.6        1.78        2.038        3.818
  397       944.1       1.777        2.036        3.812
  398       966.1       1.774        2.034        3.808
  399       988.6       1.771        2.032        3.803
  400        1012       1.768         2.03        3.799
  401        1035       1.766        2.029        3.795
  402        1059       1.764        2.028        3.792
  403        1084       1.763        2.027        3.789
  404        1109       1.761        2.026        3.788
  405        1135        1.76        2.026        3.786
  406        1161        1.76        2.026        3.785
  407        1189        1.75        2.019        3.769
  408        1216       1.751        2.019         3.77
  409        1245       1.751         2.02        3.772
  410        1274       1.752        2.021        3.774
  411        1303       1.754        2.023        3.776
  412        1334       1.755        2.024        3.779
  413        1365       1.757        2.026        3.783
  414        1396       1.759        2.028        3.787
  415        1429       1.762         2.03        3.791
  416        1462       1.765        2.032        3.796
  417        1496       1.768        2.034        3.802
  418        1531       1.771        2.037        3.808
  419        1567       1.774         2.04        3.814
  420        1603       1.778        2.043        3.821
  421        1641       1.782        2.046        3.829
  422        1679       1.787         2.05        3.837
  423        1718       1.792        2.054        3.845
  424        1758       1.797        2.058        3.854
  425        1799       1.802        2.062        3.864
  426        1841       1.808        2.066        3.874
  427        1884       1.838        2.089        3.927
  428        1928       1.851        2.099        3.951
  429        1972       1.864        2.109        3.973
  430        2018       1.876        2.118        3.995
  431        2065       1.888        2.127        4.015
  432        2113       1.899        2.136        4.035
  433        2163        1.91        2.144        4.053
  434        2213        1.92        2.152        4.071
  435        2265       1.929        2.159        4.088
  436        2317       1.939        2.166        4.104
  437        2371       1.947        2.173         4.12
  438        2427       1.956        2.179        4.135
  439        2483       1.964        2.185        4.149
  440        2541       1.972        2.191        4.163
  441        2600       1.979        2.197        4.176
  442        2661       1.987        2.202        4.189
  443        2723       1.994        2.208        4.201
  444        2786           2        2.213        4.213
  445        2851       2.007        2.218        4.225
  446        2917       2.013        2.223        4.236
  447        2985       2.019        2.227        4.247
  448        3055       2.022        2.229        4.251
  449        3126       2.027        2.233         4.26
  450        3199       2.032        2.237        4.268
  451        3273       2.036         2.24        4.276
  452        3350        2.04        2.243        4.283
  453        3428       2.044        2.246         4.29
  454        3508       2.047        2.249        4.296
  455        3589       2.051        2.252        4.302
  456        3673       2.054        2.254        4.308
  457        3758       2.057        2.256        4.313
  458        3846        2.06        2.258        4.318
  459        3936       2.062         2.26        4.322
  460        4027       2.064        2.262        4.326
  461        4121       2.066        2.264         4.33
  462        4217       2.068        2.265        4.334
  463        4315        2.07        2.267        4.337
  464        4416       2.072        2.268         4.34
  465        4519       2.073        2.269        4.342
  466        4624       2.075         2.27        4.345
  467        4732       2.076        2.271        4.347
  468        4842       2.077        2.272        4.349
  469        4955       2.078        2.273         4.35
  470        5070       2.079        2.273        4.352
  471        5188       2.079        2.274        4.353
  472        5309        2.08        2.274        4.354
  473        5433        2.08        2.275        4.355
  474        5559       2.081        2.275        4.356
  475        5689       2.081        2.275        4.356
  476        5821       2.081        2.276        4.357
  477        5957       2.081        2.276        4.357
  478        6095       2.081        2.276        4.357
  479        6237       2.081        2.276        4.357
  480        6383       2.081        2.276        4.357
  481        6531       2.081        2.276        4.356
  482        6683        2.08        2.275        4.356
  483        6839        2.08        2.275        4.355
  484        6998        2.08        2.275        4.355
  485        7161       2.079        2.275        4.354
  486        7328       2.079        2.274        4.353
  487        7499       2.078        2.274        4.352
  488        7674       2.078        2.274        4.351
  489        7852       2.077        2.273         4.35
  490        8035       2.076        2.273        4.349
  491        8222       2.075        2.272        4.348
  492        8414       2.075        2.272        4.346
  493        8610       2.074        2.271        4.345
  494        8810       2.073        2.271        4.344
  495        9016       2.072         2.27        4.342
  496        9226       2.071        2.269        4.341
  497        9441        2.07        2.269        4.339
  498        9661       2.069        2.268        4.337
  499        9886       2.068        2.267        4.336
  500   1.012e+04       2.067        2.267        4.334
  501   1.035e+04       2.066        2.266        4.332
  502   1.059e+04       2.065        2.265        4.331
  503   1.084e+04       2.064        2.264        4.329
  504   1.109e+04       2.063        2.264        4.327
  505   1.135e+04       2.062        2.263        4.325
  506   1.161e+04       2.061        2.262        4.323
  507   1.189e+04        2.06        2.261        4.322
  508   1.216e+04       2.059        2.261         4.32
  509   1.245e+04       2.058         2.26        4.318
  510   1.274e+04       2.057        2.259        4.316
  511   1.303e+04       2.056        2.258        4.314
  512   1.334e+04       2.055        2.258        4.312
  513   1.365e+04       2.054        2.257         4.31
  514   1.396e+04       2.053        2.256        4.309
  515   1.429e+04       2.051        2.255        4.307
  516   1.462e+04        2.05        2.254        4.305
  517   1.496e+04       2.049        2.254        4.303
  518   1.531e+04       2.048        2.253        4.301
  519   1.567e+04       2.047        2.252        4.299
  520   1.603e+04       2.046        2.251        4.297
  521   1.641e+04       2.045         2.25        4.295
  522   1.679e+04       2.044         2.25        4.293
  523   1.718e+04       2.043        2.249        4.292
  524   1.758e+04       2.042        2.248         4.29
  525   1.799e+04       2.041        2.247        4.288
  526   1.841e+04        2.04        2.247        4.286
  527   1.884e+04       2.039        2.246        4.284
  528   1.928e+04       2.037        2.245        4.283
  529   1.972e+04       2.036        2.244        4.281
  530   2.018e+04       2.035        2.244        4.279
  531   2.065e+04       2.034        2.243        4.277
  532   2.113e+04       2.033        2.242        4.275
  533   2.163e+04       2.032        2.241        4.274
  534   2.213e+04       2.031        2.241        4.272
  535   2.265e+04        2.03         2.24         4.27
  536   2.317e+04       2.029        2.239        4.269
  537   2.371e+04       2.028        2.239        4.267
  538   2.427e+04       2.027        2.238        4.265
  539   2.483e+04       2.027        2.237        4.264
  540   2.541e+04       2.026        2.236        4.262
  541     2.6e+04       2.025        2.236         4.26
  542   2.661e+04       2.024        2.235        4.259
  543   2.723e+04       2.023        2.234        4.257
  544   2.786e+04       2.022        2.234        4.256
  545   2.851e+04       2.021        2.233        4.254
  546   2.917e+04        2.02        2.233        4.253
  547   2.985e+04       2.019        2.232        4.251
  548   3.055e+04       2.018        2.231         4.25
  549   3.126e+04       2.018        2.231        4.248
  550   3.199e+04       2.017         2.23        4.247
  551   3.273e+04       2.016        2.229        4.245
  552    3.35e+04       2.015        2.229        4.244
  553   3.428e+04       2.014        2.228        4.243
  554   3.508e+04       2.014        2.228        4.241
  555   3.589e+04       2.013        2.227         4.24
  556   3.673e+04       2.015        2.229        4.244
  557   3.758e+04       2.015        2.228        4.243
  558   3.846e+04       2.014        2.228        4.242
  559   3.936e+04       2.014        2.228        4.241
  560   4.027e+04       2.013        2.227         4.24
  561   4.121e+04       2.013        2.227         4.24
  562   4.217e+04       2.012        2.227        4.239
  563   4.315e+04       2.012        2.226        4.238
  564   4.416e+04       2.011        2.226        4.237
  565   4.519e+04       2.011        2.226        4.236
  566   4.624e+04        2.01        2.225        4.235
  567   4.732e+04        2.01        2.225        4.234
  568   4.842e+04       2.009        2.224        4.234
  569   4.955e+04       2.009        2.224        4.233
  570    5.07e+04       2.008        2.224        4.232
  571   5.188e+04       2.008        2.223        4.231
  572   5.309e+04       2.007        2.223         4.23
  573   5.433e+04       2.007        2.223         4.23
  574   5.559e+04       2.006        2.222        4.229
  575   5.689e+04       2.006        2.222        4.228
  576   5.821e+04       2.005        2.222        4.227
  577   5.957e+04       2.005        2.222        4.227
  578   6.095e+04       2.005        2.221        4.226
  579   6.237e+04       2.004        2.221        4.225
  580   6.383e+04       2.004        2.221        4.224
  581   6.531e+04       2.003         2.22        4.224
  582   6.683e+04       2.003         2.22        4.223
  583   6.839e+04       2.003         2.22        4.222
  584   6.998e+04       2.002        2.219        4.222
  585   7.161e+04       2.002        2.219        4.221
  586   7.328e+04       2.001        2.219         4.22
  587   7.499e+04       2.001        2.219         4.22
  588   7.674e+04       2.001        2.218        4.219
  589   7.852e+04           2        2.218        4.218
  590   8.035e+04           2        2.218        4.218
  591   8.222e+04           2        2.218        4.217
  592   8.414e+04       1.999        2.217        4.217
  593    8.61e+04       1.999        2.217        4.216
  594    8.81e+04       1.999        2.217        4.215
  595   9.016e+04       1.998        2.217        4.215
  596   9.226e+04       1.998        2.216        4.214
  597   9.441e+04       1.998        2.216        4.214
  598   9.661e+04       1.997        2.216        4.213
  599   9.886e+04       1.997        2.216        4.213
  600   1.012e+05       1.997        2.215        4.212
  601   1.035e+05       1.996        2.215        4.212
  602   1.059e+05       1.996        2.215        4.211
  603   1.084e+05       1.996        2.215        4.211
  604   1.109e+05       1.996        2.215         4.21
  605   1.135e+05       1.995        2.215         4.21
  606   1.161e+05       1.995        2.214         4.21
  607   1.189e+05       1.995        2.214        4.209
  608   1.216e+05       1.995        2.214        4.209
  609   1.245e+05       1.995        2.214        4.208
  610   1.274e+05       1.994        2.214        4.208
  611   1.303e+05       1.994        2.214        4.208
  612   1.334e+05       1.994        2.213        4.207
  613   1.365e+05       1.994        2.213        4.207
  614   1.396e+05       1.994        2.213        4.207
  615   1.429e+05       1.993        2.213        4.206
  616   1.462e+05       1.993        2.213        4.206
  617   1.496e+05       1.993        2.213        4.206
  618   1.531e+05       1.993        2.213        4.206
  619   1.567e+05       1.993        2.213        4.205
  620   1.603e+05       1.993        2.212        4.205
  621   1.641e+05       1.993        2.212        4.205
  622   1.679e+05       1.992        2.212        4.205
  623   1.718e+05       1.992        2.212        4.205
  624   1.758e+05       1.992        2.212        4.204
  625   1.799e+05       1.992        2.212        4.204
  626   1.841e+05       1.992        2.212        4.204
  627   1.884e+05       1.992        2.212        4.204
  628   1.928e+05       1.992        2.212        4.204
  629   1.972e+05       1.992        2.212        4.204
  630   2.018e+05       1.992        2.212        4.204
  631   2.065e+05       1.992        2.212        4.204
  632   2.113e+05       1.992        2.212        4.203
  633   2.163e+05       1.992        2.212        4.203
  634   2.213e+05       1.992        2.212        4.203
  635   2.265e+05       1.992        2.212        4.203
  636   2.317e+05       1.992        2.212        4.203
  637   2.371e+05       1.992        2.212        4.203
  638   2.427e+05       1.992        2.212        4.203
  639   2.483e+05       1.992        2.212        4.203
  640   2.541e+05       1.992        2.212        4.204
  641     2.6e+05       1.992        2.212        4.204
  642   2.661e+05       1.992        2.212        4.204
  643   2.723e+05       1.992        2.212        4.204
  644   2.786e+05       1.992        2.212        4.204
  645   2.851e+05       1.992        2.212        4.204
  646   2.917e+05       1.992        2.212        4.204
  647   2.985e+05       1.992        2.212        4.204
  648   3.055e+05       1.992        2.212        4.204
  649   3.126e+05       1.992        2.212        4.205
  650   3.199e+05       1.992        2.212        4.205
  651   3.273e+05       1.993        2.212        4.205
  652    3.35e+05       1.993        2.213        4.205
  653   3.428e+05       1.993        2.213        4.205
  654   3.508e+05       1.993        2.213        4.206
  655   3.589e+05       1.993        2.213        4.206
  656   3.673e+05       1.993        2.213        4.206
  657   3.758e+05       1.993        2.213        4.207
  658   3.846e+05       1.994        2.213        4.207
  659   3.936e+05       1.994        2.213        4.207
  660   4.027e+05       1.994        2.214        4.207
  661   4.121e+05       1.994        2.214        4.208
  662   4.217e+05       1.994        2.214        4.208
  663   4.315e+05       1.995        2.214        4.209
  664   4.416e+05       1.995        2.214        4.209
  665   4.519e+05       1.995        2.214        4.209
  666   4.624e+05       1.995        2.215         4.21
  667   4.732e+05       1.996        2.215         4.21
  668   4.842e+05       1.996        2.215        4.211
  669   4.955e+05       1.996        2.215        4.211
  670    5.07e+05       1.996        2.215        4.212
  671   5.188e+05       1.997        2.215        4.212
  672   5.309e+05       1.997        2.216        4.213
  673   5.433e+05       1.997        2.216        4.213
  674   5.559e+05       1.997        2.216        4.214
  675   5.689e+05       1.998        2.216        4.214
  676   5.821e+05       1.998        2.217        4.215
  677   5.957e+05       1.998        2.217        4.215
  678   6.095e+05       1.999        2.217        4.216
  679   6.237e+05       1.999        2.217        4.216
  680   6.383e+05       1.999        2.218        4.217
  681   6.531e+05           2        2.218        4.218
  682   6.683e+05           2        2.218        4.218
  683   6.839e+05           2        2.218        4.219
  684   6.998e+05       2.001        2.219         4.22
  685   7.161e+05       2.001        2.219         4.22
  686   7.328e+05       2.002        2.219        4.221
  687   7.499e+05       2.002         2.22        4.222
  688   7.674e+05       2.002         2.22        4.222
  689   7.852e+05       2.003         2.22        4.223
  690   8.035e+05       2.003         2.22        4.224
  691   8.222e+05       2.004        2.221        4.225
  692   8.414e+05       2.004        2.221        4.225
  693    8.61e+05       2.005        2.221        4.226
  694    8.81e+05       2.005        2.222        4.227
  695   9.016e+05       2.006        2.222        4.228
  696   9.226e+05       2.006        2.222        4.228
  697   9.441e+05       2.006        2.223        4.229
  698   9.661e+05       2.007        2.223         4.23
  699   9.886e+05       2.007        2.224        4.231
  700   1.012e+06       2.008        2.224        4.232
  701   1.035e+06       2.008        2.224        4.233
  702   1.059e+06       2.009        2.225        4.234
  703   1.084e+06       2.009        2.225        4.234
  704   1.109e+06        2.01        2.225        4.235
  705   1.135e+06        2.01        2.226        4.236
  706   1.161e+06       2.011        2.226        4.237
  707   1.189e+06       2.012        2.227        4.238
  708   1.216e+06       2.012        2.227        4.239
  709   1.245e+06       2.013        2.227         4.24
  710   1.274e+06       2.013        2.228        4.241
  711   1.303e+06       2.014        2.228        4.242
  712   1.334e+06       2.014        2.229        4.243
  713   1.365e+06       2.015        2.229        4.244
  714   1.396e+06       2.016         2.23        4.245
  715   1.429e+06       2.016         2.23        4.246
  716   1.462e+06       2.017         2.23        4.247
  717   1.496e+06       2.017        2.231        4.248
  718   1.531e+06       2.018        2.231        4.249
  719   1.567e+06       2.019        2.232         4.25
  720   1.603e+06       2.019        2.232        4.252
  721   1.641e+06        2.02        2.233        4.253
  722   1.679e+06        2.02        2.233        4.254
  723   1.718e+06       2.021        2.234        4.255
  724   1.758e+06       2.022        2.234        4.256
  725   1.799e+06       2.022        2.235        4.257
  726   1.841e+06       2.023        2.235        4.258
  727   1.884e+06       2.024        2.236         4.26
  728   1.928e+06       2.024        2.236        4.261
  729   1.972e+06       2.025        2.237        4.262
  730   2.018e+06       2.026        2.237        4.263
  731   2.065e+06       2.027        2.238        4.264
  732   2.113e+06       2.027        2.238        4.266
  733   2.163e+06       2.028        2.239        4.267
  734   2.213e+06       2.029        2.239        4.268
  735   2.265e+06       2.029         2.24        4.269
  736   2.317e+06        2.03         2.24        4.271
  737   2.371e+06       2.031        2.241        4.272
  738   2.427e+06       2.032        2.242        4.273
  739   2.483e+06       2.032        2.242        4.274
  740   2.541e+06       2.033        2.243        4.276
  741     2.6e+06       2.034        2.243        4.277
  742   2.661e+06       2.035        2.244        4.278
  743   2.723e+06       2.035        2.244         4.28
  744   2.786e+06       2.036        2.245        4.281
  745   2.851e+06       2.037        2.246        4.283
  746   2.917e+06       2.038        2.246        4.284
  747   2.985e+06       2.039        2.247        4.285
  748   3.055e+06       2.039        2.247        4.287
  749   3.126e+06        2.04        2.248        4.288
  750   3.199e+06       2.041        2.248         4.29
  751   3.273e+06       2.042        2.249        4.291
  752    3.35e+06       2.043         2.25        4.292
  753   3.428e+06       2.043         2.25        4.294
  754   3.508e+06       2.044        2.251        4.295
  755   3.589e+06       2.045        2.252        4.297
  756   3.673e+06       2.046        2.252        4.298
  757   3.758e+06       2.047        2.253          4.3
  758   3.846e+06       2.048        2.253        4.301
  759   3.936e+06       2.049        2.254        4.303
  760   4.027e+06       2.049        2.255        4.304
  761   4.121e+06        2.05        2.255        4.306
  762   4.217e+06       2.051        2.256        4.307
  763   4.315e+06       2.052        2.257        4.309
  764   4.416e+06       2.053        2.257         4.31
  765   4.519e+06       2.054        2.258        4.312
  766   4.624e+06       2.055        2.259        4.313
  767   4.732e+06       2.056        2.259        4.315
  768   4.842e+06       2.057         2.26        4.317
  769   4.955e+06       2.057        2.261        4.318
  770    5.07e+06       2.058        2.261         4.32
  771   5.188e+06       2.059        2.262        4.321
  772   5.309e+06        2.06        2.263        4.323
  773   5.433e+06       2.061        2.263        4.325
  774   5.559e+06       2.062        2.264        4.326
  775   5.689e+06       2.063        2.265        4.328
  776   5.821e+06       2.064        2.266         4.33
  777   5.957e+06       2.065        2.266        4.331
  778   6.095e+06       2.066        2.267        4.333
  779   6.237e+06       2.067        2.268        4.335
  780   6.383e+06       2.068        2.268        4.336
  781   6.531e+06       2.069        2.269        4.338
  782   6.683e+06        2.07         2.27         4.34
  783   6.839e+06       2.071        2.271        4.341
  784   6.998e+06       2.072        2.271        4.343
  785   7.161e+06       2.073        2.272        4.345
  786   7.328e+06       2.074        2.273        4.347
  787   7.499e+06       2.075        2.274        4.348
  788   7.674e+06       2.076        2.274         4.35
  789   7.852e+06       2.077        2.275        4.352
  790   8.035e+06       2.078        2.276        4.354
  791   8.222e+06       2.079        2.277        4.355
  792   8.414e+06        2.08        2.277        4.357
  793    8.61e+06       2.081        2.278        4.359
  794    8.81e+06       2.082        2.279        4.361
  795   9.016e+06       2.083         2.28        4.363
  796   9.226e+06       2.084         2.28        4.364
  797   9.441e+06       2.085        2.281        4.366
  798   9.661e+06       2.086        2.282        4.368
  799   9.886e+06       2.087        2.283         4.37
-------------------------------------------------------------
### alpha 5 GeV on G4_PbWO4 xs/X0= 14.9491
G4WT0 > ================== Deleting memory pools ===================
G4WT0 > Number of memory pools allocated: 9; of which, static: 0
G4WT0 > Dynamic pools deleted: 9 / Total memory freed: 0.011 MB
G4WT0 > ============================================================
================== Deleting memory pools ===================
Number of memory pools allocated: 4; of which, static: 0
Dynamic pools deleted: 4 / Total memory freed: 0.0058 MB
============================================================
