
        ############################################
        !!! WARNING - FPE detection is activated !!!
        ############################################


          ################################
          !!! G4Backtrace is activated !!!
          ################################


**************************************************************
 Geant4 version Name: geant4-11-02-ref-09    (31-October-2024)
                       Copyright : Geant4 Collaboration
                      References : NIM A 506 (2003), 250-303
                                 : IEEE-TNS 53 (2006), 270-278
                                 : NIM A 835 (2016), 186-225
                             WWW : http://geant4.org/
**************************************************************

G4PhysListFactory::GetReferencePhysList <FTFP_BERT_HP>  EMoption= 0
<<< Geant4 Physics List simulation engine: FTFP_BERT_HP


/process/had/verbose 0
/process/em/verbose 0
/allXS/outputFileName all_XS
/allXS/particleName neutron
/allXS/elementName Pb
/allXS/numBins 1000
/allXS/minKineticEnergy 1. keV
/allXS/maxKineticEnergy 10. TeV
/run/initialize
/run/beamOn 0
### G4LevelReader: broken transition 0 from level 24 to 24 for isotope Z= 15 A= 31 the transition probability set to zero
### G4LevelReader: broken transition 0 from level 27 to 27 for isotope Z= 15 A= 31 the transition probability set to zero
### G4LevelReader: broken transition 0 from level 29 to 29 for isotope Z= 15 A= 31 the transition probability set to zero
### G4LevelReader: broken level 33 E(MeV)= 0.9569 < 0.9663 for isotope Z= 58 A= 133 level energy increased
### G4LevelReader: broken level 103 E(MeV)= 4.37061 < 4.3753 for isotope Z= 58 A= 133 level energy increased
### G4LevelReader: broken level 178 E(MeV)= 14.875 < 14.8848 for isotope Z= 58 A= 133 level energy increased
### XSHistoManager::Book: Successfully opened file all_XS.root for dumping profiles.
### XSHistoManager::EndOfRun: Compute & fill XS for neutron in Pb
### All profiles saved to all_XS.root
### All profiles saved to all_XS.hist
