Environment variable "G4FORCE_RUN_MANAGER_TYPE" enabled with value == Serial. Forcing G4RunManager type...

        ############################################
        !!! WARNING - FPE detection is activated !!!
        ############################################


          ################################
          !!! G4Backtrace is activated !!!
          ################################


**************************************************************
 Geant4 version Name: geant4-11-02-ref-05    (31-May-2024)
                       Copyright : Geant4 Collaboration
                      References : NIM A 506 (2003), 250-303
                                 : IEEE-TNS 53 (2006), 270-278
                                 : NIM A 835 (2016), 186-225
                             WWW : http://geant4.org/
**************************************************************

<<< Geant4 Physics List simulation engine: FTFP_BERT

Visualization Manager instantiating with verbosity "warnings (3)"...
Visualization Manager initialising...
Registering graphics systems...

You have successfully registered the following graphics systems.
Registered graphics systems are:
  ASCIITree (ATree)
  DAWNFILE (DAWNFILE)
  G4HepRepFile (HepRepFile)
  RayTracer (RayTracer)
  VRML2FILE (VRML2FILE)
  gMocrenFile (gMocrenFile)
  TOOLSSG_OFFSCREEN (TSG_OFFSCREEN)
  TOOLSSG_OFFSCREEN (TSG_OFFSCREEN, TSG_FILE)
  OpenGLImmediateQt (OGLIQt, OGLI)
  OpenGLStoredQt (OGLSQt, OGL, OGLS)
  OpenGLImmediateXm (OGLIXm, OGLIQt_FALLBACK)
  OpenGLStoredXm (OGLSXm, OGLSQt_FALLBACK)
  OpenGLImmediateX (OGLIX, OGLIQt_FALLBACK, OGLIXm_FALLBACK)
  OpenGLStoredX (OGLSX, OGLSQt_FALLBACK, OGLSXm_FALLBACK)
  RayTracerX (RayTracerX)
  Qt3D (Qt3D)
  TOOLSSG_X11_GLES (TSG_X11_GLES, TSGX11, TSG_XT_GLES_FALLBACK)
  TOOLSSG_X11_ZB (TSG_X11_ZB, TSGX11ZB)
  TOOLSSG_XT_GLES (TSG_XT_GLES, TSGXt, TSG_QT_GLES_FALLBACK)
  TOOLSSG_XT_ZB (TSG_XT_ZB, TSGXtZB)
  TOOLSSG_QT_GLES (TSG_QT_GLES, TSGQt, TSG)
  TOOLSSG_QT_ZB (TSG_QT_ZB, TSGQtZB)
You may choose a graphics system (driver) with a parameter of
the command "/vis/open" or "/vis/sceneHandler/create",
or you may omit the driver parameter and choose at run time:
- by argument in the construction of G4VisExecutive
- by environment variable "G4VIS_DEFAULT_DRIVER"
- by entry in "~/.g4session"
- by build flags.
- Note: This feature is not allowed in batch mode.
For further information see "examples/basic/B1/exampleB1.cc"
and "vis.mac".

Registering model factories...

You have successfully registered the following model factories.
Registered model factories:
  generic
  drawByAttribute
  drawByCharge
  drawByOriginVolume
  drawByParticleID
  drawByEncounteredVolume

Registered models:
  None

Registered filter factories:
  attributeFilter
  chargeFilter
  originVolumeFilter
  particleFilter
  encounteredVolumeFilter

Registered filters:
  None

You have successfully registered the following user vis actions.
Run Duration User Vis Actions: none
End of Event User Vis Actions: none
End of Run User Vis Actions: none

Some /vis commands (optionally) take a string to specify colour.
"/vis/list" to see available colours.

The materials defined are : 


***** Table : Nb of materials = 5 *****

 Material:   G4_AIR    density:  1.205 mg/cm3  RadL: 303.921 m    Nucl.Int.Length: 710.095 m  
                       Imean:  85.700 eV   temperature: 293.15 K  pressure:   1.00 atm

   --->  Element: C (C)   Z =  6.0   N =    12   A = 12.011 g/mole
         --->  Isotope:   C12   Z =  6   N =  12   A =  12.00 g/mole   abundance: 98.930 %
         --->  Isotope:   C13   Z =  6   N =  13   A =  13.00 g/mole   abundance:  1.070 %
          ElmMassFraction:   0.01 %  ElmAbundance   0.02 % 

   --->  Element: N (N)   Z =  7.0   N =    14   A = 14.007 g/mole
         --->  Isotope:   N14   Z =  7   N =  14   A =  14.00 g/mole   abundance: 99.632 %
         --->  Isotope:   N15   Z =  7   N =  15   A =  15.00 g/mole   abundance:  0.368 %
          ElmMassFraction:  75.53 %  ElmAbundance  78.44 % 

   --->  Element: O (O)   Z =  8.0   N =    16   A = 15.999 g/mole
         --->  Isotope:   O16   Z =  8   N =  16   A =  15.99 g/mole   abundance: 99.757 %
         --->  Isotope:   O17   Z =  8   N =  17   A =  17.00 g/mole   abundance:  0.038 %
         --->  Isotope:   O18   Z =  8   N =  18   A =  18.00 g/mole   abundance:  0.205 %
          ElmMassFraction:  23.18 %  ElmAbundance  21.07 % 

   --->  Element: Ar (Ar)   Z = 18.0   N =    40   A = 39.948 g/mole
         --->  Isotope:  Ar36   Z = 18   N =  36   A =  35.97 g/mole   abundance:  0.337 %
         --->  Isotope:  Ar38   Z = 18   N =  38   A =  37.96 g/mole   abundance:  0.063 %
         --->  Isotope:  Ar40   Z = 18   N =  40   A =  39.96 g/mole   abundance: 99.600 %
          ElmMassFraction:   1.28 %  ElmAbundance   0.47 % 


 Material:    G4_Ar    density:  1.662 mg/cm3  RadL: 117.621 m    Nucl.Int.Length: 719.888 m  
                       Imean: 188.000 eV   temperature: 293.15 K  pressure:   1.00 atm

   --->  Element: Ar (Ar)   Z = 18.0   N =    40   A = 39.948 g/mole
         --->  Isotope:  Ar36   Z = 18   N =  36   A =  35.97 g/mole   abundance:  0.337 %
         --->  Isotope:  Ar38   Z = 18   N =  38   A =  37.96 g/mole   abundance:  0.063 %
         --->  Isotope:  Ar40   Z = 18   N =  40   A =  39.96 g/mole   abundance: 99.600 %
          ElmMassFraction: 100.00 %  ElmAbundance 100.00 % 


 Material: G4_PLASTIC_SC_VINYLTOLUENE    density:  1.032 g/cm3   RadL:  42.544 cm   Nucl.Int.Length:  69.969 cm 
                       Imean:  64.700 eV   temperature: 293.15 K  pressure:   1.00 atm

   --->  Element: C (C)   Z =  6.0   N =    12   A = 12.011 g/mole
         --->  Isotope:   C12   Z =  6   N =  12   A =  12.00 g/mole   abundance: 98.930 %
         --->  Isotope:   C13   Z =  6   N =  13   A =  13.00 g/mole   abundance:  1.070 %
          ElmMassFraction:  91.47 %  ElmAbundance  47.37 % 

   --->  Element: H (H)   Z =  1.0   N =     1   A =  1.008 g/mole
         --->  Isotope:    H1   Z =  1   N =   1   A =   1.01 g/mole   abundance: 99.989 %
         --->  Isotope:    H2   Z =  1   N =   2   A =   2.01 g/mole   abundance:  0.011 %
          ElmMassFraction:   8.53 %  ElmAbundance  52.63 % 


 Material: G4_CESIUM_IODIDE    density:  4.510 g/cm3   RadL:   1.860 cm   Nucl.Int.Length:  39.306 cm 
                       Imean: 553.100 eV   temperature: 293.15 K  pressure:   1.00 atm

   --->  Element: Cs (Cs)   Z = 55.0   N =   133   A = 132.905 g/mole
         --->  Isotope: Cs133   Z = 55   N = 133   A = 132.91 g/mole   abundance: 100.000 %
          ElmMassFraction:  51.15 %  ElmAbundance  50.00 % 

   --->  Element: I (I)   Z = 53.0   N =   127   A = 126.904 g/mole
         --->  Isotope:  I127   Z = 53   N = 127   A = 126.90 g/mole   abundance: 100.000 %
          ElmMassFraction:  48.85 %  ElmAbundance  50.00 % 


 Material:    G4_Pb    density: 11.350 g/cm3   RadL:   5.613 mm   Nucl.Int.Length:  18.248 cm 
                       Imean: 823.000 eV   temperature: 293.15 K  pressure:   1.00 atm

   --->  Element: Pb (Pb)   Z = 82.0   N =   207   A = 207.217 g/mole
         --->  Isotope: Pb204   Z = 82   N = 204   A = 203.97 g/mole   abundance:  1.400 %
         --->  Isotope: Pb206   Z = 82   N = 206   A = 205.97 g/mole   abundance: 24.100 %
         --->  Isotope: Pb207   Z = 82   N = 207   A = 206.98 g/mole   abundance: 22.100 %
         --->  Isotope: Pb208   Z = 82   N = 208   A = 207.98 g/mole   abundance: 52.400 %
          ElmMassFraction: 100.00 %  ElmAbundance 100.00 % 



Checking overlaps for volume magneticPhysical:0 (G4Tubs) ... OK! 
Checking overlaps for volume firstArmPhysical:0 (G4Box) ... OK! 
Checking overlaps for volume fSecondArmPhys:0 (G4Box) ... OK! 
Checking overlaps for volume hodoscope1Physical:0 (G4Box) ... OK! 
Checking overlaps for volume hodoscope1Physical:1 (G4Box) ... OK! 
Checking overlaps for volume hodoscope1Physical:2 (G4Box) ... OK! 
Checking overlaps for volume hodoscope1Physical:3 (G4Box) ... OK! 
Checking overlaps for volume hodoscope1Physical:4 (G4Box) ... OK! 
Checking overlaps for volume hodoscope1Physical:5 (G4Box) ... OK! 
Checking overlaps for volume hodoscope1Physical:6 (G4Box) ... OK! 
Checking overlaps for volume hodoscope1Physical:7 (G4Box) ... OK! 
Checking overlaps for volume hodoscope1Physical:8 (G4Box) ... OK! 
Checking overlaps for volume hodoscope1Physical:9 (G4Box) ... OK! 
Checking overlaps for volume hodoscope1Physical:10 (G4Box) ... OK! 
Checking overlaps for volume hodoscope1Physical:11 (G4Box) ... OK! 
Checking overlaps for volume hodoscope1Physical:12 (G4Box) ... OK! 
Checking overlaps for volume hodoscope1Physical:13 (G4Box) ... OK! 
Checking overlaps for volume hodoscope1Physical:14 (G4Box) ... OK! 
Checking overlaps for volume chamber1Physical:0 (G4Box) ... OK! 
Checking overlaps for volume chamber1Physical:1 (G4Box) ... OK! 
Checking overlaps for volume chamber1Physical:2 (G4Box) ... OK! 
Checking overlaps for volume chamber1Physical:3 (G4Box) ... OK! 
Checking overlaps for volume chamber1Physical:4 (G4Box) ... OK! 
Checking overlaps for volume wirePlane1Physical:0 (G4Box) ... OK! 
Checking overlaps for volume hodoscope2Physical:0 (G4Box) ... OK! 
Checking overlaps for volume hodoscope2Physical:1 (G4Box) ... OK! 
Checking overlaps for volume hodoscope2Physical:2 (G4Box) ... OK! 
Checking overlaps for volume hodoscope2Physical:3 (G4Box) ... OK! 
Checking overlaps for volume hodoscope2Physical:4 (G4Box) ... OK! 
Checking overlaps for volume hodoscope2Physical:5 (G4Box) ... OK! 
Checking overlaps for volume hodoscope2Physical:6 (G4Box) ... OK! 
Checking overlaps for volume hodoscope2Physical:7 (G4Box) ... OK! 
Checking overlaps for volume hodoscope2Physical:8 (G4Box) ... OK! 
Checking overlaps for volume hodoscope2Physical:9 (G4Box) ... OK! 
Checking overlaps for volume hodoscope2Physical:10 (G4Box) ... OK! 
Checking overlaps for volume hodoscope2Physical:11 (G4Box) ... OK! 
Checking overlaps for volume hodoscope2Physical:12 (G4Box) ... OK! 
Checking overlaps for volume hodoscope2Physical:13 (G4Box) ... OK! 
Checking overlaps for volume hodoscope2Physical:14 (G4Box) ... OK! 
Checking overlaps for volume hodoscope2Physical:15 (G4Box) ... OK! 
Checking overlaps for volume hodoscope2Physical:16 (G4Box) ... OK! 
Checking overlaps for volume hodoscope2Physical:17 (G4Box) ... OK! 
Checking overlaps for volume hodoscope2Physical:18 (G4Box) ... OK! 
Checking overlaps for volume hodoscope2Physical:19 (G4Box) ... OK! 
Checking overlaps for volume hodoscope2Physical:20 (G4Box) ... OK! 
Checking overlaps for volume hodoscope2Physical:21 (G4Box) ... OK! 
Checking overlaps for volume hodoscope2Physical:22 (G4Box) ... OK! 
Checking overlaps for volume hodoscope2Physical:23 (G4Box) ... OK! 
Checking overlaps for volume hodoscope2Physical:24 (G4Box) ... OK! 
Checking overlaps for volume chamber2Physical:0 (G4Box) ... OK! 
Checking overlaps for volume chamber2Physical:1 (G4Box) ... OK! 
Checking overlaps for volume chamber2Physical:2 (G4Box) ... OK! 
Checking overlaps for volume chamber2Physical:3 (G4Box) ... OK! 
Checking overlaps for volume chamber2Physical:4 (G4Box) ... OK! 
Checking overlaps for volume wirePlane2Physical:0 (G4Box) ... OK! 
Checking overlaps for volume EMcalorimeterPhysical:0 (G4Box) ... OK! 
Checking overlaps for volume HadCalorimeterPhysical:0 (G4Box) ... OK! 
Checking overlaps for volume HadCalScintiPhysical:0 (G4Box) ... OK! 
 G4ChordFinder: stepperDriverId: 2

 hInelastic FTFP_BERT : threshold between BERT and FTFP is over the interval 
 for pions :   3 to 6 GeV
 for kaons :   3 to 6 GeV
 for proton :  3 to 6 GeV
 for neutron : 3 to 6 GeV

### Adding tracking cuts for neutron  TimeCut(ns)= 10000  KinEnergyCut(MeV)= 0
=======================================================================
======                 Electromagnetic Physics Parameters      ========
=======================================================================
LPM effect enabled                                 1
Enable creation and use of sampling tables         0
Apply cuts on all EM processes                     0
Use combined TransportationWithMsc                 Disabled
Use general process                                1
Enable linear polarisation for gamma               0
Enable photoeffect sampling below K-shell          1
Enable sampling of quantum entanglement            0
X-section factor for integral approach             0.8
Min kinetic energy for tables                      100 eV 
Max kinetic energy for tables                      100 TeV
Number of bins per decade of a table               7
Verbose level                                      1
Verbose level for worker thread                    0
Bremsstrahlung energy threshold above which 
  primary e+- is added to the list of secondary    100 TeV
Bremsstrahlung energy threshold above which primary
  muon/hadron is added to the list of secondary    100 TeV
Lowest triplet kinetic energy                      1 MeV
Enable sampling of gamma linear polarisation       0
5D gamma conversion model type                     0
5D gamma conversion model on isolated ion          0
Livermore data directory                           epics_2017
=======================================================================
======                 Ionisation Parameters                   ========
=======================================================================
Step function for e+-                              (0.2, 1 mm)
Step function for muons/hadrons                    (0.2, 0.1 mm)
Step function for light ions                       (0.2, 0.1 mm)
Step function for general ions                     (0.2, 0.1 mm)
Lowest e+e- kinetic energy                         1 keV
Lowest muon/hadron kinetic energy                  1 keV
Use ICRU90 data                                    0
Fluctuations of dE/dx are enabled                  1
Type of fluctuation model for leptons and hadrons  Urban
Use built-in Birks satuaration                     0
Build CSDA range enabled                           0
Use cut as a final range enabled                   0
Enable angular generator interface                 0
Max kinetic energy for CSDA tables                 1 GeV
Max kinetic energy for NIEL computation            0 eV 
Linear loss limit                                  0.01
Read data from file for e+e- pair production by mu 0
=======================================================================
======                 Multiple Scattering Parameters          ========
=======================================================================
Type of msc step limit algorithm for e+-           1
Type of msc step limit algorithm for muons/hadrons 0
Msc lateral displacement for e+- enabled           1
Msc lateral displacement for muons and hadrons     0
Urban msc model lateral displacement alg96         1
Range factor for msc step limit for e+-            0.04
Range factor for msc step limit for muons/hadrons  0.2
Geometry factor for msc step limitation of e+-     2.5
Safety factor for msc step limit for e+-           0.6
Skin parameter for msc step limitation of e+-      1
Lambda limit for msc step limit for e+-            1 mm
Use Mott correction for e- scattering              0
Factor used for dynamic computation of angular 
  limit between single and multiple scattering     1
Fixed angular limit between single 
  and multiple scattering                          3.1416 rad
Upper energy limit for e+- multiple scattering     100 MeV
Type of electron single scattering model           0
Type of nuclear form-factor                        1
Screening factor                                   1
=======================================================================

phot:  for gamma SubType=12 BuildTable=0
      LambdaPrime table from 200 keV to 100 TeV in 61 bins 
      ===== EM models for the G4Region  DefaultRegionForTheWorld ======
 LivermorePhElectric : Emin=    0 eV  Emax=  100 TeV  SauterGavrila Fluo

compt:  for gamma SubType=13 BuildTable=1
      Lambda table from 100 eV  to 1 MeV, 7 bins/decade, spline: 1
      LambdaPrime table from 1 MeV to 100 TeV in 56 bins 
      ===== EM models for the G4Region  DefaultRegionForTheWorld ======
       Klein-Nishina : Emin=    0 eV  Emax=  100 TeV

conv:  for gamma SubType=14 BuildTable=1
      Lambda table from 1.022 MeV to 100 TeV, 18 bins/decade, spline: 1
      ===== EM models for the G4Region  DefaultRegionForTheWorld ======
     BetheHeitlerLPM : Emin=    0 eV  Emax=  100 TeV  ModifiedTsai

Rayl:  for gamma SubType=11 BuildTable=1
      Lambda table from 100 eV  to 150 keV, 7 bins/decade, spline: 0
      LambdaPrime table from 150 keV to 100 TeV in 62 bins 
      ===== EM models for the G4Region  DefaultRegionForTheWorld ======
   LivermoreRayleigh : Emin=    0 eV  Emax=  100 TeV  CullenGenerator

msc:  for e-  SubType= 10
      ===== EM models for the G4Region  DefaultRegionForTheWorld ======
            UrbanMsc : Emin=    0 eV  Emax=  100 MeV Nbins=42 100 eV  - 100 MeV
          StepLim=UseSafety Rfact=0.04 Gfact=2.5 Sfact=0.6 DispFlag:1 Skin=1 Llim=1 mm
        WentzelVIUni : Emin=  100 MeV Emax=  100 TeV Nbins=42 100 MeV - 100 TeV
          StepLim=UseSafety Rfact=0.04 Gfact=2.5 Sfact=0.6 DispFlag:1 Skin=1 Llim=1 mm

eIoni:  for e-  XStype:3  SubType=2
      dE/dx and range tables from 100 eV  to 100 TeV in 84 bins
      Lambda tables from threshold to 100 TeV, 7 bins/decade, spline: 1
      StepFunction=(0.2, 1 mm), integ: 3, fluct: 1, linLossLim= 0.01
      ===== EM models for the G4Region  DefaultRegionForTheWorld ======
        MollerBhabha : Emin=    0 eV  Emax=  100 TeV

eBrem:  for e-  XStype:4  SubType=3
      dE/dx and range tables from 100 eV  to 100 TeV in 84 bins
      Lambda tables from threshold to 100 TeV, 7 bins/decade, spline: 1
      LPM flag: 1 for E > 1 GeV,  VertexHighEnergyTh(GeV)= 100000
      ===== EM models for the G4Region  DefaultRegionForTheWorld ======
             eBremSB : Emin=    0 eV  Emax=    1 GeV  ModifiedTsai
            eBremLPM : Emin=    1 GeV Emax=  100 TeV  ModifiedTsai

CoulombScat:  for e- XStype:1 SubType=1 BuildTable=1
      Lambda table from 100 MeV to 100 TeV, 7 bins/decade, spline: 0
      ThetaMin(p) < Theta(degree) < 180, pLimit(GeV^1)= 0.139531
      ===== EM models for the G4Region  DefaultRegionForTheWorld ======
  eCoulombScattering : Emin=  100 MeV Emax=  100 TeV

msc:  for e+  SubType= 10
      ===== EM models for the G4Region  DefaultRegionForTheWorld ======
            UrbanMsc : Emin=    0 eV  Emax=  100 MeV Nbins=42 100 eV  - 100 MeV
          StepLim=UseSafety Rfact=0.04 Gfact=2.5 Sfact=0.6 DispFlag:1 Skin=1 Llim=1 mm
        WentzelVIUni : Emin=  100 MeV Emax=  100 TeV Nbins=42 100 MeV - 100 TeV
          StepLim=UseSafety Rfact=0.04 Gfact=2.5 Sfact=0.6 DispFlag:1 Skin=1 Llim=1 mm

eIoni:  for e+  XStype:3  SubType=2
      dE/dx and range tables from 100 eV  to 100 TeV in 84 bins
      Lambda tables from threshold to 100 TeV, 7 bins/decade, spline: 1
      StepFunction=(0.2, 1 mm), integ: 3, fluct: 1, linLossLim= 0.01
      ===== EM models for the G4Region  DefaultRegionForTheWorld ======
        MollerBhabha : Emin=    0 eV  Emax=  100 TeV

eBrem:  for e+  XStype:4  SubType=3
      dE/dx and range tables from 100 eV  to 100 TeV in 84 bins
      Lambda tables from threshold to 100 TeV, 7 bins/decade, spline: 1
      LPM flag: 1 for E > 1 GeV,  VertexHighEnergyTh(GeV)= 100000
      ===== EM models for the G4Region  DefaultRegionForTheWorld ======
             eBremSB : Emin=    0 eV  Emax=    1 GeV  ModifiedTsai
            eBremLPM : Emin=    1 GeV Emax=  100 TeV  ModifiedTsai

annihil:  for e+ XStype:2 SubType=5 AtRestModel:Simple BuildTable=0
      ===== EM models for the G4Region  DefaultRegionForTheWorld ======
            eplus2gg : Emin=    0 eV  Emax=  100 TeV

CoulombScat:  for e+ XStype:1 SubType=1 BuildTable=1
      Lambda table from 100 MeV to 100 TeV, 7 bins/decade, spline: 0
      ThetaMin(p) < Theta(degree) < 180, pLimit(GeV^1)= 0.139531
      ===== EM models for the G4Region  DefaultRegionForTheWorld ======
  eCoulombScattering : Emin=  100 MeV Emax=  100 TeV

msc:  for proton  SubType= 10
      ===== EM models for the G4Region  DefaultRegionForTheWorld ======
        WentzelVIUni : Emin=    0 eV  Emax=  100 TeV Nbins=84 100 eV  - 100 TeV
          StepLim=Minimal Rfact=0.2 Gfact=2.5 Sfact=0.6 DispFlag:0 Skin=1 Llim=1 mm

hIoni:  for proton  XStype:3  SubType=2
      dE/dx and range tables from 100 eV  to 100 TeV in 84 bins
      Lambda tables from threshold to 100 TeV, 7 bins/decade, spline: 1
      StepFunction=(0.2, 0.1 mm), integ: 3, fluct: 1, linLossLim= 0.01
      ===== EM models for the G4Region  DefaultRegionForTheWorld ======
               Bragg : Emin=    0 eV  Emax=    2 MeV
          BetheBloch : Emin=    2 MeV Emax=  100 TeV

hBrems:  for proton  XStype:1  SubType=3
      dE/dx and range tables from 100 eV  to 100 TeV in 84 bins
      Lambda tables from threshold to 100 TeV, 7 bins/decade, spline: 1
      ===== EM models for the G4Region  DefaultRegionForTheWorld ======
               hBrem : Emin=    0 eV  Emax=  100 TeV  ModifiedMephi

hPairProd:  for proton  XStype:1  SubType=4
      dE/dx and range tables from 100 eV  to 100 TeV in 84 bins
      Lambda tables from threshold to 100 TeV, 7 bins/decade, spline: 1
      Sampling table 17x1001 from 7.50618 GeV to 100 TeV 
      ===== EM models for the G4Region  DefaultRegionForTheWorld ======
           hPairProd : Emin=    0 eV  Emax=  100 TeV  ModifiedMephi

CoulombScat:  for proton XStype:1 SubType=1 BuildTable=1
      Lambda table from threshold  to 100 TeV, 7 bins/decade, spline: 0
      ThetaMin(p) < Theta(degree) < 180, pLimit(GeV^1)= 0.139531
      ===== EM models for the G4Region  DefaultRegionForTheWorld ======
  eCoulombScattering : Emin=    0 eV  Emax=  100 TeV

msc:  for GenericIon  SubType= 10
      ===== EM models for the G4Region  DefaultRegionForTheWorld ======
            UrbanMsc : Emin=    0 eV  Emax=  100 TeV
          StepLim=Minimal Rfact=0.2 Gfact=2.5 Sfact=0.6 DispFlag:0 Skin=1 Llim=1 mm

ionIoni:  for GenericIon  XStype:3  SubType=2
      dE/dx and range tables from 100 eV  to 100 TeV in 84 bins
      Lambda tables from threshold to 100 TeV, 7 bins/decade, spline: 1
      StepFunction=(0.2, 0.1 mm), integ: 3, fluct: 1, linLossLim= 0.02
      ===== EM models for the G4Region  DefaultRegionForTheWorld ======
            BraggIon : Emin=    0 eV  Emax=    2 MeV
          BetheBloch : Emin=    2 MeV Emax=  100 TeV

msc:  for alpha  SubType= 10
      ===== EM models for the G4Region  DefaultRegionForTheWorld ======
            UrbanMsc : Emin=    0 eV  Emax=  100 TeV
          StepLim=Minimal Rfact=0.2 Gfact=2.5 Sfact=0.6 DispFlag:0 Skin=1 Llim=1 mm

ionIoni:  for alpha  XStype:3  SubType=2
      dE/dx and range tables from 100 eV  to 100 TeV in 84 bins
      Lambda tables from threshold to 100 TeV, 7 bins/decade, spline: 1
      StepFunction=(0.2, 0.1 mm), integ: 3, fluct: 1, linLossLim= 0.02
      ===== EM models for the G4Region  DefaultRegionForTheWorld ======
            BraggIon : Emin=    0 eV  Emax=7.9452 MeV
          BetheBloch : Emin=7.9452 MeV Emax=  100 TeV

msc:  for anti_proton  SubType= 10
      ===== EM models for the G4Region  DefaultRegionForTheWorld ======
        WentzelVIUni : Emin=    0 eV  Emax=  100 TeV Nbins=84 100 eV  - 100 TeV
          StepLim=Minimal Rfact=0.2 Gfact=2.5 Sfact=0.6 DispFlag:0 Skin=1 Llim=1 mm

hIoni:  for anti_proton  XStype:3  SubType=2
      dE/dx and range tables from 100 eV  to 100 TeV in 84 bins
      Lambda tables from threshold to 100 TeV, 7 bins/decade, spline: 1
      StepFunction=(0.2, 0.1 mm), integ: 3, fluct: 1, linLossLim= 0.01
      ===== EM models for the G4Region  DefaultRegionForTheWorld ======
            ICRU73QO : Emin=    0 eV  Emax=    2 MeV
          BetheBloch : Emin=    2 MeV Emax=  100 TeV

hBrems:  for anti_proton  XStype:1  SubType=3
      dE/dx and range tables from 100 eV  to 100 TeV in 84 bins
      Lambda tables from threshold to 100 TeV, 7 bins/decade, spline: 1
      ===== EM models for the G4Region  DefaultRegionForTheWorld ======
               hBrem : Emin=    0 eV  Emax=  100 TeV  ModifiedMephi

hPairProd:  for anti_proton  XStype:1  SubType=4
      dE/dx and range tables from 100 eV  to 100 TeV in 84 bins
      Lambda tables from threshold to 100 TeV, 7 bins/decade, spline: 1
      Sampling table 17x1001 from 7.50618 GeV to 100 TeV 
      ===== EM models for the G4Region  DefaultRegionForTheWorld ======
           hPairProd : Emin=    0 eV  Emax=  100 TeV  ModifiedMephi

CoulombScat:  for anti_proton XStype:1 SubType=1 BuildTable=1
      Lambda table from threshold  to 100 TeV, 7 bins/decade, spline: 0
      ThetaMin(p) < Theta(degree) < 180, pLimit(GeV^1)= 0.139531
      ===== EM models for the G4Region  DefaultRegionForTheWorld ======
  eCoulombScattering : Emin=    0 eV  Emax=  100 TeV

msc:  for kaon+  SubType= 10
      ===== EM models for the G4Region  DefaultRegionForTheWorld ======
        WentzelVIUni : Emin=    0 eV  Emax=  100 TeV Nbins=84 100 eV  - 100 TeV
          StepLim=Minimal Rfact=0.2 Gfact=2.5 Sfact=0.6 DispFlag:0 Skin=1 Llim=1 mm

hIoni:  for kaon+  XStype:3  SubType=2
      dE/dx and range tables from 100 eV  to 100 TeV in 84 bins
      Lambda tables from threshold to 100 TeV, 7 bins/decade, spline: 1
      StepFunction=(0.2, 0.1 mm), integ: 3, fluct: 1, linLossLim= 0.01
      ===== EM models for the G4Region  DefaultRegionForTheWorld ======
               Bragg : Emin=    0 eV  Emax=1.05231 MeV
          BetheBloch : Emin=1.05231 MeV Emax=  100 TeV

hBrems:  for kaon+  XStype:1  SubType=3
      dE/dx and range tables from 100 eV  to 100 TeV in 84 bins
      Lambda tables from threshold to 100 TeV, 7 bins/decade, spline: 1
      ===== EM models for the G4Region  DefaultRegionForTheWorld ======
               hBrem : Emin=    0 eV  Emax=  100 TeV  ModifiedMephi

hPairProd:  for kaon+  XStype:1  SubType=4
      dE/dx and range tables from 100 eV  to 100 TeV in 84 bins
      Lambda tables from threshold to 100 TeV, 7 bins/decade, spline: 1
      Sampling table 18x1001 from 3.94942 GeV to 100 TeV 
      ===== EM models for the G4Region  DefaultRegionForTheWorld ======
           hPairProd : Emin=    0 eV  Emax=  100 TeV  ModifiedMephi

CoulombScat:  for kaon+ XStype:1 SubType=1 BuildTable=1
      Lambda table from threshold  to 100 TeV, 7 bins/decade, spline: 0
      ThetaMin(p) < Theta(degree) < 180, pLimit(GeV^1)= 0.139531
      ===== EM models for the G4Region  DefaultRegionForTheWorld ======
  eCoulombScattering : Emin=    0 eV  Emax=  100 TeV

msc:  for kaon-  SubType= 10
      ===== EM models for the G4Region  DefaultRegionForTheWorld ======
        WentzelVIUni : Emin=    0 eV  Emax=  100 TeV Nbins=84 100 eV  - 100 TeV
          StepLim=Minimal Rfact=0.2 Gfact=2.5 Sfact=0.6 DispFlag:0 Skin=1 Llim=1 mm

hIoni:  for kaon-  XStype:3  SubType=2
      dE/dx and range tables from 100 eV  to 100 TeV in 84 bins
      Lambda tables from threshold to 100 TeV, 7 bins/decade, spline: 1
      StepFunction=(0.2, 0.1 mm), integ: 3, fluct: 1, linLossLim= 0.01
      ===== EM models for the G4Region  DefaultRegionForTheWorld ======
            ICRU73QO : Emin=    0 eV  Emax=1.05231 MeV
          BetheBloch : Emin=1.05231 MeV Emax=  100 TeV

hBrems:  for kaon-  XStype:1  SubType=3
      dE/dx and range tables from 100 eV  to 100 TeV in 84 bins
      Lambda tables from threshold to 100 TeV, 7 bins/decade, spline: 1
      ===== EM models for the G4Region  DefaultRegionForTheWorld ======
               hBrem : Emin=    0 eV  Emax=  100 TeV  ModifiedMephi

hPairProd:  for kaon-  XStype:1  SubType=4
      dE/dx and range tables from 100 eV  to 100 TeV in 84 bins
      Lambda tables from threshold to 100 TeV, 7 bins/decade, spline: 1
      Sampling table 18x1001 from 3.94942 GeV to 100 TeV 
      ===== EM models for the G4Region  DefaultRegionForTheWorld ======
           hPairProd : Emin=    0 eV  Emax=  100 TeV  ModifiedMephi

CoulombScat:  for kaon- XStype:1 SubType=1 BuildTable=1
      Used Lambda table of kaon+
      ThetaMin(p) < Theta(degree) < 180, pLimit(GeV^1)= 0.139531
      ===== EM models for the G4Region  DefaultRegionForTheWorld ======
  eCoulombScattering : Emin=    0 eV  Emax=  100 TeV

msc:  for mu+  SubType= 10
      ===== EM models for the G4Region  DefaultRegionForTheWorld ======
        WentzelVIUni : Emin=    0 eV  Emax=  100 TeV Nbins=84 100 eV  - 100 TeV
          StepLim=Minimal Rfact=0.2 Gfact=2.5 Sfact=0.6 DispFlag:0 Skin=1 Llim=1 mm

muIoni:  for mu+  XStype:3  SubType=2
      dE/dx and range tables from 100 eV  to 100 TeV in 84 bins
      Lambda tables from threshold to 100 TeV, 7 bins/decade, spline: 1
      StepFunction=(0.2, 0.1 mm), integ: 3, fluct: 1, linLossLim= 0.01
      ===== EM models for the G4Region  DefaultRegionForTheWorld ======
               Bragg : Emin=    0 eV  Emax=  200 keV
        MuBetheBloch : Emin=  200 keV Emax=  100 TeV

muBrems:  for mu+  XStype:1  SubType=3
      dE/dx and range tables from 100 eV  to 100 TeV in 84 bins
      Lambda tables from threshold to 100 TeV, 7 bins/decade, spline: 1
      ===== EM models for the G4Region  DefaultRegionForTheWorld ======
              MuBrem : Emin=    0 eV  Emax=  100 TeV  ModifiedMephi

muPairProd:  for mu+  XStype:1  SubType=4
      dE/dx and range tables from 100 eV  to 100 TeV in 84 bins
      Lambda tables from threshold to 100 TeV, 7 bins/decade, spline: 1
      Sampling table 21x1001 from 0.85 GeV to 100 TeV 
      ===== EM models for the G4Region  DefaultRegionForTheWorld ======
          muPairProd : Emin=    0 eV  Emax=  100 TeV  ModifiedMephi

CoulombScat:  for mu+ XStype:1 SubType=1 BuildTable=1
      Lambda table from threshold  to 100 TeV, 7 bins/decade, spline: 0
      ThetaMin(p) < Theta(degree) < 180, pLimit(GeV^1)= 0.139531
      ===== EM models for the G4Region  DefaultRegionForTheWorld ======
  eCoulombScattering : Emin=    0 eV  Emax=  100 TeV

msc:  for mu-  SubType= 10
      ===== EM models for the G4Region  DefaultRegionForTheWorld ======
        WentzelVIUni : Emin=    0 eV  Emax=  100 TeV Nbins=84 100 eV  - 100 TeV
          StepLim=Minimal Rfact=0.2 Gfact=2.5 Sfact=0.6 DispFlag:0 Skin=1 Llim=1 mm

muIoni:  for mu-  XStype:3  SubType=2
      dE/dx and range tables from 100 eV  to 100 TeV in 84 bins
      Lambda tables from threshold to 100 TeV, 7 bins/decade, spline: 1
      StepFunction=(0.2, 0.1 mm), integ: 3, fluct: 1, linLossLim= 0.01
      ===== EM models for the G4Region  DefaultRegionForTheWorld ======
            ICRU73QO : Emin=    0 eV  Emax=  200 keV
        MuBetheBloch : Emin=  200 keV Emax=  100 TeV

muBrems:  for mu-  XStype:1  SubType=3
      dE/dx and range tables from 100 eV  to 100 TeV in 84 bins
      Lambda tables from threshold to 100 TeV, 7 bins/decade, spline: 1
      ===== EM models for the G4Region  DefaultRegionForTheWorld ======
              MuBrem : Emin=    0 eV  Emax=  100 TeV  ModifiedMephi

muPairProd:  for mu-  XStype:1  SubType=4
      dE/dx and range tables from 100 eV  to 100 TeV in 84 bins
      Lambda tables from threshold to 100 TeV, 7 bins/decade, spline: 1
      Sampling table 21x1001 from 0.85 GeV to 100 TeV 
      ===== EM models for the G4Region  DefaultRegionForTheWorld ======
          muPairProd : Emin=    0 eV  Emax=  100 TeV  ModifiedMephi

CoulombScat:  for mu- XStype:1 SubType=1 BuildTable=1
      Used Lambda table of mu+
      ThetaMin(p) < Theta(degree) < 180, pLimit(GeV^1)= 0.139531
      ===== EM models for the G4Region  DefaultRegionForTheWorld ======
  eCoulombScattering : Emin=    0 eV  Emax=  100 TeV

msc:  for pi+  SubType= 10
      ===== EM models for the G4Region  DefaultRegionForTheWorld ======
        WentzelVIUni : Emin=    0 eV  Emax=  100 TeV Nbins=84 100 eV  - 100 TeV
          StepLim=Minimal Rfact=0.2 Gfact=2.5 Sfact=0.6 DispFlag:0 Skin=1 Llim=1 mm

hIoni:  for pi+  XStype:3  SubType=2
      dE/dx and range tables from 100 eV  to 100 TeV in 84 bins
      Lambda tables from threshold to 100 TeV, 7 bins/decade, spline: 1
      StepFunction=(0.2, 0.1 mm), integ: 3, fluct: 1, linLossLim= 0.01
      ===== EM models for the G4Region  DefaultRegionForTheWorld ======
               Bragg : Emin=    0 eV  Emax=297.505 keV
          BetheBloch : Emin=297.505 keV Emax=  100 TeV

hBrems:  for pi+  XStype:1  SubType=3
      dE/dx and range tables from 100 eV  to 100 TeV in 84 bins
      Lambda tables from threshold to 100 TeV, 7 bins/decade, spline: 1
      ===== EM models for the G4Region  DefaultRegionForTheWorld ======
               hBrem : Emin=    0 eV  Emax=  100 TeV  ModifiedMephi

hPairProd:  for pi+  XStype:1  SubType=4
      dE/dx and range tables from 100 eV  to 100 TeV in 84 bins
      Lambda tables from threshold to 100 TeV, 7 bins/decade, spline: 1
      Sampling table 20x1001 from 1.11656 GeV to 100 TeV 
      ===== EM models for the G4Region  DefaultRegionForTheWorld ======
           hPairProd : Emin=    0 eV  Emax=  100 TeV  ModifiedMephi

CoulombScat:  for pi+ XStype:1 SubType=1 BuildTable=1
      Lambda table from threshold  to 100 TeV, 7 bins/decade, spline: 0
      ThetaMin(p) < Theta(degree) < 180, pLimit(GeV^1)= 0.139531
      ===== EM models for the G4Region  DefaultRegionForTheWorld ======
  eCoulombScattering : Emin=    0 eV  Emax=  100 TeV

msc:  for pi-  SubType= 10
      ===== EM models for the G4Region  DefaultRegionForTheWorld ======
        WentzelVIUni : Emin=    0 eV  Emax=  100 TeV Nbins=84 100 eV  - 100 TeV
          StepLim=Minimal Rfact=0.2 Gfact=2.5 Sfact=0.6 DispFlag:0 Skin=1 Llim=1 mm

hIoni:  for pi-  XStype:3  SubType=2
      dE/dx and range tables from 100 eV  to 100 TeV in 84 bins
      Lambda tables from threshold to 100 TeV, 7 bins/decade, spline: 1
      StepFunction=(0.2, 0.1 mm), integ: 3, fluct: 1, linLossLim= 0.01
      ===== EM models for the G4Region  DefaultRegionForTheWorld ======
            ICRU73QO : Emin=    0 eV  Emax=297.505 keV
          BetheBloch : Emin=297.505 keV Emax=  100 TeV

hBrems:  for pi-  XStype:1  SubType=3
      dE/dx and range tables from 100 eV  to 100 TeV in 84 bins
      Lambda tables from threshold to 100 TeV, 7 bins/decade, spline: 1
      ===== EM models for the G4Region  DefaultRegionForTheWorld ======
               hBrem : Emin=    0 eV  Emax=  100 TeV  ModifiedMephi

hPairProd:  for pi-  XStype:1  SubType=4
      dE/dx and range tables from 100 eV  to 100 TeV in 84 bins
      Lambda tables from threshold to 100 TeV, 7 bins/decade, spline: 1
      Sampling table 20x1001 from 1.11656 GeV to 100 TeV 
      ===== EM models for the G4Region  DefaultRegionForTheWorld ======
           hPairProd : Emin=    0 eV  Emax=  100 TeV  ModifiedMephi

CoulombScat:  for pi- XStype:1 SubType=1 BuildTable=1
      Used Lambda table of pi+
      ThetaMin(p) < Theta(degree) < 180, pLimit(GeV^1)= 0.139531
      ===== EM models for the G4Region  DefaultRegionForTheWorld ======
  eCoulombScattering : Emin=    0 eV  Emax=  100 TeV

====================================================================
                  HADRONIC PROCESSES SUMMARY (verbose level 1)
-----------------------------------------------------------------------
                           Hadronic Processes for neutron
  Process: hadElastic
        Model:             hElasticCHIPS: 0 eV  ---> 100 TeV
     Cr_sctns:        G4NeutronElasticXS: 0 eV  ---> 100 TeV
  Process: neutronInelastic
        Model:                      FTFP: 3 GeV ---> 100 TeV
        Model:            BertiniCascade: 0 eV  ---> 6 GeV
     Cr_sctns:      G4NeutronInelasticXS: 0 eV  ---> 100 TeV
  Process: nCapture
        Model:               nRadCapture: 0 eV  ---> 100 TeV
     Cr_sctns:        G4NeutronCaptureXS: 0 eV  ---> 100 TeV
  Process: nKiller
-----------------------------------------------------------------------
                           Hadronic Processes for B-
  Process: hadElastic
        Model:              hElasticLHEP: 0 eV  ---> 100 TeV
     Cr_sctns:            Glauber-Gribov: 0 eV  ---> 100 TeV
  Process: B-Inelastic
        Model:                      FTFP: 0 eV  ---> 100 TeV
     Cr_sctns:            Glauber-Gribov: 0 eV  ---> 100 TeV
-----------------------------------------------------------------------
                           Hadronic Processes for D-
  Process: hadElastic
        Model:              hElasticLHEP: 0 eV  ---> 100 TeV
     Cr_sctns:            Glauber-Gribov: 0 eV  ---> 100 TeV
  Process: D-Inelastic
        Model:                      FTFP: 0 eV  ---> 100 TeV
     Cr_sctns:            Glauber-Gribov: 0 eV  ---> 100 TeV
-----------------------------------------------------------------------
                           Hadronic Processes for GenericIon
  Process: ionInelastic
        Model:  Binary Light Ion Cascade: 0 eV /n ---> 6 GeV/n
        Model:                      FTFP: 3 GeV/n ---> 100 TeV/n
     Cr_sctns:  Glauber-Gribov Nucl-nucl: 0 eV  ---> 25.6 PeV
-----------------------------------------------------------------------
                           Hadronic Processes for He3
  Process: hadElastic
        Model:              hElasticLHEP: 0 eV /n ---> 100 TeV/n
     Cr_sctns:  Glauber-Gribov Nucl-nucl: 0 eV  ---> 25.6 PeV
  Process: He3Inelastic
        Model:  Binary Light Ion Cascade: 0 eV /n ---> 6 GeV/n
        Model:                      FTFP: 3 GeV/n ---> 100 TeV/n
     Cr_sctns:  Glauber-Gribov Nucl-nucl: 0 eV  ---> 25.6 PeV
-----------------------------------------------------------------------
                           Hadronic Processes for alpha
  Process: hadElastic
        Model:              hElasticLHEP: 0 eV /n ---> 100 TeV/n
     Cr_sctns:  Glauber-Gribov Nucl-nucl: 0 eV  ---> 25.6 PeV
  Process: alphaInelastic
        Model:  Binary Light Ion Cascade: 0 eV /n ---> 6 GeV/n
        Model:                      FTFP: 3 GeV/n ---> 100 TeV/n
     Cr_sctns:  Glauber-Gribov Nucl-nucl: 0 eV  ---> 25.6 PeV
-----------------------------------------------------------------------
                           Hadronic Processes for anti_He3
  Process: hadElastic
        Model:              hElasticLHEP: 0 eV /n ---> 100.1 MeV/n
        Model:              AntiAElastic: 100 MeV/n ---> 100 TeV/n
     Cr_sctns:              AntiAGlauber: 0 eV  ---> 25.6 PeV
  Process: anti_He3Inelastic
        Model:                      FTFP: 0 eV /n ---> 100 TeV/n
     Cr_sctns:              AntiAGlauber: 0 eV  ---> 25.6 PeV
  Process: hFritiofCaptureAtRest
-----------------------------------------------------------------------
                           Hadronic Processes for anti_alpha
  Process: hadElastic
        Model:              hElasticLHEP: 0 eV /n ---> 100.1 MeV/n
        Model:              AntiAElastic: 100 MeV/n ---> 100 TeV/n
     Cr_sctns:              AntiAGlauber: 0 eV  ---> 25.6 PeV
  Process: anti_alphaInelastic
        Model:                      FTFP: 0 eV /n ---> 100 TeV/n
     Cr_sctns:              AntiAGlauber: 0 eV  ---> 25.6 PeV
  Process: hFritiofCaptureAtRest
-----------------------------------------------------------------------
                           Hadronic Processes for anti_deuteron
  Process: hadElastic
        Model:              hElasticLHEP: 0 eV /n ---> 100.1 MeV/n
        Model:              AntiAElastic: 100 MeV/n ---> 100 TeV/n
     Cr_sctns:              AntiAGlauber: 0 eV  ---> 25.6 PeV
  Process: anti_deuteronInelastic
        Model:                      FTFP: 0 eV /n ---> 100 TeV/n
     Cr_sctns:              AntiAGlauber: 0 eV  ---> 25.6 PeV
  Process: hFritiofCaptureAtRest
-------------------------------------------------------------------------
                           Hadronic Processes for anti_hypertriton
  Process: hFritiofCaptureAtRest
-----------------------------------------------------------------------
                           Hadronic Processes for anti_lambda
  Process: hadElastic
        Model:              hElasticLHEP: 0 eV  ---> 100 TeV
     Cr_sctns:            Glauber-Gribov: 0 eV  ---> 100 TeV
  Process: anti_lambdaInelastic
        Model:                      FTFP: 0 eV  ---> 100 TeV
     Cr_sctns:            Glauber-Gribov: 0 eV  ---> 100 TeV
  Process: hFritiofCaptureAtRest
-----------------------------------------------------------------------
                           Hadronic Processes for anti_neutron
  Process: hadElastic
        Model:              hElasticLHEP: 0 eV  ---> 100.1 MeV
        Model:              AntiAElastic: 100 MeV ---> 100 TeV
     Cr_sctns:              AntiAGlauber: 0 eV  ---> 25.6 PeV
  Process: anti_neutronInelastic
        Model:                      FTFP: 0 eV  ---> 100 TeV
     Cr_sctns:              AntiAGlauber: 0 eV  ---> 25.6 PeV
  Process: hFritiofCaptureAtRest
-----------------------------------------------------------------------
                           Hadronic Processes for anti_proton
  Process: hadElastic
        Model:              hElasticLHEP: 0 eV  ---> 100.1 MeV
        Model:              AntiAElastic: 100 MeV ---> 100 TeV
     Cr_sctns:              AntiAGlauber: 0 eV  ---> 25.6 PeV
  Process: anti_protonInelastic
        Model:                      FTFP: 0 eV  ---> 100 TeV
     Cr_sctns:              AntiAGlauber: 0 eV  ---> 25.6 PeV
  Process: hFritiofCaptureAtRest
-----------------------------------------------------------------------
                           Hadronic Processes for anti_triton
  Process: hadElastic
        Model:              hElasticLHEP: 0 eV /n ---> 100.1 MeV/n
        Model:              AntiAElastic: 100 MeV/n ---> 100 TeV/n
     Cr_sctns:              AntiAGlauber: 0 eV  ---> 25.6 PeV
  Process: anti_tritonInelastic
        Model:                      FTFP: 0 eV /n ---> 100 TeV/n
     Cr_sctns:              AntiAGlauber: 0 eV  ---> 25.6 PeV
  Process: hFritiofCaptureAtRest
-----------------------------------------------------------------------
                           Hadronic Processes for deuteron
  Process: hadElastic
        Model:              hElasticLHEP: 0 eV /n ---> 100 TeV/n
     Cr_sctns:  Glauber-Gribov Nucl-nucl: 0 eV  ---> 25.6 PeV
  Process: dInelastic
        Model:  Binary Light Ion Cascade: 0 eV /n ---> 6 GeV/n
        Model:                      FTFP: 3 GeV/n ---> 100 TeV/n
     Cr_sctns:  Glauber-Gribov Nucl-nucl: 0 eV  ---> 25.6 PeV
-----------------------------------------------------------------------
                           Hadronic Processes for e+
  Process: positronNuclear
        Model:   G4ElectroVDNuclearModel: 0 eV  ---> 1 PeV
     Cr_sctns:          ElectroNuclearXS: 0 eV  ---> 100 TeV
-----------------------------------------------------------------------
                           Hadronic Processes for e-
  Process: electronNuclear
        Model:   G4ElectroVDNuclearModel: 0 eV  ---> 1 PeV
     Cr_sctns:          ElectroNuclearXS: 0 eV  ---> 100 TeV
-----------------------------------------------------------------------
                           Hadronic Processes for gamma
  Process: photonNuclear
        Model:               GammaNPreco: 0 eV  ---> 200 MeV
        Model:            BertiniCascade: 199 MeV ---> 6 GeV
        Model:           TheoFSGenerator: 3 GeV ---> 100 TeV
     Cr_sctns:            GammaNuclearXS: 0 eV  ---> 100 TeV
-----------------------------------------------------------------------
                           Hadronic Processes for kaon+
  Process: hadElastic
        Model:              hElasticLHEP: 0 eV  ---> 100 TeV
     Cr_sctns:            Glauber-Gribov: 0 eV  ---> 100 TeV
  Process: kaon+Inelastic
        Model:                      FTFP: 3 GeV ---> 100 TeV
        Model:            BertiniCascade: 0 eV  ---> 6 GeV
     Cr_sctns:            Glauber-Gribov: 0 eV  ---> 100 TeV
-----------------------------------------------------------------------
                           Hadronic Processes for kaon-
  Process: hadElastic
        Model:              hElasticLHEP: 0 eV  ---> 100 TeV
     Cr_sctns:            Glauber-Gribov: 0 eV  ---> 100 TeV
  Process: kaon-Inelastic
        Model:                      FTFP: 3 GeV ---> 100 TeV
        Model:            BertiniCascade: 0 eV  ---> 6 GeV
     Cr_sctns:            Glauber-Gribov: 0 eV  ---> 100 TeV
  Process: hBertiniCaptureAtRest
-----------------------------------------------------------------------
                           Hadronic Processes for lambda
  Process: hadElastic
        Model:              hElasticLHEP: 0 eV  ---> 100 TeV
     Cr_sctns:            Glauber-Gribov: 0 eV  ---> 100 TeV
  Process: lambdaInelastic
        Model:                      FTFP: 3 GeV ---> 100 TeV
        Model:            BertiniCascade: 0 eV  ---> 6 GeV
     Cr_sctns:            Glauber-Gribov: 0 eV  ---> 100 TeV
-----------------------------------------------------------------------
                           Hadronic Processes for mu+
  Process: muonNuclear
        Model:      G4MuonVDNuclearModel: 0 eV  ---> 1 PeV
     Cr_sctns:     KokoulinMuonNuclearXS: 0 eV  ---> 100 TeV
-----------------------------------------------------------------------
                           Hadronic Processes for mu-
  Process: muonNuclear
        Model:      G4MuonVDNuclearModel: 0 eV  ---> 1 PeV
     Cr_sctns:     KokoulinMuonNuclearXS: 0 eV  ---> 100 TeV
  Process: muMinusCaptureAtRest
-----------------------------------------------------------------------
                           Hadronic Processes for pi+
  Process: hadElastic
        Model:           hElasticGlauber: 0 eV  ---> 100 TeV
     Cr_sctns:  BarashenkovGlauberGribov: 0 eV  ---> 100 TeV
  Process: pi+Inelastic
        Model:                      FTFP: 3 GeV ---> 100 TeV
        Model:            BertiniCascade: 0 eV  ---> 6 GeV
     Cr_sctns:  BarashenkovGlauberGribov: 0 eV  ---> 100 TeV
-----------------------------------------------------------------------
                           Hadronic Processes for pi-
  Process: hadElastic
        Model:           hElasticGlauber: 0 eV  ---> 100 TeV
     Cr_sctns:  BarashenkovGlauberGribov: 0 eV  ---> 100 TeV
  Process: pi-Inelastic
        Model:                      FTFP: 3 GeV ---> 100 TeV
        Model:            BertiniCascade: 0 eV  ---> 6 GeV
     Cr_sctns:  BarashenkovGlauberGribov: 0 eV  ---> 100 TeV
  Process: hBertiniCaptureAtRest
-----------------------------------------------------------------------
                           Hadronic Processes for proton
  Process: hadElastic
        Model:             hElasticCHIPS: 0 eV  ---> 100 TeV
     Cr_sctns:  BarashenkovGlauberGribov: 0 eV  ---> 100 TeV
  Process: protonInelastic
        Model:                      FTFP: 3 GeV ---> 100 TeV
        Model:            BertiniCascade: 0 eV  ---> 6 GeV
     Cr_sctns:  BarashenkovGlauberGribov: 0 eV  ---> 100 TeV
-----------------------------------------------------------------------
                           Hadronic Processes for sigma-
  Process: hadElastic
        Model:              hElasticLHEP: 0 eV  ---> 100 TeV
     Cr_sctns:            Glauber-Gribov: 0 eV  ---> 100 TeV
  Process: sigma-Inelastic
        Model:                      FTFP: 3 GeV ---> 100 TeV
        Model:            BertiniCascade: 0 eV  ---> 6 GeV
     Cr_sctns:            Glauber-Gribov: 0 eV  ---> 100 TeV
  Process: hBertiniCaptureAtRest
-----------------------------------------------------------------------
                           Hadronic Processes for triton
  Process: hadElastic
        Model:              hElasticLHEP: 0 eV /n ---> 100 TeV/n
     Cr_sctns:  Glauber-Gribov Nucl-nucl: 0 eV  ---> 25.6 PeV
  Process: tInelastic
        Model:  Binary Light Ion Cascade: 0 eV /n ---> 6 GeV/n
        Model:                      FTFP: 3 GeV/n ---> 100 TeV/n
     Cr_sctns:  Glauber-Gribov Nucl-nucl: 0 eV  ---> 25.6 PeV
=======================================================================
======       Geant4 Native Pre-compound Model Parameters       ========
=======================================================================
Type of pre-compound inverse x-section              3
Pre-compound model active                           1
Pre-compound excitation low energy                  100 keV
Pre-compound excitation high energy                 30 MeV
Angular generator for pre-compound model            1
Use NeverGoBack option for pre-compound model       0
Use SoftCutOff option for pre-compound model        0
Use CEM transitions for pre-compound model          1
Use GNASH transitions for pre-compound model        0
Use HETC submodel for pre-compound model            0
=======================================================================
======       Nuclear De-excitation Module Parameters           ========
=======================================================================
Type of de-excitation inverse x-section             3
Type of de-excitation factory                       Evaporation+GEM
Number of de-excitation channels                    68
Min excitation energy                               10 eV 
Min energy per nucleon for multifragmentation       200 GeV
Limit excitation energy for Fermi BreakUp           20 MeV
Level density (1/MeV)                               0.075
Use simple level density model                      1
Use discrete excitation energy of the residual      0
Time limit for long lived isomeres                  1 ns 
Isomer production flag                              1
Internal e- conversion flag                         1
Store e- internal conversion data                   0
Correlated gamma emission flag                      0
Max 2J for sampling of angular correlations         10
=======================================================================
G4VisManager: Using G4TrajectoryDrawByCharge as fallback trajectory model.
See commands in /vis/modeling/trajectories/ for other options.
### Run 0 starts.

-------- WWWW ------- G4Exception-START -------- WWWW -------
*** G4Exception : Analysis_W001
      issued by : G4RootNtupleFileManager::SetNtupleMergingMode
Merging ntuples is not applicable in sequential application.
Setting was ignored.
*** This is just a warning message. ***
-------- WWWW -------- G4Exception-END --------- WWWW -------

... set ntuple merging row mode : row-wise - done
... create file : B5.root - done
... open analysis file : B5.root - done
... create file : B5ntuple.root - done
... open analysis file : B5.root - done
--> Event 0 starts.

>>> Event 0 >>> Simulation truth : proton (0,0,100000)
Hodoscope 1 has 1 hits.
  Hodoscope[7] 4.9870027260872 (nsec)
Hodoscope 2 has 0 hits.
Drift Chamber 1 has 38 hits.
  Layer[0] : time 6.6726396396672 (nsec) --- local (x,y) -2.6345658452318, -15.383415925792
  Layer[0] : time 6.6724462557829 (nsec) --- local (x,y) -13.229568903396, 11.835964828526
  Layer[0] : time 6.7007397262607 (nsec) --- local (x,y) 24.687060695274, 72.582066998389
  Layer[0] : time 6.6746997650438 (nsec) --- local (x,y) -10.886267688877, -18.229952928771
  Layer[0] : time 6.6729759707473 (nsec) --- local (x,y) -18.928322187091, 5.2149145842468
  Layer[0] : time 6.9226512038959 (nsec) --- local (x,y) -147.19719060006, -141.47566841252
  Layer[0] : time 6.6953499363056 (nsec) --- local (x,y) -17.693635609673, -63.553722073353
  Layer[0] : time 6.7248040073396 (nsec) --- local (x,y) 77.299064077893, 25.497311397506
  Layer[0] : time 6.8974039265909 (nsec) --- local (x,y) -239.6408181424, 84.276721700963
  Layer[1] : time 8.3419180900164 (nsec) --- local (x,y) -5.2713626069603, -30.632337128086
  Layer[1] : time 8.3415362466231 (nsec) --- local (x,y) -26.365509676882, 23.593085583023
  Layer[1] : time 8.3979153090386 (nsec) --- local (x,y) 49.140491310697, 144.64693505602
  Layer[1] : time 8.3460213830974 (nsec) --- local (x,y) -21.664555364747, -36.313740701762
  Layer[1] : time 8.3425906699555 (nsec) --- local (x,y) -37.716074562427, 10.40860839872
  Layer[1] : time 8.8394462767341 (nsec) --- local (x,y) -292.96787286855, -281.50151353019
  Layer[1] : time 8.3871839317638 (nsec) --- local (x,y) -35.316060948892, -126.65697695867
  Layer[1] : time 8.4460787543589 (nsec) --- local (x,y) 154.18152269947, 51.458696620918
  Layer[1] : time 8.7902093284998 (nsec) --- local (x,y) -477.75559900509, 168.20759052688
  Layer[2] : time 10.011189376557 (nsec) --- local (x,y) -7.922361695828, -45.807853565388
  Layer[2] : time 10.010628098973 (nsec) --- local (x,y) -39.527439060129, 35.344820819529
  Layer[2] : time 10.095091970435 (nsec) --- local (x,y) 73.582707549606, 216.71738398819
  Layer[2] : time 10.017345322482 (nsec) --- local (x,y) -32.513108857155, -54.373630060338
  Layer[2] : time 10.012214543844 (nsec) --- local (x,y) -56.569291336526, 15.629472123333
  Layer[2] : time 10.079027320066 (nsec) --- local (x,y) -53.132529000591, -189.72543009246
  Layer[2] : time 10.163739492663 (nsec) --- local (x,y) 231.9081503756, 84.925534793822
  Layer[2] : time 10.683387109896 (nsec) --- local (x,y) -716.0394334538, 252.37417114559
  Layer[3] : time 11.680444241997 (nsec) --- local (x,y) -10.485325839014, -60.835012552965
  Layer[3] : time 11.679718907623 (nsec) --- local (x,y) -52.674913231906, 47.099337202461
  Layer[3] : time 11.792268983923 (nsec) --- local (x,y) 98.030766058049, 288.78614160437
  Layer[3] : time 11.688680360246 (nsec) --- local (x,y) -43.464244795043, -72.462662003809
  Layer[3] : time 11.681836835722 (nsec) --- local (x,y) -75.400757308718, 20.8827755203
  Layer[3] : time 11.770864471551 (nsec) --- local (x,y) -70.979573970292, -252.76649516375
  Layer[3] : time 11.877802300895 (nsec) --- local (x,y) 310.79798681316, 125.9664493066
  Layer[4] : time 13.34968928841 (nsec) --- local (x,y) -13.000685579097, -75.772109934154
  Layer[4] : time 13.348809610579 (nsec) --- local (x,y) -65.82239651961, 58.852403392865
  Layer[4] : time 13.360016912944 (nsec) --- local (x,y) -54.390158394977, -90.578213203304
  Layer[4] : time 13.351462408087 (nsec) --- local (x,y) -94.25903695149, 26.13300115149
  Layer[4] : time 13.592085426894 (nsec) --- local (x,y) 390.00848578751, 167.17733873329
Drift Chamber 2 has 0 hits.
EM Calorimeter has 5 hits. Total Edep is 417.02849814073 (MeV)
Hadron Calorimeter has 0 hits. Total Edep is 0 (MeV)
... write file : B5.root - done
... write file : B5ntuple.root - done
... close file : B5.root - done
... close file : B5ntuple.root - done
There are histograms that can be viewed with visualization:
  2 h1 histograms(s)
  2 h2 histograms(s)
  List them with "/analysis/list".
  View them immediately with "/vis/plot" or "/vis/reviewPlots".
### Run 1 starts.
... create file : B5.root - done
... open analysis file : B5.root - done
... create file : B5ntuple.root - done
... open analysis file : B5.root - done
--> Event 0 starts.

>>> Event 0 >>> Simulation truth : pi+ (-0,0,100000)
Hodoscope 1 has 2 hits.
  Hodoscope[7] 4.9867880803403 (nsec)
  Hodoscope[8] 5.3409551716631 (nsec)
Hodoscope 2 has 1 hits.
  Hodoscope[10] 42.693945223683 (nsec)
Drift Chamber 1 has 5 hits.
  Layer[0] : time 6.6709548376381 (nsec) --- local (x,y) -0.0046287262540518, -0.00036783159712704
  Layer[1] : time 8.3387769383741 (nsec) --- local (x,y) -0.0074077000884663, 0.0061700870485269
  Layer[2] : time 10.006599039051 (nsec) --- local (x,y) -0.010033185145191, 0.011151351942506
  Layer[3] : time 11.674421139865 (nsec) --- local (x,y) -0.012841024832389, 0.018867406082213
  Layer[4] : time 13.342243240873 (nsec) --- local (x,y) -0.017164868039553, 0.029357934948412
Drift Chamber 2 has 5 hits.
  Layer[0] : time 34.366622088883 (nsec) --- local (x,y) -82.738917953232, 0.16983426583666
  Layer[1] : time 36.03535721968 (nsec) --- local (x,y) -99.285640902838, 0.18278923075817
  Layer[2] : time 37.704092656292 (nsec) --- local (x,y) -115.83513490759, 0.19647686203022
  Layer[3] : time 39.372828192453 (nsec) --- local (x,y) -132.38553101785, 0.21018571111923
  Layer[4] : time 41.041563544448 (nsec) --- local (x,y) -148.93425883919, 0.22284277947524
EM Calorimeter has 30 hits. Total Edep is 304.49748300201 (MeV)
Hadron Calorimeter has 12 hits. Total Edep is 4038.0335196691 (MeV)
... write file : B5.root - done
... write file : B5ntuple.root - done
... close file : B5.root - done
... close file : B5ntuple.root - done
There are histograms that can be viewed with visualization:
  2 h1 histograms(s)
  2 h2 histograms(s)
  List them with "/analysis/list".
  View them immediately with "/vis/plot" or "/vis/reviewPlots".
### Run 2 starts.
... create file : B5.root - done
... open analysis file : B5.root - done
... create file : B5ntuple.root - done
... open analysis file : B5.root - done
--> Event 0 starts.

>>> Event 0 >>> Simulation truth : e+ (-0,0,100000)
Hodoscope 1 has 1 hits.
  Hodoscope[7] 4.9867832234231 (nsec)
Hodoscope 2 has 1 hits.
  Hodoscope[9] 43.18701845979 (nsec)
Drift Chamber 1 has 5 hits.
  Layer[0] : time 6.6709483425236 (nsec) --- local (x,y) 0.018059790411312, 0.022424625320952
  Layer[1] : time 8.3387688223089 (nsec) --- local (x,y) 0.046745029088731, 0.039973586409634
  Layer[2] : time 10.006589302036 (nsec) --- local (x,y) 0.075169940043042, 0.057448129276668
  Layer[3] : time 11.674409782643 (nsec) --- local (x,y) 0.10713612252169, 0.076256503472948
  Layer[4] : time 13.342230263715 (nsec) --- local (x,y) 0.14148895756133, 0.094595068466426
Drift Chamber 2 has 5 hits.
  Layer[0] : time 34.849387895994 (nsec) --- local (x,y) -148.92900617124, 0.24498226749791
  Layer[1] : time 36.52018863614 (nsec) --- local (x,y) -178.83316855213, 0.25228425590123
  Layer[2] : time 38.190989520848 (nsec) --- local (x,y) -208.73805707375, 0.25857778504911
  Layer[3] : time 39.861790000849 (nsec) --- local (x,y) -238.64091296136, 0.26647713676656
  Layer[4] : time 41.53259099118 (nsec) --- local (x,y) -268.54633154982, 0.27405178221495
EM Calorimeter has 46 hits. Total Edep is 89143.184631168 (MeV)
Hadron Calorimeter has 10 hits. Total Edep is 65.864625282027 (MeV)
... write file : B5.root - done
... write file : B5ntuple.root - done
... close file : B5.root - done
... close file : B5ntuple.root - done
There are histograms that can be viewed with visualization:
  2 h1 histograms(s)
  2 h2 histograms(s)
  List them with "/analysis/list".
  View them immediately with "/vis/plot" or "/vis/reviewPlots".
### Run 3 starts.
... create file : B5.root - done
... open analysis file : B5.root - done
... create file : B5ntuple.root - done
... open analysis file : B5.root - done
--> Event 0 starts.

>>> Event 0 >>> Simulation truth : proton (-0,0,10000)
Hodoscope 1 has 1 hits.
  Hodoscope[7] 5.0086863619091 (nsec)
Hodoscope 2 has 1 hits.
  Hodoscope[9] 43.372542716925 (nsec)
Drift Chamber 1 has 5 hits.
  Layer[0] : time 6.7002522898218 (nsec) --- local (x,y) 0.007079337362125, -0.07531175151029
  Layer[1] : time 8.3754019723405 (nsec) --- local (x,y) -0.10179711218402, -0.14227670364335
  Layer[2] : time 10.05055183711 (nsec) --- local (x,y) -0.23927367910177, -0.22642393755717
  Layer[3] : time 11.725701881596 (nsec) --- local (x,y) -0.39633073280143, -0.31916941047354
  Layer[4] : time 13.400852054439 (nsec) --- local (x,y) -0.55459519642431, -0.4008512061081
Drift Chamber 2 has 5 hits.
  Layer[0] : time 34.998384772783 (nsec) --- local (x,y) -150.66715279376, -0.97178733513405
  Layer[1] : time 36.676503034827 (nsec) --- local (x,y) -180.43511234086, -1.0187158822171
  Layer[2] : time 38.354623344726 (nsec) --- local (x,y) -210.21275380352, -1.0703053688268
  Layer[3] : time 40.032742561558 (nsec) --- local (x,y) -239.98422422974, -1.1418976306724
  Layer[4] : time 41.71086208733 (nsec) --- local (x,y) -269.75665397798, -1.2400845364228
EM Calorimeter has 49 hits. Total Edep is 319.69341283853 (MeV)
Hadron Calorimeter has 15 hits. Total Edep is 492.24744949793 (MeV)
... write file : B5.root - done
... write file : B5ntuple.root - done
... close file : B5.root - done
... close file : B5ntuple.root - done
There are histograms that can be viewed with visualization:
  2 h1 histograms(s)
  2 h2 histograms(s)
  List them with "/analysis/list".
  View them immediately with "/vis/plot" or "/vis/reviewPlots".
### Run 4 starts.
... create file : B5.root - done
... open analysis file : B5.root - done
... create file : B5ntuple.root - done
... open analysis file : B5.root - done
--> Event 0 starts.

>>> Event 0 >>> Simulation truth : pi+ (-0,0,10000)
Hodoscope 1 has 1 hits.
  Hodoscope[7] 4.9872689526429 (nsec)
Hodoscope 2 has 1 hits.
  Hodoscope[10] 42.701653022449 (nsec)
Drift Chamber 1 has 5 hits.
  Layer[0] : time 6.6715982660817 (nsec) --- local (x,y) 0.15075646257778, 0.11339995625182
  Layer[1] : time 8.33958134467 (nsec) --- local (x,y) 0.30136679561755, 0.16410699953384
  Layer[2] : time 10.007564421664 (nsec) --- local (x,y) 0.45048561648451, 0.18946444751416
  Layer[3] : time 11.675547510649 (nsec) --- local (x,y) 0.60781345275979, 0.21548246700916
  Layer[4] : time 13.343530593412 (nsec) --- local (x,y) 0.75776233286363, 0.22345150116999
Drift Chamber 2 has 5 hits.
  Layer[0] : time 34.373259060994 (nsec) --- local (x,y) -84.021776876143, 0.92114938695347
  Layer[1] : time 36.042205446772 (nsec) --- local (x,y) -101.01734453381, 0.99438653705494
  Layer[2] : time 37.711154601633 (nsec) --- local (x,y) -118.03734619386, 1.0556168589499
  Layer[3] : time 39.380104099606 (nsec) --- local (x,y) -135.06010051761, 1.1645943529251
  Layer[4] : time 41.049055251347 (nsec) --- local (x,y) -152.09743600321, 1.2652317046182
EM Calorimeter has 47 hits. Total Edep is 3919.2870471827 (MeV)
Hadron Calorimeter has 13 hits. Total Edep is 157.39606648037 (MeV)
... write file : B5.root - done
... write file : B5ntuple.root - done
... close file : B5.root - done
... close file : B5ntuple.root - done
There are histograms that can be viewed with visualization:
  2 h1 histograms(s)
  2 h2 histograms(s)
  List them with "/analysis/list".
  View them immediately with "/vis/plot" or "/vis/reviewPlots".
### Run 5 starts.
... create file : B5.root - done
... open analysis file : B5.root - done
... create file : B5ntuple.root - done
... open analysis file : B5.root - done
--> Event 0 starts.

>>> Event 0 >>> Simulation truth : e+ (-0,0,10000)
Hodoscope 1 has 1 hits.
  Hodoscope[7] 4.9867832427131 (nsec)
Hodoscope 2 has 1 hits.
  Hodoscope[9] 43.186377925266 (nsec)
Drift Chamber 1 has 5 hits.
  Layer[0] : time 6.6709483667999 (nsec) --- local (x,y) 0.018335562439756, -0.1038485325421
  Layer[1] : time 8.3387688521004 (nsec) --- local (x,y) 0.056676652493397, -0.12720656939432
  Layer[2] : time 10.006589345519 (nsec) --- local (x,y) 0.1173506884179, -0.15666139047709
  Layer[3] : time 11.6744098286 (nsec) --- local (x,y) 0.1504118393303, -0.17403929175011
  Layer[4] : time 13.342230308251 (nsec) --- local (x,y) 0.14875351683483, -0.19226956235513
Drift Chamber 2 has 5 hits.
  Layer[0] : time 34.849030502273 (nsec) --- local (x,y) -148.00749310989, -0.89079071741955
  Layer[1] : time 36.519775048774 (nsec) --- local (x,y) -177.62809374563, -0.93326387480211
  Layer[2] : time 38.190522747636 (nsec) --- local (x,y) -207.26469000624, -0.96175819387989
  Layer[3] : time 39.861272826233 (nsec) --- local (x,y) -236.91335266328, -0.97290691326878
  Layer[4] : time 41.532013639996 (nsec) --- local (x,y) -266.51505074619, -0.95456226497017
EM Calorimeter has 16 hits. Total Edep is 9288.2941228722 (MeV)
Hadron Calorimeter has 2 hits. Total Edep is 3.0104063817443 (MeV)
... write file : B5.root - done
... write file : B5ntuple.root - done
... close file : B5.root - done
... close file : B5ntuple.root - done
There are histograms that can be viewed with visualization:
  2 h1 histograms(s)
  2 h2 histograms(s)
  List them with "/analysis/list".
  View them immediately with "/vis/plot" or "/vis/reviewPlots".
### Run 6 starts.
... create file : B5.root - done
... open analysis file : B5.root - done
... create file : B5ntuple.root - done
... open analysis file : B5.root - done
--> Event 0 starts.

>>> Event 0 >>> Simulation truth : proton (-0,0,1000)
Hodoscope 1 has 1 hits.
  Hodoscope[7] 6.8389722009154 (nsec)
Hodoscope 2 has 1 hits.
  Hodoscope[9] 59.377112016136 (nsec)
Drift Chamber 1 has 5 hits.
  Layer[0] : time 9.1535549565325 (nsec) --- local (x,y) -0.095819197451755, 0.071542933134442
  Layer[1] : time 11.445924220255 (nsec) --- local (x,y) 0.075784357295607, 0.22768121748798
  Layer[2] : time 13.738490033332 (nsec) --- local (x,y) 0.14477375103384, 0.76449302232316
  Layer[3] : time 16.031251268731 (nsec) --- local (x,y) -0.20945817427268, 1.5052145941369
  Layer[4] : time 18.324191821965 (nsec) --- local (x,y) -0.46910789165555, 2.3829563715282
Drift Chamber 2 has 5 hits.
  Layer[0] : time 47.894893126197 (nsec) --- local (x,y) -165.86026447905, 12.388310654689
  Layer[1] : time 50.195447696907 (nsec) --- local (x,y) -197.76219944152, 12.754522559362
  Layer[2] : time 52.496277132105 (nsec) --- local (x,y) -229.89126309104, 12.176724814548
  Layer[3] : time 54.797249440526 (nsec) --- local (x,y) -261.83758016335, 11.321039018494
  Layer[4] : time 57.098354714143 (nsec) --- local (x,y) -293.65715438057, 10.273361651346
EM Calorimeter has 11 hits. Total Edep is 264.38046212745 (MeV)
Hadron Calorimeter has 1 hits. Total Edep is 0.59337618960194 (MeV)
... write file : B5.root - done
... write file : B5ntuple.root - done
... close file : B5.root - done
... close file : B5ntuple.root - done
There are histograms that can be viewed with visualization:
  2 h1 histograms(s)
  2 h2 histograms(s)
  List them with "/analysis/list".
  View them immediately with "/vis/plot" or "/vis/reviewPlots".
### Run 7 starts.
... create file : B5.root - done
... open analysis file : B5.root - done
... create file : B5ntuple.root - done
... open analysis file : B5.root - done
--> Event 0 starts.

>>> Event 0 >>> Simulation truth : pi+ (-0,0,1000)
Hodoscope 1 has 1 hits.
  Hodoscope[7] 5.0351345060893 (nsec)
Hodoscope 2 has 1 hits.
  Hodoscope[10] 43.061426705426 (nsec)
Drift Chamber 1 has 6 hits.
  Layer[0] : time 6.7357011555069 (nsec) --- local (x,y) -0.20157644869318, 0.044690734076136
  Layer[1] : time 8.4197686417687 (nsec) --- local (x,y) -0.78240155994661, -0.69069981795614
  Layer[2] : time 10.103844704484 (nsec) --- local (x,y) -1.848430490579, -1.6892687247528
  Layer[3] : time 11.787923960365 (nsec) --- local (x,y) -2.8810533319691, -2.6489750773476
  Layer[3] : time 12.72606266721 (nsec) --- local (x,y) 16.045511397226, 8.4436080668491
  Layer[4] : time 13.472014323293 (nsec) --- local (x,y) -4.2008854080989, -3.509110880402
Drift Chamber 2 has 5 hits.
  Layer[0] : time 34.652703296999 (nsec) --- local (x,y) -95.738667396669, -9.3482106853269
  Layer[1] : time 36.337702436904 (nsec) --- local (x,y) -111.84871808808, -9.526381257711
  Layer[2] : time 38.022716703776 (nsec) --- local (x,y) -128.07541653101, -9.6032386212693
  Layer[3] : time 39.707772272466 (nsec) --- local (x,y) -144.65472760089, -9.7831030270209
  Layer[4] : time 41.392822568042 (nsec) --- local (x,y) -161.15661552612, -10.104549985164
EM Calorimeter has 24 hits. Total Edep is 579.18570412864 (MeV)
Hadron Calorimeter has 8 hits. Total Edep is 15.012700710959 (MeV)
... write file : B5.root - done
... write file : B5ntuple.root - done
... close file : B5.root - done
... close file : B5ntuple.root - done
There are histograms that can be viewed with visualization:
  2 h1 histograms(s)
  2 h2 histograms(s)
  List them with "/analysis/list".
  View them immediately with "/vis/plot" or "/vis/reviewPlots".
### Run 8 starts.
... create file : B5.root - done
... open analysis file : B5.root - done
... create file : B5ntuple.root - done
... open analysis file : B5.root - done
--> Event 0 starts.

>>> Event 0 >>> Simulation truth : e+ (0,0,1000)
Hodoscope 1 has 1 hits.
  Hodoscope[7] 4.9867853989872 (nsec)
Hodoscope 2 has 2 hits.
  Hodoscope[2] 43.559309304885 (nsec)
  Hodoscope[1] 43.564703455602 (nsec)
Drift Chamber 1 has 5 hits.
  Layer[0] : time 6.6709595537197 (nsec) --- local (x,y) 2.0755326058259, -0.92668083790547
  Layer[1] : time 8.3387886666626 (nsec) --- local (x,y) 3.0679421657522, -2.164147114286
  Layer[2] : time 10.006619029554 (nsec) --- local (x,y) 4.196873817161, -3.4346397120398
  Layer[3] : time 11.674451215011 (nsec) --- local (x,y) 5.352717873505, -4.8860704986878
  Layer[4] : time 13.342283030478 (nsec) --- local (x,y) 6.4766117594481, -6.3226040035096
Drift Chamber 2 has 5 hits.
  Layer[0] : time 35.003882509736 (nsec) --- local (x,y) -455.54974391923, -15.607997881098
  Layer[1] : time 36.718479711418 (nsec) --- local (x,y) -574.79398651176, -16.264042104165
  Layer[2] : time 38.432692273741 (nsec) --- local (x,y) -693.53909704747, -17.103023343608
  Layer[3] : time 40.146889429262 (nsec) --- local (x,y) -812.26661927486, -17.469028865259
  Layer[4] : time 41.861501633787 (nsec) --- local (x,y) -931.53175782387, -17.733930157315
EM Calorimeter has 7 hits. Total Edep is 516.40885558112 (MeV)
Hadron Calorimeter has 0 hits. Total Edep is 0 (MeV)
... write file : B5.root - done
... write file : B5ntuple.root - done
... close file : B5.root - done
... close file : B5ntuple.root - done
There are histograms that can be viewed with visualization:
  2 h1 histograms(s)
  2 h2 histograms(s)
  List them with "/analysis/list".
  View them immediately with "/vis/plot" or "/vis/reviewPlots".
Graphics systems deleted.
Visualization Manager deleting...
