
        ############################################
        !!! WARNING - FPE detection is activated !!!
        ############################################


          ################################
          !!! G4Backtrace is activated !!!
          ################################


**************************************************************
 Geant4 version Name: geant4-11-02-ref-05    (31-May-2024)
                       Copyright : Geant4 Collaboration
                      References : NIM A 506 (2003), 250-303
                                 : IEEE-TNS 53 (2006), 270-278
                                 : NIM A 835 (2016), 186-225
                             WWW : http://geant4.org/
**************************************************************

<<< Geant4 Physics List simulation engine: FTFP_BERT

--- Cexmc ---  Production model 'ChargeExchange' instantiated
G4GDML: Reading 'lht.gdml'...
G4GDML: VALIDATION ERROR! ID attribute 'G4_Galactic' is referenced but was never declared at line: 637
G4GDML: VALIDATION ERROR! ID attribute 'G4_AIR' is referenced but was never declared at line: 637
G4GDML: VALIDATION ERROR! ID attribute 'G4_Al' is referenced but was never declared at line: 637
G4GDML: VALIDATION ERROR! ID attribute 'G4_Cu' is referenced but was never declared at line: 637
G4GDML: VALIDATION ERROR! ID attribute 'G4_lH2' is referenced but was never declared at line: 637
G4GDML: VALIDATION ERROR! ID attribute 'G4_MYLAR' is referenced but was never declared at line: 637
G4GDML: VALIDATION ERROR! ID attribute 'G4_Fe' is referenced but was never declared at line: 637
G4GDML: Reading definitions...
G4GDML: Reading materials...
G4GDML: Reading solids...
G4GDML: Reading structure...
G4GDML: Reading setup...
G4GDML: Reading 'lht.gdml' done!
Stripping off GDML names of materials, solids and volumes ...
--- Cexmc ---  Monitor volume 'vMonitor' registered
--- Cexmc ---  ED Scorer of detector role 'Monitor' in volume 'vMonitor'
--- Cexmc ---  TP Scorer of detector role 'Monitor' in volume 'vMonitor'
--- Cexmc ---  Target volume 'vTarget' registered
--- Cexmc ---  TP Scorer of detector role 'Target' in volume 'vTarget'
--- Cexmc ---  ED Scorer of detector role 'Calorimeter' in volume 'vCrystal'
--- Cexmc ---  TP Scorer of detector role 'Calorimeter' in volume 'vCrystal'
--- Cexmc ---  Calorimeter volume 'vCalorimeter' registered
--- Cexmc ---  Sensitive Region for logical volume 'vCalorimeter' registered
--- Cexmc ---  VetoCounter volume 'vVetoCounter' registered
--- Cexmc ---  ED Scorer of detector role 'VetoCounter' in volume 'vVetoCounter'
--- Cexmc ---  TP Scorer of detector role 'VetoCounter' in volume 'vVetoCounter'

 hInelastic FTFP_BERT : threshold between BERT and FTFP is over the interval 
 for pions :   3 to 6 GeV
 for kaons :   3 to 6 GeV
 for proton :  3 to 6 GeV
 for neutron : 3 to 6 GeV

### Adding tracking cuts for neutron  TimeCut(ns)= 10000  KinEnergyCut(MeV)= 0
/run/verbose 1
/event/verbose 0
/particle/select eta
/particle/property/decay/select 0
Particle is not selected yet !! Command ignored.
/particle/property/decay/br 1
Particle is not selected yet !! Command ignored.
/particle/property/decay/select 1
Particle is not selected yet !! Command ignored.
/particle/property/decay/br 0
Particle is not selected yet !! Command ignored.
/particle/property/decay/select 2
Particle is not selected yet !! Command ignored.
/particle/property/decay/br 0
Particle is not selected yet !! Command ignored.
/particle/property/decay/select 3
Particle is not selected yet !! Command ignored.
/particle/property/decay/br 0
Particle is not selected yet !! Command ignored.
/particle/property/decay/dump
Particle is not selected yet !! Command ignored.
/cexmc/detector/calorimeterTriggerAlgorithm inner
/cexmc/detector/Monitor/ED/threshold 125 keV
/cexmc/detector/VetoCounter/ED/threshold 250 keV
/cexmc/detector/Calorimeter/ED/threshold 40 MeV
/cexmc/detector/outerCrystalsVetoAlgorithm none
/cexmc/detector/outerCrystalsVetoFraction 0.5
/cexmc/detector/applyFiniteCrystalResolution true
/cexmc/detector/addCrystalResolutionRange 0. 0.04 0.48
/cexmc/detector/addCrystalResolutionRange 0.04 0.06 0.27
/cexmc/detector/addCrystalResolutionRange 0.06 0.10 0.22
/cexmc/detector/addCrystalResolutionRange 0.10 0.20 0.18
/cexmc/detector/addCrystalResolutionRange 0.20 2.00 0.15
/cexmc/gun/particle pi-
/cexmc/gun/position 0 0 -36 cm
/cexmc/gun/direction 0 0 1
/cexmc/gun/momentumAmp 732.1 MeV
/cexmc/gun/fwhmPosX 3.0 cm
/cexmc/gun/fwhmPosY 3.5 cm
/cexmc/gun/fwhmDirX 1.12 deg
/cexmc/gun/fwhmDirY 1.35 deg
/cexmc/gun/fwhmMomentumAmp 0.015
/cexmc/physics/setMaxILCorrection 0
/cexmc/physics/applyFermiMotionInTarget false
/cexmc/physics/setAngularRange 1.0 -1.0 10
/cexmc/reconstructor/momentumAmpDiff -2.1 MeV
/cexmc/reconstructor/edCollectionAlgo all
/cexmc/reconstructor/useInnerRefCrystal true
/cexmc/reconstructor/entryPointDefinitionAlgo sqrt
/cexmc/reconstructor/crystalSelectionAlgo all
/cexmc/reconstructor/entryPointDepthDefinitionAlgo plain
/cexmc/reconstructor/entryPointDepth 0 cm
/cexmc/reconstructor/useTableMass false
/cexmc/reconstructor/useMassCut false
/cexmc/reconstructor/mCutOPCenter 530 MeV
/cexmc/reconstructor/mCutNOPCenter 970 MeV
/cexmc/reconstructor/mCutOPWidth 10 MeV
/cexmc/reconstructor/mCutNOPWidth 30 MeV
/cexmc/reconstructor/mCutAngle 45 deg
/cexmc/reconstructor/useAbsorbedEnergyCut false
/cexmc/reconstructor/aeCutCLCenter 310 MeV
/cexmc/reconstructor/aeCutCRCenter 310 MeV
/cexmc/reconstructor/aeCutCLWidth 100 MeV
/cexmc/reconstructor/aeCutCRWidth 180 MeV
/cexmc/reconstructor/aeCutAngle 45 deg
/cexmc/run/eventCountPolicy trigger
/cexmc/run/eventDataVerboseLevel trigger
/cexmc/event/verbose 2
/cexmc/vis/verbose 2
/run/beamOn 10
=======================================================================
======                 Electromagnetic Physics Parameters      ========
=======================================================================
LPM effect enabled                                 1
Enable creation and use of sampling tables         0
Apply cuts on all EM processes                     0
Use combined TransportationWithMsc                 Disabled
Use general process                                1
Enable linear polarisation for gamma               0
Enable photoeffect sampling below K-shell          1
Enable sampling of quantum entanglement            0
X-section factor for integral approach             0.8
Min kinetic energy for tables                      100 eV 
Max kinetic energy for tables                      100 TeV
Number of bins per decade of a table               7
Verbose level                                      1
Verbose level for worker thread                    0
Bremsstrahlung energy threshold above which 
  primary e+- is added to the list of secondary    100 TeV
Bremsstrahlung energy threshold above which primary
  muon/hadron is added to the list of secondary    100 TeV
Lowest triplet kinetic energy                      1 MeV
Enable sampling of gamma linear polarisation       0
5D gamma conversion model type                     0
5D gamma conversion model on isolated ion          0
Livermore data directory                           epics_2017
=======================================================================
======                 Ionisation Parameters                   ========
=======================================================================
Step function for e+-                              (0.2, 1 mm)
Step function for muons/hadrons                    (0.2, 0.1 mm)
Step function for light ions                       (0.2, 0.1 mm)
Step function for general ions                     (0.2, 0.1 mm)
Lowest e+e- kinetic energy                         1 keV
Lowest muon/hadron kinetic energy                  1 keV
Use ICRU90 data                                    0
Fluctuations of dE/dx are enabled                  1
Type of fluctuation model for leptons and hadrons  Urban
Use built-in Birks satuaration                     0
Build CSDA range enabled                           0
Use cut as a final range enabled                   0
Enable angular generator interface                 0
Max kinetic energy for CSDA tables                 1 GeV
Max kinetic energy for NIEL computation            0 eV 
Linear loss limit                                  0.01
Read data from file for e+e- pair production by mu 0
=======================================================================
======                 Multiple Scattering Parameters          ========
=======================================================================
Type of msc step limit algorithm for e+-           1
Type of msc step limit algorithm for muons/hadrons 0
Msc lateral displacement for e+- enabled           1
Msc lateral displacement for muons and hadrons     0
Urban msc model lateral displacement alg96         1
Range factor for msc step limit for e+-            0.04
Range factor for msc step limit for muons/hadrons  0.2
Geometry factor for msc step limitation of e+-     2.5
Safety factor for msc step limit for e+-           0.6
Skin parameter for msc step limitation of e+-      1
Lambda limit for msc step limit for e+-            1 mm
Use Mott correction for e- scattering              0
Factor used for dynamic computation of angular 
  limit between single and multiple scattering     1
Fixed angular limit between single 
  and multiple scattering                          3.1416 rad
Upper energy limit for e+- multiple scattering     100 MeV
Type of electron single scattering model           0
Type of nuclear form-factor                        1
Screening factor                                   1
=======================================================================

phot:  for gamma SubType=12 BuildTable=0
      LambdaPrime table from 200 keV to 100 TeV in 61 bins 
      ===== EM models for the G4Region  DefaultRegionForTheWorld ======
 LivermorePhElectric : Emin=    0 eV  Emax=  100 TeV  SauterGavrila Fluo

compt:  for gamma SubType=13 BuildTable=1
      Lambda table from 100 eV  to 1 MeV, 7 bins/decade, spline: 1
      LambdaPrime table from 1 MeV to 100 TeV in 56 bins 
      ===== EM models for the G4Region  DefaultRegionForTheWorld ======
       Klein-Nishina : Emin=    0 eV  Emax=  100 TeV

conv:  for gamma SubType=14 BuildTable=1
      Lambda table from 1.022 MeV to 100 TeV, 18 bins/decade, spline: 1
      ===== EM models for the G4Region  DefaultRegionForTheWorld ======
     BetheHeitlerLPM : Emin=    0 eV  Emax=  100 TeV  ModifiedTsai

Rayl:  for gamma SubType=11 BuildTable=1
      Lambda table from 100 eV  to 150 keV, 7 bins/decade, spline: 0
      LambdaPrime table from 150 keV to 100 TeV in 62 bins 
      ===== EM models for the G4Region  DefaultRegionForTheWorld ======
   LivermoreRayleigh : Emin=    0 eV  Emax=  100 TeV  CullenGenerator

msc:  for e-  SubType= 10
      ===== EM models for the G4Region  DefaultRegionForTheWorld ======
            UrbanMsc : Emin=    0 eV  Emax=  100 MeV Nbins=42 100 eV  - 100 MeV
          StepLim=UseSafety Rfact=0.04 Gfact=2.5 Sfact=0.6 DispFlag:1 Skin=1 Llim=1 mm
        WentzelVIUni : Emin=  100 MeV Emax=  100 TeV Nbins=42 100 MeV - 100 TeV
          StepLim=UseSafety Rfact=0.04 Gfact=2.5 Sfact=0.6 DispFlag:1 Skin=1 Llim=1 mm

eIoni:  for e-  XStype:3  SubType=2
      dE/dx and range tables from 100 eV  to 100 TeV in 84 bins
      Lambda tables from threshold to 100 TeV, 7 bins/decade, spline: 1
      StepFunction=(0.2, 1 mm), integ: 3, fluct: 1, linLossLim= 0.01
      ===== EM models for the G4Region  DefaultRegionForTheWorld ======
        MollerBhabha : Emin=    0 eV  Emax=  100 TeV

eBrem:  for e-  XStype:4  SubType=3
      dE/dx and range tables from 100 eV  to 100 TeV in 84 bins
      Lambda tables from threshold to 100 TeV, 7 bins/decade, spline: 1
      LPM flag: 1 for E > 1 GeV,  VertexHighEnergyTh(GeV)= 100000
      ===== EM models for the G4Region  DefaultRegionForTheWorld ======
             eBremSB : Emin=    0 eV  Emax=    1 GeV  ModifiedTsai
            eBremLPM : Emin=    1 GeV Emax=  100 TeV  ModifiedTsai

CoulombScat:  for e- XStype:1 SubType=1 BuildTable=1
      Lambda table from 100 MeV to 100 TeV, 7 bins/decade, spline: 0
      ThetaMin(p) < Theta(degree) < 180, pLimit(GeV^1)= 0.139531
      ===== EM models for the G4Region  DefaultRegionForTheWorld ======
  eCoulombScattering : Emin=  100 MeV Emax=  100 TeV

msc:  for e+  SubType= 10
      ===== EM models for the G4Region  DefaultRegionForTheWorld ======
            UrbanMsc : Emin=    0 eV  Emax=  100 MeV Nbins=42 100 eV  - 100 MeV
          StepLim=UseSafety Rfact=0.04 Gfact=2.5 Sfact=0.6 DispFlag:1 Skin=1 Llim=1 mm
        WentzelVIUni : Emin=  100 MeV Emax=  100 TeV Nbins=42 100 MeV - 100 TeV
          StepLim=UseSafety Rfact=0.04 Gfact=2.5 Sfact=0.6 DispFlag:1 Skin=1 Llim=1 mm

eIoni:  for e+  XStype:3  SubType=2
      dE/dx and range tables from 100 eV  to 100 TeV in 84 bins
      Lambda tables from threshold to 100 TeV, 7 bins/decade, spline: 1
      StepFunction=(0.2, 1 mm), integ: 3, fluct: 1, linLossLim= 0.01
      ===== EM models for the G4Region  DefaultRegionForTheWorld ======
        MollerBhabha : Emin=    0 eV  Emax=  100 TeV

eBrem:  for e+  XStype:4  SubType=3
      dE/dx and range tables from 100 eV  to 100 TeV in 84 bins
      Lambda tables from threshold to 100 TeV, 7 bins/decade, spline: 1
      LPM flag: 1 for E > 1 GeV,  VertexHighEnergyTh(GeV)= 100000
      ===== EM models for the G4Region  DefaultRegionForTheWorld ======
             eBremSB : Emin=    0 eV  Emax=    1 GeV  ModifiedTsai
            eBremLPM : Emin=    1 GeV Emax=  100 TeV  ModifiedTsai

annihil:  for e+ XStype:2 SubType=5 AtRestModel:Simple BuildTable=0
      ===== EM models for the G4Region  DefaultRegionForTheWorld ======
            eplus2gg : Emin=    0 eV  Emax=  100 TeV

CoulombScat:  for e+ XStype:1 SubType=1 BuildTable=1
      Lambda table from 100 MeV to 100 TeV, 7 bins/decade, spline: 0
      ThetaMin(p) < Theta(degree) < 180, pLimit(GeV^1)= 0.139531
      ===== EM models for the G4Region  DefaultRegionForTheWorld ======
  eCoulombScattering : Emin=  100 MeV Emax=  100 TeV

msc:  for proton  SubType= 10
      ===== EM models for the G4Region  DefaultRegionForTheWorld ======
        WentzelVIUni : Emin=    0 eV  Emax=  100 TeV Nbins=84 100 eV  - 100 TeV
          StepLim=Minimal Rfact=0.2 Gfact=2.5 Sfact=0.6 DispFlag:0 Skin=1 Llim=1 mm

hIoni:  for proton  XStype:3  SubType=2
      dE/dx and range tables from 100 eV  to 100 TeV in 84 bins
      Lambda tables from threshold to 100 TeV, 7 bins/decade, spline: 1
      StepFunction=(0.2, 0.1 mm), integ: 3, fluct: 1, linLossLim= 0.01
      ===== EM models for the G4Region  DefaultRegionForTheWorld ======
               Bragg : Emin=    0 eV  Emax=    2 MeV
          BetheBloch : Emin=    2 MeV Emax=  100 TeV

hBrems:  for proton  XStype:1  SubType=3
      dE/dx and range tables from 100 eV  to 100 TeV in 84 bins
      Lambda tables from threshold to 100 TeV, 7 bins/decade, spline: 1
      ===== EM models for the G4Region  DefaultRegionForTheWorld ======
               hBrem : Emin=    0 eV  Emax=  100 TeV  ModifiedMephi

hPairProd:  for proton  XStype:1  SubType=4
      dE/dx and range tables from 100 eV  to 100 TeV in 84 bins
      Lambda tables from threshold to 100 TeV, 7 bins/decade, spline: 1
      Sampling table 17x1001 from 7.50618 GeV to 100 TeV 
      ===== EM models for the G4Region  DefaultRegionForTheWorld ======
           hPairProd : Emin=    0 eV  Emax=  100 TeV  ModifiedMephi

CoulombScat:  for proton XStype:1 SubType=1 BuildTable=1
      Lambda table from threshold  to 100 TeV, 7 bins/decade, spline: 0
      ThetaMin(p) < Theta(degree) < 180, pLimit(GeV^1)= 0.139531
      ===== EM models for the G4Region  DefaultRegionForTheWorld ======
  eCoulombScattering : Emin=    0 eV  Emax=  100 TeV

msc:  for GenericIon  SubType= 10
      ===== EM models for the G4Region  DefaultRegionForTheWorld ======
            UrbanMsc : Emin=    0 eV  Emax=  100 TeV
          StepLim=Minimal Rfact=0.2 Gfact=2.5 Sfact=0.6 DispFlag:0 Skin=1 Llim=1 mm

ionIoni:  for GenericIon  XStype:3  SubType=2
      dE/dx and range tables from 100 eV  to 100 TeV in 84 bins
      Lambda tables from threshold to 100 TeV, 7 bins/decade, spline: 1
      StepFunction=(0.2, 0.1 mm), integ: 3, fluct: 1, linLossLim= 0.02
      ===== EM models for the G4Region  DefaultRegionForTheWorld ======
            BraggIon : Emin=    0 eV  Emax=    2 MeV
          BetheBloch : Emin=    2 MeV Emax=  100 TeV

msc:  for alpha  SubType= 10
      ===== EM models for the G4Region  DefaultRegionForTheWorld ======
            UrbanMsc : Emin=    0 eV  Emax=  100 TeV
          StepLim=Minimal Rfact=0.2 Gfact=2.5 Sfact=0.6 DispFlag:0 Skin=1 Llim=1 mm

ionIoni:  for alpha  XStype:3  SubType=2
      dE/dx and range tables from 100 eV  to 100 TeV in 84 bins
      Lambda tables from threshold to 100 TeV, 7 bins/decade, spline: 1
      StepFunction=(0.2, 0.1 mm), integ: 3, fluct: 1, linLossLim= 0.02
      ===== EM models for the G4Region  DefaultRegionForTheWorld ======
            BraggIon : Emin=    0 eV  Emax=7.9452 MeV
          BetheBloch : Emin=7.9452 MeV Emax=  100 TeV

msc:  for anti_proton  SubType= 10
      ===== EM models for the G4Region  DefaultRegionForTheWorld ======
        WentzelVIUni : Emin=    0 eV  Emax=  100 TeV Nbins=84 100 eV  - 100 TeV
          StepLim=Minimal Rfact=0.2 Gfact=2.5 Sfact=0.6 DispFlag:0 Skin=1 Llim=1 mm

hIoni:  for anti_proton  XStype:3  SubType=2
      dE/dx and range tables from 100 eV  to 100 TeV in 84 bins
      Lambda tables from threshold to 100 TeV, 7 bins/decade, spline: 1
      StepFunction=(0.2, 0.1 mm), integ: 3, fluct: 1, linLossLim= 0.01
      ===== EM models for the G4Region  DefaultRegionForTheWorld ======
            ICRU73QO : Emin=    0 eV  Emax=    2 MeV
          BetheBloch : Emin=    2 MeV Emax=  100 TeV

hBrems:  for anti_proton  XStype:1  SubType=3
      dE/dx and range tables from 100 eV  to 100 TeV in 84 bins
      Lambda tables from threshold to 100 TeV, 7 bins/decade, spline: 1
      ===== EM models for the G4Region  DefaultRegionForTheWorld ======
               hBrem : Emin=    0 eV  Emax=  100 TeV  ModifiedMephi

hPairProd:  for anti_proton  XStype:1  SubType=4
      dE/dx and range tables from 100 eV  to 100 TeV in 84 bins
      Lambda tables from threshold to 100 TeV, 7 bins/decade, spline: 1
      Sampling table 17x1001 from 7.50618 GeV to 100 TeV 
      ===== EM models for the G4Region  DefaultRegionForTheWorld ======
           hPairProd : Emin=    0 eV  Emax=  100 TeV  ModifiedMephi

CoulombScat:  for anti_proton XStype:1 SubType=1 BuildTable=1
      Lambda table from threshold  to 100 TeV, 7 bins/decade, spline: 0
      ThetaMin(p) < Theta(degree) < 180, pLimit(GeV^1)= 0.139531
      ===== EM models for the G4Region  DefaultRegionForTheWorld ======
  eCoulombScattering : Emin=    0 eV  Emax=  100 TeV

msc:  for kaon+  SubType= 10
      ===== EM models for the G4Region  DefaultRegionForTheWorld ======
        WentzelVIUni : Emin=    0 eV  Emax=  100 TeV Nbins=84 100 eV  - 100 TeV
          StepLim=Minimal Rfact=0.2 Gfact=2.5 Sfact=0.6 DispFlag:0 Skin=1 Llim=1 mm

hIoni:  for kaon+  XStype:3  SubType=2
      dE/dx and range tables from 100 eV  to 100 TeV in 84 bins
      Lambda tables from threshold to 100 TeV, 7 bins/decade, spline: 1
      StepFunction=(0.2, 0.1 mm), integ: 3, fluct: 1, linLossLim= 0.01
      ===== EM models for the G4Region  DefaultRegionForTheWorld ======
               Bragg : Emin=    0 eV  Emax=1.05231 MeV
          BetheBloch : Emin=1.05231 MeV Emax=  100 TeV

hBrems:  for kaon+  XStype:1  SubType=3
      dE/dx and range tables from 100 eV  to 100 TeV in 84 bins
      Lambda tables from threshold to 100 TeV, 7 bins/decade, spline: 1
      ===== EM models for the G4Region  DefaultRegionForTheWorld ======
               hBrem : Emin=    0 eV  Emax=  100 TeV  ModifiedMephi

hPairProd:  for kaon+  XStype:1  SubType=4
      dE/dx and range tables from 100 eV  to 100 TeV in 84 bins
      Lambda tables from threshold to 100 TeV, 7 bins/decade, spline: 1
      Sampling table 18x1001 from 3.94942 GeV to 100 TeV 
      ===== EM models for the G4Region  DefaultRegionForTheWorld ======
           hPairProd : Emin=    0 eV  Emax=  100 TeV  ModifiedMephi

CoulombScat:  for kaon+ XStype:1 SubType=1 BuildTable=1
      Lambda table from threshold  to 100 TeV, 7 bins/decade, spline: 0
      ThetaMin(p) < Theta(degree) < 180, pLimit(GeV^1)= 0.139531
      ===== EM models for the G4Region  DefaultRegionForTheWorld ======
  eCoulombScattering : Emin=    0 eV  Emax=  100 TeV

msc:  for kaon-  SubType= 10
      ===== EM models for the G4Region  DefaultRegionForTheWorld ======
        WentzelVIUni : Emin=    0 eV  Emax=  100 TeV Nbins=84 100 eV  - 100 TeV
          StepLim=Minimal Rfact=0.2 Gfact=2.5 Sfact=0.6 DispFlag:0 Skin=1 Llim=1 mm

hIoni:  for kaon-  XStype:3  SubType=2
      dE/dx and range tables from 100 eV  to 100 TeV in 84 bins
      Lambda tables from threshold to 100 TeV, 7 bins/decade, spline: 1
      StepFunction=(0.2, 0.1 mm), integ: 3, fluct: 1, linLossLim= 0.01
      ===== EM models for the G4Region  DefaultRegionForTheWorld ======
            ICRU73QO : Emin=    0 eV  Emax=1.05231 MeV
          BetheBloch : Emin=1.05231 MeV Emax=  100 TeV

hBrems:  for kaon-  XStype:1  SubType=3
      dE/dx and range tables from 100 eV  to 100 TeV in 84 bins
      Lambda tables from threshold to 100 TeV, 7 bins/decade, spline: 1
      ===== EM models for the G4Region  DefaultRegionForTheWorld ======
               hBrem : Emin=    0 eV  Emax=  100 TeV  ModifiedMephi

hPairProd:  for kaon-  XStype:1  SubType=4
      dE/dx and range tables from 100 eV  to 100 TeV in 84 bins
      Lambda tables from threshold to 100 TeV, 7 bins/decade, spline: 1
      Sampling table 18x1001 from 3.94942 GeV to 100 TeV 
      ===== EM models for the G4Region  DefaultRegionForTheWorld ======
           hPairProd : Emin=    0 eV  Emax=  100 TeV  ModifiedMephi

CoulombScat:  for kaon- XStype:1 SubType=1 BuildTable=1
      Used Lambda table of kaon+
      ThetaMin(p) < Theta(degree) < 180, pLimit(GeV^1)= 0.139531
      ===== EM models for the G4Region  DefaultRegionForTheWorld ======
  eCoulombScattering : Emin=    0 eV  Emax=  100 TeV

msc:  for mu+  SubType= 10
      ===== EM models for the G4Region  DefaultRegionForTheWorld ======
        WentzelVIUni : Emin=    0 eV  Emax=  100 TeV Nbins=84 100 eV  - 100 TeV
          StepLim=Minimal Rfact=0.2 Gfact=2.5 Sfact=0.6 DispFlag:0 Skin=1 Llim=1 mm

muIoni:  for mu+  XStype:3  SubType=2
      dE/dx and range tables from 100 eV  to 100 TeV in 84 bins
      Lambda tables from threshold to 100 TeV, 7 bins/decade, spline: 1
      StepFunction=(0.2, 0.1 mm), integ: 3, fluct: 1, linLossLim= 0.01
      ===== EM models for the G4Region  DefaultRegionForTheWorld ======
               Bragg : Emin=    0 eV  Emax=  200 keV
        MuBetheBloch : Emin=  200 keV Emax=  100 TeV

muBrems:  for mu+  XStype:1  SubType=3
      dE/dx and range tables from 100 eV  to 100 TeV in 84 bins
      Lambda tables from threshold to 100 TeV, 7 bins/decade, spline: 1
      ===== EM models for the G4Region  DefaultRegionForTheWorld ======
              MuBrem : Emin=    0 eV  Emax=  100 TeV  ModifiedMephi

muPairProd:  for mu+  XStype:1  SubType=4
      dE/dx and range tables from 100 eV  to 100 TeV in 84 bins
      Lambda tables from threshold to 100 TeV, 7 bins/decade, spline: 1
      Sampling table 21x1001 from 0.85 GeV to 100 TeV 
      ===== EM models for the G4Region  DefaultRegionForTheWorld ======
          muPairProd : Emin=    0 eV  Emax=  100 TeV  ModifiedMephi

CoulombScat:  for mu+ XStype:1 SubType=1 BuildTable=1
      Lambda table from threshold  to 100 TeV, 7 bins/decade, spline: 0
      ThetaMin(p) < Theta(degree) < 180, pLimit(GeV^1)= 0.139531
      ===== EM models for the G4Region  DefaultRegionForTheWorld ======
  eCoulombScattering : Emin=    0 eV  Emax=  100 TeV

msc:  for mu-  SubType= 10
      ===== EM models for the G4Region  DefaultRegionForTheWorld ======
        WentzelVIUni : Emin=    0 eV  Emax=  100 TeV Nbins=84 100 eV  - 100 TeV
          StepLim=Minimal Rfact=0.2 Gfact=2.5 Sfact=0.6 DispFlag:0 Skin=1 Llim=1 mm

muIoni:  for mu-  XStype:3  SubType=2
      dE/dx and range tables from 100 eV  to 100 TeV in 84 bins
      Lambda tables from threshold to 100 TeV, 7 bins/decade, spline: 1
      StepFunction=(0.2, 0.1 mm), integ: 3, fluct: 1, linLossLim= 0.01
      ===== EM models for the G4Region  DefaultRegionForTheWorld ======
            ICRU73QO : Emin=    0 eV  Emax=  200 keV
        MuBetheBloch : Emin=  200 keV Emax=  100 TeV

muBrems:  for mu-  XStype:1  SubType=3
      dE/dx and range tables from 100 eV  to 100 TeV in 84 bins
      Lambda tables from threshold to 100 TeV, 7 bins/decade, spline: 1
      ===== EM models for the G4Region  DefaultRegionForTheWorld ======
              MuBrem : Emin=    0 eV  Emax=  100 TeV  ModifiedMephi

muPairProd:  for mu-  XStype:1  SubType=4
      dE/dx and range tables from 100 eV  to 100 TeV in 84 bins
      Lambda tables from threshold to 100 TeV, 7 bins/decade, spline: 1
      Sampling table 21x1001 from 0.85 GeV to 100 TeV 
      ===== EM models for the G4Region  DefaultRegionForTheWorld ======
          muPairProd : Emin=    0 eV  Emax=  100 TeV  ModifiedMephi

CoulombScat:  for mu- XStype:1 SubType=1 BuildTable=1
      Used Lambda table of mu+
      ThetaMin(p) < Theta(degree) < 180, pLimit(GeV^1)= 0.139531
      ===== EM models for the G4Region  DefaultRegionForTheWorld ======
  eCoulombScattering : Emin=    0 eV  Emax=  100 TeV

msc:  for pi+  SubType= 10
      ===== EM models for the G4Region  DefaultRegionForTheWorld ======
        WentzelVIUni : Emin=    0 eV  Emax=  100 TeV Nbins=84 100 eV  - 100 TeV
          StepLim=Minimal Rfact=0.2 Gfact=2.5 Sfact=0.6 DispFlag:0 Skin=1 Llim=1 mm

hIoni:  for pi+  XStype:3  SubType=2
      dE/dx and range tables from 100 eV  to 100 TeV in 84 bins
      Lambda tables from threshold to 100 TeV, 7 bins/decade, spline: 1
      StepFunction=(0.2, 0.1 mm), integ: 3, fluct: 1, linLossLim= 0.01
      ===== EM models for the G4Region  DefaultRegionForTheWorld ======
               Bragg : Emin=    0 eV  Emax=297.505 keV
          BetheBloch : Emin=297.505 keV Emax=  100 TeV

hBrems:  for pi+  XStype:1  SubType=3
      dE/dx and range tables from 100 eV  to 100 TeV in 84 bins
      Lambda tables from threshold to 100 TeV, 7 bins/decade, spline: 1
      ===== EM models for the G4Region  DefaultRegionForTheWorld ======
               hBrem : Emin=    0 eV  Emax=  100 TeV  ModifiedMephi

hPairProd:  for pi+  XStype:1  SubType=4
      dE/dx and range tables from 100 eV  to 100 TeV in 84 bins
      Lambda tables from threshold to 100 TeV, 7 bins/decade, spline: 1
      Sampling table 20x1001 from 1.11656 GeV to 100 TeV 
      ===== EM models for the G4Region  DefaultRegionForTheWorld ======
           hPairProd : Emin=    0 eV  Emax=  100 TeV  ModifiedMephi

CoulombScat:  for pi+ XStype:1 SubType=1 BuildTable=1
      Lambda table from threshold  to 100 TeV, 7 bins/decade, spline: 0
      ThetaMin(p) < Theta(degree) < 180, pLimit(GeV^1)= 0.139531
      ===== EM models for the G4Region  DefaultRegionForTheWorld ======
  eCoulombScattering : Emin=    0 eV  Emax=  100 TeV

msc:  for pi-  SubType= 10
      ===== EM models for the G4Region  DefaultRegionForTheWorld ======
        WentzelVIUni : Emin=    0 eV  Emax=  100 TeV Nbins=84 100 eV  - 100 TeV
          StepLim=Minimal Rfact=0.2 Gfact=2.5 Sfact=0.6 DispFlag:0 Skin=1 Llim=1 mm

hIoni:  for pi-  XStype:3  SubType=2
      dE/dx and range tables from 100 eV  to 100 TeV in 84 bins
      Lambda tables from threshold to 100 TeV, 7 bins/decade, spline: 1
      StepFunction=(0.2, 0.1 mm), integ: 3, fluct: 1, linLossLim= 0.01
      ===== EM models for the G4Region  DefaultRegionForTheWorld ======
            ICRU73QO : Emin=    0 eV  Emax=297.505 keV
          BetheBloch : Emin=297.505 keV Emax=  100 TeV

hBrems:  for pi-  XStype:1  SubType=3
      dE/dx and range tables from 100 eV  to 100 TeV in 84 bins
      Lambda tables from threshold to 100 TeV, 7 bins/decade, spline: 1
      ===== EM models for the G4Region  DefaultRegionForTheWorld ======
               hBrem : Emin=    0 eV  Emax=  100 TeV  ModifiedMephi

hPairProd:  for pi-  XStype:1  SubType=4
      dE/dx and range tables from 100 eV  to 100 TeV in 84 bins
      Lambda tables from threshold to 100 TeV, 7 bins/decade, spline: 1
      Sampling table 20x1001 from 1.11656 GeV to 100 TeV 
      ===== EM models for the G4Region  DefaultRegionForTheWorld ======
           hPairProd : Emin=    0 eV  Emax=  100 TeV  ModifiedMephi

CoulombScat:  for pi- XStype:1 SubType=1 BuildTable=1
      Used Lambda table of pi+
      ThetaMin(p) < Theta(degree) < 180, pLimit(GeV^1)= 0.139531
      ===== EM models for the G4Region  DefaultRegionForTheWorld ======
  eCoulombScattering : Emin=    0 eV  Emax=  100 TeV

====================================================================
                  HADRONIC PROCESSES SUMMARY (verbose level 1)
-----------------------------------------------------------------------
                           Hadronic Processes for neutron
  Process: hadElastic
        Model:             hElasticCHIPS: 0 eV  ---> 100 TeV
     Cr_sctns:        G4NeutronElasticXS: 0 eV  ---> 100 TeV
  Process: neutronInelastic
        Model:                      FTFP: 3 GeV ---> 100 TeV
        Model:            BertiniCascade: 0 eV  ---> 6 GeV
     Cr_sctns:      G4NeutronInelasticXS: 0 eV  ---> 100 TeV
  Process: nCapture
        Model:               nRadCapture: 0 eV  ---> 100 TeV
     Cr_sctns:        G4NeutronCaptureXS: 0 eV  ---> 100 TeV
  Process: nKiller
-----------------------------------------------------------------------
                           Hadronic Processes for B-
  Process: hadElastic
        Model:              hElasticLHEP: 0 eV  ---> 100 TeV
     Cr_sctns:            Glauber-Gribov: 0 eV  ---> 100 TeV
  Process: B-Inelastic
        Model:                      FTFP: 0 eV  ---> 100 TeV
     Cr_sctns:            Glauber-Gribov: 0 eV  ---> 100 TeV
-----------------------------------------------------------------------
                           Hadronic Processes for D-
  Process: hadElastic
        Model:              hElasticLHEP: 0 eV  ---> 100 TeV
     Cr_sctns:            Glauber-Gribov: 0 eV  ---> 100 TeV
  Process: D-Inelastic
        Model:                      FTFP: 0 eV  ---> 100 TeV
     Cr_sctns:            Glauber-Gribov: 0 eV  ---> 100 TeV
-----------------------------------------------------------------------
                           Hadronic Processes for GenericIon
  Process: ionInelastic
        Model:  Binary Light Ion Cascade: 0 eV /n ---> 6 GeV/n
        Model:                      FTFP: 3 GeV/n ---> 100 TeV/n
     Cr_sctns:  Glauber-Gribov Nucl-nucl: 0 eV  ---> 25.6 PeV
-----------------------------------------------------------------------
                           Hadronic Processes for He3
  Process: hadElastic
        Model:              hElasticLHEP: 0 eV /n ---> 100 TeV/n
     Cr_sctns:  Glauber-Gribov Nucl-nucl: 0 eV  ---> 25.6 PeV
  Process: He3Inelastic
        Model:  Binary Light Ion Cascade: 0 eV /n ---> 6 GeV/n
        Model:                      FTFP: 3 GeV/n ---> 100 TeV/n
     Cr_sctns:  Glauber-Gribov Nucl-nucl: 0 eV  ---> 25.6 PeV
-----------------------------------------------------------------------
                           Hadronic Processes for alpha
  Process: hadElastic
        Model:              hElasticLHEP: 0 eV /n ---> 100 TeV/n
     Cr_sctns:  Glauber-Gribov Nucl-nucl: 0 eV  ---> 25.6 PeV
  Process: alphaInelastic
        Model:  Binary Light Ion Cascade: 0 eV /n ---> 6 GeV/n
        Model:                      FTFP: 3 GeV/n ---> 100 TeV/n
     Cr_sctns:  Glauber-Gribov Nucl-nucl: 0 eV  ---> 25.6 PeV
-----------------------------------------------------------------------
                           Hadronic Processes for anti_He3
  Process: hadElastic
        Model:              hElasticLHEP: 0 eV /n ---> 100.1 MeV/n
        Model:              AntiAElastic: 100 MeV/n ---> 100 TeV/n
     Cr_sctns:              AntiAGlauber: 0 eV  ---> 25.6 PeV
  Process: anti_He3Inelastic
        Model:                      FTFP: 0 eV /n ---> 100 TeV/n
     Cr_sctns:              AntiAGlauber: 0 eV  ---> 25.6 PeV
  Process: hFritiofCaptureAtRest
-----------------------------------------------------------------------
                           Hadronic Processes for anti_alpha
  Process: hadElastic
        Model:              hElasticLHEP: 0 eV /n ---> 100.1 MeV/n
        Model:              AntiAElastic: 100 MeV/n ---> 100 TeV/n
     Cr_sctns:              AntiAGlauber: 0 eV  ---> 25.6 PeV
  Process: anti_alphaInelastic
        Model:                      FTFP: 0 eV /n ---> 100 TeV/n
     Cr_sctns:              AntiAGlauber: 0 eV  ---> 25.6 PeV
  Process: hFritiofCaptureAtRest
-----------------------------------------------------------------------
                           Hadronic Processes for anti_deuteron
  Process: hadElastic
        Model:              hElasticLHEP: 0 eV /n ---> 100.1 MeV/n
        Model:              AntiAElastic: 100 MeV/n ---> 100 TeV/n
     Cr_sctns:              AntiAGlauber: 0 eV  ---> 25.6 PeV
  Process: anti_deuteronInelastic
        Model:                      FTFP: 0 eV /n ---> 100 TeV/n
     Cr_sctns:              AntiAGlauber: 0 eV  ---> 25.6 PeV
  Process: hFritiofCaptureAtRest
-------------------------------------------------------------------------
                           Hadronic Processes for anti_hypertriton
  Process: hFritiofCaptureAtRest
-----------------------------------------------------------------------
                           Hadronic Processes for anti_lambda
  Process: hadElastic
        Model:              hElasticLHEP: 0 eV  ---> 100 TeV
     Cr_sctns:            Glauber-Gribov: 0 eV  ---> 100 TeV
  Process: anti_lambdaInelastic
        Model:                      FTFP: 0 eV  ---> 100 TeV
     Cr_sctns:            Glauber-Gribov: 0 eV  ---> 100 TeV
  Process: hFritiofCaptureAtRest
-----------------------------------------------------------------------
                           Hadronic Processes for anti_neutron
  Process: hadElastic
        Model:              hElasticLHEP: 0 eV  ---> 100.1 MeV
        Model:              AntiAElastic: 100 MeV ---> 100 TeV
     Cr_sctns:              AntiAGlauber: 0 eV  ---> 25.6 PeV
  Process: anti_neutronInelastic
        Model:                      FTFP: 0 eV  ---> 100 TeV
     Cr_sctns:              AntiAGlauber: 0 eV  ---> 25.6 PeV
  Process: hFritiofCaptureAtRest
-----------------------------------------------------------------------
                           Hadronic Processes for anti_proton
  Process: hadElastic
        Model:              hElasticLHEP: 0 eV  ---> 100.1 MeV
        Model:              AntiAElastic: 100 MeV ---> 100 TeV
     Cr_sctns:              AntiAGlauber: 0 eV  ---> 25.6 PeV
  Process: anti_protonInelastic
        Model:                      FTFP: 0 eV  ---> 100 TeV
     Cr_sctns:              AntiAGlauber: 0 eV  ---> 25.6 PeV
  Process: hFritiofCaptureAtRest
-----------------------------------------------------------------------
                           Hadronic Processes for anti_triton
  Process: hadElastic
        Model:              hElasticLHEP: 0 eV /n ---> 100.1 MeV/n
        Model:              AntiAElastic: 100 MeV/n ---> 100 TeV/n
     Cr_sctns:              AntiAGlauber: 0 eV  ---> 25.6 PeV
  Process: anti_tritonInelastic
        Model:                      FTFP: 0 eV /n ---> 100 TeV/n
     Cr_sctns:              AntiAGlauber: 0 eV  ---> 25.6 PeV
  Process: hFritiofCaptureAtRest
-----------------------------------------------------------------------
                           Hadronic Processes for deuteron
  Process: hadElastic
        Model:              hElasticLHEP: 0 eV /n ---> 100 TeV/n
     Cr_sctns:  Glauber-Gribov Nucl-nucl: 0 eV  ---> 25.6 PeV
  Process: dInelastic
        Model:  Binary Light Ion Cascade: 0 eV /n ---> 6 GeV/n
        Model:                      FTFP: 3 GeV/n ---> 100 TeV/n
     Cr_sctns:  Glauber-Gribov Nucl-nucl: 0 eV  ---> 25.6 PeV
-----------------------------------------------------------------------
                           Hadronic Processes for e+
  Process: positronNuclear
        Model:   G4ElectroVDNuclearModel: 0 eV  ---> 1 PeV
     Cr_sctns:          ElectroNuclearXS: 0 eV  ---> 100 TeV
-----------------------------------------------------------------------
                           Hadronic Processes for e-
  Process: electronNuclear
        Model:   G4ElectroVDNuclearModel: 0 eV  ---> 1 PeV
     Cr_sctns:          ElectroNuclearXS: 0 eV  ---> 100 TeV
-----------------------------------------------------------------------
                           Hadronic Processes for gamma
  Process: photonNuclear
        Model:               GammaNPreco: 0 eV  ---> 200 MeV
        Model:            BertiniCascade: 199 MeV ---> 6 GeV
        Model:           TheoFSGenerator: 3 GeV ---> 100 TeV
     Cr_sctns:            GammaNuclearXS: 0 eV  ---> 100 TeV
-----------------------------------------------------------------------
                           Hadronic Processes for kaon+
  Process: hadElastic
        Model:              hElasticLHEP: 0 eV  ---> 100 TeV
     Cr_sctns:            Glauber-Gribov: 0 eV  ---> 100 TeV
  Process: kaon+Inelastic
        Model:                      FTFP: 3 GeV ---> 100 TeV
        Model:            BertiniCascade: 0 eV  ---> 6 GeV
     Cr_sctns:            Glauber-Gribov: 0 eV  ---> 100 TeV
-----------------------------------------------------------------------
                           Hadronic Processes for kaon-
  Process: hadElastic
        Model:              hElasticLHEP: 0 eV  ---> 100 TeV
     Cr_sctns:            Glauber-Gribov: 0 eV  ---> 100 TeV
  Process: kaon-Inelastic
        Model:                      FTFP: 3 GeV ---> 100 TeV
        Model:            BertiniCascade: 0 eV  ---> 6 GeV
     Cr_sctns:            Glauber-Gribov: 0 eV  ---> 100 TeV
  Process: hBertiniCaptureAtRest
-----------------------------------------------------------------------
                           Hadronic Processes for lambda
  Process: hadElastic
        Model:              hElasticLHEP: 0 eV  ---> 100 TeV
     Cr_sctns:            Glauber-Gribov: 0 eV  ---> 100 TeV
  Process: lambdaInelastic
        Model:                      FTFP: 3 GeV ---> 100 TeV
        Model:            BertiniCascade: 0 eV  ---> 6 GeV
     Cr_sctns:            Glauber-Gribov: 0 eV  ---> 100 TeV
-----------------------------------------------------------------------
                           Hadronic Processes for mu+
  Process: muonNuclear
        Model:      G4MuonVDNuclearModel: 0 eV  ---> 1 PeV
     Cr_sctns:     KokoulinMuonNuclearXS: 0 eV  ---> 100 TeV
-----------------------------------------------------------------------
                           Hadronic Processes for mu-
  Process: muonNuclear
        Model:      G4MuonVDNuclearModel: 0 eV  ---> 1 PeV
     Cr_sctns:     KokoulinMuonNuclearXS: 0 eV  ---> 100 TeV
  Process: muMinusCaptureAtRest
-----------------------------------------------------------------------
                           Hadronic Processes for pi+
  Process: hadElastic
        Model:           hElasticGlauber: 0 eV  ---> 100 TeV
     Cr_sctns:  BarashenkovGlauberGribov: 0 eV  ---> 100 TeV
  Process: pi+Inelastic
        Model:                      FTFP: 3 GeV ---> 100 TeV
        Model:            BertiniCascade: 0 eV  ---> 6 GeV
     Cr_sctns:  BarashenkovGlauberGribov: 0 eV  ---> 100 TeV
-----------------------------------------------------------------------
                           Hadronic Processes for pi-
  Process: hadElastic
        Model:           hElasticGlauber: 0 eV  ---> 100 TeV
     Cr_sctns:  BarashenkovGlauberGribov: 0 eV  ---> 100 TeV
  Process: pi-Inelastic
        Model:                      FTFP: 3 GeV ---> 100 TeV
        Model:            BertiniCascade: 0 eV  ---> 6 GeV
     Cr_sctns:  BarashenkovGlauberGribov: 0 eV  ---> 100 TeV
  Process: Cexmc
        Model:       CexmcChargeExchange: 0 eV  ---> 100 TeV
     Cr_sctns:                          : 0 eV  ---> 100 TeV
  Process: hBertiniCaptureAtRest
-----------------------------------------------------------------------
                           Hadronic Processes for proton
  Process: hadElastic
        Model:             hElasticCHIPS: 0 eV  ---> 100 TeV
     Cr_sctns:  BarashenkovGlauberGribov: 0 eV  ---> 100 TeV
  Process: protonInelastic
        Model:                      FTFP: 3 GeV ---> 100 TeV
        Model:            BertiniCascade: 0 eV  ---> 6 GeV
     Cr_sctns:  BarashenkovGlauberGribov: 0 eV  ---> 100 TeV
-----------------------------------------------------------------------
                           Hadronic Processes for sigma-
  Process: hadElastic
        Model:              hElasticLHEP: 0 eV  ---> 100 TeV
     Cr_sctns:            Glauber-Gribov: 0 eV  ---> 100 TeV
  Process: sigma-Inelastic
        Model:                      FTFP: 3 GeV ---> 100 TeV
        Model:            BertiniCascade: 0 eV  ---> 6 GeV
     Cr_sctns:            Glauber-Gribov: 0 eV  ---> 100 TeV
  Process: hBertiniCaptureAtRest
-----------------------------------------------------------------------
                           Hadronic Processes for triton
  Process: hadElastic
        Model:              hElasticLHEP: 0 eV /n ---> 100 TeV/n
     Cr_sctns:  Glauber-Gribov Nucl-nucl: 0 eV  ---> 25.6 PeV
  Process: tInelastic
        Model:  Binary Light Ion Cascade: 0 eV /n ---> 6 GeV/n
        Model:                      FTFP: 3 GeV/n ---> 100 TeV/n
     Cr_sctns:  Glauber-Gribov Nucl-nucl: 0 eV  ---> 25.6 PeV
=======================================================================
======       Geant4 Native Pre-compound Model Parameters       ========
=======================================================================
Type of pre-compound inverse x-section              3
Pre-compound model active                           1
Pre-compound excitation low energy                  100 keV
Pre-compound excitation high energy                 30 MeV
Angular generator for pre-compound model            1
Use NeverGoBack option for pre-compound model       0
Use SoftCutOff option for pre-compound model        0
Use CEM transitions for pre-compound model          1
Use GNASH transitions for pre-compound model        0
Use HETC submodel for pre-compound model            0
=======================================================================
======       Nuclear De-excitation Module Parameters           ========
=======================================================================
Type of de-excitation inverse x-section             3
Type of de-excitation factory                       Evaporation+GEM
Number of de-excitation channels                    68
Min excitation energy                               10 eV 
Min energy per nucleon for multifragmentation       200 GeV
Limit excitation energy for Fermi BreakUp           20 MeV
Level density (1/MeV)                               0.075
Use simple level density model                      1
Use discrete excitation energy of the residual      0
Time limit for long lived isomeres                  1 ns 
Isomer production flag                              1
Internal e- conversion flag                         1
Store e- internal conversion data                   0
Correlated gamma emission flag                      0
Max 2J for sampling of angular correlations         10
=======================================================================

========= Table of registered couples ============================

Index : 0     used in the geometry : Yes
 Material : G4_AIR
 Range cuts        :  gamma  700 um     e-  700 um     e+  700 um  proton 700 um 
 Energy thresholds :  gamma  990 eV     e-  990 eV     e+  990 eV  proton 70 keV
 Region(s) which use this couple : 
    DefaultRegionForTheWorld

Index : 1     used in the geometry : Yes
 Material : G4_MYLAR
 Range cuts        :  gamma  700 um     e-  700 um     e+  700 um  proton 700 um 
 Energy thresholds :  gamma  2.61434 keV    e-  330.147 keV    e+  321.204 keV proton 70 keV
 Region(s) which use this couple : 
    DefaultRegionForTheWorld

Index : 2     used in the geometry : Yes
 Material : G4_Galactic
 Range cuts        :  gamma  700 um     e-  700 um     e+  700 um  proton 700 um 
 Energy thresholds :  gamma  990 eV     e-  990 eV     e+  990 eV  proton 70 keV
 Region(s) which use this couple : 
    DefaultRegionForTheWorld

Index : 3     used in the geometry : Yes
 Material : G4_Al
 Range cuts        :  gamma  700 um     e-  700 um     e+  700 um  proton 700 um 
 Energy thresholds :  gamma  5.84707 keV    e-  461.19 keV    e+  445.1 keV proton 70 keV
 Region(s) which use this couple : 
    DefaultRegionForTheWorld

Index : 4     used in the geometry : Yes
 Material : G4_lH2
 Range cuts        :  gamma  700 um     e-  700 um     e+  700 um  proton 700 um 
 Energy thresholds :  gamma  990 eV     e-  88.4943 keV    e+  87.5039 keV proton 70 keV
 Region(s) which use this couple : 
    DefaultRegionForTheWorld

Index : 5     used in the geometry : Yes
 Material : G4_Fe
 Range cuts        :  gamma  700 um     e-  700 um     e+  700 um  proton 700 um 
 Energy thresholds :  gamma  17.2487 keV    e-  954.642 keV    e+  906.513 keV proton 70 keV
 Region(s) which use this couple : 
    DefaultRegionForTheWorld

Index : 6     used in the geometry : Yes
 Material : G4_Cu
 Range cuts        :  gamma  700 um     e-  700 um     e+  700 um  proton 700 um 
 Energy thresholds :  gamma  20.5458 keV    e-  1.03403 MeV    e+  979.823 keV proton 70 keV
 Region(s) which use this couple : 
    DefaultRegionForTheWorld

Index : 7     used in the geometry : Yes
 Material : Scintillator
 Range cuts        :  gamma  700 um     e-  700 um     e+  700 um  proton 700 um 
 Energy thresholds :  gamma  2.11253 keV    e-  285.19 keV    e+  278.195 keV proton 70 keV
 Region(s) which use this couple : 
    DefaultRegionForTheWorld

Index : 8     used in the geometry : Yes
 Material : G4_AIR
 Range cuts        :  gamma  700 um     e-  700 um     e+  700 um  proton 700 um 
 Energy thresholds :  gamma  990 eV     e-  990 eV     e+  990 eV  proton 70 keV
 Region(s) which use this couple : 
    Calorimeter

Index : 9     used in the geometry : Yes
 Material : CsI_Crystal
 Range cuts        :  gamma  700 um     e-  700 um     e+  700 um  proton 700 um 
 Energy thresholds :  gamma  30.8113 keV    e-  527.623 keV    e+  504.095 keV proton 70 keV
 Region(s) which use this couple : 
    Calorimeter

==================================================================

### Run 0 starts.
Event 398
 --- Track Points
       monitor : pi- [1,bp] 723.2 MeV :  -0.448 1.825 -0.125 cm  [-0.006697, -0.007786, 0.9999]
        target : pi- [1,bp] 722.7 MeV :  2.694 4.212 1.515 cm  [-0.6479, -0.7617, -0.009848]
               : eta [2,op] 368.6 MeV :  2.449 3.925 1.511 cm  [-0.8266, -0.56, -0.05545]
               : neutron [3,np] 381.1 MeV :  2.449 3.925 1.511 cm  [-0.4288, -0.9027, 0.03549]
               : gamma [5,opdp] 255 MeV :  2.449 3.925 1.511 cm  [0.3892, -0.9211, -0.01141]
               : gamma [4,opdp] 405.3 MeV :  2.449 3.925 1.511 cm  [-0.9966, 0.07024, -0.04325]
        vc (l) : gamma [5,opdp] 255 MeV :  1.638 0.8116 -0.25 cm  [-0.03654, -0.01141, 0.9993]
        vc (r) : gamma [4,opdp] 405.3 MeV :  7.222 -1.139 -0.25 cm  [0.1901, -0.04325, 0.9808]
       cal (l) : gamma [5,opdp] 255 MeV :  1.593 0.7973 -15 cm  [-0.03654, -0.01141, 0.9993]
       cal (r) : gamma [4,opdp] 405.3 MeV :  7.465 -1.194 -15 cm  [0.1901, -0.04325, 0.9808]
      ---
      angle between the eta decay products : 116.877 deg
 --- Triggered angular ranges: 
                  2 [ 0.8000,  0.6000)
 --- Production model data: 
       Incident particle       (LAB) : pi- -4.7375 -6.9142 722.5448 MeV -- 735.9491 MeV
                               (SCM) : pi- -2.9433 -4.2956 448.8929 MeV -- 470.1189 MeV
       Nucleus particle        (LAB) : proton 0.0000 -0.0000 0.0000 eV  -- 938.2720 MeV
                               (SCM) : proton 2.9433 4.2956 -448.8929 MeV -- 1.0401 GeV
       Output particle         (LAB) : eta -100.7059 -20.4389 353.9585 MeV -- 660.3021 MeV
                               (SCM) : eta -98.8871 -17.7845 76.5694 MeV -- 562.2371 MeV
       Nucleus output particle (LAB) : neutron 95.9684 13.5247 368.5863 MeV -- 1.0139 GeV
                               (SCM) : neutron 98.8871 17.7845 -76.5694 MeV -- 948.0195 MeV
 --- Reconstructed data: 
       -- entry points:
              left: 1.66253 0.793379 -15 cm 
             right: 8.88045 -2.22171 -15 cm 
            target: 0 0 0 fm 
       -- the angle: 123.173 deg
       -- mass of the output particle: 586.378 MeV
       -- mass of the nucleus output particle: 909.617 MeV
       -- production model data: 
       Incident particle       (LAB) : pi- 0.0000 0.0000 730.0000 MeV -- 743.2226 MeV
                               (SCM) : pi- 0.0000 0.0000 452.1737 MeV -- 473.2239 MeV
       Nucleus particle        (LAB) : proton 0.0000 0.0000 0.0000 eV  -- 938.2720 MeV
                               (SCM) : proton 0.0000 0.0000 -452.1737 MeV -- 1.0415 GeV
       Output particle         (LAB) : eta -107.0921 -11.8625 336.1823 MeV -- 684.4463 MeV
                               (SCM) : eta -107.0921 -11.8625 43.3353 MeV -- 597.7676 MeV
       Nucleus output particle (LAB) : neutron 107.0921 11.8625 393.8177 MeV -- 997.0483 MeV
                               (SCM) : neutron 107.0921 11.8625 -43.3353 MeV -- 917.0011 MeV
       -- triggered angular ranges: 
                  4 [ 0.4000,  0.2000)
 --- Energy Deposit
       monitor : 414.758 keV
        vc (l) : 0 eV 
        vc (r) : 0 eV 
       cal (l) : 264.777 MeV
         0         0    0.4723     1.529         0         0
         0    0.4012     194.9     18.51         0         0
         0     1.117     27.77     19.04         0         0
    0.1689    0.4218         0    0.4467         0         0
       cal (r) : 419.669 MeV
         0     1.803         0         0         0         0
     22.42     18.18    0.3589         0         0         0
     21.06     335.6     4.948         0         0         0
         0     3.899      4.66     6.746         0         0
Event 652
 --- Track Points
       monitor : pi- [1,bp] 722.1 MeV :  -1.666 0.6468 -0.125 cm  [0.01972, -0.0008542, 0.9998]
        target : pi- [1,bp] 721.6 MeV :  2.271 4.454 0.6358 cm  [-0.6281, -0.7781, -0.001032]
               : eta [5,op] 388.6 MeV :  -1.71 -0.4782 0.6292 cm  [-0.6076, -0.7772, 0.1637]
               : neutron [6,np] 342.6 MeV :  -1.71 -0.4782 0.6292 cm  [-0.6322, -0.753, -0.1827]
               : pi0 [9,opdp] 222.1 MeV :  -1.71 -0.4782 0.6292 cm  [-0.8618, -0.3945, -0.3188]
               : pi0 [7,opdp] 192.2 MeV :  -1.71 -0.4782 0.6292 cm  [-0.5018, -0.5888, 0.6336]
        vc (l) : tp is not valid
        vc (r) : tp is not valid
       cal (l) : tp is not valid
       cal (r) : tp is not valid
      ---
      angle between the eta decay products : 62.4381 deg
 --- Triggered angular ranges: 
                  1 [ 1.0000,  0.8000)
 --- Production model data: 
       Incident particle       (LAB) : pi- 13.1529 1.0366 719.9778 MeV -- 733.4998 MeV
                               (SCM) : pi- 8.1797 0.6446 447.7495 MeV -- 469.0701 MeV
       Nucleus particle        (LAB) : proton 0.0000 0.0000 0.0000 eV  -- 938.2720 MeV
                               (SCM) : proton -8.1797 -0.6446 -447.7495 MeV -- 1.0397 GeV
       Output particle         (LAB) : eta 13.2535 63.6159 383.1364 MeV -- 671.6911 MeV
                               (SCM) : eta 8.1546 63.2140 104.0259 MeV -- 561.2813 MeV
       Nucleus output particle (LAB) : neutron -0.1006 -62.5793 336.8413 MeV -- 1.0001 GeV
                               (SCM) : neutron -8.1546 -63.2140 -104.0259 MeV -- 947.4529 MeV
 --- Reconstructed data: 
       -- entry points:
              left: 11.1967 -2.03689 -15 cm 
             right: 0.144855 4.32408 -15 cm 
            target: 0 0 0 fm 
       -- the angle: 140.43 deg
       -- mass of the output particle: 236.312 MeV
       -- mass of the nucleus output particle: 1.27661 GeV
       -- production model data: 
       Incident particle       (LAB) : pi- 0.0000 0.0000 730.0000 MeV -- 743.2226 MeV
                               (SCM) : pi- 0.0000 0.0000 452.1737 MeV -- 473.2239 MeV
       Nucleus particle        (LAB) : proton 0.0000 0.0000 0.0000 eV  -- 938.2720 MeV
                               (SCM) : proton 0.0000 0.0000 -452.1737 MeV -- 1.0415 GeV
       Output particle         (LAB) : eta 1.6661 5.2051 85.1158 MeV -- 251.2333 MeV
                               (SCM) : eta 1.6661 5.2051 -26.5905 MeV -- 237.8666 MeV
       Nucleus output particle (LAB) : neutron -1.6661 -5.2051 644.8842 MeV -- 1.4303 GeV
                               (SCM) : neutron -1.6661 -5.2051 26.5905 MeV -- 1.2769 GeV
       -- triggered angular ranges: 
                 10 [-0.8000, -1.0000)
 --- Energy Deposit
       monitor : 363.098 keV
        vc (l) : 0 eV 
        vc (r) : 0 eV 
       cal (l) : 122.145 MeV
     3.891         0         0         0         0         0
     13.28     0.483         0         0         0         0
     3.739     82.78         0         0         0         0
    0.2858     17.68         0         0         0         0
       cal (r) : 129.089 MeV
         0    0.6007    0.4386         0         0     32.01
    0.4252     16.27      76.4    0.3172         0         0
         0    0.1934     2.437         0         0         0
         0         0         0         0         0         0
Event 2333
 --- Track Points
       monitor : pi- [1,bp] 739 MeV :  -0.3941 1.207 -0.125 cm  [0.00218, 0.01854, 0.9998]
        target : pi- [1,bp] 738.5 MeV :  2.972 4.021 1.76 cm  [-0.6408, -0.7675, 0.01935]
               : eta [4,op] 386 MeV :  1.898 2.735 1.792 cm  [-0.3532, -0.9332, 0.06678]
               : neutron [5,np] 395.2 MeV :  1.898 2.735 1.792 cm  [-0.8533, -0.5208, -0.02727]
               : pi0 [8,opdp] 240.3 MeV :  1.898 2.735 1.792 cm  [-0.2956, -0.8608, 0.4144]
               : pi0 [6,opdp] 127.2 MeV :  1.898 2.735 1.792 cm  [0.5941, -0.7883, -0.1601]
        vc (l) : tp is not valid
        vc (r) : tp is not valid
       cal (l) : tp is not valid
       cal (r) : tp is not valid
      ---
      angle between the eta decay products : 64.1143 deg
 --- Triggered angular ranges: 
                  3 [ 0.6000,  0.4000)
 --- Production model data: 
       Incident particle       (LAB) : pi- 1.0926 14.9998 737.9993 MeV -- 751.2317 MeV
                               (SCM) : pi- 0.6746 9.2608 455.6388 MeV -- 476.6264 MeV
       Nucleus particle        (LAB) : proton 0.0000 0.0000 0.0000 eV  -- 938.2720 MeV
                               (SCM) : proton -0.6746 -9.2608 -455.6388 MeV -- 1.0431 GeV
       Output particle         (LAB) : eta 127.1247 25.7782 363.5976 MeV -- 670.2098 MeV
                               (SCM) : eta 126.7031 19.9900 78.8173 MeV -- 568.1709 MeV
       Nucleus output particle (LAB) : neutron -126.0321 -10.7784 374.4017 MeV -- 1.0193 GeV
                               (SCM) : neutron -126.7031 -19.9900 -78.8173 MeV -- 951.5506 MeV
 --- Reconstructed data: 
       -- entry points:
              left: -4.70513 1.1445 -15 cm 
             right: 2.16356 5.76892 -15 cm 
            target: 0 0 0 fm 
       -- the angle: 123.146 deg
       -- mass of the output particle: 188.579 MeV
       -- mass of the nucleus output particle: 1.32547 GeV
       -- production model data: 
       Incident particle       (LAB) : pi- 0.0000 0.0000 730.0000 MeV -- 743.2226 MeV
                               (SCM) : pi- 0.0000 0.0000 452.1737 MeV -- 473.2239 MeV
       Nucleus particle        (LAB) : proton 0.0000 0.0000 0.0000 eV  -- 938.2720 MeV
                               (SCM) : proton 0.0000 0.0000 -452.1737 MeV -- 1.0415 GeV
       Output particle         (LAB) : eta 2.5435 12.1104 101.4423 MeV -- 214.4896 MeV
                               (SCM) : eta 2.5435 12.1104 9.2405 MeV -- 189.2106 MeV
       Nucleus output particle (LAB) : neutron -2.5435 -12.1104 628.5577 MeV -- 1.4670 GeV
                               (SCM) : neutron -2.5435 -12.1104 -9.2405 MeV -- 1.3256 GeV
       -- triggered angular ranges: 
                  3 [ 0.6000,  0.4000)
 --- Energy Deposit
       monitor : 401.154 keV
        vc (l) : 0 eV 
        vc (r) : 0 eV 
       cal (l) : 109.674 MeV
         0         0     2.015      1.08         0    0.4757
         0         0     2.914     75.13    0.9421   0.07089
         0         0    0.3882    0.4599     23.54         0
         0         0         0         0     2.419    0.2429
       cal (r) : 104.816 MeV
         0         0     42.05     7.596         0         0
         0     3.698     47.64     3.835         0         0
         0         0         0         0         0         0
         0         0         0         0         0         0
Event 2488
 --- Track Points
       monitor : pi- [1,bp] 731.7 MeV :  -3.25 -9.658 -1.25 mm  [-0.006758, 0.01031, 0.9999]
        target : pi- [1,bp] 731.2 MeV :  2.784 4.153 -0.746 cm  [-0.6488, -0.7609, 0.007601]
               : eta [3,op] 289.6 MeV :  0.1136 1.021 -0.7148 cm  [-0.8109, -0.4687, -0.3504]
               : neutron [4,np] 495 MeV :  0.1136 1.021 -0.7148 cm  [-0.482, -0.8487, 0.2175]
               : pi0 [7,opdp] 58.07 MeV :  0.1136 1.021 -0.7148 cm  [-0.587, 0.797, 0.1426]
               : pi0 [5,opdp] 207.1 MeV :  0.1136 1.021 -0.7148 cm  [-0.9071, -0.01538, -0.4207]
        vc (l) : tp is not valid
        vc (r) : tp is not valid
       cal (l) : tp is not valid
       cal (r) : tp is not valid
      ---
      angle between the eta decay products : 62.6031 deg
 --- Triggered angular ranges: 
                  6 [ 0.0000, -0.2000)
 --- Production model data: 
       Incident particle       (LAB) : pi- -5.3718 6.1902 730.1483 MeV -- 743.4134 MeV
                               (SCM) : pi- -3.3271 3.8340 452.2303 MeV -- 473.3052 MeV
       Nucleus particle        (LAB) : proton -0.0000 0.0000 0.0000 eV  -- 938.2720 MeV
                               (SCM) : proton 3.3271 -3.8340 -452.2303 MeV -- 1.0416 GeV
       Output particle         (LAB) : eta -92.6389 -101.4800 254.9411 MeV -- 619.6998 MeV
                               (SCM) : eta -90.6478 -103.7745 -15.6957 MeV -- 565.1418 MeV
       Nucleus output particle (LAB) : neutron 87.2671 107.6703 475.2072 MeV -- 1.0620 GeV
                               (SCM) : neutron 90.6478 103.7745 15.6957 MeV -- 949.7450 MeV
 --- Reconstructed data: 
       -- entry points:
              left: -9.48928 -4.18191 -15 cm 
             right: -8.32766 4.23934 -15 cm 
            target: 0 0 0 fm 
       -- the angle: 129.046 deg
       -- mass of the output particle: 213.483 MeV
       -- mass of the nucleus output particle: 1.29544 GeV
       -- production model data: 
       Incident particle       (LAB) : pi- 0.0000 0.0000 730.0000 MeV -- 743.2226 MeV
                               (SCM) : pi- 0.0000 0.0000 452.1737 MeV -- 473.2239 MeV
       Nucleus particle        (LAB) : proton 0.0000 0.0000 0.0000 eV  -- 938.2720 MeV
                               (SCM) : proton 0.0000 0.0000 -452.1737 MeV -- 1.0415 GeV
       Output particle         (LAB) : eta 45.6507 -4.6202 113.8700 MeV -- 246.2651 MeV
                               (SCM) : eta 45.6507 -4.6202 7.7228 MeV -- 218.4944 MeV
       Nucleus output particle (LAB) : neutron -45.6507 4.6202 616.1300 MeV -- 1.4352 GeV
                               (SCM) : neutron -45.6507 4.6202 -7.7228 MeV -- 1.2963 GeV
       -- triggered angular ranges: 
                  5 [ 0.2000,  0.0000)
 --- Energy Deposit
       monitor : 399.695 keV
        vc (l) : 0 eV 
        vc (r) : 0 eV 
       cal (l) : 157.5 MeV
         0         0         0         0         0         0
         0         0         0         0    0.8215    0.3988
         0         0         0     0.395     141.8     2.177
         0         0         0      1.91     7.336     2.685
       cal (r) : 88.7646 MeV
         0         0         0     1.448     6.058    0.5156
         0         0         0    0.7204     79.19         0
         0         0         0    0.1484    0.6858         0
         0         0         0         0         0         0
Event 3866
 --- Track Points
       monitor : pi- [1,bp] 725.6 MeV :  -2.828 0.3336 -0.125 cm  [0.008683, -0.0001269, 1]
        target : pi- [1,bp] 724 MeV :  0.7132 4.949 0.2877 cm  [-0.6383, -0.7698, -0.0008846]
               : eta [6,op] 290.9 MeV :  -3.044 0.4174 0.2825 cm  [-0.245, -0.9677, -0.06014]
               : neutron [7,np] 477.4 MeV :  -3.044 0.4174 0.2825 cm  [-0.8176, -0.5749, 0.03276]
               : gamma [9,opdp] 253.1 MeV :  -3.044 0.4174 0.2825 cm  [-0.9866, 0.148, 0.06907]
               : gamma [8,opdp] 367.1 MeV :  -3.044 0.4174 0.2825 cm  [0.4861, -0.8687, -0.09527]
        vc (l) : gamma [8,opdp] 367.1 MeV :  1.889 -5.515 -0.25 cm  [0.07348, -0.09527, 0.9927]
        vc (r) : gamma [9,opdp] 253.1 MeV :  6.7 4.164 -0.25 cm  [0.1124, 0.06907, 0.9913]
       cal (l) : gamma [8,opdp] 367.1 MeV :  1.982 -5.635 -15 cm  [0.07348, -0.09527, 0.9927]
       cal (r) : gamma [9,opdp] 253.1 MeV :  6.841 4.251 -15 cm  [0.1124, 0.06907, 0.9913]
      ---
      angle between the eta decay products : 127.935 deg
 --- Triggered angular ranges: 
                  6 [ 0.0000, -0.2000)
 --- Production model data: 
       Incident particle       (LAB) : pi- 3.7287 -1.8551 722.5438 MeV -- 735.9122 MeV
                               (SCM) : pi- 2.3165 -1.1525 448.8992 MeV -- 470.1031 MeV
       Nucleus particle        (LAB) : proton 0.0000 0.0000 0.0000 eV  -- 938.2720 MeV
                               (SCM) : proton -2.3165 1.1525 -448.8992 MeV -- 1.0401 GeV
       Output particle         (LAB) : eta 126.3314 -17.4929 261.4146 MeV -- 620.2870 MeV
                               (SCM) : eta 124.9468 -16.8040 -6.8967 MeV -- 562.2227 MeV
       Nucleus output particle (LAB) : neutron -122.6027 15.6378 461.1292 MeV -- 1.0539 GeV
                               (SCM) : neutron -124.9468 16.8040 6.8967 MeV -- 948.0109 MeV
 --- Reconstructed data: 
       -- entry points:
              left: 3.29394 -6.17851 -15 cm 
             right: 7.30607 3.4461 -15 cm 
            target: 0 0 0 fm 
       -- the angle: 126.326 deg
       -- mass of the output particle: 516.922 MeV
       -- mass of the nucleus output particle: 976.555 MeV
       -- production model data: 
       Incident particle       (LAB) : pi- 0.0000 0.0000 730.0000 MeV -- 743.2226 MeV
                               (SCM) : pi- 0.0000 0.0000 452.1737 MeV -- 473.2239 MeV
       Nucleus particle        (LAB) : proton 0.0000 0.0000 0.0000 eV  -- 938.2720 MeV
                               (SCM) : proton 0.0000 0.0000 -452.1737 MeV -- 1.0415 GeV
       Output particle         (LAB) : eta 118.5483 -22.0127 256.2385 MeV -- 589.4103 MeV
                               (SCM) : eta 118.5483 -22.0127 0.3922 MeV -- 530.7980 MeV
       Nucleus output particle (LAB) : neutron -118.5483 22.0127 473.7615 MeV -- 1.0921 GeV
                               (SCM) : neutron -118.5483 22.0127 -0.3922 MeV -- 983.9707 MeV
       -- triggered angular ranges: 
                  5 [ 0.2000,  0.0000)
 --- Energy Deposit
       monitor : 846.269 keV
        vc (l) : 0 eV 
        vc (r) : 0 eV 
       cal (l) : 349.007 MeV
         0         0         0         0         0         0
         0     2.427         0         0         0         0
         0     2.559     78.51     2.755     0.349         0
         0     5.587     255.8     1.064         0         0
       cal (r) : 240.403 MeV
    0.3983     7.096     9.593    0.3725         0         0
     9.532     200.1     8.645         0    0.2094         0
    0.7317     1.036    0.9738     1.389    0.3215         0
         0         0         0         0         0         0
Event 4110
 --- Track Points
       monitor : pi- [1,bp] 730 MeV :  0.9136 0.3036 -1.25 mm  [0.001505, -0.01184, 0.9999]
        target : pi- [1,bp] 729.5 MeV :  3.326 3.734 -0.2407 cm  [-0.6408, -0.7677, -0.008764]
               : eta [4,op] 328.8 MeV :  2.049 2.204 -0.2582 cm  [-0.2739, -0.9597, -0.0626]
               : neutron [5,np] 449.6 MeV :  2.049 2.204 -0.2582 cm  [-0.8399, -0.5419, 0.03088]
               : gamma [7,opdp] 255.4 MeV :  2.049 2.204 -0.2582 cm  [-0.9923, 0.1221, -0.02129]
               : gamma [6,opdp] 383.6 MeV :  2.049 2.204 -0.2582 cm  [0.4258, -0.904, -0.0395]
        vc (l) : gamma [6,opdp] 383.6 MeV :  3.017 -2.625 -0.25 cm  [0.003826, -0.0395, 0.9992]
        vc (r) : gamma [7,opdp] 255.4 MeV :  5.781 -1.552 -0.25 cm  [0.1389, -0.02129, 0.9901]
       cal (l) : gamma [6,opdp] 383.6 MeV :  3.022 -2.675 -15 cm  [0.003826, -0.0395, 0.9992]
       cal (r) : gamma [7,opdp] 255.4 MeV :  6 -1.585 -14.69 cm  [0.1389, -0.02129, 0.9901]
      ---
      angle between the eta decay products : 122.14 deg
 --- Triggered angular ranges: 
                  5 [ 0.2000,  0.0000)
 --- Production model data: 
       Incident particle       (LAB) : pi- 1.1904 -6.7018 729.0353 MeV -- 742.3063 MeV
                               (SCM) : pi- 0.7376 -4.1527 451.7455 MeV -- 472.8336 MeV
       Nucleus particle        (LAB) : proton 0.0000 0.0000 0.0000 eV  -- 938.2720 MeV
                               (SCM) : proton -0.7376 4.1527 -451.7455 MeV -- 1.0414 GeV
       Output particle         (LAB) : eta 133.8506 -20.5870 299.6625 MeV -- 638.9759 MeV
                               (SCM) : eta 133.4021 -18.0619 24.9860 MeV -- 564.7118 MeV
       Nucleus output particle (LAB) : neutron -132.6602 13.8852 429.3728 MeV -- 1.0416 GeV
                               (SCM) : neutron -133.4021 18.0619 -24.9860 MeV -- 949.4892 MeV
 --- Reconstructed data: 
       -- entry points:
              left: 3.74895 -2.3388 -15 cm 
             right: 8.04382 -2.15926 -15 cm 
            target: 0 0 0 fm 
       -- the angle: 125.784 deg
       -- mass of the output particle: 562.179 MeV
       -- mass of the nucleus output particle: 921.214 MeV
       -- production model data: 
       Incident particle       (LAB) : pi- 0.0000 0.0000 730.0000 MeV -- 743.2226 MeV
                               (SCM) : pi- 0.0000 0.0000 452.1737 MeV -- 473.2239 MeV
       Nucleus particle        (LAB) : proton 0.0000 0.0000 0.0000 eV  -- 938.2720 MeV
                               (SCM) : proton 0.0000 0.0000 -452.1737 MeV -- 1.0415 GeV
       Output particle         (LAB) : eta 146.9943 -24.2688 280.1464 MeV -- 645.5411 MeV
                               (SCM) : eta 146.9943 -24.2688 -0.1191 MeV -- 581.5852 MeV
       Nucleus output particle (LAB) : neutron -146.9943 24.2688 449.8536 MeV -- 1.0360 GeV
                               (SCM) : neutron -146.9943 24.2688 0.1191 MeV -- 933.1835 MeV
       -- triggered angular ranges: 
                  6 [ 0.0000, -0.2000)
 --- Energy Deposit
       monitor : 404.964 keV
        vc (l) : 0 eV 
        vc (r) : 0 eV 
       cal (l) : 389.592 MeV
    0.4634    0.4628     1.174         0         0         0
         0     1.662     4.527    0.9844         0         0
         0     15.61     351.5     3.932         0         0
         0     3.093     4.046     2.175         0         0
       cal (r) : 255.949 MeV
      3.95    0.2851         0         0         0         0
     1.417     10.83    0.6805         0         0         0
    0.4415     182.8      40.7     1.852         0         0
     1.757     10.55    0.7164         0         0         0
Event 4233
 --- Track Points
       monitor : pi- [1,bp] 731.3 MeV :  -6.663 7.615 -1.25 mm  [-0.007783, -0.01026, 0.9999]
        target : pi- [1,bp] 730.5 MeV :  2.454 4.357 0.4394 cm  [-0.6486, -0.7611, -0.01091]
               : eta [3,op] 373.6 MeV :  1.14 2.817 0.4169 cm  [-0.4235, -0.8903, 0.1672]
               : neutron [4,np] 392.3 MeV :  1.14 2.817 0.4169 cm  [-0.8035, -0.5677, -0.1791]
               : pi0 [7,opdp] 175.9 MeV :  1.14 2.817 0.4169 cm  [-0.8553, -0.499, -0.1394]
               : pi0 [5,opdp] 104.5 MeV :  1.14 2.817 0.4169 cm  [-0.736, -0.2057, 0.645]
        vc (l) : tp is not valid
        vc (r) : tp is not valid
       cal (l) : tp is not valid
       cal (r) : tp is not valid
      ---
      angle between the eta decay products : 50.0447 deg
 --- Triggered angular ranges: 
                  3 [ 0.6000,  0.4000)
 --- Production model data: 
       Incident particle       (LAB) : pi- -5.7165 -7.7919 729.7315 MeV -- 743.0217 MeV
                               (SCM) : pi- -3.5412 -4.8268 452.0445 MeV -- 473.1384 MeV
       Nucleus particle        (LAB) : proton 0.0000 -0.0000 0.0000 eV  -- 938.2720 MeV
                               (SCM) : proton 3.5412 4.8268 -452.0445 MeV -- 1.0415 GeV
       Output particle         (LAB) : eta 92.6116 62.4635 356.4874 MeV -- 663.1098 MeV
                               (SCM) : eta 94.8083 65.4577 76.0743 MeV -- 564.9897 MeV
       Nucleus output particle (LAB) : neutron -98.3281 -70.2554 373.2441 MeV -- 1.0182 GeV
                               (SCM) : neutron -94.8083 -65.4577 -76.0743 MeV -- 949.6545 MeV
 --- Reconstructed data: 
       -- entry points:
              left: 1.05133 -3.42578 -15 cm 
             right: 5.93906 3.6026 -15 cm 
            target: 0 0 0 fm 
       -- the angle: 125.451 deg
       -- mass of the output particle: 269.547 MeV
       -- mass of the nucleus output particle: 1.21888 GeV
       -- production model data: 
       Incident particle       (LAB) : pi- 0.0000 0.0000 730.0000 MeV -- 743.2226 MeV
                               (SCM) : pi- 0.0000 0.0000 452.1737 MeV -- 473.2239 MeV
       Nucleus particle        (LAB) : proton 0.0000 0.0000 0.0000 eV  -- 938.2720 MeV
                               (SCM) : proton 0.0000 0.0000 -452.1737 MeV -- 1.0415 GeV
       Output particle         (LAB) : eta 109.3990 -6.2075 142.3246 MeV -- 323.9115 MeV
                               (SCM) : eta 109.3990 -6.2075 1.8898 MeV -- 290.9742 MeV
       Nucleus output particle (LAB) : neutron -109.3990 6.2075 587.6754 MeV -- 1.3576 GeV
                               (SCM) : neutron -109.3990 6.2075 -1.8898 MeV -- 1.2238 GeV
       -- triggered angular ranges: 
                  5 [ 0.2000,  0.0000)
 --- Energy Deposit
       monitor : 636.358 keV
        vc (l) : 0 eV 
        vc (r) : 0 eV 
       cal (l) : 218.855 MeV
         0         0         0         0         0         0
         0    0.3246     2.532     1.207         0         0
         0    0.7595     189.4     14.18    0.5121         0
         0         0     4.306     4.742    0.9304         0
       cal (r) : 105.056 MeV
     1.602     3.666     11.01         0         0         0
         0     69.91     8.977         0     1.636         0
         0     7.161    0.5268         0    0.5731         0
         0         0         0         0         0         0
Event 5729
 --- Track Points
       monitor : pi- [1,bp] 733.3 MeV :  1.661 -0.08783 -0.125 cm  [-0.008305, -0.006671, 0.9999]
        target : pi- [1,bp] 732.8 MeV :  4.132 2.815 -0.2873 cm  [-0.6507, -0.7593, -0.006763]
               : eta [5,op] 196.3 MeV :  -1.507 -3.765 -0.3459 cm  [-0.278, -0.8823, -0.3797]
               : neutron [6,np] 572.5 MeV :  -1.507 -3.765 -0.3459 cm  [-0.7344, -0.6673, 0.1236]
               : pi0 [9,opdp] 104.5 MeV :  -1.507 -3.765 -0.3459 cm  [-0.8465, -0.5078, -0.16]
               : pi0 [7,opdp] 203 MeV :  -1.507 -3.765 -0.3459 cm  [0.1836, -0.983, 0.00631]
        vc (l) : tp is not valid
        vc (r) : tp is not valid
       cal (l) : tp is not valid
       cal (r) : tp is not valid
      ---
      angle between the eta decay products : 69.9551 deg
 --- Triggered angular ranges: 
                  9 [-0.6000, -0.8000)
 --- Production model data: 
       Incident particle       (LAB) : pi- -7.0090 -3.7447 730.6910 MeV -- 743.9437 MeV
                               (SCM) : pi- -4.3402 -2.3189 452.4683 MeV -- 473.5310 MeV
       Nucleus particle        (LAB) : proton 0.0000 -0.0000 0.0000 eV  -- 938.2720 MeV
                               (SCM) : proton 4.3402 2.3189 -452.4683 MeV -- 1.0417 GeV
       Output particle         (LAB) : eta 69.5162 -74.5276 167.7368 MeV -- 581.9581 MeV
                               (SCM) : eta 72.0311 -73.1839 -94.4506 MeV -- 565.3477 MeV
       Nucleus output particle (LAB) : neutron -76.5251 70.7828 562.9542 MeV -- 1.1003 GeV
                               (SCM) : neutron -72.0311 73.1839 94.4506 MeV -- 949.8675 MeV
 --- Reconstructed data: 
       -- entry points:
              left: 10.5754 -0.669415 -15 cm 
             right: -0.922839 -3.91199 -15 cm 
            target: 0 0 0 fm 
       -- the angle: 140.659 deg
       -- mass of the output particle: 186.256 MeV
       -- mass of the nucleus output particle: 1.31126 GeV
       -- production model data: 
       Incident particle       (LAB) : pi- 0.0000 0.0000 730.0000 MeV -- 743.2226 MeV
                               (SCM) : pi- 0.0000 0.0000 452.1737 MeV -- 473.2239 MeV
       Nucleus particle        (LAB) : proton 0.0000 0.0000 0.0000 eV  -- 938.2720 MeV
                               (SCM) : proton 0.0000 0.0000 -452.1737 MeV -- 1.0415 GeV
       Output particle         (LAB) : eta 70.2857 -6.1030 64.6807 MeV -- 209.4091 MeV
                               (SCM) : eta 70.2857 -6.1030 -29.1189 MeV -- 201.2871 MeV
       Nucleus output particle (LAB) : neutron -70.2857 6.1030 665.3193 MeV -- 1.4721 GeV
                               (SCM) : neutron -70.2857 6.1030 29.1189 MeV -- 1.3135 GeV
       -- triggered angular ranges: 
                  7 [-0.2000, -0.4000)
 --- Energy Deposit
       monitor : 342.71 keV
        vc (l) : 0 eV 
        vc (r) : 0 eV 
       cal (l) : 139.085 MeV
    0.5304         0         0         0         0         0
     2.928     30.83         0         0         0         0
     6.212     98.25         0         0         0         0
    0.3299         0         0         0         0         0
       cal (r) : 70.3245 MeV
         0         0         0         0         0         0
         0         0         0         0         0         0
    0.4741         0     4.251     63.09    0.4107         0
         0         0     1.301    0.7935         0         0
Event 6428
 --- Track Points
       monitor : pi- [1,bp] 725.3 MeV :  1.969 0.1051 -0.125 cm  [0.0002225, 0.001809, 1]
        target : pi- [1,bp] 724.7 MeV :  4.456 2.268 0.2125 cm  [-0.6432, -0.7657, 0.00371]
               : eta [5,op] 372.7 MeV :  1.507 -1.243 0.2295 cm  [-0.7026, -0.6672, 0.2474]
               : neutron [6,np] 377.5 MeV :  1.507 -1.243 0.2295 cm  [-0.5406, -0.8078, -0.2352]
               : pi0 [9,opdp] 213.1 MeV :  1.507 -1.243 0.2295 cm  [0.02954, -0.9931, 0.1131]
               : pi0 [7,opdp] 124.1 MeV :  1.507 -1.243 0.2295 cm  [-0.8561, -0.5073, -0.09851]
        vc (l) : tp is not valid
        vc (r) : tp is not valid
       cal (l) : tp is not valid
       cal (r) : tp is not valid
      ---
      angle between the eta decay products : 62.1357 deg
 --- Triggered angular ranges: 
                  2 [ 0.8000,  0.6000)
 --- Production model data: 
       Incident particle       (LAB) : pi- -1.0569 3.4348 723.5678 MeV -- 736.9146 MeV
                               (SCM) : pi- -0.6564 2.1331 449.3501 MeV -- 470.5319 MeV
       Nucleus particle        (LAB) : proton -0.0000 0.0000 0.0000 eV  -- 938.2720 MeV
                               (SCM) : proton 0.6564 -2.1331 -449.3501 MeV -- 1.0403 GeV
       Output particle         (LAB) : eta -40.7415 92.2273 358.8210 MeV -- 662.6244 MeV
                               (SCM) : eta -40.3350 90.9064 80.5628 MeV -- 562.6136 MeV
       Nucleus output particle (LAB) : neutron 39.6846 -88.7925 364.7468 MeV -- 1.0126 GeV
                               (SCM) : neutron 40.3350 -90.9064 -80.5628 MeV -- 948.2428 MeV
 --- Reconstructed data: 
       -- entry points:
              left: -7.14713 -1.68409 -15 cm 
             right: 8.11698 4.21204 -15 cm 
            target: 0 0 0 fm 
       -- the angle: 115.549 deg
       -- mass of the output particle: 272.429 MeV
       -- mass of the nucleus output particle: 1.23174 GeV
       -- production model data: 
       Incident particle       (LAB) : pi- 0.0000 0.0000 730.0000 MeV -- 743.2226 MeV
                               (SCM) : pi- 0.0000 0.0000 452.1737 MeV -- 473.2239 MeV
       Nucleus particle        (LAB) : proton 0.0000 0.0000 0.0000 eV  -- 938.2720 MeV
                               (SCM) : proton 0.0000 0.0000 -452.1737 MeV -- 1.0415 GeV
       Output particle         (LAB) : eta 59.2574 3.5212 174.9718 MeV -- 329.1758 MeV
                               (SCM) : eta 59.2574 3.5212 35.5934 MeV -- 281.0845 MeV
       Nucleus output particle (LAB) : neutron -59.2574 -3.5212 555.0282 MeV -- 1.3523 GeV
                               (SCM) : neutron -59.2574 -3.5212 -35.5934 MeV -- 1.2337 GeV
       -- triggered angular ranges: 
                  3 [ 0.6000,  0.4000)
 --- Energy Deposit
       monitor : 384.163 keV
        vc (l) : 0 eV 
        vc (r) : 0 eV 
       cal (l) : 198.678 MeV
         0         0    0.3601    0.4702         0    0.5455
         0         0    0.7116     3.721     4.183     3.455
         0         0      4.36     6.168     164.8     4.453
         0         0     2.119         0     3.108    0.2519
       cal (r) : 130.498 MeV
    0.5196     3.956      3.09    0.5191         0         0
      1.32     118.3     1.851         0         0         0
         0    0.9459         0         0         0         0
         0         0  0.001414  0.007005         0         0
Event 10784
 --- Track Points
       monitor : pi- [1,bp] 731.9 MeV :  -9.368 -0.9593 -1.25 mm  [0.002166, 0.001481, 1]
        target : pi- [1,bp] 731.4 MeV :  2.459 4.353 -0.008798 cm  [-0.642, -0.7667, 0.003347]
               : eta [3,op] 243.7 MeV :  -7.075 5.698 0.06418 mm  [-0.1565, -0.986, -0.05778]
               : neutron [4,np] 536.2 MeV :  -7.075 5.698 0.06418 mm  [-0.8026, -0.5957, 0.02952]
               : gamma [6,opdp] 355.4 MeV :  -7.075 5.698 0.06418 mm  [0.5614, -0.8275, 0.00368]
               : gamma [5,opdp] 244.2 MeV :  -7.075 5.698 0.06418 mm  [-0.9734, 0.2204, -0.06302]
        vc (l) : gamma [6,opdp] 355.4 MeV :  9.197 0.2284 -0.25 cm  [0.1591, 0.00368, 0.9873]
        vc (r) : gamma [5,opdp] 244.2 MeV :  1.899 -3.654 -0.25 cm  [0.03902, -0.06302, 0.9972]
       cal (l) : gamma [6,opdp] 355.4 MeV :  9.399 0.2331 -15 cm  [0.1591, 0.00368, 0.9873]
       cal (r) : gamma [5,opdp] 244.2 MeV :  1.948 -3.733 -15 cm  [0.03902, -0.06302, 0.9972]
      ---
      angle between the eta decay products : 136.81 deg
 --- Triggered angular ranges: 
                  8 [-0.4000, -0.6000)
 --- Production model data: 
       Incident particle       (LAB) : pi- 0.8922 1.7475 729.9147 MeV -- 743.1414 MeV
                               (SCM) : pi- 0.5527 1.0825 452.1359 MeV -- 473.1893 MeV
       Nucleus particle        (LAB) : proton 0.0000 0.0000 0.0000 eV  -- 938.2720 MeV
                               (SCM) : proton -0.5527 -1.0825 -452.1359 MeV -- 1.0415 GeV
       Output particle         (LAB) : eta 125.2456 -14.0816 208.6093 MeV -- 599.6294 MeV
                               (SCM) : eta 124.9205 -14.7184 -57.3705 MeV -- 565.0362 MeV
       Nucleus output particle (LAB) : neutron -124.3534 15.8291 521.3054 MeV -- 1.0818 GeV
                               (SCM) : neutron -124.9205 14.7184 57.3705 MeV -- 949.6822 MeV
 --- Reconstructed data: 
       -- entry points:
              left: 9.63408 -0.747723 -15 cm 
             right: 4.36052 -4.09605 -15 cm 
            target: 0 0 0 fm 
       -- the angle: 134.761 deg
       -- mass of the output particle: 512.269 MeV
       -- mass of the nucleus output particle: 960.981 MeV
       -- production model data: 
       Incident particle       (LAB) : pi- 0.0000 0.0000 730.0000 MeV -- 743.2226 MeV
                               (SCM) : pi- 0.0000 0.0000 452.1737 MeV -- 473.2239 MeV
       Nucleus particle        (LAB) : proton 0.0000 0.0000 0.0000 eV  -- 938.2720 MeV
                               (SCM) : proton 0.0000 0.0000 -452.1737 MeV -- 1.0415 GeV
       Output particle         (LAB) : eta 158.9336 -18.9761 202.4529 MeV -- 573.6089 MeV
                               (SCM) : eta 158.9336 -18.9761 -51.6983 MeV -- 539.1778 MeV
       Nucleus output particle (LAB) : neutron -158.9336 18.9761 527.5471 MeV -- 1.1079 GeV
                               (SCM) : neutron -158.9336 18.9761 51.6983 MeV -- 975.5909 MeV
       -- triggered angular ranges: 
                  7 [-0.2000, -0.4000)
 --- Energy Deposit
       monitor : 436.471 keV
        vc (l) : 0 eV 
        vc (r) : 0 eV 
       cal (l) : 359.349 MeV
         0         0         0         0         0         0
     14.88     188.2    0.3486         0         0         0
     18.66     129.7     4.766         0         0         0
    0.9837    0.7393    0.6442    0.5082         0         0
       cal (r) : 214.26 MeV
         0         0         0         0         0         0
     1.471     1.371     2.605         0         0         0
    0.2768       4.9     156.6     2.922         0         0
         0     7.101     36.21    0.7986         0         0
Run terminated.
Run Summary
  Number of events processed : 10785, effectively: 10
  User=8.000000s Real=8.073203s Sys=0.000000s

 --- Setup acceptances (range | real (trg / mon) | rec (trg / mon / all)):
        1 [ 1.0000,  0.8000)  | 0.00123916 ( 1 / 807 )  | 0.00000000 ( 0 / 807 / 1009 )
        2 [ 0.8000,  0.6000)  | 0.00236686 ( 2 / 845 )  | 0.00000000 ( 0 / 845 / 1049 )
        3 [ 0.6000,  0.4000)  | 0.00239234 ( 2 / 836 )  | 0.00239234 ( 2 / 836 / 1038 )
        4 [ 0.4000,  0.2000)  | 0.00000000 ( 0 / 909 )  | 0.00110011 ( 1 / 909 / 1121 )
        5 [ 0.2000,  0.0000)  | 0.00126904 ( 1 / 788 )  | 0.00380711 ( 3 / 788 /  997 )
        6 [ 0.0000, -0.2000)  | 0.00247831 ( 2 / 807 )  | 0.00123916 ( 1 / 807 /  995 )
        7 [-0.2000, -0.4000)  | 0.00000000 ( 0 / 822 )  | 0.00243309 ( 2 / 822 / 1021 )
        8 [-0.4000, -0.6000)  | 0.00129199 ( 1 / 774 )  | 0.00000000 ( 0 / 774 /  971 )
        9 [-0.6000, -0.8000)  | 0.00123305 ( 1 / 811 )  | 0.00000000 ( 0 / 811 / 1022 )
       10 [-0.8000, -1.0000)  | 0.00000000 ( 0 / 773 )  | 0.00129366 ( 1 / 773 /  959 )
       ---
       False hits (edt | rec):  0 | 0

================== Deleting memory pools ===================
Number of memory pools allocated: 17; of which, static: 3
Dynamic pools deleted: 14 / Total memory freed: 0.63 MB
============================================================
