
        ############################################
        !!! WARNING - FPE detection is activated !!!
        ############################################

**************************************************************
 Geant4 version Name: geant4-11-02-ref-01 [MT]   (31-January-2024)
  << in Multi-threaded mode >> 
                       Copyright : Geant4 Collaboration
                      References : NIM A 506 (2003), 250-303
                                 : IEEE-TNS 53 (2006), 270-278
                                 : NIM A 835 (2016), 186-225
                             WWW : http://geant4.org/
**************************************************************


### ===  Deexcitation model UAtomDeexcitation is activated for 1 region:
### ===  Auger flag: 1
### ===  Ignore cuts flag:   1
======================================================================
======          Radioactive Decay Physics Parameters           =======
======================================================================
min MeanLife (from G4NuclideTable)                1 ps 
Max life time (from G4DeexPrecoParameters)        1 ps 
Internal e- conversion flag                       1
Stored internal conversion coefficients           1
Enabled atomic relaxation mode                    0
Enable correlated gamma emission                  0
Max 2J for sampling of angular correlations       10
Atomic de-excitation enabled                      1
Auger electron emission enabled                   1
Check EM cuts disabled for atomic de-excitation   1
Use Bearden atomic level energies                 0
Use ANSTO fluorescence model                      0
Threshold for very long decay time at rest        1 y  
======================================================================

====================================================================
                  HADRONIC PROCESSES SUMMARY (verbose level 1)
-------------------------------------------------------------------------
                           Hadronic Processes for GenericIon
  Process: Radioactivation

=========================================================================
--> G4TaskRunManager::CreateAndStartWorkers() --> Initializing workers...
=========================================================================

/run/verbose 1
/process/had/rdm/thresholdForVeryLongDecayTime 1.0e+60 year
/gun/particle ion
/gun/ion 6 14
/tracking/verbose 2
/run/beamOn 1

========= Table of registered couples ============================

Index : 0     used in the geometry : Yes
 Material : G4_AIR
 Range cuts        :  gamma  1 mm     e-  1 mm     e+  1 mm  proton 1 mm 
 Energy thresholds :  gamma  990 eV     e-  990 eV     e+  990 eV  proton 100 keV
 Region(s) which use this couple : 
    DefaultRegionForTheWorld

==================================================================

### Run 0 starts.
G4WT0 > /run/verbose 1
G4WT0 > /process/had/rdm/thresholdForVeryLongDecayTime 1.0e+60 year
G4WT0 > /gun/particle ion
G4WT0 > /gun/ion 6 14
G4WT0 > /tracking/verbose 2

========================================================================================
--> G4TaskRunManager::CreateAndStartWorkers() --> Creating 1 tasks with 1 events/task...
========================================================================================

G4WT0 > ### Run 0 starts on worker thread 0.
G4WT0 > --> Event 0 starts with initial seeds (13049039,61775110).
G4WT0 > 
G4WT0 > *********************************************************************************************************
G4WT0 > * G4Track Information:   Particle = C14,   Track ID = 1,   Parent ID = 0
G4WT0 > *********************************************************************************************************
G4WT0 > 
G4WT0 > Step#       X          Y          Z         KineE         dEStep    StepLeng   TrakLeng    Volume     Process
G4WT0 >     0       0 fm       0 fm       0 fm       0 eV           0 eV       0 fm       0 fm      World   initStep
G4WT0 >     1       0 fm       0 fm       0 fm       0 eV           0 eV       0 fm       0 fm      World   Radioactivation
G4WT0 > 
    :----- List of secondaries ----------------
G4WT0 >              N14:  energy = 473.4 meV  time = 616.5 y  
G4WT0 >        anti_nu_e:  energy = 139.7 keV  time = 616.5 y  
G4WT0 >               e-:  energy = 16.32 keV  time = 616.5 y  
G4WT0 >     :------------------------------------------

G4WT0 > 
G4WT0 > *********************************************************************************************************
G4WT0 > * G4Track Information:   Particle = e-,   Track ID = 4,   Parent ID = 1
G4WT0 > *********************************************************************************************************
G4WT0 > 
G4WT0 > Step#       X          Y          Z         KineE         dEStep    StepLeng   TrakLeng    Volume     Process
G4WT0 >     0       0 fm       0 fm       0 fm   16.32 keV          0 eV       0 fm       0 fm      World   initStep
G4WT0 >     1   7.583 mm  -5.048 mm       1 cm   16.32 keV          0 eV   1.353 cm   1.353 cm      World   OutOfWorld
G4WT0 > 
G4WT0 > *********************************************************************************************************
G4WT0 > * G4Track Information:   Particle = anti_nu_e,   Track ID = 3,   Parent ID = 1
G4WT0 > *********************************************************************************************************
G4WT0 > 
G4WT0 > Step#       X          Y          Z         KineE         dEStep    StepLeng   TrakLeng    Volume     Process
G4WT0 >     0       0 fm       0 fm       0 fm   139.7 keV          0 eV       0 fm       0 fm      World   initStep
G4WT0 >     1   -1.17 mm  -2.935 mm      -1 cm   139.7 keV          0 eV   1.049 cm   1.049 cm      World   OutOfWorld
G4WT0 > 
G4WT0 > *********************************************************************************************************
G4WT0 > * G4Track Information:   Particle = N14,   Track ID = 2,   Parent ID = 1
G4WT0 > *********************************************************************************************************
G4WT0 > 
G4WT0 > Step#       X          Y          Z         KineE         dEStep    StepLeng   TrakLeng    Volume     Process
G4WT0 >     0       0 fm       0 fm       0 fm   473.4 meV          0 eV       0 fm       0 fm      World   initStep
G4WT0 >     1       0 fm       0 fm       0 fm   473.4 meV          0 eV       0 fm       0 fm      World   NoProcess
G4WT0 >     End of event. Decay chain: C14 ---> N14
G4WT0 > 
G4WT0 > [thread 0] Thread-local run terminated.
G4WT0 > [thread 0] Run Summary
G4WT0 > [thread 0]   Number of events processed : 1
G4WT0 > [thread 0]   User=0.000000s Real=0.002190s Sys=0.000000s [Cpu=0.0%]
 Run terminated.
Run Summary
  Number of events processed : 1
  User=0.050000s Real=0.006940s Sys=0.000000s [Cpu=720.5%]

 ======================== run summary ======================
 The run was 1 C14 of 0 eV 
 ===========================================================

 Nb of generated particles: 

              C14:       1  Emean =      0 eV 	( 0 eV  --> 0 eV )	mean life = 8229 y  
              N14:       1  Emean =  473.4 meV	( 473.4 meV --> 473.4 meV)	stable
        anti_nu_e:       1  Emean =  139.7 keV	( 139.7 keV --> 139.7 keV)	stable
               e-:       1  Emean =  16.32 keV	( 16.32 keV --> 16.32 keV)	stable

   Ekin Total (Q single decay): mean =    156 keV	( 156 keV --> 156 keV)

   Momentum balance (excluding gamma desexcitation): mean =  38.14 meV	( 38.14 meV --> 38.14 meV)

   Total time of life (full chain): mean =  616.5 y    half-life =  427.3 y     ( 616.5 y   --> 616.5 y  )

   Total visible energy (full chain) : mean =  16.32 keV   ( 16.32 keV --> 16.32 keV)

   Activity of C14 = 2.213e+12 Bq/g   (59.8 Ci/g) 


/tracking/verbose 0
/analysis/setFileName C14_0
/analysis/h1/set 1 100 0. 200. keV
/analysis/h1/set 2 100 0. 200. keV
/analysis/h1/set 6 100 0. 200. keV
/run/printProgress 10000
/run/beamOn 100000

========= Table of registered couples ============================

Index : 0     used in the geometry : Yes
 Material : G4_AIR
 Range cuts        :  gamma  1 mm     e-  1 mm     e+  1 mm  proton 1 mm 
 Energy thresholds :  gamma  990 eV     e-  990 eV     e+  990 eV  proton 100 keV
 Region(s) which use this couple : 
    DefaultRegionForTheWorld

==================================================================

### Run 1 starts.
... set ntuple merging row mode : row-wise - done
... create file : C14_0.root - done
... open analysis file : C14_0.root - done
... open analysis file : C14_0.root - done
G4WT0 > /tracking/verbose 0
G4WT0 > /analysis/setFileName C14_0
G4WT0 > /analysis/h1/set 1 100 0. 200. keV
G4WT0 > /analysis/h1/set 2 100 0. 200. keV
G4WT0 > /analysis/h1/set 6 100 0. 200. keV
G4WT0 > /run/printProgress 10000

============================================================================================
--> G4TaskRunManager::CreateAndStartWorkers() --> Creating 316 tasks with 316 events/task...
============================================================================================

G4WT0 > /tracking/verbose 0
G4WT0 > /analysis/setFileName C14_0
G4WT0 > /analysis/h1/set 1 100 0. 200. keV
G4WT0 > /analysis/h1/set 2 100 0. 200. keV
G4WT0 > /analysis/h1/set 6 100 0. 200. keV
G4WT0 > /run/printProgress 10000
G4WT0 > ### Run 1 starts on worker thread 0.
G4WT0 > ... set ntuple merging row mode : row-wise - done
G4WT0 > ... create file : C14_0_t0.root - done
G4WT0 > ... open analysis file : C14_0.root - done
G4WT0 > ... open analysis file : C14_0_t0.root - done
G4WT0 > --> Event 50000 starts with initial seeds (15234990,6452587).
G4WT0 >     End of event. Decay chain: C14 ---> N14
G4WT0 > 
G4WT0 > [thread 0] Thread-local run terminated.
G4WT0 > [thread 0] Run Summary
G4WT0 > [thread 0]   Number of events processed : 8532
G4WT0 > [thread 0]   User=3.500000s Real=0.300887s Sys=0.010000s [Cpu=1166.6%]
G4WT0 > ... write file : C14_0_t0.root - done
G4WT0 > ... close file : C14_0_t0.root - done
G4WT0 > ... delete empty file : C14_0_t0.root - done
 Run terminated.
Run Summary
  Number of events processed : 100000
  User=3.520000s Real=0.315723s Sys=0.010000s [Cpu=1118.1%]

 ======================== run summary ======================
 The run was 100000 C14 of 0 eV 
 ===========================================================

 Nb of generated particles: 

              C14:  100000  Emean =      0 eV 	( 0 eV  --> 0 eV )	mean life = 8229 y  
              N14:  100000  Emean =  1.639 eV 	( 0.08549 meV --> 5.192 eV )	stable
        anti_nu_e:  100000  Emean =  132.4 keV	( 78.08 keV --> 156 keV)	stable
               e-:  100000  Emean =  23.66 keV	( 44.66 meV --> 77.93 keV)	stable

   Ekin Total (Q single decay): mean =    156 keV	( 156 keV --> 156 keV)

   Momentum balance (excluding gamma desexcitation): mean =   60.3 meV	( 0.001674 meV --> 2.662 eV )

   Total time of life (full chain): mean =   8201 y    half-life =   5684 y     ( 77.35 d   --> 9.718e+04 y  )

   Total visible energy (full chain) : mean =  23.66 keV   ( 976.4 meV --> 77.93 keV)

   Activity of C14 = 1.663e+11 Bq/g   (4.495 Ci/g) 


... write file : C14_0.root - done
... close file : C14_0.root - done
G4WT0 > ================== Deleting memory pools ===================
G4WT0 > Number of memory pools allocated: 9; of which, static: 0
G4WT0 > Dynamic pools deleted: 9 / Total memory freed: 0.016 MB
G4WT0 > ============================================================
================== Deleting memory pools ===================
Number of memory pools allocated: 3; of which, static: 0
Dynamic pools deleted: 3 / Total memory freed: 0.0048 MB
============================================================
