
        ############################################
        !!! WARNING - FPE detection is activated !!!
        ############################################

**************************************************************
 Geant4 version Name: geant4-11-02-ref-03 [MT]   (28-March-2024)
  << in Multi-threaded mode >> 
                       Copyright : Geant4 Collaboration
                      References : NIM A 506 (2003), 250-303
                                 : IEEE-TNS 53 (2006), 270-278
                                 : NIM A 835 (2016), 186-225
                             WWW : http://geant4.org/
**************************************************************


### ===  Deexcitation model UAtomDeexcitation is activated for 1 region:
### ===  Auger flag: 1
### ===  Ignore cuts flag:   1
======================================================================
======          Radioactive Decay Physics Parameters           =======
======================================================================
min MeanLife (from G4NuclideTable)                1 ns 
Max life time (from G4DeexPrecoParameters)        1 ns 
Internal e- conversion flag                       1
Stored internal conversion coefficients           1
Enabled atomic relaxation mode                    0
Enable correlated gamma emission                  0
Max 2J for sampling of angular correlations       10
Atomic de-excitation enabled                      1
Auger electron emission enabled                   1
Check EM cuts disabled for atomic de-excitation   1
Use Bearden atomic level energies                 0
Use ANSTO fluorescence model                      0
Threshold for very long decay time at rest        1 y  
======================================================================

====================================================================
                  HADRONIC PROCESSES SUMMARY (verbose level 1)
-------------------------------------------------------------------------
                           Hadronic Processes for GenericIon
  Process: Radioactivation

=========================================================================
--> G4TaskRunManager::CreateAndStartWorkers() --> Initializing workers...
=========================================================================

/run/verbose 1
/tracking/verbose 2
#
# Set a very high time threshold to allow all decays to happen
/process/had/rdm/thresholdForVeryLongDecayTime 1.0e+60 year
#
/gun/particle ion
/gun/ion 20 47
#
/process/had/rdm/decayBiasProfile timeWindowBiased.data
/process/had/rdm/BRbias 0
#
/analysis/setFileName Ca47bias
/analysis/h1/set 8 100 0. 30. day
#
/run/printProgress 10000
/run/beamOn 10

========= Table of registered couples ============================

Index : 0     used in the geometry : Yes
 Material : G4_AIR
 Range cuts        :  gamma  1 mm     e-  1 mm     e+  1 mm  proton 1 mm 
 Energy thresholds :  gamma  990 eV     e-  990 eV     e+  990 eV  proton 100 keV
 Region(s) which use this couple : 
    DefaultRegionForTheWorld

==================================================================

### Run 0 starts.
... set ntuple merging row mode : row-wise - done
... create file : Ca47bias.root - done
... open analysis file : Ca47bias.root - done
... open analysis file : Ca47bias.root - done

-------- WWWW ------- G4Exception-START -------- WWWW -------
*** G4Exception : Run10035
      issued by : G4TaskRunManager::InitializeEventLoop()
Event modulo is reduced to 1 (was 3) to distribute events to all threads.
*** This is just a warning message. ***
-------- WWWW -------- G4Exception-END --------- WWWW -------


-------- WWWW ------- G4Exception-START -------- WWWW -------
*** G4Exception : Run10035
      issued by : G4TaskRunManager::InitializeEventLoop()
Event modulo is reduced to 1 (was 3) to distribute events to all threads.
*** This is just a warning message. ***
-------- WWWW -------- G4Exception-END --------- WWWW -------

G4WT0 > /run/verbose 1
G4WT0 > /tracking/verbose 2
G4WT0 > /process/had/rdm/thresholdForVeryLongDecayTime 1.0e+60 year
G4WT0 > /gun/particle ion
G4WT0 > /gun/ion 20 47
G4WT0 > /process/had/rdm/decayBiasProfile timeWindowBiased.data
G4WT0 > /process/had/rdm/BRbias 0
G4WT0 > /analysis/setFileName Ca47bias
G4WT0 > /analysis/h1/set 8 100 0. 30. day
G4WT0 > /run/printProgress 10000

=========================================================================================
--> G4TaskRunManager::CreateAndStartWorkers() --> Creating 10 tasks with 1 events/task...
=========================================================================================

G4WT0 > ### Run 0 starts on worker thread 0.
G4WT0 > ... set ntuple merging row mode : row-wise - done
G4WT0 > ... create file : Ca47bias_t0.root - done
G4WT0 > ... open analysis file : Ca47bias.root - done
G4WT0 > ... open analysis file : Ca47bias_t0.root - done
G4WT0 > 
G4WT0 > *********************************************************************************************************
G4WT0 > * G4Track Information:   Particle = Ca47,   Track ID = 1,   Parent ID = 0
G4WT0 > *********************************************************************************************************
G4WT0 > 
G4WT0 > Step#       X          Y          Z         KineE         dEStep    StepLeng   TrakLeng    Volume     Process
G4WT0 >     0       0 fm       0 fm       0 fm       0 eV           0 eV       0 fm       0 fm      World   initStep
G4WT0 >     1       0 fm       0 fm       0 fm       0 eV           0 eV       0 fm       0 fm      World   Radioactivation
G4WT0 > 
    :----- List of secondaries ----------------
G4WT0 >            gamma:  energy = 1.297 MeV  time = 2.481 d  
G4WT0 >        anti_nu_e:  energy = 234.7 keV  time = 2.481 d  
G4WT0 >               e-:  energy = 458.1 keV  time = 2.481 d  
G4WT0 >        anti_nu_e:  energy = 1.784 MeV  time = 2.481 d  
G4WT0 >               e-:  energy =   206 keV  time = 2.481 d  
G4WT0 >     :------------------------------------------

G4WT0 > 
G4WT0 > *********************************************************************************************************
G4WT0 > * G4Track Information:   Particle = e-,   Track ID = 6,   Parent ID = 1
G4WT0 > *********************************************************************************************************
G4WT0 > 
G4WT0 > Step#       X          Y          Z         KineE         dEStep    StepLeng   TrakLeng    Volume     Process
G4WT0 >     0       0 fm       0 fm       0 fm     206 keV          0 eV       0 fm       0 fm      World   initStep
G4WT0 >     1   5.156 mm       1 cm   5.529 mm     206 keV          0 eV   1.254 cm   1.254 cm      World   OutOfWorld
G4WT0 > 
G4WT0 > *********************************************************************************************************
G4WT0 > * G4Track Information:   Particle = anti_nu_e,   Track ID = 5,   Parent ID = 1
G4WT0 > *********************************************************************************************************
G4WT0 > 
G4WT0 > Step#       X          Y          Z         KineE         dEStep    StepLeng   TrakLeng    Volume     Process
G4WT0 >     0       0 fm       0 fm       0 fm   1.784 MeV          0 eV       0 fm       0 fm      World   initStep
G4WT0 >     1   3.087 mm  -1.479 mm      -1 cm   1.784 MeV          0 eV   1.057 cm   1.057 cm      World   OutOfWorld
G4WT0 > 
G4WT0 > *********************************************************************************************************
G4WT0 > * G4Track Information:   Particle = e-,   Track ID = 4,   Parent ID = 1
G4WT0 > *********************************************************************************************************
G4WT0 > 
G4WT0 > Step#       X          Y          Z         KineE         dEStep    StepLeng   TrakLeng    Volume     Process
G4WT0 >     0       0 fm       0 fm       0 fm   458.1 keV          0 eV       0 fm       0 fm      World   initStep
G4WT0 >     1   1.164 mm  -3.701 mm      -1 cm   458.1 keV          0 eV   1.073 cm   1.073 cm      World   OutOfWorld
G4WT0 > 
G4WT0 > *********************************************************************************************************
G4WT0 > * G4Track Information:   Particle = anti_nu_e,   Track ID = 3,   Parent ID = 1
G4WT0 > *********************************************************************************************************
G4WT0 > 
G4WT0 > Step#       X          Y          Z         KineE         dEStep    StepLeng   TrakLeng    Volume     Process
G4WT0 >     0       0 fm       0 fm       0 fm   234.7 keV          0 eV       0 fm       0 fm      World   initStep
G4WT0 >     1      -1 cm   1.853 mm   -7.57 mm   234.7 keV          0 eV   1.268 cm   1.268 cm      World   OutOfWorld
G4WT0 > 
G4WT0 > *********************************************************************************************************
G4WT0 > * G4Track Information:   Particle = gamma,   Track ID = 2,   Parent ID = 1
G4WT0 > *********************************************************************************************************
G4WT0 > 
G4WT0 > Step#       X          Y          Z         KineE         dEStep    StepLeng   TrakLeng    Volume     Process
G4WT0 >     0       0 fm       0 fm       0 fm   1.297 MeV          0 eV       0 fm       0 fm      World   initStep
G4WT0 >     1    2.09 mm       1 cm   3.743 mm   1.297 MeV          0 eV   1.088 cm   1.088 cm      World   OutOfWorld
G4WT0 > [thread 0] Thread-local run terminated.
G4WT0 > [thread 0] Run Summary
G4WT0 > [thread 0]   Number of events processed : 1
G4WT0 > [thread 0]   User=0.000000s Real=0.001451s Sys=0.000000s [Cpu=0.0%]
G4WT0 > ... write file : Ca47bias_t0.root - done
G4WT0 > ... close file : Ca47bias_t0.root - done
G4WT0 > ... delete empty file : Ca47bias_t0.root - done
 Run terminated.
Run Summary
  Number of events processed : 10
  User=0.010000s Real=0.009824s Sys=0.010000s [Cpu=203.6%]

 ======================== run summary ======================
 The run was 10 Ca47 of 0 eV 
 ===========================================================

 Nb of generated particles: 

             Ca47:      10  Emean =      0 eV 	( 0 eV  --> 0 eV )	mean life = 6.544 d  
        anti_nu_e:      20  Emean =  680.2 keV	( 136.3 keV --> 1.926 MeV)	stable
               e-:      20  Emean =  401.7 keV	( 38.61 keV --> 1.854 MeV)	stable
            gamma:      16  Emean =  1.135 MeV	( 489.2 keV --> 1.297 MeV)	stable

   Ekin Total (Q single decay): mean =   3.98 MeV	( 3.98 MeV --> 3.98 MeV)

   Momentum balance (excluding gamma desexcitation): mean =  1.467 MeV	( 196.3 keV --> 3.21 MeV)

   Activity of Ca47 =      0 Bq/g   (0 Ci/g) 


... write file : Ca47bias.root - done
... close file : Ca47bias.root - done
G4WT0 > ================== Deleting memory pools ===================
G4WT0 > Number of memory pools allocated: 10; of which, static: 0
G4WT0 > Dynamic pools deleted: 10 / Total memory freed: 0.016 MB
G4WT0 > ============================================================
================== Deleting memory pools ===================
Number of memory pools allocated: 3; of which, static: 0
Dynamic pools deleted: 3 / Total memory freed: 0.0048 MB
============================================================
