
        ############################################
        !!! WARNING - FPE detection is activated !!!
        ############################################

**************************************************************
 Geant4 version Name: geant4-11-02-ref-03 [MT]   (28-March-2024)
  << in Multi-threaded mode >> 
                       Copyright : Geant4 Collaboration
                      References : NIM A 506 (2003), 250-303
                                 : IEEE-TNS 53 (2006), 270-278
                                 : NIM A 835 (2016), 186-225
                             WWW : http://geant4.org/
**************************************************************


### ===  Deexcitation model UAtomDeexcitation is activated for 1 region:
### ===  Auger flag: 1
### ===  Ignore cuts flag:   1
======================================================================
======          Radioactive Decay Physics Parameters           =======
======================================================================
min MeanLife (from G4NuclideTable)                1 ns 
Max life time (from G4DeexPrecoParameters)        1 ns 
Internal e- conversion flag                       1
Stored internal conversion coefficients           1
Enabled atomic relaxation mode                    0
Enable correlated gamma emission                  0
Max 2J for sampling of angular correlations       10
Atomic de-excitation enabled                      1
Auger electron emission enabled                   1
Check EM cuts disabled for atomic de-excitation   1
Use Bearden atomic level energies                 0
Use ANSTO fluorescence model                      0
Threshold for very long decay time at rest        1 y  
======================================================================

====================================================================
                  HADRONIC PROCESSES SUMMARY (verbose level 1)
-------------------------------------------------------------------------
                           Hadronic Processes for GenericIon
  Process: Radioactivation

=========================================================================
--> G4TaskRunManager::CreateAndStartWorkers() --> Initializing workers...
=========================================================================

/run/verbose 1
#
# Set a very high time threshold to allow all decays to happen
/process/had/rdm/thresholdForVeryLongDecayTime 1.0e+60 year
#
/gun/particle ion
/gun/ion 20 47
#
/process/had/rdm/decayBiasProfile timeWindowBiased.data
/process/had/rdm/BRbias 0
#
/analysis/setFileName Ca47bias
/analysis/h1/set 8 100 0. 30. day
#
/run/printProgress 10000
/run/beamOn 100000

========= Table of registered couples ============================

Index : 0     used in the geometry : Yes
 Material : G4_AIR
 Range cuts        :  gamma  1 mm     e-  1 mm     e+  1 mm  proton 1 mm 
 Energy thresholds :  gamma  990 eV     e-  990 eV     e+  990 eV  proton 100 keV
 Region(s) which use this couple : 
    DefaultRegionForTheWorld

==================================================================

### Run 0 starts.
... set ntuple merging row mode : row-wise - done
... create file : Ca47bias.root - done
... open analysis file : Ca47bias.root - done
... open analysis file : Ca47bias.root - done
G4WT0 > /run/verbose 1
G4WT0 > /process/had/rdm/thresholdForVeryLongDecayTime 1.0e+60 year
G4WT0 > /gun/particle ion
G4WT0 > /gun/ion 20 47
G4WT0 > /process/had/rdm/decayBiasProfile timeWindowBiased.data
G4WT0 > /process/had/rdm/BRbias 0
G4WT0 > /analysis/setFileName Ca47bias
G4WT0 > /analysis/h1/set 8 100 0. 30. day
G4WT0 > /run/printProgress 10000

============================================================================================
--> G4TaskRunManager::CreateAndStartWorkers() --> Creating 316 tasks with 316 events/task...
============================================================================================

G4WT0 > ### Run 0 starts on worker thread 0.
G4WT0 > ... set ntuple merging row mode : row-wise - done
G4WT0 > ... create file : Ca47bias_t0.root - done
G4WT0 > ... open analysis file : Ca47bias.root - done
G4WT0 > ... open analysis file : Ca47bias_t0.root - done
G4WT0 > [thread 0] Thread-local run terminated.
G4WT0 > [thread 0] Run Summary
G4WT0 > [thread 0]   Number of events processed : 8216
G4WT0 > [thread 0]   User=0.060000s Real=0.020546s Sys=0.000000s [Cpu=292.0%]
G4WT0 > ... write file : Ca47bias_t0.root - done
G4WT0 > ... close file : Ca47bias_t0.root - done
G4WT0 > ... delete empty file : Ca47bias_t0.root - done
 Run terminated.
Run Summary
  Number of events processed : 100000
  User=4.010000s Real=0.452042s Sys=0.030000s [Cpu=893.7%]

 ======================== run summary ======================
 The run was 100000 Ca47 of 0 eV 
 ===========================================================

 Nb of generated particles: 

             Ca47:  100000  Emean =      0 eV 	( 0 eV  --> 0 eV )	mean life = 6.544 d  
        anti_nu_e:  200000  Emean =  643.4 keV	( 1 eV  --> 1.99 MeV)	stable
               e-:  200019  Emean =    400 keV	( 5.828 eV  --> 1.986 MeV)	stable
            gamma:  157832  Emean =  1.199 MeV	( 41.06 keV --> 1.878 MeV)	stable

   Ekin Total (Q single decay): mean =   3.98 MeV	( 3.975 MeV --> 3.981 MeV)

   Momentum balance (excluding gamma desexcitation): mean =  1.429 MeV	( 27.81 keV --> 4.695 MeV)

   Activity of Ca47 =      0 Bq/g   (0 Ci/g) 


... write file : Ca47bias.root - done
... close file : Ca47bias.root - done
G4WT0 > ================== Deleting memory pools ===================
G4WT0 > Number of memory pools allocated: 10; of which, static: 0
G4WT0 > Dynamic pools deleted: 10 / Total memory freed: 4.7 MB
G4WT0 > ============================================================
================== Deleting memory pools ===================
Number of memory pools allocated: 3; of which, static: 0
Dynamic pools deleted: 3 / Total memory freed: 0.0048 MB
============================================================
