Environment variable "G4FORCE_RUN_MANAGER_TYPE" enabled with value == Serial. Forcing G4RunManager type...

        ############################################
        !!! WARNING - FPE detection is activated !!!
        ############################################


          ################################
          !!! G4Backtrace is activated !!!
          ################################


**************************************************************
 Geant4 version Name: geant4-11-04-ref-08    (28-August-2026)
                       Copyright : Geant4 Collaboration
                      References : NIM A 506 (2003), 250-303
                                 : IEEE-TNS 53 (2006), 270-278
                                 : NIM A 835 (2016), 186-225
                             WWW : http://geant4.org/
**************************************************************

/run/verbose 1
/process/em/verbose 0
/process/had/verbose 0
/testhadr/det/setNbOfLayers 50
/testhadr/det/setNbOfAbsor 2
/testhadr/det/setAbsor 1 Iron 36 mm
/testhadr/det/setAbsor 2 Scintillator 4 mm
/testhadr/det/setSizeYZ 1.5 m
/run/initialize

-------------------------------------------------------------
 ---> The calorimeter is 50 layers of:
           Iron:    3.6 cm   --->  sum =    1.8 m   =  102.4 Radl  =  10.59 NuclearInteractionLength 
   Scintillator:      4 mm   --->  sum =     20 cm  = 0.4701 Radl  = 0.2858 NuclearInteractionLength 

                       total thickness =      2 m   =  102.8 Radl  =  10.87 NuclearInteractionLength 
                     transverse sizeYZ =    1.5 m  
-------------------------------------------------------------

 Material: Galactic    density:  0.000 mg/cm3  RadL: 204310098.490 pc   Nucl.Int.Length: 3240.779 pc 
                       Imean:  19.200 eV   temperature:   2.73 K  pressure:   0.00 atm

   --->  Element: H (H)   Z =  1.0   N =     1   A =  1.008 g/mole
         --->  Isotope:    H1   Z =  1   N =   1   A =   1.01 g/mole   abundance: 99.989 %
         --->  Isotope:    H2   Z =  1   N =   2   A =   2.01 g/mole   abundance:  0.011 %
          ElmMassFraction: 100.00 %  ElmAbundance 100.00 % 


 Material:     Iron    density:  7.870 g/cm3   RadL:   1.758 cm   Nucl.Int.Length:  16.999 cm 
                       Imean: 286.000 eV   temperature: 293.15 K  pressure:   1.00 atm

   --->  Element: Fe (Fe)   Z = 26.0   N =    56   A = 55.845 g/mole
         --->  Isotope:  Fe54   Z = 26   N =  54   A =  53.94 g/mole   abundance:  5.845 %
         --->  Isotope:  Fe56   Z = 26   N =  56   A =  55.93 g/mole   abundance: 91.754 %
         --->  Isotope:  Fe57   Z = 26   N =  57   A =  56.94 g/mole   abundance:  2.119 %
         --->  Isotope:  Fe58   Z = 26   N =  58   A =  57.93 g/mole   abundance:  0.282 %
          ElmMassFraction: 100.00 %  ElmAbundance 100.00 % 


 Material: Scintillator    density:  1.032 g/cm3   RadL:  42.544 cm   Nucl.Int.Length:  69.969 cm 
                       Imean:  64.684 eV   temperature: 293.15 K  pressure:   1.00 atm

   --->  Element: C (C)   Z =  6.0   N =    12   A = 12.011 g/mole
         --->  Isotope:   C12   Z =  6   N =  12   A =  12.00 g/mole   abundance: 98.930 %
         --->  Isotope:   C13   Z =  6   N =  13   A =  13.00 g/mole   abundance:  1.070 %
          ElmMassFraction:  91.47 %  ElmAbundance  47.37 % 

   --->  Element: H (H)   Z =  1.0   N =     1   A =  1.008 g/mole
         --->  Isotope:    H1   Z =  1   N =   1   A =   1.01 g/mole   abundance: 99.989 %
         --->  Isotope:    H2   Z =  1   N =   2   A =   2.01 g/mole   abundance:  0.011 %
          ElmMassFraction:   8.53 %  ElmAbundance  52.63 % 


-------------------------------------------------------------
/testhadr/gun/setDefault
/gun/particle proton
/gun/energy 5 GeV
/run/printProgress 100
/run/beamOn 1000

========= Table of registered couples ============================

Index : 0     used in the geometry : Yes
 Material : Galactic
 Range cuts        :  gamma  1 mm     e-  1 mm     e+  1 mm  proton 0 fm 
 Energy thresholds :  gamma  990 eV     e-  990 eV     e+  990 eV  proton 0 eV 
 Region(s) which use this couple : 
    DefaultRegionForTheWorld

Index : 1     used in the geometry : Yes
 Material : Iron
 Range cuts        :  gamma  1 mm     e-  1 mm     e+  1 mm  proton 0 fm 
 Energy thresholds :  gamma  20.7519 keV    e-  1.28828 MeV    e+  1.21724 MeV proton 0 eV 
 Region(s) which use this couple : 
    DefaultRegionForTheWorld

Index : 2     used in the geometry : Yes
 Material : Scintillator
 Range cuts        :  gamma  1 mm     e-  1 mm     e+  1 mm  proton 0 fm 
 Energy thresholds :  gamma  2.3988 keV    e-  356.841 keV    e+  347.078 keV proton 0 eV 
 Region(s) which use this couple : 
    DefaultRegionForTheWorld

==================================================================

### Run 0 starts.
--> Event 0 starts.
--> Event 100 starts.
--> Event 200 starts.
--> Event 300 starts.
--> Event 400 starts.
--> Event 500 starts.
--> Event 600 starts.
--> Event 700 starts.
--> Event 800 starts.
--> Event 900 starts.
 Run terminated.
Run Summary
  Number of events processed : 1000
  User=41.260000s Real=47.320362s Sys=0.000000s

 ---> The run is 1000 proton of 5 GeV through calorimeter

 Process calls frequency :
                  Decay=      4553               NoProcess=   4002840        RadioactiveDecay=     58473
                   Rayl=    221576          Transportation=   3544455          alphaInelastic=         8
                annihil=     62031                   compt=   2649883                    conv=     58589
             dInelastic=        92                   eBrem=    426773                   eIoni=   6256386
  hBertiniCaptureAtRest=       676                   hIoni=   1391499              hadElastic=   4440828
           ionInelastic=         1                 ionIoni=   4082159          kaon+Inelastic=         9
        kaon0LInelastic=        13         kaon0SInelastic=         3         lambdaInelastic=         6
                    msc=    262617                  muIoni=     10588    muMinusCaptureAtRest=        12
               nCapture=     50654        neutronInelastic=     88074                    phot=    866069
          photonNuclear=       183            pi+Inelastic=      1152            pi-Inelastic=      1007
        protonInelastic=      3900         sigma+Inelastic=         1         sigma-Inelastic=         2
             tInelastic=        10 

------------------------------------------------------------
        material      Edep        rmsE        sqrt(E0(GeV))*rmsE/Edep     total tracklen 
 
 1          Iron    4.0509 GeV   290.8 MeV     16.05 +- 0.508 %        2.23 m   +-  50.2 cm 
 2  Scintillator    110.37 MeV   31.22 MeV     63.24 +-     2 %       23.03 cm  +-  6.99 cm 

 Total energy deposited = 4.161 GeV +- 293.5 MeV
 Leakage :  primary = 0 eV    secondaries = 202.1 MeV  ---> total = 202.1 MeV +- 174.3 MeV
 Total energy released :  Edep + Eleak = 4.363 GeV +- 193.8 MeV
------------------------------------------------------------
================== Deleting memory pools ===================
Number of memory pools allocated: 11 of which, static: 0
Dynamic pools deleted: 11 / Total memory freed: 0.32 MB
============================================================
