Evt     Eprim   Etot    LXe     LXeTime PMT     PMTTime Seed1           Seed2           First   Flags
#       MeV     MeV     hits    ns      hits    ns                                      hit

3     	0.0600	0.0600	66	0x1.4f6fc8c708fa8p-15	57	0x1.d7d7b61de22e6p+5	1	21694856	gamma	gamma electron 
8     	0x1.eb851eb851eb9p-5	0x1.eb851eb851ebcp-5	60	0x1.e9b754240c5cfp-18	62	0x1.0762eb1dc8522p+5	1	21694856	gamma	gamma electron 
9     	0x1.eb851eb851eb9p-5	0x1.f47f2ddd88dcep-6	30	0x1.c51767ee88f57p-18	30	0x1.439e28c75ae4bp+5	1	21694856	gamma	gamma electron 
10    	0x1.eb851eb851eb9p-5	0x1.f47f2ddd88dccp-6	28	0x1.2152e6845962cp-17	17	0x1.7bae664c5e40bp+5	1	21694856	gamma	gamma electron 
13    	0x1.eb851eb851eb9p-5	0x1.eb851eb851eb9p-5	63	0x1.8a0e05cc501f2p-18	65	0x1.4d181def548d9p+5	1	21694856	gamma	gamma electron 
15    	0x1.eb851eb851eb9p-5	0x1.eb851eb851eb6p-5	61	0x1.9539885db15e4p-18	54	0x1.413212b70053bp+5	1	21694856	gamma	gamma electron 
17    	0x1.eb851eb851eb9p-5	0x1.ef1a6a0e91931p-6	29	0x1.b8d266aff7c86p-18	33	0x1.413dce1e67b68p+5	1	21694856	gamma	gamma electron 
22    	0x1.eb851eb851eb9p-5	0x1.ef1a6a0e91936p-6	27	0x1.300dfb41744bp-14	15	0x1.aea23def9c541p+5	1	21694856	gamma	gamma electron 
23    	0x1.eb851eb851eb9p-5	0x1.ef1a6a0e91934p-6	31	0x1.d9ce34ad3b731p-15	24	0x1.ba1f05cfa7c37p+5	1	21694856	gamma	gamma electron 
24    	0x1.eb851eb851eb9p-5	0x1.eb851eb851eb7p-5	65	0x1.c3929f4c50feap-18	64	0x1.9d44f78f12ab4p+5	1	21694856	gamma	gamma electron 
26    	0x1.eb851eb851eb9p-5	0x1.eb851eb851eb9p-5	59	0x1.cfbb9fe42cebdp-18	63	0x1.45af13ce45f14p+5	1	21694856	gamma	gamma electron 
28    	0x1.eb851eb851eb9p-5	0x1.eb851eb851ebap-5	62	0x1.873cb810b4b4bp-17	51	0x1.3d7f38d7c4c2dp+5	1	21694856	gamma	gamma electron 
32    	0x1.eb851eb851eb9p-5	0x1.eb851eb851eb8p-5	65	0x1.5a0ea01b1d55bp-18	59	0x1.5c56de54cec7ep+5	1	21694856	gamma	gamma electron 
33    	0x1.eb851eb851eb9p-5	0x1.eb851eb851eb6p-5	55	0x1.71e2289c98ac2p-18	48	0x1.877ed1b964273p+5	1	21694856	gamma	gamma electron 
37    	0x1.eb851eb851eb9p-5	0x1.eb851eb851ebap-5	51	0x1.009f12a5b0d14p-16	69	0x1.8659762e2ca46p+5	1	21694856	gamma	gamma electron 
45    	0x1.eb851eb851eb9p-5	0x1.f47f2ddd88dcdp-6	34	0x1.75537f2d082a7p-17	30	0x1.eb05a64e01912p+4	1	21694856	gamma	gamma electron 
48    	0x1.eb851eb851eb9p-5	0x1.eb851eb851eb8p-5	55	0x1.f95516295191dp-17	55	0x1.92ef4648c2a15p+5	1	21694856	gamma	gamma electron 
49    	0x1.eb851eb851eb9p-5	0x1.eb851eb851eb7p-5	60	0x1.ab0ef1fbfe9e1p-15	58	0x1.7a25f67386b3cp+5	1	21694856	gamma	gamma electron 
52    	0x1.eb851eb851eb9p-5	0x1.ef1a6a0e91937p-6	27	0x1.b28b3fb93a177p-17	32	0x1.64f5476ce54adp+5	1	21694856	gamma	gamma electron 
53    	0x1.eb851eb851eb9p-5	0x1.ef1a6a0e91932p-6	22	0x1.eb07531ab3289p-18	34	0x1.1e0d45cc59b9bp+5	1	21694856	gamma	gamma electron 
54    	0x1.eb851eb851eb9p-5	0x1.eb851eb851eb4p-5	60	0x1.70f8b20c1b038p-18	68	0x1.1976e1d331e09p+5	1	21694856	gamma	gamma electron 
59    	0x1.eb851eb851eb9p-5	0x1.eb851eb851eb8p-5	48	0x1.68e03dc00eaa8p-18	52	0x1.46669bb48dc37p+5	1	21694856	gamma	gamma electron 
61    	0x1.eb851eb851eb9p-5	0x1.eb851eb851ebbp-5	60	0x1.7c84b61d80dfep-17	48	0x1.4b1f5290680ep+5	1	21694856	gamma	gamma electron 
62    	0x1.eb851eb851eb9p-5	0x1.ef1a6a0e91937p-6	41	0x1.2c3b84be2ddacp-16	21	0x1.282e87bb6e11dp+6	1	21694856	gamma	gamma electron 
64    	0x1.eb851eb851eb9p-5	0x1.eb851eb851eb8p-5	50	0x1.85d315cb3147cp-17	62	0x1.3cfb90b1f70bdp+5	1	21694856	gamma	gamma electron 
67    	0x1.eb851eb851eb9p-5	0x1.ef68d210e1a28p-8	27	0x1.274efc53af3e7p-14	5	0x1.2f72219ef8465p+5	1	21694856	e-	electron 
68    	0x1.eb851eb851eb9p-5	0x1.eb851eb851eb8p-5	63	0x1.35824d3b122f2p-17	49	0x1.2671dbd5480fap+5	1	21694856	gamma	gamma electron 
71    	0x1.eb851eb851eb9p-5	0x1.eb851eb851eb8p-5	53	0x1.e4e0685f91f58p-18	54	0x1.6aee70f573a8p+5	1	21694856	gamma	gamma electron 
75    	0x1.eb851eb851eb9p-5	0x1.eb851eb851eb7p-5	64	0x1.d630a969ff568p-18	59	0x1.8c2271934b7ap+5	1	21694856	gamma	gamma electron 
76    	0x1.eb851eb851eb9p-5	0x1.eb851eb851eb9p-5	55	0x1.61b30e0266a2fp-14	52	0x1.9cdf7b77c34cep+5	1	21694856	gamma	gamma electron 
78    	0x1.eb851eb851eb9p-5	0x1.eb851eb851eb8p-5	49	0x1.1e953c0cca6a7p-17	47	0x1.5808acfab4c45p+5	1	21694856	gamma	gamma electron 
81    	0x1.eb851eb851eb9p-5	0x1.ef1a6a0e91935p-6	27	0x1.eb5116b3b756fp-18	32	0x1.31645eea1c9bcp+5	1	21694856	gamma	gamma electron 
82    	0x1.eb851eb851eb9p-5	0x1.a1b40071c45bap-5	54	0x1.14a3fb896b12p-12	39	0x1.20f34fcff555p+5	1	21694856	gamma	gamma electron 
85    	0x1.eb851eb851eb9p-5	0x1.eb851eb851eb7p-5	52	0x1.8257770aa1033p-17	67	0x1.35aa574d23cbbp+5	1	21694856	gamma	gamma electron 
86    	0x1.eb851eb851eb9p-5	0x1.ef1a6a0e91934p-6	29	0x1.09643d2830962p-17	30	0x1.903ef4f0be2c7p+5	1	21694856	gamma	gamma electron 
88    	0x1.eb851eb851eb9p-5	0x1.ef1a6a0e9193p-6	37	0x1.a807203764674p-17	32	0x1.8491cca4abb75p+5	1	21694856	gamma	gamma electron 
89    	0x1.eb851eb851eb9p-5	0x1.eb851eb851eb4p-5	49	0x1.732d2bae7cfdfp-18	65	0x1.699b469bf0758p+5	1	21694856	gamma	gamma electron 
91    	0x1.eb851eb851eb9p-5	0x1.eb851eb851eb8p-5	58	0x1.060caf8631783p-9	64	0x1.5db7f7565aeffp+5	1	21694856	gamma	gamma electron 
93    	0x1.eb851eb851eb9p-5	0x1.ef1a6a0e91936p-6	27	0x1.09b7657b26559p-13	23	0x1.c91f55f1ee8e7p+5	1	21694856	gamma	gamma electron 
95    	0x1.eb851eb851eb9p-5	0x1.eb851eb851eb9p-5	54	0x1.3d8d993bfd0a9p-17	55	0x1.6aabba6f1e4e6p+5	1	21694856	gamma	gamma electron 
97    	0x1.eb851eb851eb9p-5	0x1.eb851eb851ebap-5	61	0x1.63f3c03f0d32dp-18	65	0x1.87254d369b7cap+5	1	21694856	gamma	gamma electron 
98    	0x1.eb851eb851eb9p-5	0x1.ef1a6a0e91934p-6	26	0x1.687420eba6c9ep-15	22	0x1.7bfabe795b08p+5	1	21694856	gamma	gamma electron 
101   	0x1.eb851eb851eb9p-5	0x1.eb851eb851eb7p-5	56	0x1.928dc891f588dp-18	59	0x1.670da11f5a7ddp+5	1	21694856	gamma	gamma electron 
102   	0x1.eb851eb851eb9p-5	0x1.eb851eb851eb8p-5	71	0x1.297b82dcdc4b7p-17	58	0x1.8c85c04169ef9p+5	1	21694856	gamma	gamma electron 
103   	0x1.eb851eb851eb9p-5	0x1.ef1a6a0e91937p-6	35	0x1.a9a7bfe9e7af7p-18	25	0x1.9c6704b98e53bp+5	1	21694856	gamma	gamma electron 
106   	0x1.eb851eb851eb9p-5	0x1.eb851eb851eb7p-5	60	0x1.02c49d526787ep-10	57	0x1.46823fdffe16fp+5	1	21694856	gamma	gamma electron 
108   	0x1.eb851eb851eb9p-5	0x1.ef1a6a0e91934p-6	28	0x1.21063b5a1a7e7p-16	19	0x1.ade1ffdb72965p+5	1	21694856	gamma	gamma electron 
111   	0x1.eb851eb851eb9p-5	0x1.eb851eb851ebep-5	65	0x1.fb6f0a2f44256p-18	49	0x1.7f110db5c6e5ap+5	1	21694856	gamma	gamma electron 
112   	0x1.eb851eb851eb9p-5	0x1.eb851eb851eb6p-5	44	0x1.533adff53c0c1p-18	59	0x1.2b535eee558cp+5	1	21694856	gamma	gamma electron 
114   	0x1.eb851eb851eb9p-5	0x1.eb851eb851eb4p-5	55	0x1.63d168b4e86c9p-17	52	0x1.e3f9c438f78d1p+5	1	21694856	gamma	gamma electron 
115   	0x1.eb851eb851eb9p-5	0x1.0fa9a7c14b382p-6	21	0x1.6eccc1fbe8cafp-10	15	0x1.e59cd0e93208ep+5	1	21694856	gamma	gamma electron 
117   	0x1.eb851eb851eb9p-5	0x1.ef1a6a0e91934p-6	29	0x1.9e7f69380b6fep-17	28	0x1.aab12eb7a1b02p+5	1	21694856	gamma	gamma electron 
120   	0x1.eb851eb851eb9p-5	0x1.b11622813448p-6	18	0x1.ae161b6c2eb89p-18	20	0x1.6de7466cec0e9p+5	1	21694856	gamma	gamma electron 
124   	0x1.eb851eb851eb9p-5	0x1.ef1a6a0e91935p-6	21	0x1.a3f73f026d7e1p-18	36	0x1.afe48774bcaep+5	1	21694856	gamma	gamma electron 
126   	0x1.eb851eb851eb9p-5	0x1.eb851eb851eb9p-5	59	0x1.d1ed635d448efp-18	51	0x1.34302e7b8895cp+5	1	21694856	gamma	gamma electron 
128   	0x1.eb851eb851eb9p-5	0x1.eb851eb851eb3p-5	56	0x1.37ebe3e3a3787p-17	49	0x1.3468a1e88854p+5	1	21694856	gamma	gamma electron 
131   	0x1.eb851eb851eb9p-5	0x1.ef1a6a0e91932p-6	44	0x1.decf9c08c7c22p-17	29	0x1.480a3d601fe2ep+5	1	21694856	gamma	gamma electron 
134   	0x1.eb851eb851eb9p-5	0x1.ef1a6a0e91937p-6	49	0x1.78104e1a9b9e5p-12	33	0x1.7056ea65d2464p+5	1	21694856	gamma	gamma electron 
135   	0x1.eb851eb851eb9p-5	0x1.eb851eb851eb6p-5	48	0x1.0f41a597b39efp-17	68	0x1.e55f37c4dd581p+5	1	21694856	gamma	gamma electron 
137   	0x1.eb851eb851eb9p-5	0x1.eb851eb851ebap-5	51	0x1.a13b392151a42p-15	58	0x1.4d829636b8638p+5	1	21694856	gamma	gamma electron 
138   	0x1.eb851eb851eb9p-5	0x1.9ebfe2b4770b2p-6	61	0x1.22668551ab965p-16	19	0x1.64fc3647f6e09p+5	1	21694856	e-	electron 
139   	0x1.eb851eb851eb9p-5	0x1.eb851eb851eb6p-5	51	0x1.8732e1c1394a6p-18	58	0x1.6e6b3192fa208p+5	1	21694856	gamma	gamma electron 
143   	0x1.eb851eb851eb9p-5	0x1.ef1a6a0e91934p-6	30	0x1.01368ee8406e4p-17	27	0x1.797c42a9a6318p+5	1	21694856	gamma	gamma electron 
144   	0x1.eb851eb851eb9p-5	0x1.eb851eb851eb9p-5	57	0x1.9da43fdfbce72p-10	69	0x1.aa02c3274ed1ap+5	1	21694856	gamma	gamma electron 
146   	0x1.eb851eb851eb9p-5	0x1.eb851eb851eb9p-5	46	0x1.0c13b605b3bd2p-16	68	0x1.7ec50df179fc5p+5	1	21694856	gamma	gamma electron 
149   	0x1.eb851eb851eb9p-5	0x1.b00e5024db819p-6	21	0x1.739830e9a46c9p-18	29	0x1.621ba24827c7fp+5	1	21694856	gamma	gamma electron 
152   	0x1.eb851eb851eb9p-5	0x1.ef1a6a0e91934p-6	29	0x1.20f2911f88873p-15	28	0x1.64d477004dcc5p+5	1	21694856	gamma	gamma electron 
159   	0x1.eb851eb851eb9p-5	0x1.1d7dc122a5d6dp-6	28	0x1.c783fab33406ap-13	10	0x1.0e61f3d13a721p+6	1	21694856	e-	electron 
161   	0x1.eb851eb851eb9p-5	0x1.eb851eb851ebap-5	54	0x1.5f184e7e869a7p-15	55	0x1.6206db22f3c4fp+5	1	21694856	gamma	gamma electron 
162   	0x1.eb851eb851eb9p-5	0x1.eb851eb851eb7p-5	64	0x1.73e18889bcf2dp-10	121	0x1.2f5a6cf0b4dd5p+5	1	21694856	gamma	gamma electron 
163   	0x1.eb851eb851eb9p-5	0x1.ef1a6a0e91932p-6	19	0x1.d591dc447a4c3p-16	33	0x1.0f22b1db6e66ap+6	1	21694856	gamma	gamma electron 
168   	0x1.eb851eb851eb9p-5	0x1.eb851eb851eb7p-5	55	0x1.8b34034a8bfep-10	45	0x1.7e6cc1ee61dc8p+5	1	21694856	gamma	gamma electron 
170   	0x1.eb851eb851eb9p-5	0x1.eb851eb851eb6p-5	36	0x1.8e6b1f5e50d0ap-17	34	0x1.3d7626c3d289bp+5	1	21694856	gamma	gamma electron 
172   	0x1.eb851eb851eb9p-5	0x1.ef1a6a0e91932p-6	59	0x1.fcb35927bfc35p-16	32	0x1.126ba7d5b5136p+5	1	21694856	gamma	gamma electron 
176   	0x1.eb851eb851eb9p-5	0x1.eb851eb851eb7p-5	72	0x1.276230e9ad2e3p-17	58	0x1.64565db4465afp+5	1	21694856	gamma	gamma electron 
180   	0x1.eb851eb851eb9p-5	0x1.0d774c67b79f3p-6	9	0x1.bcaf6eae020c8p-18	20	0x1.300fe49f3037fp+5	1	21694856	gamma	gamma electron 
181   	0x1.eb851eb851eb9p-5	0x1.ef1a6a0e91936p-6	34	0x1.8b5fccc7b3c88p-18	27	0x1.921d90d237f96p+5	1	21694856	gamma	gamma electron 
185   	0x1.eb851eb851eb9p-5	0x1.a34ca0c282c7p-6	28	0x1.63c1b3d979718p-10	66	0x1.499b6cc4d4652p+5	1	21694856	gamma	gamma electron 
186   	0x1.eb851eb851eb9p-5	0x1.eb851eb851eb8p-5	44	0x1.06ecbbbe0f02fp-16	68	0x1.a498a4ed20b42p+5	1	21694856	gamma	gamma electron 
189   	0x1.eb851eb851eb9p-5	0x1.f47f2ddd88dcdp-6	26	0x1.a50266846cc65p-18	28	0x1.6c36c0d9c7df7p+5	1	21694856	gamma	gamma electron 
190   	0x1.eb851eb851eb9p-5	0x1.eb851eb851ebap-5	52	0x1.eb06ca1e7a592p-17	36	0x1.74dda0e98cd96p+5	1	21694856	gamma	gamma electron 
203   	0x1.eb851eb851eb9p-5	0x1.eb851eb851eb9p-5	63	0x1.7adfcc1d61b34p-16	47	0x1.6f6ed1022370fp+5	1	21694856	gamma	gamma electron 
204   	0x1.eb851eb851eb9p-5	0x1.f47f2ddd88dccp-6	21	0x1.9e3fe350a0921p-15	33	0x1.560f06c4f771bp+5	1	21694856	gamma	gamma electron 
205   	0x1.eb851eb851eb9p-5	0x1.1b8fa87f0faaap-6	15	0x1.453d82b6002fp-16	16	0x1.8936c7a065815p+5	1	21694856	gamma	gamma electron 
213   	0x1.eb851eb851eb9p-5	0x1.eb851eb851eb9p-5	45	0x1.a6df6afa1e5fcp-18	55	0x1.afeb42a36e43ap+5	1	21694856	gamma	gamma electron 
215   	0x1.eb851eb851eb9p-5	0x1.ef1a6a0e91937p-6	34	0x1.56d69d559f019p-16	32	0x1.0aeb778cf12bbp+5	1	21694856	gamma	gamma electron 
216   	0x1.eb851eb851eb9p-5	0x1.eb851eb851eb7p-5	46	0x1.614d8d4be102dp-14	55	0x1.6ae9d44d7415dp+5	1	21694856	gamma	gamma electron 
219   	0x1.eb851eb851eb9p-5	0x1.eb851eb851ebap-5	63	0x1.8dddf955da5d6p-17	60	0x1.82d1cb984e31dp+5	1	21694856	gamma	gamma electron 
220   	0x1.eb851eb851eb9p-5	0x1.ef1a6a0e91933p-6	26	0x1.c104d4e0cce4cp-18	23	0x1.164a7d56b8f6p+5	1	21694856	gamma	gamma electron 
221   	0x1.eb851eb851eb9p-5	0x1.eb851eb851ebap-5	53	0x1.d74d0ea663f9p-18	49	0x1.72bc52027f03fp+5	1	21694856	gamma	gamma electron 
222   	0x1.eb851eb851eb9p-5	0x1.eb851eb851ebbp-5	48	0x1.4b163b1bf623cp-10	74	0x1.742364f7c1931p+5	1	21694856	gamma	gamma electron 
223   	0x1.eb851eb851eb9p-5	0x1.ef1a6a0e91935p-6	37	0x1.07d1222be32f5p-16	34	0x1.bdb4e5d948bddp+5	1	21694856	gamma	gamma electron 
227   	0x1.eb851eb851eb9p-5	0x1.ef1a6a0e91939p-6	27	0x1.3bda8e46356d6p-17	38	0x1.afc3179250acfp+5	1	21694856	gamma	gamma electron 
228   	0x1.eb851eb851eb9p-5	0x1.ef1a6a0e91935p-6	27	0x1.b1122615787fep-15	22	0x1.7fb66507d0bbap+5	1	21694856	gamma	gamma electron 
229   	0x1.eb851eb851eb9p-5	0x1.eb851eb851ebbp-5	63	0x1.38ef98c05f208p-9	95	0x1.8bf534f8776dfp+5	1	21694856	gamma	gamma electron 
230   	0x1.eb851eb851eb9p-5	0x1.eb851eb851eb7p-5	43	0x1.dae7cf29cd934p-18	60	0x1.23247dbc718d8p+5	1	21694856	gamma	gamma electron 
231   	0x1.eb851eb851eb9p-5	0x1.7d948f9d00abfp-5	60	0x1.89ca68ad326d4p-17	46	0x1.a4f9c83860ebcp+5	1	21694856	gamma	gamma electron 
232   	0x1.eb851eb851eb9p-5	0x1.eb851eb851eb6p-5	71	0x1.b3af8bb880a5ap-10	60	0x1.48425840fdc67p+5	1	21694856	gamma	gamma electron 
233   	0x1.eb851eb851eb9p-5	0x1.ef1a6a0e91936p-6	26	0x1.7d1305cb2483fp-17	21	0x1.1a0989a5c74b8p+5	1	21694856	gamma	gamma electron 
238   	0x1.eb851eb851eb9p-5	0x1.eb851eb851eb8p-5	44	0x1.8db0630333fbap-18	60	0x1.715cf31381e94p+5	1	21694856	gamma	gamma electron 
239   	0x1.eb851eb851eb9p-5	0x1.eb851eb851eb7p-5	56	0x1.5cf0d64a582bdp-18	45	0x1.41319b7ef00aap+5	1	21694856	gamma	gamma electron 
243   	0x1.eb851eb851eb9p-5	0x1.f47f2ddd88dccp-6	33	0x1.eb1c30b8e24c6p-12	29	0x1.6c58bd638aed5p+5	1	21694856	gamma	gamma electron 
244   	0x1.eb851eb851eb9p-5	0x1.b00e5024db81ap-6	23	0x1.6f5d94bd8812ap-18	18	0x1.5c84d9354110bp+5	1	21694856	gamma	gamma electron 
249   	0x1.eb851eb851eb9p-5	0x1.ef1a6a0e91933p-6	27	0x1.dd1ac29b8b41fp-15	45	0x1.66fb51b9f589p+5	1	21694856	gamma	gamma electron 
250   	0x1.eb851eb851eb9p-5	0x1.eb851eb851ebap-5	57	0x1.bede13f311a41p-18	55	0x1.937d3287648c6p+5	1	21694856	gamma	gamma electron 
251   	0x1.eb851eb851eb9p-5	0x1.b00e5024db818p-6	32	0x1.65611c9d6ba78p-18	23	0x1.1b90e7c34c78p+6	1	21694856	gamma	gamma electron 
252   	0x1.eb851eb851eb9p-5	0x1.974cd2f8a2b33p-5	62	0x1.3478b47b63b64p-9	54	0x1.4cff6a10a5d56p+5	1	21694856	gamma	gamma electron 
256   	0x1.eb851eb851eb9p-5	0x1.eb851eb851eb8p-5	47	0x1.14b89daefa079p-15	58	0x1.42cb46a6b8936p+5	1	21694856	gamma	gamma electron 
257   	0x1.eb851eb851eb9p-5	0x1.eb851eb851eb7p-5	61	0x1.95af3134a13afp-9	179	0x1.5e8e72e9bf2b4p+5	1	21694856	gamma	gamma electron 
263   	0x1.eb851eb851eb9p-5	0x1.eb851eb851ebep-5	50	0x1.f18c49907c97p-18	71	0x1.79a60273c9523p+5	1	21694856	gamma	gamma electron 
264   	0x1.eb851eb851eb9p-5	0x1.eb851eb851eb8p-5	53	0x1.73804930d07aep-18	42	0x1.63bde314b3c59p+5	1	21694856	gamma	gamma electron 
265   	0x1.eb851eb851eb9p-5	0x1.eb851eb851eb7p-5	50	0x1.7166356161ad2p-18	98	0x1.6354327da3542p+5	1	21694856	gamma	gamma electron 
266   	0x1.eb851eb851eb9p-5	0x1.eb851eb851eb6p-5	77	0x1.5e10db05f9d35p-18	62	0x1.75e09ce10fdefp+5	1	21694856	gamma	gamma electron 
270   	0x1.eb851eb851eb9p-5	0x1.c78e232d48d65p-6	61	0x1.1fe4131d6c072p-12	28	0x1.6b5c86dd73ac4p+5	1	21694856	gamma	gamma electron 
273   	0x1.eb851eb851eb9p-5	0x1.ef1a6a0e91934p-6	37	0x1.f9fb9f1d56042p-18	45	0x1.318d2d2a856c8p+5	1	21694856	gamma	gamma electron 
274   	0x1.eb851eb851eb9p-5	0x1.ef1a6a0e91937p-6	25	0x1.0873cf9f762b4p-17	25	0x1.78617d32a9411p+5	1	21694856	gamma	gamma electron 
276   	0x1.eb851eb851eb9p-5	0x1.a48aa1d5bc808p-6	26	0x1.6ae48feb07ebdp-10	83	0x1.5c411cec615a8p+5	1	21694856	gamma	gamma electron 
278   	0x1.eb851eb851eb9p-5	0x1.eb851eb851eb8p-5	60	0x1.6b9f829cfb302p-9	128	0x1.2d5ff4d37822p+5	1	21694856	gamma	gamma electron 
279   	0x1.eb851eb851eb9p-5	0x1.eb851eb851ebap-5	48	0x1.13050dfe37082p-17	63	0x1.2530c36950138p+5	1	21694856	gamma	gamma electron 
280   	0x1.eb851eb851eb9p-5	0x1.eb851eb851eb8p-5	64	0x1.8f0bcfcf9b0e4p-18	75	0x1.763f7bbe5ffeap+5	1	21694856	gamma	gamma electron 
281   	0x1.eb851eb851eb9p-5	0x1.ef1a6a0e91934p-6	28	0x1.941ed378ea4b4p-14	27	0x1.53f3e240628afp+5	1	21694856	gamma	gamma electron 
283   	0x1.eb851eb851eb9p-5	0x1.eb851eb851ebbp-5	45	0x1.0b4e8859b3f5ep-17	60	0x1.afdbc90e2b1b4p+5	1	21694856	gamma	gamma electron 
284   	0x1.eb851eb851eb9p-5	0x1.eb851eb851eb8p-5	63	0x1.63fb9898b09e2p-17	59	0x1.5f233c5845df6p+5	1	21694856	gamma	gamma electron 
292   	0x1.eb851eb851eb9p-5	0x1.eb851eb851eb6p-5	65	0x1.9897f47c96124p-10	112	0x1.824cf36dd2a61p+5	1	21694856	gamma	gamma electron 
295   	0x1.eb851eb851eb9p-5	0x1.eb851eb851eb7p-5	78	0x1.2b866e4680e42p-16	40	0x1.71def44901863p+5	1	21694856	gamma	gamma electron 
296   	0x1.eb851eb851eb9p-5	0x1.eb851eb851eb8p-5	59	0x1.5325e4a530a67p-18	56	0x1.a62687efb4124p+5	1	21694856	gamma	gamma electron 
297   	0x1.eb851eb851eb9p-5	0x1.eb851eb851ebbp-5	63	0x1.ab8c249b387cbp-10	196	0x1.74369fe02a14ap+5	1	21694856	gamma	gamma electron 
300   	0x1.eb851eb851eb9p-5	0x1.eb851eb851ebcp-5	57	0x1.59751fd3d2ba9p-18	67	0x1.7f45fb53f5a16p+5	1	21694856	gamma	gamma electron 
302   	0x1.eb851eb851eb9p-5	0x1.eb851eb851eb7p-5	65	0x1.7107b5928f6edp-18	48	0x1.ab678e228e51p+5	1	21694856	gamma	gamma electron 
303   	0x1.eb851eb851eb9p-5	0x1.eb851eb851ebbp-5	48	0x1.6508ec75adaa9p-9	127	0x1.61833922e0812p+5	1	21694856	gamma	gamma electron 
305   	0x1.eb851eb851eb9p-5	0x1.ef1a6a0e9193p-6	20	0x1.6639c9e4bdf45p-10	133	0x1.51e35fb29b0a1p+5	1	21694856	gamma	gamma electron 
308   	0x1.eb851eb851eb9p-5	0x1.b00e5024db81dp-6	27	0x1.e79dc573f6d2ep-18	31	0x1.b69ae066472c1p+5	1	21694856	gamma	gamma electron 
309   	0x1.eb851eb851eb9p-5	0x1.eb851eb851eb4p-5	57	0x1.a3af2374789b6p-9	84	0x1.70c06a0a79bb4p+5	1	21694856	gamma	gamma electron 
312   	0x1.eb851eb851eb9p-5	0x1.ef1a6a0e91936p-6	33	0x1.50e3a0ee5ca31p-17	22	0x1.225e40463f424p+5	1	21694856	gamma	gamma electron 
313   	0x1.eb851eb851eb9p-5	0x1.a381e547edd56p-6	23	0x1.5f6794b8206bap-17	19	0x1.e782704d5fd66p+5	1	21694856	gamma	gamma electron 
314   	0x1.eb851eb851eb9p-5	0x1.f47f2ddd88dc7p-6	25	0x1.8c0cc00cbc182p-15	29	0x1.ae7579458ee33p+5	1	21694856	gamma	gamma electron 
318   	0x1.eb851eb851eb9p-5	0x1.ef1a6a0e91935p-6	41	0x1.3ca340342725ep-17	24	0x1.522db6b065e15p+5	1	21694856	gamma	gamma electron 
319   	0x1.eb851eb851eb9p-5	0x1.eb851eb851eb7p-5	66	0x1.9468be7a42045p-18	77	0x1.77c151dc5e879p+5	1	21694856	gamma	gamma electron 
325   	0x1.eb851eb851eb9p-5	0x1.eb851eb851ebap-5	61	0x1.4e3a99e3f36b2p-17	63	0x1.9233427ef09ffp+5	1	21694856	gamma	gamma electron 
326   	0x1.eb851eb851eb9p-5	0x1.2e332bc1aa3d2p-7	27	0x1.347370e79d269p-16	15	0x1.2e5e93150c73p+5	1	21694856	gamma	gamma electron 
329   	0x1.eb851eb851eb9p-5	0x1.ef1a6a0e91936p-6	27	0x1.e04d6db009dedp-17	15	0x1.a42a3ccd23616p+5	1	21694856	gamma	gamma electron 
333   	0x1.eb851eb851eb9p-5	0x1.eb851eb851eb9p-5	59	0x1.8acc9e4725b94p-18	71	0x1.3c3b0e349fee2p+5	1	21694856	gamma	gamma electron 
334   	0x1.eb851eb851eb9p-5	0x1.9eb8bd4b4f89cp-7	12	0x1.8d1b0d35f80b9p-12	10	0x1.7c8b627d68cc3p+5	1	21694856	gamma	gamma electron 
337   	0x1.eb851eb851eb9p-5	0x1.c6636b5b7e8f7p-7	24	0x1.e9dab3bf5c657p-12	14	0x1.ac113a8f0f1abp+5	1	21694856	e-	electron 
344   	0x1.eb851eb851eb9p-5	0x1.ef1a6a0e91931p-6	33	0x1.3cb2f7a2f2c8ap-13	34	0x1.eaa099cffefc7p+5	1	21694856	gamma	gamma electron 
345   	0x1.eb851eb851eb9p-5	0x1.ef1a6a0e91933p-6	38	0x1.8b08ff7e7a4f2p-18	22	0x1.a768323afb9e7p+5	1	21694856	gamma	gamma electron 
349   	0x1.eb851eb851eb9p-5	0x1.eb851eb851ebbp-5	57	0x1.0010b05fd87f4p-17	59	0x1.aeb5931b5f7dcp+5	1	21694856	gamma	gamma electron 
350   	0x1.eb851eb851eb9p-5	0x1.eb851eb851ebcp-5	62	0x1.3e7e33fd943fp-15	63	0x1.597f5c65d5a1ep+5	1	21694856	gamma	gamma electron 
352   	0x1.eb851eb851eb9p-5	0x1.eb851eb851eb9p-5	64	0x1.0e30b6c756a43p-17	50	0x1.cdf181b2d8cb9p+5	1	21694856	gamma	gamma electron 
357   	0x1.eb851eb851eb9p-5	0x1.ef1a6a0e91936p-6	37	0x1.75474641b22d9p-18	30	0x1.8085cd52d7733p+5	1	21694856	gamma	gamma electron 
358   	0x1.eb851eb851eb9p-5	0x1.eb851eb851ebap-5	53	0x1.9558a75c2eb86p-10	153	0x1.593cdc8ef3dfbp+5	1	21694856	gamma	gamma electron 
359   	0x1.eb851eb851eb9p-5	0x1.ef1a6a0e91936p-6	36	0x1.d717976a3b2acp-18	22	0x1.234048264db73p+5	1	21694856	gamma	gamma electron 
364   	0x1.eb851eb851eb9p-5	0x1.eb851eb851eb4p-5	75	0x1.f11d6534a3775p-17	45	0x1.ae28a9de08cedp+5	1	21694856	gamma	gamma electron 
366   	0x1.eb851eb851eb9p-5	0x1.eb851eb851ebbp-5	66	0x1.606b896462962p-18	54	0x1.4d940107d01f4p+5	1	21694856	gamma	gamma electron 
368   	0x1.eb851eb851eb9p-5	0x1.b00e5024db81dp-6	28	0x1.fc17e5f73fea3p-10	86	0x1.5c8b3146100d8p+5	1	21694856	gamma	gamma electron 
371   	0x1.eb851eb851eb9p-5	0x1.eb851eb851eb9p-5	57	0x1.8a1b7662dfe9cp-18	49	0x1.205d02e501cc6p+5	1	21694856	gamma	gamma electron 
373   	0x1.eb851eb851eb9p-5	0x1.ef1a6a0e91936p-6	27	0x1.595e944ff4359p-18	35	0x1.ad1c1cec3948bp+5	1	21694856	gamma	gamma electron 
374   	0x1.eb851eb851eb9p-5	0x1.2694b06a01479p-5	42	0x1.c24468ec4a258p-17	29	0x1.5c8847a450f11p+5	1	21694856	e-	electron 
375   	0x1.eb851eb851eb9p-5	0x1.eb851eb851eb9p-5	56	0x1.6dccf23acc793p-16	59	0x1.0730dfc241744p+5	1	21694856	gamma	gamma electron 
378   	0x1.eb851eb851eb9p-5	0x1.a32e6dd194b2cp-7	16	0x1.75ab417d61318p-13	11	0x1.615f95d35cc4ap+5	1	21694856	gamma	gamma electron 
380   	0x1.eb851eb851eb9p-5	0x1.eb851eb851eb7p-5	58	0x1.9963d76e7969p-17	55	0x1.2fd8d9504a925p+5	1	21694856	gamma	gamma electron 
382   	0x1.eb851eb851eb9p-5	0x1.eb851eb851eb7p-5	55	0x1.3523dcb564281p-15	56	0x1.66016b5fd9c0cp+5	1	21694856	gamma	gamma electron 
384   	0x1.eb851eb851eb9p-5	0x1.ef1a6a0e91935p-6	25	0x1.d67448e87a4bep-10	36	0x1.31ab8c6d99c5p+5	1	21694856	gamma	gamma electron 
389   	0x1.eb851eb851eb9p-5	0x1.ef1a6a0e91937p-6	32	0x1.14286f584c8acp-17	33	0x1.5ca6a98689399p+5	1	21694856	gamma	gamma electron 
392   	0x1.eb851eb851eb9p-5	0x1.eb851eb851eb6p-5	52	0x1.6e628538fbfe1p-18	54	0x1.31bea486d86fcp+5	1	21694856	gamma	gamma electron 
396   	0x1.eb851eb851eb9p-5	0x1.eb851eb851eb7p-5	58	0x1.615c0103c0336p-10	146	0x1.534dec4aa5a88p+5	1	21694856	gamma	gamma electron 
397   	0x1.eb851eb851eb9p-5	0x1.eb851eb851eb9p-5	42	0x1.2b440326eb196p-16	44	0x1.09cef81ff1a2ep+5	1	21694856	gamma	gamma electron 
399   	0x1.eb851eb851eb9p-5	0x1.eb851eb851ebap-5	50	0x1.65697c21b07b9p-18	62	0x1.274aba3d2f861p+5	1	21694856	gamma	gamma electron 
400   	0x1.eb851eb851eb9p-5	0x1.eb851eb851ebap-5	52	0x1.1eebceb54b265p-17	59	0x1.a020505803273p+5	1	21694856	gamma	gamma electron 
406   	0x1.eb851eb851eb9p-5	0x1.ef1a6a0e91933p-6	21	0x1.4125703f6fb31p-17	32	0x1.8a1c408daa2e8p+5	1	21694856	gamma	gamma electron 
407   	0x1.eb851eb851eb9p-5	0x1.eb851eb851eb8p-5	65	0x1.7b37c77f7ef95p-18	61	0x1.8c51139779925p+5	1	21694856	gamma	gamma electron 
409   	0x1.eb851eb851eb9p-5	0x1.eb851eb851eb7p-5	62	0x1.1f3c760f9f272p-10	71	0x1.92cd8a5ab8cfep+5	1	21694856	gamma	gamma electron 
412   	0x1.eb851eb851eb9p-5	0x1.ef1a6a0e91938p-6	21	0x1.0842fad27b8c2p-17	27	0x1.2c3fa5f52b295p+5	1	21694856	gamma	gamma electron 
415   	0x1.eb851eb851eb9p-5	0x1.86029a3d32f64p-5	66	0x1.464190df89bfp-16	48	0x1.61015a1ded619p+5	1	21694856	gamma	gamma electron 
421   	0x1.eb851eb851eb9p-5	0x1.672ead9274e26p-5	42	0x1.6f10406035528p-18	43	0x1.47a93a4158232p+5	1	21694856	gamma	gamma electron 
422   	0x1.eb851eb851eb9p-5	0x1.ef1a6a0e91933p-6	29	0x1.a86ed3844b723p-18	33	0x1.a93d516aab8e5p+5	1	21694856	gamma	gamma electron 
423   	0x1.eb851eb851eb9p-5	0x1.ef1a6a0e91937p-6	28	0x1.1c89bef286f88p-15	22	0x1.b22a7118ea51cp+5	1	21694856	gamma	gamma electron 
424   	0x1.eb851eb851eb9p-5	0x1.eb851eb851eb7p-5	56	0x1.678d3826f8e15p-18	68	0x1.674c08694f68cp+5	1	21694856	gamma	gamma electron 
427   	0x1.eb851eb851eb9p-5	0x1.ef1a6a0e91933p-6	27	0x1.3825cf09f2a3p-15	20	0x1.571fc99f2dfbap+5	1	21694856	gamma	gamma electron 
429   	0x1.eb851eb851eb9p-5	0x1.f47f2ddd88dc7p-6	38	0x1.fde4876e7c333p-15	32	0x1.ff44c105b4fbep+5	1	21694856	gamma	gamma electron 
430   	0x1.eb851eb851eb9p-5	0x1.eb851eb851eb8p-5	73	0x1.5fcb5c5876f7fp-18	65	0x1.22849d80ce0bep+5	1	21694856	gamma	gamma electron 
431   	0x1.eb851eb851eb9p-5	0x1.b00e5024db81cp-6	12	0x1.3a8a078729f86p-17	25	0x1.5c0aa007dca9ep+5	1	21694856	gamma	gamma electron 
432   	0x1.eb851eb851eb9p-5	0x1.ef1a6a0e91933p-6	36	0x1.ec342948a74a8p-18	30	0x1.b86bbc163f57cp+5	1	21694856	gamma	gamma electron 
434   	0x1.eb851eb851eb9p-5	0x1.eb851eb851eb7p-5	49	0x1.ba1f9214e0df4p-10	74	0x1.35f0a651162f5p+5	1	21694856	gamma	gamma electron 
435   	0x1.eb851eb851eb9p-5	0x1.7c86999257b3cp-7	28	0x1.abd5cb27e0685p-17	9	0x1.9101fabce190ep+4	1	21694856	gamma	gamma electron 
438   	0x1.eb851eb851eb9p-5	0x1.eb851eb851eb7p-5	63	0x1.4f8f8ef444ed5p-18	63	0x1.18044847aca82p+5	1	21694856	gamma	gamma electron 
441   	0x1.eb851eb851eb9p-5	0x1.eb851eb851eb9p-5	55	0x1.b2a50eb809fc2p-14	57	0x1.85c8661dfb937p+5	1	21694856	gamma	gamma electron 
442   	0x1.eb851eb851eb9p-5	0x1.b00e5024db81ap-6	18	0x1.974b0d135e13dp-18	24	0x1.46d44ce7ef926p+5	1	21694856	gamma	gamma electron 
443   	0x1.eb851eb851eb9p-5	0x1.eb851eb851ebap-5	63	0x1.4e5fd55d15ffp-14	31	0x1.d30473958d7d3p+5	1	21694856	gamma	gamma electron 
451   	0x1.eb851eb851eb9p-5	0x1.eb851eb851ebbp-5	60	0x1.550bb4baca402p-18	69	0x1.71832b16349e4p+5	1	21694856	gamma	gamma electron 
452   	0x1.eb851eb851eb9p-5	0x1.eb851eb851eb9p-5	42	0x1.8cc6b78b76ebep-18	61	0x1.5d787e3c990ccp+5	1	21694856	gamma	gamma electron 
454   	0x1.eb851eb851eb9p-5	0x1.ef1a6a0e91932p-6	34	0x1.50e61a976851ap-15	24	0x1.6dd45e51fc02bp+5	1	21694856	gamma	gamma electron 
457   	0x1.eb851eb851eb9p-5	0x1.eb851eb851eb9p-5	49	0x1.e584cef24a819p-9	147	0x1.95d23bcd0e415p+5	1	21694856	gamma	gamma electron 
461   	0x1.eb851eb851eb9p-5	0x1.eb851eb851eb7p-5	59	0x1.89f0459724f83p-18	70	0x1.46e764a33ab04p+5	1	21694856	gamma	gamma electron 
463   	0x1.eb851eb851eb9p-5	0x1.b116228134484p-6	7	0x1.4a76673067bdbp-17	25	0x1.a1b43187c78bp+5	1	21694856	gamma	gamma electron 
472   	0x1.eb851eb851eb9p-5	0x1.b00e5024db81ap-6	29	0x1.b06d2280f8797p-17	13	0x1.864ecf1c051e4p+5	1	21694856	gamma	gamma electron 
473   	0x1.eb851eb851eb9p-5	0x1.ef1a6a0e9193p-6	26	0x1.fb3de50345433p-18	29	0x1.6860d5be9a0b2p+5	1	21694856	gamma	gamma electron 
475   	0x1.eb851eb851eb9p-5	0x1.ef1a6a0e91935p-6	37	0x1.daefd09c8ced7p-17	26	0x1.07a2decc0cc02p+5	1	21694856	gamma	gamma electron 
477   	0x1.eb851eb851eb9p-5	0x1.a34ca0c282c6ep-6	19	0x1.99f71fbe1f678p-14	22	0x1.9f0b59ddbdabdp+5	1	21694856	gamma	gamma electron 
482   	0x1.eb851eb851eb9p-5	0x1.eb851eb851eb7p-5	54	0x1.615c78b16caep-10	160	0x1.60de75be5acffp+5	1	21694856	gamma	gamma electron 
484   	0x1.eb851eb851eb9p-5	0x1.eb851eb851eb9p-5	68	0x1.7ca2f91f58d2dp-18	81	0x1.6358c9e934c99p+5	1	21694856	gamma	gamma electron 
485   	0x1.eb851eb851eb9p-5	0x1.eb851eb851ebbp-5	61	0x1.5b220c3a01c63p-17	45	0x1.4e58ce47801cbp+5	1	21694856	gamma	gamma electron 
487   	0x1.eb851eb851eb9p-5	0x1.ef1a6a0e9193p-6	23	0x1.0269ec02a8692p-17	20	0x1.778d57e5d688p+5	1	21694856	gamma	gamma electron 
492   	0x1.eb851eb851eb9p-5	0x1.8b40c9c37620ep-6	32	0x1.01fd8868a1961p-11	11	0x1.d1f700231584ep+5	1	21694856	e-	electron 
495   	0x1.eb851eb851eb9p-5	0x1.ef1a6a0e91935p-6	25	0x1.c74063596b3ddp-17	38	0x1.4fd5170cc51bbp+5	1	21694856	gamma	gamma electron 
496   	0x1.eb851eb851eb9p-5	0x1.b00e5024db81cp-6	22	0x1.8341c2dcc7bb5p-17	21	0x1.2c88b50358af6p+5	1	21694856	gamma	gamma electron 
497   	0x1.eb851eb851eb9p-5	0x1.eb851eb851ebbp-5	66	0x1.525064930cbd5p-18	63	0x1.5c3fc4bfec1e4p+5	1	21694856	gamma	gamma electron 
500   	0x1.eb851eb851eb9p-5	0x1.eb851eb851eb6p-5	70	0x1.746095b626753p-18	71	0x1.5b8b241353398p+5	1	21694856	gamma	gamma electron 
501   	0x1.eb851eb851eb9p-5	0x1.eb851eb851eb8p-5	57	0x1.869d0c7cb5e68p-10	139	0x1.47898be7c0b6ep+5	1	21694856	gamma	gamma electron 
503   	0x1.eb851eb851eb9p-5	0x1.eb851eb851eb8p-5	61	0x1.63c5a3a95cd5bp-10	146	0x1.72e2f313c460dp+5	1	21694856	gamma	gamma electron 
505   	0x1.eb851eb851eb9p-5	0x1.eb851eb851ebdp-5	68	0x1.dac39628f870fp-16	64	0x1.5e21f98420397p+5	1	21694856	gamma	gamma electron 
507   	0x1.eb851eb851eb9p-5	0x1.ef1a6a0e9192fp-6	26	0x1.aa3f490240d3fp-10	30	0x1.60ec149f04451p+5	1	21694856	gamma	gamma electron 
509   	0x1.eb851eb851eb9p-5	0x1.27e12ac661d56p-5	60	0x1.48fc357feca6ep-9	122	0x1.23c0d9765a4f5p+5	1	21694856	e-	electron 
510   	0x1.eb851eb851eb9p-5	0x1.a50e5c5d834adp-7	22	0x1.bd4ef680a1494p-17	12	0x1.6908e206152bfp+5	1	21694856	gamma	gamma electron 
514   	0x1.eb851eb851eb9p-5	0x1.eb851eb851ebbp-5	65	0x1.fbdcc85b28c66p-17	61	0x1.0b8f35a0c9dcap+5	1	21694856	gamma	gamma electron 
516   	0x1.eb851eb851eb9p-5	0x1.eb851eb851eb9p-5	72	0x1.10eee79600409p-17	65	0x1.b662b45409f78p+5	1	21694856	gamma	gamma electron 
520   	0x1.eb851eb851eb9p-5	0x1.eb851eb851eb8p-5	66	0x1.576a09593da09p-18	71	0x1.5073830935db3p+5	1	21694856	gamma	gamma electron 
522   	0x1.eb851eb851eb9p-5	0x1.eb851eb851ebcp-5	63	0x1.fe948f90f5aa3p-16	44	0x1.a268f5da4d417p+5	1	21694856	gamma	gamma electron 
523   	0x1.eb851eb851eb9p-5	0x1.ef1a6a0e91932p-6	49	0x1.0c445f8a0f4d8p-14	34	0x1.7001fb74e7331p+5	1	21694856	gamma	gamma electron 
524   	0x1.eb851eb851eb9p-5	0x1.eb851eb851eb8p-5	28	0x1.a17f3b5dab2bdp-17	54	0x1.6679b1d2515a8p+5	1	21694856	gamma	gamma electron 
530   	0x1.eb851eb851eb9p-5	0x1.eb851eb851eb7p-5	50	0x1.6068c3d13f117p-16	61	0x1.883cf7e9078c9p+5	1	21694856	gamma	gamma electron 
534   	0x1.eb851eb851eb9p-5	0x1.eb851eb851ebbp-5	80	0x1.6cd2d7e43fe06p-17	53	0x1.318d702601699p+5	1	21694856	gamma	gamma electron 
537   	0x1.eb851eb851eb9p-5	0x1.eb851eb851eb9p-5	44	0x1.ff990ed56c74ep-10	54	0x1.1dee1196fa4ddp+5	1	21694856	gamma	gamma electron 
540   	0x1.eb851eb851eb9p-5	0x1.941abb333deacp-5	55	0x1.7b30e31156a6cp-16	50	0x1.aca13d5bef38dp+5	1	21694856	e-	electron 
542   	0x1.eb851eb851eb9p-5	0x1.b116228134482p-6	33	0x1.4c44160d80d82p-16	32	0x1.16b5e34d0b1e5p+5	1	21694856	gamma	gamma electron 
546   	0x1.eb851eb851eb9p-5	0x1.eb851eb851eb7p-5	50	0x1.781dc4a39eae9p-10	67	0x1.4c98054c74201p+5	1	21694856	gamma	gamma electron 
547   	0x1.eb851eb851eb9p-5	0x1.eb851eb851eb9p-5	79	0x1.381ab8db92b65p-17	56	0x1.792707cbb4bacp+5	1	21694856	gamma	gamma electron 
552   	0x1.eb851eb851eb9p-5	0x1.eb851eb851ebap-5	47	0x1.9c5cbf2381482p-18	67	0x1.7493d5ef26d51p+5	1	21694856	gamma	gamma electron 
553   	0x1.eb851eb851eb9p-5	0x1.eb851eb851eb7p-5	43	0x1.94129aac95ceap-18	57	0x1.2be192c044e39p+5	1	21694856	gamma	gamma electron 
555   	0x1.eb851eb851eb9p-5	0x1.eb851eb851eb8p-5	49	0x1.41bcf87cc18acp-17	71	0x1.5f740b026493dp+5	1	21694856	gamma	gamma electron 
556   	0x1.eb851eb851eb9p-5	0x1.eb851eb851ebap-5	58	0x1.f27c5d1b05ab2p-10	98	0x1.3010da5c0ed9ap+5	1	21694856	gamma	gamma electron 
564   	0x1.eb851eb851eb9p-5	0x1.eb851eb851eb8p-5	45	0x1.35d034b05cdfdp-16	48	0x1.4977cc3b82c98p+5	1	21694856	gamma	gamma electron 
567   	0x1.eb851eb851eb9p-5	0x1.eb851eb851ebbp-5	53	0x1.80d305a82af52p-18	53	0x1.8eb31e96fabbfp+5	1	21694856	gamma	gamma electron 
568   	0x1.eb851eb851eb9p-5	0x1.ef1a6a0e91938p-6	24	0x1.628da3d700a84p-18	25	0x1.f93b942ea1ae5p+5	1	21694856	gamma	gamma electron 
570   	0x1.eb851eb851eb9p-5	0x1.f47f2ddd88dcdp-6	28	0x1.9ae85e0ca7a1p-18	21	0x1.6494921e6f07fp+5	1	21694856	gamma	gamma electron 
571   	0x1.eb851eb851eb9p-5	0x1.b00e5024db81ap-6	24	0x1.3edf8f2d732b8p-17	26	0x1.5620558a525c3p+5	1	21694856	gamma	gamma electron 
574   	0x1.eb851eb851eb9p-5	0x1.92a8ff5656138p-5	57	0x1.21eb964057ac1p-10	51	0x1.3e350c171e488p+5	1	21694856	gamma	gamma electron 
577   	0x1.eb851eb851eb9p-5	0x1.ef1a6a0e91934p-6	29	0x1.1adcbc89dd879p-17	24	0x1.f37201ce06682p+5	1	21694856	gamma	gamma electron 
581   	0x1.eb851eb851eb9p-5	0x1.eb851eb851ebbp-5	48	0x1.d2097fa4345f8p-9	86	0x1.ae007583dfbp+5	1	21694856	gamma	gamma electron 
586   	0x1.eb851eb851eb9p-5	0x1.c9f4b5f4eeffep-5	52	0x1.3dada15d42dc1p-15	49	0x1.cbc66e9db8a1bp+5	1	21694856	gamma	gamma electron 
588   	0x1.eb851eb851eb9p-5	0x1.eb851eb851eb8p-5	60	0x1.afcb85edb80cbp-18	62	0x1.3808b3746f7f3p+5	1	21694856	gamma	gamma electron 
590   	0x1.eb851eb851eb9p-5	0x1.eb851eb851eb8p-5	57	0x1.e647038f9bc4ep-18	66	0x1.6866dda1f0f8fp+5	1	21694856	gamma	gamma electron 
593   	0x1.eb851eb851eb9p-5	0x1.eb851eb851ebap-5	65	0x1.c4a0633fd7c68p-13	60	0x1.faec87e9bed26p+5	1	21694856	gamma	gamma electron 
594   	0x1.eb851eb851eb9p-5	0x1.a381e547edd5ap-6	20	0x1.2c5784882d272p-17	19	0x1.34eda2daaaf3bp+5	1	21694856	gamma	gamma electron 
596   	0x1.eb851eb851eb9p-5	0x1.eb851eb851eb6p-5	73	0x1.62725a08a8011p-18	74	0x1.4e9bd4278ae3cp+5	1	21694856	gamma	gamma electron 
599   	0x1.eb851eb851eb9p-5	0x1.eb851eb851eb8p-5	57	0x1.5561dc2e383eep-18	71	0x1.3664412652d2p+5	1	21694856	gamma	gamma electron 
601   	0x1.eb851eb851eb9p-5	0x1.eb851eb851eb3p-5	63	0x1.26f35b9abcdacp-14	44	0x1.91fc53a80c652p+5	1	21694856	gamma	gamma electron 
603   	0x1.eb851eb851eb9p-5	0x1.eb851eb851eb6p-5	63	0x1.ca74a1c31bb7ep-10	61	0x1.5f9a35732e4b7p+5	1	21694856	gamma	gamma electron 
607   	0x1.eb851eb851eb9p-5	0x1.eb851eb851eb9p-5	50	0x1.a09f1753c4b9p-18	57	0x1.6f390d9dcc188p+5	1	21694856	gamma	gamma electron 
609   	0x1.eb851eb851eb9p-5	0x1.eb851eb851eb9p-5	45	0x1.76c379e646643p-17	48	0x1.e9c30791a865ep+4	1	21694856	gamma	gamma electron 
614   	0x1.eb851eb851eb9p-5	0x1.b00e5024db81ap-6	18	0x1.0fda0273ab5e2p-16	23	0x1.ec5b8ef0d8c96p+5	1	21694856	gamma	gamma electron 
616   	0x1.eb851eb851eb9p-5	0x1.eb851eb851eb9p-5	46	0x1.6416afa4311adp-16	49	0x1.1e894736b2cc4p+5	1	21694856	gamma	gamma electron 
617   	0x1.eb851eb851eb9p-5	0x1.a34ca0c282c7p-6	21	0x1.aefd0435fa393p-18	20	0x1.01fc04479b026p+5	1	21694856	gamma	gamma electron 
618   	0x1.eb851eb851eb9p-5	0x1.eb851eb851eb8p-5	56	0x1.5e9f7cf40ca48p-16	41	0x1.6cbcec012faa6p+5	1	21694856	gamma	gamma electron 
619   	0x1.eb851eb851eb9p-5	0x1.eb851eb851eb8p-5	53	0x1.87e22bafbb0dcp-10	145	0x1.d2f4b5de9f4ap+5	1	21694856	gamma	gamma electron 
620   	0x1.eb851eb851eb9p-5	0x1.eb851eb851ebcp-5	64	0x1.35da2eb8b25f2p-17	57	0x1.136436dadf7p+5	1	21694856	gamma	gamma electron 
623   	0x1.eb851eb851eb9p-5	0x1.eb851eb851eb8p-5	60	0x1.69056c8fc2812p-16	40	0x1.82b9fd4ba10d4p+5	1	21694856	gamma	gamma electron 
625   	0x1.eb851eb851eb9p-5	0x1.41060f63a0388p-5	27	0x1.5cd056e75ac9fp-18	37	0x1.9002f524880e4p+5	1	21694856	gamma	gamma electron 
626   	0x1.eb851eb851eb9p-5	0x1.eb851eb851eb9p-5	60	0x1.4c7db5e638235p-10	69	0x1.667a37529d262p+5	1	21694856	gamma	gamma electron 
630   	0x1.eb851eb851eb9p-5	0x1.ef1a6a0e91937p-6	32	0x1.bf20a076f1569p-17	36	0x1.4d650c362adf6p+5	1	21694856	gamma	gamma electron 
631   	0x1.eb851eb851eb9p-5	0x1.1a1e2e0d8c12bp-5	45	0x1.1bf41b709ddfdp-13	38	0x1.466971d13ff6p+5	1	21694856	gamma	gamma electron 
633   	0x1.eb851eb851eb9p-5	0x1.bc1f7713256cep-5	70	0x1.5d8e391a3befp-18	42	0x1.690b4a8bc9a19p+5	1	21694856	gamma	gamma electron 
639   	0x1.eb851eb851eb9p-5	0x1.be85e22cb0622p-7	18	0x1.14de6bd21ae7p-17	17	0x1.4546d54ca65d8p+5	1	21694856	gamma	gamma electron 
640   	0x1.eb851eb851eb9p-5	0x1.ef1a6a0e91936p-6	34	0x1.6fbc352ebc3f2p-14	29	0x1.4a852f28ec4d6p+5	1	21694856	gamma	gamma electron 
641   	0x1.eb851eb851eb9p-5	0x1.eb851eb851ebap-5	47	0x1.f06f586db3a68p-18	56	0x1.50b4fdeaf3f26p+5	1	21694856	gamma	gamma electron 
642   	0x1.eb851eb851eb9p-5	0x1.f47f2ddd88dcep-6	31	0x1.0fb449381b7e6p-17	29	0x1.52b552c5316a8p+6	1	21694856	gamma	gamma electron 
644   	0x1.eb851eb851eb9p-5	0x1.f47f2ddd88dcap-6	27	0x1.1a19f0a2ad37ap-15	22	0x1.6732c8024feaap+5	1	21694856	gamma	gamma electron 
647   	0x1.eb851eb851eb9p-5	0x1.eb851eb851eb6p-5	61	0x1.7320ddb12821fp-18	50	0x1.e24e703270c71p+5	1	21694856	gamma	gamma electron 
648   	0x1.eb851eb851eb9p-5	0x1.ef1a6a0e91937p-6	30	0x1.88de08e0957cep-18	19	0x1.c0b18bcc2e52cp+5	1	21694856	gamma	gamma electron 
652   	0x1.eb851eb851eb9p-5	0x1.eb851eb851eb9p-5	62	0x1.0f5ffb38c4934p-17	73	0x1.5f1a2e12c14a8p+5	1	21694856	gamma	gamma electron 
659   	0x1.eb851eb851eb9p-5	0x1.eb851eb851eb2p-5	58	0x1.7e10ef17a19dfp-11	51	0x1.7676a4fd7607p+5	1	21694856	gamma	gamma electron 
660   	0x1.eb851eb851eb9p-5	0x1.eb851eb851eb8p-5	58	0x1.f6657b8148d44p-10	161	0x1.8b12fef2a1352p+5	1	21694856	gamma	gamma electron 
663   	0x1.eb851eb851eb9p-5	0x1.eb851eb851ebbp-5	58	0x1.85143b92e497cp-18	63	0x1.93949aa020323p+5	1	21694856	gamma	gamma electron 
666   	0x1.eb851eb851eb9p-5	0x1.eb851eb851eb9p-5	42	0x1.f0baa85aa0de2p-18	64	0x1.8fad4dce0e4bdp+5	1	21694856	gamma	gamma electron 
670   	0x1.eb851eb851eb9p-5	0x1.eb851eb851eb7p-5	71	0x1.62dcaa4bbec51p-18	50	0x1.8b61910d04df5p+5	1	21694856	gamma	gamma electron 
672   	0x1.eb851eb851eb9p-5	0x1.ef1a6a0e91934p-6	34	0x1.3164423bdece2p-16	32	0x1.7e92094de8e34p+5	1	21694856	gamma	gamma electron 
681   	0x1.eb851eb851eb9p-5	0x1.eb851eb851eb6p-5	51	0x1.245f3f1dc98c2p-16	48	0x1.cd8fe61114c0dp+5	1	21694856	gamma	gamma electron 
682   	0x1.eb851eb851eb9p-5	0x1.eb851eb851ebcp-5	57	0x1.0cccdca3f6879p-15	56	0x1.534ffb838d19p+5	1	21694856	gamma	gamma electron 
683   	0x1.eb851eb851eb9p-5	0x1.eb851eb851eb9p-5	62	0x1.f2bc8f5c20a54p-18	59	0x1.04e92117bd101p+5	1	21694856	gamma	gamma electron 
685   	0x1.eb851eb851eb9p-5	0x1.eb851eb851eb6p-5	56	0x1.cbeefcc8f7907p-18	63	0x1.9a7bb721509b1p+5	1	21694856	gamma	gamma electron 
687   	0x1.eb851eb851eb9p-5	0x1.eb851eb851ebap-5	54	0x1.d3016c621b556p-17	44	0x1.3e13180c9c726p+5	1	21694856	gamma	gamma electron 
688   	0x1.eb851eb851eb9p-5	0x1.eb851eb851ebap-5	53	0x1.1c679a74102cfp-17	55	0x1.731205156bd83p+5	1	21694856	gamma	gamma electron 
690   	0x1.eb851eb851eb9p-5	0x1.eb851eb851eb6p-5	43	0x1.15a99cfeaa70bp-17	59	0x1.2878650048fb5p+5	1	21694856	gamma	gamma electron 
695   	0x1.eb851eb851eb9p-5	0x1.eb851eb851ebbp-5	55	0x1.015b18a38f121p-7	97	0x1.6de9b14222375p+5	1	21694856	gamma	gamma electron 
700   	0x1.eb851eb851eb9p-5	0x1.b00e5024db81ep-6	29	0x1.9e18f67eea7c4p-17	28	0x1.aa21c032749ep+5	1	21694856	gamma	gamma electron 
703   	0x1.eb851eb851eb9p-5	0x1.f47f2ddd88dcbp-6	29	0x1.470ebefa89fcfp-17	30	0x1.ff35fc6b69d36p+5	1	21694856	gamma	gamma electron 
706   	0x1.eb851eb851eb9p-5	0x1.eb851eb851eb9p-5	56	0x1.5e3ad720fa8f5p-18	56	0x1.602aff8a80067p+5	1	21694856	gamma	gamma electron 
708   	0x1.eb851eb851eb9p-5	0x1.eb851eb851ebcp-5	46	0x1.6aee2dfc01793p-10	172	0x1.601c927f8628bp+5	1	21694856	gamma	gamma electron 
709   	0x1.eb851eb851eb9p-5	0x1.b116228134481p-6	31	0x1.1d35cb5675a92p-17	19	0x1.c2f2d0307f3aep+4	1	21694856	gamma	gamma electron 
711   	0x1.eb851eb851eb9p-5	0x1.b00e5024db81fp-6	17	0x1.159638e86b432p-16	23	0x1.32b02fe1ea246p+5	1	21694856	gamma	gamma electron 
712   	0x1.eb851eb851eb9p-5	0x1.ef1a6a0e91936p-6	44	0x1.d3d60fa22554bp-16	23	0x1.2fd09d5b08564p+5	1	21694856	gamma	gamma electron 
713   	0x1.eb851eb851eb9p-5	0x1.eb851eb851ebap-5	46	0x1.6a184eb02e002p-18	61	0x1.c58064e5a396fp+5	1	21694856	gamma	gamma electron 
715   	0x1.eb851eb851eb9p-5	0x1.eb851eb851eb8p-5	61	0x1.5cc5adcfc2355p-10	152	0x1.1926191bcd38dp+5	1	21694856	gamma	gamma electron 
717   	0x1.eb851eb851eb9p-5	0x1.eb851eb851ebap-5	51	0x1.700fe4b356f43p-18	55	0x1.9ad18a2698434p+5	1	21694856	gamma	gamma electron 
719   	0x1.eb851eb851eb9p-5	0x1.eb851eb851eb8p-5	50	0x1.5775e0587252ap-17	48	0x1.eeb6d3611aa2ap+5	1	21694856	gamma	gamma electron 
720   	0x1.eb851eb851eb9p-5	0x1.196135a70d1d3p-5	56	0x1.75a5a37126e1p-16	21	0x1.57da9455e228fp+5	1	21694856	e-	electron 
721   	0x1.eb851eb851eb9p-5	0x1.b11622813447fp-6	22	0x1.59717cd584bb7p-18	16	0x1.8eff5f1d4aa46p+5	1	21694856	gamma	gamma electron 
723   	0x1.eb851eb851eb9p-5	0x1.ef1a6a0e91931p-6	31	0x1.c269f68212ee2p-18	15	0x1.3e41b3431e204p+5	1	21694856	gamma	gamma electron 
724   	0x1.eb851eb851eb9p-5	0x1.b116228134482p-6	19	0x1.7dd9402ed294dp-18	26	0x1.4091d9c217b95p+5	1	21694856	gamma	gamma electron 
725   	0x1.eb851eb851eb9p-5	0x1.eb851eb851eb6p-5	48	0x1.5b78fba3c4aedp-18	75	0x1.a373a7f537438p+5	1	21694856	gamma	gamma electron 
726   	0x1.eb851eb851eb9p-5	0x1.eb851eb851eb8p-5	47	0x1.17f9acc0d7973p-17	54	0x1.b6e5f9c5bf294p+5	1	21694856	gamma	gamma electron 
730   	0x1.eb851eb851eb9p-5	0x1.eb851eb851eb9p-5	42	0x1.fc43f741686e4p-18	54	0x1.76f30555975f5p+5	1	21694856	gamma	gamma electron 
731   	0x1.eb851eb851eb9p-5	0x1.eb851eb851eb6p-5	57	0x1.c19222b8b5c7ap-10	60	0x1.79e7b96b88ea1p+5	1	21694856	gamma	gamma electron 
734   	0x1.eb851eb851eb9p-5	0x1.eb851eb851eb8p-5	60	0x1.6600c64111455p-18	52	0x1.744af806e39d9p+5	1	21694856	gamma	gamma electron 
735   	0x1.eb851eb851eb9p-5	0x1.ef1a6a0e91936p-6	37	0x1.60dca7b6dbf44p-18	24	0x1.b63e8533d5e35p+5	1	21694856	gamma	gamma electron 
736   	0x1.eb851eb851eb9p-5	0x1.eb851eb851eb8p-5	59	0x1.08c2b58c12347p-9	73	0x1.1da275ac23e2ap+5	1	21694856	gamma	gamma electron 
738   	0x1.eb851eb851eb9p-5	0x1.ef1a6a0e91935p-6	30	0x1.5261736924b26p-17	27	0x1.e3bb3de6d5758p+5	1	21694856	gamma	gamma electron 
739   	0x1.eb851eb851eb9p-5	0x1.eb851eb851eb6p-5	72	0x1.d843e3a8a2a1fp-10	156	0x1.75ac781c3571cp+5	1	21694856	gamma	gamma electron 
741   	0x1.eb851eb851eb9p-5	0x1.0d6d6bbe3f157p-5	39	0x1.ab3571fce6adbp-18	35	0x1.c5fdf18c950f8p+5	1	21694856	gamma	gamma electron 
744   	0x1.eb851eb851eb9p-5	0x1.eb851eb851ebcp-5	58	0x1.5a9416a09d0e5p-18	58	0x1.45aee7211153fp+5	1	21694856	gamma	gamma electron 
745   	0x1.eb851eb851eb9p-5	0x1.eb851eb851eb8p-5	61	0x1.2b2dcab507cebp-17	48	0x1.775f0cde9fb6ap+5	1	21694856	gamma	gamma electron 
746   	0x1.eb851eb851eb9p-5	0x1.eb851eb851eb8p-5	61	0x1.b40b41fde0479p-16	52	0x1.b8e78c242683ap+5	1	21694856	gamma	gamma electron 
747   	0x1.eb851eb851eb9p-5	0x1.046d8fb0c0628p-8	14	0x1.b8b316bfac87fp-16	5	0x1.0c9b0348e3e97p+6	1	21694856	e-	electron 
749   	0x1.eb851eb851eb9p-5	0x1.eb851eb851ebap-5	53	0x1.f3c002d7a03d9p-18	55	0x1.5432a43d2b05cp+5	1	21694856	gamma	gamma electron 
750   	0x1.eb851eb851eb9p-5	0x1.f47f2ddd88dccp-6	25	0x1.f822ea34f4148p-18	32	0x1.c402f851c4b63p+5	1	21694856	gamma	gamma electron 
752   	0x1.eb851eb851eb9p-5	0x1.eb851eb851ebap-5	46	0x1.ca558047e084bp-18	53	0x1.55d25bba484e1p+5	1	21694856	gamma	gamma electron 
753   	0x1.eb851eb851eb9p-5	0x1.f47f2ddd88dccp-6	24	0x1.3265460c132ddp-16	35	0x1.9a02283f45aa6p+5	1	21694856	gamma	gamma electron 
755   	0x1.eb851eb851eb9p-5	0x1.b00e5024db81dp-6	25	0x1.cc560b7d18f65p-18	18	0x1.84720ceec96ecp+5	1	21694856	gamma	gamma electron 
758   	0x1.eb851eb851eb9p-5	0x1.eb851eb851eb8p-5	60	0x1.5ae83e8b56af4p-18	65	0x1.987dd2db07636p+5	1	21694856	gamma	gamma electron 
760   	0x1.eb851eb851eb9p-5	0x1.eb851eb851ebap-5	76	0x1.c558680e906fcp-16	65	0x1.647ba5163e234p+5	1	21694856	gamma	gamma electron 
764   	0x1.eb851eb851eb9p-5	0x1.eb851eb851eb7p-5	71	0x1.5eb51790dcf2ap-18	74	0x1.5802301a5e2ffp+5	1	21694856	gamma	gamma electron 
765   	0x1.eb851eb851eb9p-5	0x1.ef1a6a0e91931p-6	36	0x1.8560635c0285bp-17	28	0x1.897c37eb7e5aep+5	1	21694856	gamma	gamma electron 
767   	0x1.eb851eb851eb9p-5	0x1.eb851eb851eb7p-5	55	0x1.e343974c03b6ap-18	70	0x1.9e9daad41bb2ap+5	1	21694856	gamma	gamma electron 
773   	0x1.eb851eb851eb9p-5	0x1.eb851eb851eb7p-5	63	0x1.89dfc539d0fafp-18	49	0x1.4ad6b0b945efp+5	1	21694856	gamma	gamma electron 
778   	0x1.eb851eb851eb9p-5	0x1.eb851eb851eb8p-5	64	0x1.098b0308b60bep-9	145	0x1.6addfed827b4ap+5	1	21694856	gamma	gamma electron 
781   	0x1.eb851eb851eb9p-5	0x1.eb851eb851eb8p-5	49	0x1.0f35402bd9efap-15	46	0x1.451e717d87743p+5	1	21694856	gamma	gamma electron 
782   	0x1.eb851eb851eb9p-5	0x1.eb851eb851eb7p-5	65	0x1.6b600e86ff3d7p-18	62	0x1.565db2286e2a9p+5	1	21694856	gamma	gamma electron 
784   	0x1.eb851eb851eb9p-5	0x1.eb851eb851ebap-5	63	0x1.5e794f6caefa9p-18	46	0x1.b0a7ba996b308p+5	1	21694856	gamma	gamma electron 
785   	0x1.eb851eb851eb9p-5	0x1.eb851eb851ebdp-5	59	0x1.52850b42f2c8ap-18	53	0x1.d656ba7a2b6aap+5	1	21694856	gamma	gamma electron 
786   	0x1.eb851eb851eb9p-5	0x1.05f672f745a9p-7	5	0x1.26a2a1a445d59p-17	5	0x1.cd4812511ac5ap+5	1	21694856	gamma	gamma electron 
788   	0x1.eb851eb851eb9p-5	0x1.ef1a6a0e91937p-6	22	0x1.be40f53aca437p-16	28	0x1.2f7ba8dcf5fd6p+5	1	21694856	gamma	gamma electron 
795   	0x1.eb851eb851eb9p-5	0x1.ef1a6a0e91934p-6	23	0x1.a839d0a20357ap-18	28	0x1.54ead4c501061p+5	1	21694856	gamma	gamma electron 
796   	0x1.eb851eb851eb9p-5	0x1.60bebbf43d3c6p-5	87	0x1.51bdcfc998186p-16	33	0x1.7a06a9b4ae2edp+5	1	21694856	gamma	gamma electron 
798   	0x1.eb851eb851eb9p-5	0x1.b11622813447ep-6	23	0x1.bc51e50cd6b83p-16	30	0x1.9998d60238173p+5	1	21694856	gamma	gamma electron 
800   	0x1.eb851eb851eb9p-5	0x1.ef1a6a0e9193p-6	29	0x1.4fa35fa6273c8p-10	29	0x1.592d559a07bc2p+5	1	21694856	gamma	gamma electron 
802   	0x1.eb851eb851eb9p-5	0x1.ef1a6a0e91934p-6	28	0x1.51b1f0d40b461p-18	24	0x1.cce38a276a3e7p+5	1	21694856	gamma	gamma electron 
806   	0x1.eb851eb851eb9p-5	0x1.eb851eb851eb8p-5	46	0x1.0afc69a76184bp-17	61	0x1.9ff9fa8c538c9p+5	1	21694856	gamma	gamma electron 
808   	0x1.eb851eb851eb9p-5	0x1.eb851eb851eb6p-5	65	0x1.a7a670e380d9ep-9	106	0x1.7a669732e0819p+5	1	21694856	gamma	gamma electron 
810   	0x1.eb851eb851eb9p-5	0x1.5f3b645a1cac5p-5	47	0x1.82c0eb21e15b8p-17	38	0x1.8084258de8b5cp+5	1	21694856	gamma	gamma electron 
815   	0x1.eb851eb851eb9p-5	0x1.ef1a6a0e9193p-6	34	0x1.567f446d6ec65p-18	31	0x1.69a566fe211bep+5	1	21694856	gamma	gamma electron 
816   	0x1.eb851eb851eb9p-5	0x1.a34ca0c282c6dp-6	24	0x1.0acac5ac6df0cp-15	32	0x1.67cab2f9f5544p+5	1	21694856	gamma	gamma electron 
818   	0x1.eb851eb851eb9p-5	0x1.eb851eb851ebap-5	50	0x1.3e50d5f3118f8p-15	49	0x1.7e8f1460f86fcp+5	1	21694856	gamma	gamma electron 
819   	0x1.eb851eb851eb9p-5	0x1.eb851eb851eb8p-5	54	0x1.6322169163ae7p-18	64	0x1.5764f41f02733p+5	1	21694856	gamma	gamma electron 
821   	0x1.eb851eb851eb9p-5	0x1.eb851eb851eb9p-5	53	0x1.092a8b17bedcdp-8	129	0x1.61c379e76df32p+5	1	21694856	gamma	gamma electron 
822   	0x1.eb851eb851eb9p-5	0x1.eb851eb851eb9p-5	67	0x1.c1721f6ae7de3p-18	60	0x1.3175394d50ff6p+5	1	21694856	gamma	gamma electron 
824   	0x1.eb851eb851eb9p-5	0x1.eb851eb851eb5p-5	60	0x1.7ad7225f7e69ap-10	155	0x1.64ef47c46b56p+5	1	21694856	gamma	gamma electron 
825   	0x1.eb851eb851eb9p-5	0x1.eb851eb851eb7p-5	44	0x1.8840d4672d3e7p-17	46	0x1.66d2a1fb0723dp+5	1	21694856	gamma	gamma electron 
826   	0x1.eb851eb851eb9p-5	0x1.ef1a6a0e91933p-6	23	0x1.60bada85b4821p-18	20	0x1.03efd7a50d466p+6	1	21694856	gamma	gamma electron 
829   	0x1.eb851eb851eb9p-5	0x1.eb851eb851ebdp-5	57	0x1.905ce7ed43ee7p-17	48	0x1.5d2863ac4e805p+5	1	21694856	gamma	gamma electron 
834   	0x1.eb851eb851eb9p-5	0x1.eb851eb851ebbp-5	57	0x1.0201bc3234adp-17	52	0x1.4273597e96ea7p+5	1	21694856	gamma	gamma electron 
835   	0x1.eb851eb851eb9p-5	0x1.f47f2ddd88dcep-6	26	0x1.d14f13cfd62e5p-13	21	0x1.ec6b002ed29b5p+5	1	21694856	gamma	gamma electron 
836   	0x1.eb851eb851eb9p-5	0x1.eb851eb851eb9p-5	58	0x1.7366159c3255p-18	58	0x1.3c879b8f8e71fp+5	1	21694856	gamma	gamma electron 
837   	0x1.eb851eb851eb9p-5	0x1.0fb7eb4e79212p-5	25	0x1.718c49b5b9a5cp-15	31	0x1.4cd1f84702c9ap+5	1	21694856	e-	electron 
838   	0x1.eb851eb851eb9p-5	0x1.eb851eb851eb8p-5	54	0x1.5516fc26358d9p-18	67	0x1.940766274b361p+5	1	21694856	gamma	gamma electron 
839   	0x1.eb851eb851eb9p-5	0x1.eb851eb851eb8p-5	44	0x1.f1594bbafe6dfp-16	57	0x1.728473f0744cfp+5	1	21694856	gamma	gamma electron 
844   	0x1.eb851eb851eb9p-5	0x1.f47f2ddd88dcep-6	41	0x1.c37d298aaf646p-18	35	0x1.18345dd0c90fp+5	1	21694856	gamma	gamma electron 
847   	0x1.eb851eb851eb9p-5	0x1.eb851eb851eb9p-5	54	0x1.ff3413a8791dp-18	60	0x1.a7fbfca549c3cp+5	1	21694856	gamma	gamma electron 
852   	0x1.eb851eb851eb9p-5	0x1.eb851eb851ebcp-5	58	0x1.ea8af4ef9e9aap-18	57	0x1.7ac3d4adff81ep+5	1	21694856	gamma	gamma electron 
854   	0x1.eb851eb851eb9p-5	0x1.ef1a6a0e91937p-6	30	0x1.b11f66fb0e02bp-18	35	0x1.4d4f54b36a821p+5	1	21694856	gamma	gamma electron 
857   	0x1.eb851eb851eb9p-5	0x1.eb851eb851eb8p-5	65	0x1.4e3f026506ff9p-17	63	0x1.46c20a172cf1fp+5	1	21694856	gamma	gamma electron 
858   	0x1.eb851eb851eb9p-5	0x1.eb851eb851ebap-5	62	0x1.a700ebbea84cbp-18	62	0x1.808f5e64a36b8p+5	1	21694856	gamma	gamma electron 
860   	0x1.eb851eb851eb9p-5	0x1.eb851eb851ebcp-5	99	0x1.7307f50e25708p-16	66	0x1.48092ef620ab6p+5	1	21694856	gamma	gamma electron 
861   	0x1.eb851eb851eb9p-5	0x1.eb851eb851eb8p-5	41	0x1.652a840a37468p-18	72	0x1.5480716cf5187p+5	1	21694856	gamma	gamma electron 
865   	0x1.eb851eb851eb9p-5	0x1.eb851eb851ebap-5	59	0x1.efa70939083bbp-15	50	0x1.6b5b5e6f86e5dp+5	1	21694856	gamma	gamma electron 
872   	0x1.eb851eb851eb9p-5	0x1.eb851eb851eb8p-5	53	0x1.b323922534175p-18	65	0x1.5d65bbe3e75adp+5	1	21694856	gamma	gamma electron 
874   	0x1.eb851eb851eb9p-5	0x1.eb851eb851ebfp-5	59	0x1.a0438b2e90c2ep-18	75	0x1.4a83c7242aed2p+5	1	21694856	gamma	gamma electron 
875   	0x1.eb851eb851eb9p-5	0x1.eb851eb851eb8p-5	54	0x1.6ac3cd616c53bp-18	48	0x1.5aae05b022e42p+5	1	21694856	gamma	gamma electron 
876   	0x1.eb851eb851eb9p-5	0x1.eb851eb851eb9p-5	68	0x1.d084adadc283cp-14	51	0x1.4d489965e8f93p+5	1	21694856	gamma	gamma electron 
879   	0x1.eb851eb851eb9p-5	0x1.eb851eb851eb7p-5	47	0x1.b918c73a6b23p-10	66	0x1.805dccafb4dd1p+5	1	21694856	gamma	gamma electron 
883   	0x1.eb851eb851eb9p-5	0x1.eb851eb851eb7p-5	57	0x1.bb0bb4d79486fp-18	51	0x1.aaae2db828569p+5	1	21694856	gamma	gamma electron 
884   	0x1.eb851eb851eb9p-5	0x1.eb851eb851eb6p-5	67	0x1.2402960c07cc4p-16	37	0x1.0b89544ce62a3p+5	1	21694856	gamma	gamma electron 
887   	0x1.eb851eb851eb9p-5	0x1.eb851eb851eb9p-5	58	0x1.4dd10e2ebef19p-14	59	0x1.1e8fb0f0aa9a9p+5	1	21694856	gamma	gamma electron 
890   	0x1.eb851eb851eb9p-5	0x1.eb851eb851ebbp-5	59	0x1.58508fc5554f6p-17	55	0x1.364e887986323p+5	1	21694856	gamma	gamma electron 
893   	0x1.eb851eb851eb9p-5	0x1.eb851eb851eb7p-5	68	0x1.7236f70d7d03dp-18	66	0x1.69d2278dfcb33p+5	1	21694856	gamma	gamma electron 
894   	0x1.eb851eb851eb9p-5	0x1.eb851eb851eb8p-5	57	0x1.964c7ac1090b4p-18	58	0x1.fdcbe9d6ad3fep+4	1	21694856	gamma	gamma electron 
900   	0x1.eb851eb851eb9p-5	0x1.eb851eb851eb8p-5	58	0x1.d28e9ef6dcae1p-18	72	0x1.61948620dc7eep+5	1	21694856	gamma	gamma electron 
901   	0x1.eb851eb851eb9p-5	0x1.b00e5024db81bp-6	21	0x1.2fc26b90189d9p-16	42	0x1.65e3a4bc4ae2bp+5	1	21694856	gamma	gamma electron 
902   	0x1.eb851eb851eb9p-5	0x1.8ca989119d9a4p-7	8	0x1.f89299bdbfec5p-13	10	0x1.2a85575b6047p+5	1	21694856	gamma	gamma electron 
904   	0x1.eb851eb851eb9p-5	0x1.ef1a6a0e91933p-6	21	0x1.570029c6a6218p-18	35	0x1.9b03ddd6b2ffp+5	1	21694856	gamma	gamma electron 
912   	0x1.eb851eb851eb9p-5	0x1.658fa3a82273ep-6	17	0x1.5eef836a6d0efp-11	14	0x1.bb5efcc3f7182p+5	1	21694856	gamma	gamma electron 
913   	0x1.eb851eb851eb9p-5	0x1.eb851eb851ebbp-5	53	0x1.843ebb75c3357p-10	120	0x1.8696a22603f8ap+5	1	21694856	gamma	gamma electron 
914   	0x1.eb851eb851eb9p-5	0x1.eb851eb851ebap-5	53	0x1.41e4054533878p-17	50	0x1.7201eda552ec8p+5	1	21694856	gamma	gamma electron 
921   	0x1.eb851eb851eb9p-5	0x1.d9c193bd18661p-5	73	0x1.bd986d79a0162p-15	47	0x1.5cba6c81fbcf7p+5	1	21694856	gamma	gamma electron 
928   	0x1.eb851eb851eb9p-5	0x1.eb851eb851eb5p-5	66	0x1.59ed786603891p-17	50	0x1.a8981f1363fb1p+5	1	21694856	gamma	gamma electron 
931   	0x1.eb851eb851eb9p-5	0x1.ef1a6a0e91938p-6	31	0x1.44ac55683c86cp-16	38	0x1.24a5d3973d423p+5	1	21694856	gamma	gamma electron 
932   	0x1.eb851eb851eb9p-5	0x1.eb851eb851eb5p-5	60	0x1.8f1a13ddf5299p-18	58	0x1.a8a600c569995p+5	1	21694856	gamma	gamma electron 
936   	0x1.eb851eb851eb9p-5	0x1.eb851eb851ebap-5	55	0x1.688fadd52c9a4p-18	53	0x1.35319437de088p+5	1	21694856	gamma	gamma electron 
937   	0x1.eb851eb851eb9p-5	0x1.ef1a6a0e91936p-6	27	0x1.a783a8414ad6fp-17	34	0x1.b472b7672b431p+5	1	21694856	gamma	gamma electron 
939   	0x1.eb851eb851eb9p-5	0x1.eb851eb851eb7p-5	78	0x1.9700faa0d2f0ep-18	43	0x1.7cdc2c6eb2791p+5	1	21694856	gamma	gamma electron 
941   	0x1.eb851eb851eb9p-5	0x1.eb851eb851eb9p-5	57	0x1.1e9036f831b62p-16	48	0x1.94706270b2a6bp+5	1	21694856	gamma	gamma electron 
942   	0x1.eb851eb851eb9p-5	0x1.eb851eb851eb4p-5	56	0x1.c5f3a4d379215p-18	60	0x1.6d784c9cb9b11p+5	1	21694856	gamma	gamma electron 
943   	0x1.eb851eb851eb9p-5	0x1.eb851eb851ebcp-5	46	0x1.249ec1d484917p-17	49	0x1.23c3d38014e14p+5	1	21694856	gamma	gamma electron 
946   	0x1.eb851eb851eb9p-5	0x1.8285441b30672p-7	35	0x1.c2309e49125b3p-14	11	0x1.fb794a3265cdap+5	1	21694856	e-	electron 
948   	0x1.eb851eb851eb9p-5	0x1.eb851eb851ebcp-5	59	0x1.418bb5ce4e5fp-17	73	0x1.465430d7839ffp+5	1	21694856	gamma	gamma electron 
951   	0x1.eb851eb851eb9p-5	0x1.eb851eb851eb7p-5	60	0x1.0a64f8a7c2662p-17	44	0x1.cd17b5eb31af2p+5	1	21694856	gamma	gamma electron 
954   	0x1.eb851eb851eb9p-5	0x1.eb851eb851eb8p-5	73	0x1.5340967353815p-10	72	0x1.407a03677641cp+5	1	21694856	gamma	gamma electron 
962   	0x1.eb851eb851eb9p-5	0x1.eb851eb851eb8p-5	53	0x1.1ee21ef070c6cp-17	60	0x1.5d9b962edb3d4p+5	1	21694856	gamma	gamma electron 
964   	0x1.eb851eb851eb9p-5	0x1.ef1a6a0e91934p-6	32	0x1.a375b4917d9ccp-18	27	0x1.05882141bfc03p+6	1	21694856	gamma	gamma electron 
967   	0x1.eb851eb851eb9p-5	0x1.eb851eb851eb6p-5	53	0x1.f0452dbb0a52fp-12	46	0x1.119f15d810523p+5	1	21694856	gamma	gamma electron 
968   	0x1.eb851eb851eb9p-5	0x1.eb851eb851eb5p-5	74	0x1.614762b9e0335p-17	74	0x1.43f8ed02fdd4ep+5	1	21694856	gamma	gamma electron 
969   	0x1.eb851eb851eb9p-5	0x1.eb851eb851eb9p-5	58	0x1.c8a0947bc06cap-18	62	0x1.31e60f2c0e658p+5	1	21694856	gamma	gamma electron 
972   	0x1.eb851eb851eb9p-5	0x1.be85e22cb0622p-7	19	0x1.d8595161965d6p-18	13	0x1.6d23fab8c4b61p+5	1	21694856	gamma	gamma electron 
973   	0x1.eb851eb851eb9p-5	0x1.eb851eb851eb8p-5	56	0x1.d979b5650e216p-10	89	0x1.3cafdac7e6458p+5	1	21694856	gamma	gamma electron 
978   	0x1.eb851eb851eb9p-5	0x1.eb851eb851eb9p-5	62	0x1.b074057457c7ep-18	63	0x1.b2bd569431efdp+5	1	21694856	gamma	gamma electron 
980   	0x1.eb851eb851eb9p-5	0x1.eb851eb851eb6p-5	56	0x1.074a0a83739bbp-17	58	0x1.42cab55250fb5p+5	1	21694856	gamma	gamma electron 
981   	0x1.eb851eb851eb9p-5	0x1.d18ed2cf0baacp-5	75	0x1.3d67aa64f5185p-15	65	0x1.92a3577202078p+5	1	21694856	gamma	gamma electron 
983   	0x1.eb851eb851eb9p-5	0x1.eb851eb851eb8p-5	41	0x1.5ca782b83fe8p-18	76	0x1.30a51a438d77ep+5	1	21694856	gamma	gamma electron 
984   	0x1.eb851eb851eb9p-5	0x1.ef1a6a0e91934p-6	23	0x1.1423c1ae388f9p-17	25	0x1.564cc7014f0bap+5	1	21694856	gamma	gamma electron 
987   	0x1.eb851eb851eb9p-5	0x1.f47f2ddd88dcbp-6	22	0x1.877abfa0c2d7cp-17	36	0x1.729806e034eb2p+5	1	21694856	gamma	gamma electron 
988   	0x1.eb851eb851eb9p-5	0x1.eb851eb851ebdp-5	69	0x1.8289f6f3e0d45p-18	62	0x1.74524b874eabep+5	1	21694856	gamma	gamma electron 
989   	0x1.eb851eb851eb9p-5	0x1.eb851eb851eb7p-5	40	0x1.b396cf11b19cp-16	51	0x1.a74f291a87951p+5	1	21694856	gamma	gamma electron 
992   	0x1.eb851eb851eb9p-5	0x1.73bede8c9462dp-8	15	0x1.0c7ce34800fa6p-9	2	0x1.4a4e256ae2a8p+6	1	21694856	e-	electron 
994   	0x1.eb851eb851eb9p-5	0x1.eb851eb851eb8p-5	70	0x1.7e2076ca991f2p-17	59	0x1.8d708792984f9p+5	1	21694856	gamma	gamma electron 
995   	0x1.eb851eb851eb9p-5	0x1.eb851eb851eb7p-5	51	0x1.d8b48f7ba11aep-18	71	0x1.835fae7e34ffp+5	1	21694856	gamma	gamma electron 
996   	0x1.eb851eb851eb9p-5	0x1.eb851eb851eb7p-5	63	0x1.ad79fdaaee536p-17	52	0x1.965d1d4904b6fp+5	1	21694856	gamma	gamma electron 
997   	0x1.eb851eb851eb9p-5	0x1.eb851eb851eb8p-5	57	0x1.6b56c507ec4c8p-18	51	0x1.6413b39a53f68p+5	1	21694856	gamma	gamma electron 
