Environment variable "G4FORCE_RUN_MANAGER_TYPE" enabled with value == Serial. Forcing G4RunManager type...

        ############################################
        !!! WARNING - FPE detection is activated !!!
        ############################################


          ################################
          !!! G4Backtrace is activated !!!
          ################################


**************************************************************
 Geant4 version Name: geant4-11-02-ref-09    (31-October-2024)
                       Copyright : Geant4 Collaboration
                      References : NIM A 506 (2003), 250-303
                                 : IEEE-TNS 53 (2006), 270-278
                                 : NIM A 835 (2016), 186-225
                             WWW : http://geant4.org/
**************************************************************

<<< Geant4 Physics List simulation engine: FTFP_BERT

      ********************************************************* 
      ********** processes are wrapped for biasing ************ 
      ********************************************************* 
Parallel World `parallelWorldForSlices' constructed.
--- G4CoupledTransportation is used 

 hInelastic FTFP_BERT : threshold between BERT and FTFP is over the interval 
 for pions :   3 to 6 GeV
 for kaons :   3 to 6 GeV
 for proton :  3 to 6 GeV
 for neutron : 3 to 6 GeV

### Adding tracking cuts for neutron  TimeCut(ns)= 10000  KinEnergyCut(MeV)= 0

-------- WWWW ------- G4Exception-START -------- WWWW -------
*** G4Exception : BIAS.GEN.28
      issued by : G4BiasingHelper::AddBiasingProcessLimiter()
Trying to re-add a G4ParallelGeometriesLimiterProcess process 
to the process manager for 'neutron (PDG : 2112 ) while one is already present.
Call ignored.

*** This is just a warning message. ***
-------- WWWW -------- G4Exception-END --------- WWWW -------

           neutron : biasWrapper(0) 
Visualization Manager instantiating with verbosity "warnings (3)"...
Visualization Manager initialising...
Registering graphics systems...

You have successfully registered the following graphics systems.
Registered graphics systems are:
  ASCIITree (ATree)
  DAWNFILE (DAWNFILE)
  G4HepRepFile (HepRepFile)
  RayTracer (RayTracer)
  VRML2FILE (VRML2FILE)
  gMocrenFile (gMocrenFile)
  TOOLSSG_OFFSCREEN (TSG_OFFSCREEN, TSG_FILE)
  OpenGLImmediateQt (OGLIQt, OGLI)
  OpenGLStoredQt (OGLSQt, OGL, OGLS)
  OpenGLImmediateXm (OGLIXm, OGLIQt_FALLBACK)
  OpenGLStoredXm (OGLSXm, OGLSQt_FALLBACK)
  OpenGLImmediateX (OGLIX, OGLIQt_FALLBACK, OGLIXm_FALLBACK)
  OpenGLStoredX (OGLSX, OGLSQt_FALLBACK, OGLSXm_FALLBACK)
  RayTracerX (RayTracerX)
  Qt3D (Qt3D)
  TOOLSSG_X11_GLES (TSG_X11_GLES, TSGX11, TSG_XT_GLES_FALLBACK)
  TOOLSSG_X11_ZB (TSG_X11_ZB, TSGX11ZB)
  TOOLSSG_XT_GLES (TSG_XT_GLES, TSGXt, TSG_QT_GLES_FALLBACK)
  TOOLSSG_XT_ZB (TSG_XT_ZB, TSGXtZB)
  TOOLSSG_QT_GLES (TSG_QT_GLES, TSGQt, TSG)
  TOOLSSG_QT_ZB (TSG_QT_ZB, TSGQtZB)
You may choose a graphics system (driver) with a parameter of
the command "/vis/open" or "/vis/sceneHandler/create",
or you may omit the driver parameter and choose at run time:
- by argument in the construction of G4VisExecutive
- by environment variable "G4VIS_DEFAULT_DRIVER"
- by entry in "~/.g4session"
- by build flags.
- Note: This feature is not allowed in batch mode.
For further information see "examples/basic/B1/exampleB1.cc"
and "vis.mac".

Registering model factories...

You have successfully registered the following model factories.
Registered model factories:
  generic
  drawByAttribute
  drawByCharge
  drawByOriginVolume
  drawByParticleID
  drawByEncounteredVolume

Registered models:
  None

Registered filter factories:
  attributeFilter
  chargeFilter
  originVolumeFilter
  particleFilter
  encounteredVolumeFilter

Registered filters:
  None

You have successfully registered the following user vis actions.
Run Duration User Vis Actions: none
End of Event User Vis Actions: none
End of Run User Vis Actions: none

Some /vis commands (optionally) take a string to specify colour.
"/vis/list" to see available colours.
=======================================================================
======                 Electromagnetic Physics Parameters      ========
=======================================================================
LPM effect enabled                                 1
Enable creation and use of sampling tables         0
Apply cuts on all EM processes                     0
Use combined TransportationWithMsc                 Disabled
Use general process                                1
Enable linear polarisation for gamma               0
Enable photoeffect sampling below K-shell          1
Enable sampling of quantum entanglement            0
X-section factor for integral approach             0.8
Min kinetic energy for tables                      100 eV 
Max kinetic energy for tables                      100 TeV
Number of bins per decade of a table               7
Verbose level                                      1
Verbose level for worker thread                    0
Bremsstrahlung energy threshold above which 
  primary e+- is added to the list of secondary    100 TeV
Bremsstrahlung energy threshold above which primary
  muon/hadron is added to the list of secondary    100 TeV
Positron annihilation at rest model                SimplePositronium
Enable 3 gamma annihilation on fly                 0
Lowest triplet kinetic energy                      1 MeV
Enable sampling of gamma linear polarisation       0
5D gamma conversion model type                     0
5D gamma conversion model on isolated ion          0
Use Ricardo-Gerardo pair production model          0
Livermore data directory                           epics_2017
=======================================================================
======                 Ionisation Parameters                   ========
=======================================================================
Step function for e+-                              (0.2, 1 mm)
Step function for muons/hadrons                    (0.2, 0.1 mm)
Step function for light ions                       (0.2, 0.1 mm)
Step function for general ions                     (0.2, 0.1 mm)
Lowest e+e- kinetic energy                         1 keV
Lowest muon/hadron kinetic energy                  1 keV
Use ICRU90 data                                    0
Fluctuations of dE/dx are enabled                  1
Type of fluctuation model for leptons and hadrons  Urban
Use built-in Birks satuaration                     0
Build CSDA range enabled                           0
Use cut as a final range enabled                   0
Enable angular generator interface                 0
Max kinetic energy for CSDA tables                 1 GeV
Max kinetic energy for NIEL computation            0 eV 
Linear loss limit                                  0.01
Read data from file for e+e- pair production by mu 0
=======================================================================
======                 Multiple Scattering Parameters          ========
=======================================================================
Type of msc step limit algorithm for e+-           1
Type of msc step limit algorithm for muons/hadrons 0
Msc lateral displacement for e+- enabled           1
Msc lateral displacement for muons and hadrons     0
Urban msc model lateral displacement alg96         1
Range factor for msc step limit for e+-            0.04
Range factor for msc step limit for muons/hadrons  0.2
Geometry factor for msc step limitation of e+-     2.5
Safety factor for msc step limit for e+-           0.6
Skin parameter for msc step limitation of e+-      1
Lambda limit for msc step limit for e+-            1 mm
Use Mott correction for e- scattering              0
Factor used for dynamic computation of angular 
  limit between single and multiple scattering     1
Fixed angular limit between single 
  and multiple scattering                          3.1416 rad
Upper energy limit for e+- multiple scattering     100 MeV
Type of electron single scattering model           0
Type of nuclear form-factor                        1
Screening factor                                   1
=======================================================================

phot:  for gamma SubType=12 BuildTable=0
      LambdaPrime table from 200 keV to 100 TeV in 61 bins 
      ===== EM models for the G4Region  DefaultRegionForTheWorld ======
 LivermorePhElectric : Emin=    0 eV  Emax=  100 TeV  SauterGavrila Fluo

compt:  for gamma SubType=13 BuildTable=1
      Lambda table from 100 eV  to 1 MeV, 7 bins/decade, spline: 1
      LambdaPrime table from 1 MeV to 100 TeV in 56 bins 
      ===== EM models for the G4Region  DefaultRegionForTheWorld ======
       Klein-Nishina : Emin=    0 eV  Emax=  100 TeV

conv:  for gamma SubType=14 BuildTable=1
      Lambda table from 1.022 MeV to 100 TeV, 18 bins/decade, spline: 1
      ===== EM models for the G4Region  DefaultRegionForTheWorld ======
     BetheHeitlerLPM : Emin=    0 eV  Emax=  100 TeV  ModifiedTsai

Rayl:  for gamma SubType=11 BuildTable=1
      Lambda table from 100 eV  to 150 keV, 7 bins/decade, spline: 0
      LambdaPrime table from 150 keV to 100 TeV in 62 bins 
      ===== EM models for the G4Region  DefaultRegionForTheWorld ======
   LivermoreRayleigh : Emin=    0 eV  Emax=  100 TeV  CullenGenerator

msc:  for e-  SubType= 10
      ===== EM models for the G4Region  DefaultRegionForTheWorld ======
            UrbanMsc : Emin=    0 eV  Emax=  100 MeV Nbins=42 100 eV  - 100 MeV
          StepLim=UseSafety Rfact=0.04 Gfact=2.5 Sfact=0.6 DispFlag:1 Skin=1 Llim=1 mm
        WentzelVIUni : Emin=  100 MeV Emax=  100 TeV Nbins=42 100 MeV - 100 TeV
          StepLim=UseSafety Rfact=0.04 Gfact=2.5 Sfact=0.6 DispFlag:1 Skin=1 Llim=1 mm

eIoni:  for e-  XStype:3  SubType=2
      dE/dx and range tables from 100 eV  to 100 TeV in 84 bins
      Lambda tables from threshold to 100 TeV, 7 bins/decade, spline: 1
      StepFunction=(0.2, 1 mm), integ: 3, fluct: 1, linLossLim= 0.01
      ===== EM models for the G4Region  DefaultRegionForTheWorld ======
        MollerBhabha : Emin=    0 eV  Emax=  100 TeV

eBrem:  for e-  XStype:4  SubType=3
      dE/dx and range tables from 100 eV  to 100 TeV in 84 bins
      Lambda tables from threshold to 100 TeV, 7 bins/decade, spline: 1
      LPM flag: 1 for E > 1 GeV,  VertexHighEnergyTh(GeV)= 100000
      ===== EM models for the G4Region  DefaultRegionForTheWorld ======
             eBremSB : Emin=    0 eV  Emax=    1 GeV  ModifiedTsai
            eBremLPM : Emin=    1 GeV Emax=  100 TeV  ModifiedTsai

CoulombScat:  for e- XStype:1 SubType=1 BuildTable=1
      Lambda table from 100 MeV to 100 TeV, 7 bins/decade, spline: 0
      ThetaMin(p) < Theta(degree) < 180, pLimit(GeV^1)= 0.139531
      ===== EM models for the G4Region  DefaultRegionForTheWorld ======
  eCoulombScattering : Emin=  100 MeV Emax=  100 TeV

msc:  for e+  SubType= 10
      ===== EM models for the G4Region  DefaultRegionForTheWorld ======
            UrbanMsc : Emin=    0 eV  Emax=  100 MeV Nbins=42 100 eV  - 100 MeV
          StepLim=UseSafety Rfact=0.04 Gfact=2.5 Sfact=0.6 DispFlag:1 Skin=1 Llim=1 mm
        WentzelVIUni : Emin=  100 MeV Emax=  100 TeV Nbins=42 100 MeV - 100 TeV
          StepLim=UseSafety Rfact=0.04 Gfact=2.5 Sfact=0.6 DispFlag:1 Skin=1 Llim=1 mm

eIoni:  for e+  XStype:3  SubType=2
      dE/dx and range tables from 100 eV  to 100 TeV in 84 bins
      Lambda tables from threshold to 100 TeV, 7 bins/decade, spline: 1
      StepFunction=(0.2, 1 mm), integ: 3, fluct: 1, linLossLim= 0.01
      ===== EM models for the G4Region  DefaultRegionForTheWorld ======
        MollerBhabha : Emin=    0 eV  Emax=  100 TeV

eBrem:  for e+  XStype:4  SubType=3
      dE/dx and range tables from 100 eV  to 100 TeV in 84 bins
      Lambda tables from threshold to 100 TeV, 7 bins/decade, spline: 1
      LPM flag: 1 for E > 1 GeV,  VertexHighEnergyTh(GeV)= 100000
      ===== EM models for the G4Region  DefaultRegionForTheWorld ======
             eBremSB : Emin=    0 eV  Emax=    1 GeV  ModifiedTsai
            eBremLPM : Emin=    1 GeV Emax=  100 TeV  ModifiedTsai

annihil:  for e+ XStype:2 SubType=5 AtRestModel:Simple BuildTable=0
      ===== EM models for the G4Region  DefaultRegionForTheWorld ======
            eplus2gg : Emin=    0 eV  Emax=  100 TeV

CoulombScat:  for e+ XStype:1 SubType=1 BuildTable=1
      Lambda table from 100 MeV to 100 TeV, 7 bins/decade, spline: 0
      ThetaMin(p) < Theta(degree) < 180, pLimit(GeV^1)= 0.139531
      ===== EM models for the G4Region  DefaultRegionForTheWorld ======
  eCoulombScattering : Emin=  100 MeV Emax=  100 TeV

msc:  for proton  SubType= 10
      ===== EM models for the G4Region  DefaultRegionForTheWorld ======
        WentzelVIUni : Emin=    0 eV  Emax=  100 TeV Nbins=84 100 eV  - 100 TeV
          StepLim=Minimal Rfact=0.2 Gfact=2.5 Sfact=0.6 DispFlag:0 Skin=1 Llim=1 mm

hIoni:  for proton  XStype:3  SubType=2
      dE/dx and range tables from 100 eV  to 100 TeV in 84 bins
      Lambda tables from threshold to 100 TeV, 7 bins/decade, spline: 1
      StepFunction=(0.2, 0.1 mm), integ: 3, fluct: 1, linLossLim= 0.01
      ===== EM models for the G4Region  DefaultRegionForTheWorld ======
               Bragg : Emin=    0 eV  Emax=    2 MeV
          BetheBloch : Emin=    2 MeV Emax=  100 TeV

hBrems:  for proton  XStype:1  SubType=3
      dE/dx and range tables from 100 eV  to 100 TeV in 84 bins
      Lambda tables from threshold to 100 TeV, 7 bins/decade, spline: 1
      ===== EM models for the G4Region  DefaultRegionForTheWorld ======
               hBrem : Emin=    0 eV  Emax=  100 TeV  ModifiedMephi

hPairProd:  for proton  XStype:1  SubType=4
      dE/dx and range tables from 100 eV  to 100 TeV in 84 bins
      Lambda tables from threshold to 100 TeV, 7 bins/decade, spline: 1
      Sampling table 17x1001 from 7.50618 GeV to 100 TeV 
      ===== EM models for the G4Region  DefaultRegionForTheWorld ======
           hPairProd : Emin=    0 eV  Emax=  100 TeV  ModifiedMephi

CoulombScat:  for proton XStype:1 SubType=1 BuildTable=1
      Lambda table from threshold  to 100 TeV, 7 bins/decade, spline: 0
      ThetaMin(p) < Theta(degree) < 180, pLimit(GeV^1)= 0.139531
      ===== EM models for the G4Region  DefaultRegionForTheWorld ======
  eCoulombScattering : Emin=    0 eV  Emax=  100 TeV

msc:  for GenericIon  SubType= 10
      ===== EM models for the G4Region  DefaultRegionForTheWorld ======
            UrbanMsc : Emin=    0 eV  Emax=  100 TeV
          StepLim=Minimal Rfact=0.2 Gfact=2.5 Sfact=0.6 DispFlag:0 Skin=1 Llim=1 mm

ionIoni:  for GenericIon  XStype:3  SubType=2
      dE/dx and range tables from 100 eV  to 100 TeV in 84 bins
      Lambda tables from threshold to 100 TeV, 7 bins/decade, spline: 1
      StepFunction=(0.2, 0.1 mm), integ: 3, fluct: 1, linLossLim= 0.02
      ===== EM models for the G4Region  DefaultRegionForTheWorld ======
            BraggIon : Emin=    0 eV  Emax=    2 MeV
          BetheBloch : Emin=    2 MeV Emax=  100 TeV

msc:  for alpha  SubType= 10
      ===== EM models for the G4Region  DefaultRegionForTheWorld ======
            UrbanMsc : Emin=    0 eV  Emax=  100 TeV
          StepLim=Minimal Rfact=0.2 Gfact=2.5 Sfact=0.6 DispFlag:0 Skin=1 Llim=1 mm

ionIoni:  for alpha  XStype:3  SubType=2
      dE/dx and range tables from 100 eV  to 100 TeV in 84 bins
      Lambda tables from threshold to 100 TeV, 7 bins/decade, spline: 1
      StepFunction=(0.2, 0.1 mm), integ: 3, fluct: 1, linLossLim= 0.02
      ===== EM models for the G4Region  DefaultRegionForTheWorld ======
            BraggIon : Emin=    0 eV  Emax=7.9452 MeV
          BetheBloch : Emin=7.9452 MeV Emax=  100 TeV

msc:  for anti_proton  SubType= 10
      ===== EM models for the G4Region  DefaultRegionForTheWorld ======
        WentzelVIUni : Emin=    0 eV  Emax=  100 TeV Nbins=84 100 eV  - 100 TeV
          StepLim=Minimal Rfact=0.2 Gfact=2.5 Sfact=0.6 DispFlag:0 Skin=1 Llim=1 mm

hIoni:  for anti_proton  XStype:3  SubType=2
      dE/dx and range tables from 100 eV  to 100 TeV in 84 bins
      Lambda tables from threshold to 100 TeV, 7 bins/decade, spline: 1
      StepFunction=(0.2, 0.1 mm), integ: 3, fluct: 1, linLossLim= 0.01
      ===== EM models for the G4Region  DefaultRegionForTheWorld ======
            ICRU73QO : Emin=    0 eV  Emax=    2 MeV
          BetheBloch : Emin=    2 MeV Emax=  100 TeV

hBrems:  for anti_proton  XStype:1  SubType=3
      dE/dx and range tables from 100 eV  to 100 TeV in 84 bins
      Lambda tables from threshold to 100 TeV, 7 bins/decade, spline: 1
      ===== EM models for the G4Region  DefaultRegionForTheWorld ======
               hBrem : Emin=    0 eV  Emax=  100 TeV  ModifiedMephi

hPairProd:  for anti_proton  XStype:1  SubType=4
      dE/dx and range tables from 100 eV  to 100 TeV in 84 bins
      Lambda tables from threshold to 100 TeV, 7 bins/decade, spline: 1
      Sampling table 17x1001 from 7.50618 GeV to 100 TeV 
      ===== EM models for the G4Region  DefaultRegionForTheWorld ======
           hPairProd : Emin=    0 eV  Emax=  100 TeV  ModifiedMephi

CoulombScat:  for anti_proton XStype:1 SubType=1 BuildTable=1
      Lambda table from threshold  to 100 TeV, 7 bins/decade, spline: 0
      ThetaMin(p) < Theta(degree) < 180, pLimit(GeV^1)= 0.139531
      ===== EM models for the G4Region  DefaultRegionForTheWorld ======
  eCoulombScattering : Emin=    0 eV  Emax=  100 TeV

msc:  for kaon+  SubType= 10
      ===== EM models for the G4Region  DefaultRegionForTheWorld ======
        WentzelVIUni : Emin=    0 eV  Emax=  100 TeV Nbins=84 100 eV  - 100 TeV
          StepLim=Minimal Rfact=0.2 Gfact=2.5 Sfact=0.6 DispFlag:0 Skin=1 Llim=1 mm

hIoni:  for kaon+  XStype:3  SubType=2
      dE/dx and range tables from 100 eV  to 100 TeV in 84 bins
      Lambda tables from threshold to 100 TeV, 7 bins/decade, spline: 1
      StepFunction=(0.2, 0.1 mm), integ: 3, fluct: 1, linLossLim= 0.01
      ===== EM models for the G4Region  DefaultRegionForTheWorld ======
               Bragg : Emin=    0 eV  Emax=1.05231 MeV
          BetheBloch : Emin=1.05231 MeV Emax=  100 TeV

hBrems:  for kaon+  XStype:1  SubType=3
      dE/dx and range tables from 100 eV  to 100 TeV in 84 bins
      Lambda tables from threshold to 100 TeV, 7 bins/decade, spline: 1
      ===== EM models for the G4Region  DefaultRegionForTheWorld ======
               hBrem : Emin=    0 eV  Emax=  100 TeV  ModifiedMephi

hPairProd:  for kaon+  XStype:1  SubType=4
      dE/dx and range tables from 100 eV  to 100 TeV in 84 bins
      Lambda tables from threshold to 100 TeV, 7 bins/decade, spline: 1
      Sampling table 18x1001 from 3.94942 GeV to 100 TeV 
      ===== EM models for the G4Region  DefaultRegionForTheWorld ======
           hPairProd : Emin=    0 eV  Emax=  100 TeV  ModifiedMephi

CoulombScat:  for kaon+ XStype:1 SubType=1 BuildTable=1
      Lambda table from threshold  to 100 TeV, 7 bins/decade, spline: 0
      ThetaMin(p) < Theta(degree) < 180, pLimit(GeV^1)= 0.139531
      ===== EM models for the G4Region  DefaultRegionForTheWorld ======
  eCoulombScattering : Emin=    0 eV  Emax=  100 TeV

msc:  for kaon-  SubType= 10
      ===== EM models for the G4Region  DefaultRegionForTheWorld ======
        WentzelVIUni : Emin=    0 eV  Emax=  100 TeV Nbins=84 100 eV  - 100 TeV
          StepLim=Minimal Rfact=0.2 Gfact=2.5 Sfact=0.6 DispFlag:0 Skin=1 Llim=1 mm

hIoni:  for kaon-  XStype:3  SubType=2
      dE/dx and range tables from 100 eV  to 100 TeV in 84 bins
      Lambda tables from threshold to 100 TeV, 7 bins/decade, spline: 1
      StepFunction=(0.2, 0.1 mm), integ: 3, fluct: 1, linLossLim= 0.01
      ===== EM models for the G4Region  DefaultRegionForTheWorld ======
            ICRU73QO : Emin=    0 eV  Emax=1.05231 MeV
          BetheBloch : Emin=1.05231 MeV Emax=  100 TeV

hBrems:  for kaon-  XStype:1  SubType=3
      dE/dx and range tables from 100 eV  to 100 TeV in 84 bins
      Lambda tables from threshold to 100 TeV, 7 bins/decade, spline: 1
      ===== EM models for the G4Region  DefaultRegionForTheWorld ======
               hBrem : Emin=    0 eV  Emax=  100 TeV  ModifiedMephi

hPairProd:  for kaon-  XStype:1  SubType=4
      dE/dx and range tables from 100 eV  to 100 TeV in 84 bins
      Lambda tables from threshold to 100 TeV, 7 bins/decade, spline: 1
      Sampling table 18x1001 from 3.94942 GeV to 100 TeV 
      ===== EM models for the G4Region  DefaultRegionForTheWorld ======
           hPairProd : Emin=    0 eV  Emax=  100 TeV  ModifiedMephi

CoulombScat:  for kaon- XStype:1 SubType=1 BuildTable=1
      Used Lambda table of kaon+
      ThetaMin(p) < Theta(degree) < 180, pLimit(GeV^1)= 0.139531
      ===== EM models for the G4Region  DefaultRegionForTheWorld ======
  eCoulombScattering : Emin=    0 eV  Emax=  100 TeV

msc:  for mu+  SubType= 10
      ===== EM models for the G4Region  DefaultRegionForTheWorld ======
        WentzelVIUni : Emin=    0 eV  Emax=  100 TeV Nbins=84 100 eV  - 100 TeV
          StepLim=Minimal Rfact=0.2 Gfact=2.5 Sfact=0.6 DispFlag:0 Skin=1 Llim=1 mm

muIoni:  for mu+  XStype:3  SubType=2
      dE/dx and range tables from 100 eV  to 100 TeV in 84 bins
      Lambda tables from threshold to 100 TeV, 7 bins/decade, spline: 1
      StepFunction=(0.2, 0.1 mm), integ: 3, fluct: 1, linLossLim= 0.01
      ===== EM models for the G4Region  DefaultRegionForTheWorld ======
               Bragg : Emin=    0 eV  Emax=  200 keV
        MuBetheBloch : Emin=  200 keV Emax=  100 TeV

muBrems:  for mu+  XStype:1  SubType=3
      dE/dx and range tables from 100 eV  to 100 TeV in 84 bins
      Lambda tables from threshold to 100 TeV, 7 bins/decade, spline: 1
      ===== EM models for the G4Region  DefaultRegionForTheWorld ======
              MuBrem : Emin=    0 eV  Emax=  100 TeV  ModifiedMephi

muPairProd:  for mu+  XStype:1  SubType=4
      dE/dx and range tables from 100 eV  to 100 TeV in 84 bins
      Lambda tables from threshold to 100 TeV, 7 bins/decade, spline: 1
      Sampling table 21x1001 from 0.85 GeV to 100 TeV 
      ===== EM models for the G4Region  DefaultRegionForTheWorld ======
          muPairProd : Emin=    0 eV  Emax=  100 TeV  ModifiedMephi

CoulombScat:  for mu+ XStype:1 SubType=1 BuildTable=1
      Lambda table from threshold  to 100 TeV, 7 bins/decade, spline: 0
      ThetaMin(p) < Theta(degree) < 180, pLimit(GeV^1)= 0.139531
      ===== EM models for the G4Region  DefaultRegionForTheWorld ======
  eCoulombScattering : Emin=    0 eV  Emax=  100 TeV

msc:  for mu-  SubType= 10
      ===== EM models for the G4Region  DefaultRegionForTheWorld ======
        WentzelVIUni : Emin=    0 eV  Emax=  100 TeV Nbins=84 100 eV  - 100 TeV
          StepLim=Minimal Rfact=0.2 Gfact=2.5 Sfact=0.6 DispFlag:0 Skin=1 Llim=1 mm

muIoni:  for mu-  XStype:3  SubType=2
      dE/dx and range tables from 100 eV  to 100 TeV in 84 bins
      Lambda tables from threshold to 100 TeV, 7 bins/decade, spline: 1
      StepFunction=(0.2, 0.1 mm), integ: 3, fluct: 1, linLossLim= 0.01
      ===== EM models for the G4Region  DefaultRegionForTheWorld ======
            ICRU73QO : Emin=    0 eV  Emax=  200 keV
        MuBetheBloch : Emin=  200 keV Emax=  100 TeV

muBrems:  for mu-  XStype:1  SubType=3
      dE/dx and range tables from 100 eV  to 100 TeV in 84 bins
      Lambda tables from threshold to 100 TeV, 7 bins/decade, spline: 1
      ===== EM models for the G4Region  DefaultRegionForTheWorld ======
              MuBrem : Emin=    0 eV  Emax=  100 TeV  ModifiedMephi

muPairProd:  for mu-  XStype:1  SubType=4
      dE/dx and range tables from 100 eV  to 100 TeV in 84 bins
      Lambda tables from threshold to 100 TeV, 7 bins/decade, spline: 1
      Sampling table 21x1001 from 0.85 GeV to 100 TeV 
      ===== EM models for the G4Region  DefaultRegionForTheWorld ======
          muPairProd : Emin=    0 eV  Emax=  100 TeV  ModifiedMephi

CoulombScat:  for mu- XStype:1 SubType=1 BuildTable=1
      Used Lambda table of mu+
      ThetaMin(p) < Theta(degree) < 180, pLimit(GeV^1)= 0.139531
      ===== EM models for the G4Region  DefaultRegionForTheWorld ======
  eCoulombScattering : Emin=    0 eV  Emax=  100 TeV

msc:  for pi+  SubType= 10
      ===== EM models for the G4Region  DefaultRegionForTheWorld ======
        WentzelVIUni : Emin=    0 eV  Emax=  100 TeV Nbins=84 100 eV  - 100 TeV
          StepLim=Minimal Rfact=0.2 Gfact=2.5 Sfact=0.6 DispFlag:0 Skin=1 Llim=1 mm

hIoni:  for pi+  XStype:3  SubType=2
      dE/dx and range tables from 100 eV  to 100 TeV in 84 bins
      Lambda tables from threshold to 100 TeV, 7 bins/decade, spline: 1
      StepFunction=(0.2, 0.1 mm), integ: 3, fluct: 1, linLossLim= 0.01
      ===== EM models for the G4Region  DefaultRegionForTheWorld ======
               Bragg : Emin=    0 eV  Emax=297.505 keV
          BetheBloch : Emin=297.505 keV Emax=  100 TeV

hBrems:  for pi+  XStype:1  SubType=3
      dE/dx and range tables from 100 eV  to 100 TeV in 84 bins
      Lambda tables from threshold to 100 TeV, 7 bins/decade, spline: 1
      ===== EM models for the G4Region  DefaultRegionForTheWorld ======
               hBrem : Emin=    0 eV  Emax=  100 TeV  ModifiedMephi

hPairProd:  for pi+  XStype:1  SubType=4
      dE/dx and range tables from 100 eV  to 100 TeV in 84 bins
      Lambda tables from threshold to 100 TeV, 7 bins/decade, spline: 1
      Sampling table 20x1001 from 1.11656 GeV to 100 TeV 
      ===== EM models for the G4Region  DefaultRegionForTheWorld ======
           hPairProd : Emin=    0 eV  Emax=  100 TeV  ModifiedMephi

CoulombScat:  for pi+ XStype:1 SubType=1 BuildTable=1
      Lambda table from threshold  to 100 TeV, 7 bins/decade, spline: 0
      ThetaMin(p) < Theta(degree) < 180, pLimit(GeV^1)= 0.139531
      ===== EM models for the G4Region  DefaultRegionForTheWorld ======
  eCoulombScattering : Emin=    0 eV  Emax=  100 TeV

msc:  for pi-  SubType= 10
      ===== EM models for the G4Region  DefaultRegionForTheWorld ======
        WentzelVIUni : Emin=    0 eV  Emax=  100 TeV Nbins=84 100 eV  - 100 TeV
          StepLim=Minimal Rfact=0.2 Gfact=2.5 Sfact=0.6 DispFlag:0 Skin=1 Llim=1 mm

hIoni:  for pi-  XStype:3  SubType=2
      dE/dx and range tables from 100 eV  to 100 TeV in 84 bins
      Lambda tables from threshold to 100 TeV, 7 bins/decade, spline: 1
      StepFunction=(0.2, 0.1 mm), integ: 3, fluct: 1, linLossLim= 0.01
      ===== EM models for the G4Region  DefaultRegionForTheWorld ======
            ICRU73QO : Emin=    0 eV  Emax=297.505 keV
          BetheBloch : Emin=297.505 keV Emax=  100 TeV

hBrems:  for pi-  XStype:1  SubType=3
      dE/dx and range tables from 100 eV  to 100 TeV in 84 bins
      Lambda tables from threshold to 100 TeV, 7 bins/decade, spline: 1
      ===== EM models for the G4Region  DefaultRegionForTheWorld ======
               hBrem : Emin=    0 eV  Emax=  100 TeV  ModifiedMephi

hPairProd:  for pi-  XStype:1  SubType=4
      dE/dx and range tables from 100 eV  to 100 TeV in 84 bins
      Lambda tables from threshold to 100 TeV, 7 bins/decade, spline: 1
      Sampling table 20x1001 from 1.11656 GeV to 100 TeV 
      ===== EM models for the G4Region  DefaultRegionForTheWorld ======
           hPairProd : Emin=    0 eV  Emax=  100 TeV  ModifiedMephi

CoulombScat:  for pi- XStype:1 SubType=1 BuildTable=1
      Used Lambda table of pi+
      ThetaMin(p) < Theta(degree) < 180, pLimit(GeV^1)= 0.139531
      ===== EM models for the G4Region  DefaultRegionForTheWorld ======
  eCoulombScattering : Emin=    0 eV  Emax=  100 TeV

====================================================================
                  HADRONIC PROCESSES SUMMARY (verbose level 1)
-----------------------------------------------------------------------
                           Hadronic Processes for neutron
  Process: hadElastic
        Model:             hElasticCHIPS: 0 eV  ---> 100 TeV
     Cr_sctns:        G4NeutronElasticXS: 0 eV  ---> 100 TeV
  Process: neutronInelastic
        Model:                      FTFP: 3 GeV ---> 100 TeV
        Model:            BertiniCascade: 0 eV  ---> 6 GeV
     Cr_sctns:      G4NeutronInelasticXS: 0 eV  ---> 100 TeV
  Process: nCapture
        Model:               nRadCapture: 0 eV  ---> 100 TeV
     Cr_sctns:        G4NeutronCaptureXS: 0 eV  ---> 100 TeV
  Process: nKiller
-----------------------------------------------------------------------
                           Hadronic Processes for B-
  Process: hadElastic
        Model:              hElasticLHEP: 0 eV  ---> 100 TeV
     Cr_sctns:            Glauber-Gribov: 0 eV  ---> 100 TeV
  Process: B-Inelastic
        Model:                      FTFP: 0 eV  ---> 100 TeV
     Cr_sctns:            Glauber-Gribov: 0 eV  ---> 100 TeV
-----------------------------------------------------------------------
                           Hadronic Processes for D-
  Process: hadElastic
        Model:              hElasticLHEP: 0 eV  ---> 100 TeV
     Cr_sctns:            Glauber-Gribov: 0 eV  ---> 100 TeV
  Process: D-Inelastic
        Model:                      FTFP: 0 eV  ---> 100 TeV
     Cr_sctns:            Glauber-Gribov: 0 eV  ---> 100 TeV
-----------------------------------------------------------------------
                           Hadronic Processes for GenericIon
  Process: ionInelastic
        Model:  Binary Light Ion Cascade: 0 eV /n ---> 6 GeV/n
        Model:                      FTFP: 3 GeV/n ---> 100 TeV/n
     Cr_sctns:  Glauber-Gribov Nucl-nucl: 0 eV  ---> 25.6 PeV
-----------------------------------------------------------------------
                           Hadronic Processes for He3
  Process: hadElastic
        Model:              hElasticLHEP: 0 eV /n ---> 100 TeV/n
     Cr_sctns:  Glauber-Gribov Nucl-nucl: 0 eV  ---> 25.6 PeV
  Process: He3Inelastic
        Model:  Binary Light Ion Cascade: 0 eV /n ---> 6 GeV/n
        Model:                      FTFP: 3 GeV/n ---> 100 TeV/n
     Cr_sctns:  Glauber-Gribov Nucl-nucl: 0 eV  ---> 25.6 PeV
-----------------------------------------------------------------------
                           Hadronic Processes for alpha
  Process: hadElastic
        Model:              hElasticLHEP: 0 eV /n ---> 100 TeV/n
     Cr_sctns:  Glauber-Gribov Nucl-nucl: 0 eV  ---> 25.6 PeV
  Process: alphaInelastic
        Model:  Binary Light Ion Cascade: 0 eV /n ---> 6 GeV/n
        Model:                      FTFP: 3 GeV/n ---> 100 TeV/n
     Cr_sctns:  Glauber-Gribov Nucl-nucl: 0 eV  ---> 25.6 PeV
-----------------------------------------------------------------------
                           Hadronic Processes for anti_He3
  Process: hadElastic
        Model:              hElasticLHEP: 0 eV /n ---> 100.1 MeV/n
        Model:              AntiAElastic: 100 MeV/n ---> 100 TeV/n
     Cr_sctns:              AntiAGlauber: 0 eV  ---> 25.6 PeV
  Process: anti_He3Inelastic
        Model:                      FTFP: 0 eV /n ---> 100 TeV/n
     Cr_sctns:              AntiAGlauber: 0 eV  ---> 25.6 PeV
  Process: hFritiofCaptureAtRest
-----------------------------------------------------------------------
                           Hadronic Processes for anti_alpha
  Process: hadElastic
        Model:              hElasticLHEP: 0 eV /n ---> 100.1 MeV/n
        Model:              AntiAElastic: 100 MeV/n ---> 100 TeV/n
     Cr_sctns:              AntiAGlauber: 0 eV  ---> 25.6 PeV
  Process: anti_alphaInelastic
        Model:                      FTFP: 0 eV /n ---> 100 TeV/n
     Cr_sctns:              AntiAGlauber: 0 eV  ---> 25.6 PeV
  Process: hFritiofCaptureAtRest
-----------------------------------------------------------------------
                           Hadronic Processes for anti_deuteron
  Process: hadElastic
        Model:              hElasticLHEP: 0 eV /n ---> 100.1 MeV/n
        Model:              AntiAElastic: 100 MeV/n ---> 100 TeV/n
     Cr_sctns:              AntiAGlauber: 0 eV  ---> 25.6 PeV
  Process: anti_deuteronInelastic
        Model:                      FTFP: 0 eV /n ---> 100 TeV/n
     Cr_sctns:              AntiAGlauber: 0 eV  ---> 25.6 PeV
  Process: hFritiofCaptureAtRest
-------------------------------------------------------------------------
                           Hadronic Processes for anti_hypertriton
  Process: hFritiofCaptureAtRest
-----------------------------------------------------------------------
                           Hadronic Processes for anti_lambda
  Process: hadElastic
        Model:              hElasticLHEP: 0 eV  ---> 100 TeV
     Cr_sctns:            Glauber-Gribov: 0 eV  ---> 100 TeV
  Process: anti_lambdaInelastic
        Model:                      FTFP: 0 eV  ---> 100 TeV
     Cr_sctns:            Glauber-Gribov: 0 eV  ---> 100 TeV
  Process: hFritiofCaptureAtRest
-----------------------------------------------------------------------
                           Hadronic Processes for anti_neutron
  Process: hadElastic
        Model:              hElasticLHEP: 0 eV  ---> 100.1 MeV
        Model:              AntiAElastic: 100 MeV ---> 100 TeV
     Cr_sctns:              AntiAGlauber: 0 eV  ---> 25.6 PeV
  Process: anti_neutronInelastic
        Model:                      FTFP: 0 eV  ---> 100 TeV
     Cr_sctns:              AntiAGlauber: 0 eV  ---> 25.6 PeV
  Process: hFritiofCaptureAtRest
-----------------------------------------------------------------------
                           Hadronic Processes for anti_proton
  Process: hadElastic
        Model:              hElasticLHEP: 0 eV  ---> 100.1 MeV
        Model:              AntiAElastic: 100 MeV ---> 100 TeV
     Cr_sctns:              AntiAGlauber: 0 eV  ---> 25.6 PeV
  Process: anti_protonInelastic
        Model:                      FTFP: 0 eV  ---> 100 TeV
     Cr_sctns:              AntiAGlauber: 0 eV  ---> 25.6 PeV
  Process: hFritiofCaptureAtRest
-----------------------------------------------------------------------
                           Hadronic Processes for anti_triton
  Process: hadElastic
        Model:              hElasticLHEP: 0 eV /n ---> 100.1 MeV/n
        Model:              AntiAElastic: 100 MeV/n ---> 100 TeV/n
     Cr_sctns:              AntiAGlauber: 0 eV  ---> 25.6 PeV
  Process: anti_tritonInelastic
        Model:                      FTFP: 0 eV /n ---> 100 TeV/n
     Cr_sctns:              AntiAGlauber: 0 eV  ---> 25.6 PeV
  Process: hFritiofCaptureAtRest
-----------------------------------------------------------------------
                           Hadronic Processes for deuteron
  Process: hadElastic
        Model:              hElasticLHEP: 0 eV /n ---> 100 TeV/n
     Cr_sctns:  Glauber-Gribov Nucl-nucl: 0 eV  ---> 25.6 PeV
  Process: dInelastic
        Model:  Binary Light Ion Cascade: 0 eV /n ---> 6 GeV/n
        Model:                      FTFP: 3 GeV/n ---> 100 TeV/n
     Cr_sctns:  Glauber-Gribov Nucl-nucl: 0 eV  ---> 25.6 PeV
-----------------------------------------------------------------------
                           Hadronic Processes for e+
  Process: positronNuclear
        Model:   G4ElectroVDNuclearModel: 0 eV  ---> 1 PeV
     Cr_sctns:          ElectroNuclearXS: 0 eV  ---> 100 TeV
-----------------------------------------------------------------------
                           Hadronic Processes for e-
  Process: electronNuclear
        Model:   G4ElectroVDNuclearModel: 0 eV  ---> 1 PeV
     Cr_sctns:          ElectroNuclearXS: 0 eV  ---> 100 TeV
-----------------------------------------------------------------------
                           Hadronic Processes for gamma
  Process: photonNuclear
        Model:               GammaNPreco: 0 eV  ---> 200 MeV
        Model:            BertiniCascade: 199 MeV ---> 6 GeV
        Model:           TheoFSGenerator: 3 GeV ---> 100 TeV
     Cr_sctns:            GammaNuclearXS: 0 eV  ---> 100 TeV
-----------------------------------------------------------------------
                           Hadronic Processes for kaon+
  Process: hadElastic
        Model:              hElasticLHEP: 0 eV  ---> 100 TeV
     Cr_sctns:            Glauber-Gribov: 0 eV  ---> 100 TeV
  Process: kaon+Inelastic
        Model:                      FTFP: 3 GeV ---> 100 TeV
        Model:            BertiniCascade: 0 eV  ---> 6 GeV
     Cr_sctns:            Glauber-Gribov: 0 eV  ---> 100 TeV
-----------------------------------------------------------------------
                           Hadronic Processes for kaon-
  Process: hadElastic
        Model:              hElasticLHEP: 0 eV  ---> 100 TeV
     Cr_sctns:            Glauber-Gribov: 0 eV  ---> 100 TeV
  Process: kaon-Inelastic
        Model:                      FTFP: 3 GeV ---> 100 TeV
        Model:            BertiniCascade: 0 eV  ---> 6 GeV
     Cr_sctns:            Glauber-Gribov: 0 eV  ---> 100 TeV
  Process: hBertiniCaptureAtRest
-----------------------------------------------------------------------
                           Hadronic Processes for lambda
  Process: hadElastic
        Model:              hElasticLHEP: 0 eV  ---> 100 TeV
     Cr_sctns:            Glauber-Gribov: 0 eV  ---> 100 TeV
  Process: lambdaInelastic
        Model:                      FTFP: 3 GeV ---> 100 TeV
        Model:            BertiniCascade: 0 eV  ---> 6 GeV
     Cr_sctns:            Glauber-Gribov: 0 eV  ---> 100 TeV
-----------------------------------------------------------------------
                           Hadronic Processes for mu+
  Process: muonNuclear
        Model:      G4MuonVDNuclearModel: 0 eV  ---> 1 PeV
     Cr_sctns:     KokoulinMuonNuclearXS: 0 eV  ---> 100 TeV
-----------------------------------------------------------------------
                           Hadronic Processes for mu-
  Process: muonNuclear
        Model:      G4MuonVDNuclearModel: 0 eV  ---> 1 PeV
     Cr_sctns:     KokoulinMuonNuclearXS: 0 eV  ---> 100 TeV
  Process: muMinusCaptureAtRest
-----------------------------------------------------------------------
                           Hadronic Processes for pi+
  Process: hadElastic
        Model:           hElasticGlauber: 0 eV  ---> 100 TeV
     Cr_sctns:  BarashenkovGlauberGribov: 0 eV  ---> 100 TeV
  Process: pi+Inelastic
        Model:                      FTFP: 3 GeV ---> 100 TeV
        Model:            BertiniCascade: 0 eV  ---> 6 GeV
     Cr_sctns:  BarashenkovGlauberGribov: 0 eV  ---> 100 TeV
-----------------------------------------------------------------------
                           Hadronic Processes for pi-
  Process: hadElastic
        Model:           hElasticGlauber: 0 eV  ---> 100 TeV
     Cr_sctns:  BarashenkovGlauberGribov: 0 eV  ---> 100 TeV
  Process: pi-Inelastic
        Model:                      FTFP: 3 GeV ---> 100 TeV
        Model:            BertiniCascade: 0 eV  ---> 6 GeV
     Cr_sctns:  BarashenkovGlauberGribov: 0 eV  ---> 100 TeV
  Process: hBertiniCaptureAtRest
-----------------------------------------------------------------------
                           Hadronic Processes for proton
  Process: hadElastic
        Model:             hElasticCHIPS: 0 eV  ---> 100 TeV
     Cr_sctns:  BarashenkovGlauberGribov: 0 eV  ---> 100 TeV
  Process: protonInelastic
        Model:                      FTFP: 3 GeV ---> 100 TeV
        Model:            BertiniCascade: 0 eV  ---> 6 GeV
     Cr_sctns:  BarashenkovGlauberGribov: 0 eV  ---> 100 TeV
-----------------------------------------------------------------------
                           Hadronic Processes for sigma-
  Process: hadElastic
        Model:              hElasticLHEP: 0 eV  ---> 100 TeV
     Cr_sctns:            Glauber-Gribov: 0 eV  ---> 100 TeV
  Process: sigma-Inelastic
        Model:                      FTFP: 3 GeV ---> 100 TeV
        Model:            BertiniCascade: 0 eV  ---> 6 GeV
     Cr_sctns:            Glauber-Gribov: 0 eV  ---> 100 TeV
  Process: hBertiniCaptureAtRest
-----------------------------------------------------------------------
                           Hadronic Processes for triton
  Process: hadElastic
        Model:              hElasticLHEP: 0 eV /n ---> 100 TeV/n
     Cr_sctns:  Glauber-Gribov Nucl-nucl: 0 eV  ---> 25.6 PeV
  Process: tInelastic
        Model:  Binary Light Ion Cascade: 0 eV /n ---> 6 GeV/n
        Model:                      FTFP: 3 GeV/n ---> 100 TeV/n
     Cr_sctns:  Glauber-Gribov Nucl-nucl: 0 eV  ---> 25.6 PeV
### G4LevelReader: broken transition 0 from level 24 to 24 for isotope Z= 15 A= 31 the transition probability set to zero
### G4LevelReader: broken transition 0 from level 27 to 27 for isotope Z= 15 A= 31 the transition probability set to zero
### G4LevelReader: broken transition 0 from level 29 to 29 for isotope Z= 15 A= 31 the transition probability set to zero
=======================================================================
======       Geant4 Native Pre-compound Model Parameters       ========
=======================================================================
Type of pre-compound inverse x-section              1
Pre-compound model active                           1
Pre-compound excitation low energy                  100 keV
Pre-compound excitation high energy                 30 MeV
Angular generator for pre-compound model            1
Use NeverGoBack option for pre-compound model       0
Use SoftCutOff option for pre-compound model        0
Use CEM transitions for pre-compound model          1
Use GNASH transitions for pre-compound model        0
Use HETC submodel for pre-compound model            0
=======================================================================
======       Nuclear De-excitation Module Parameters           ========
=======================================================================
Type of de-excitation inverse x-section             3
Type of de-excitation factory                       Evaporation+GEM
Number of de-excitation channels                    68
Min excitation energy                               10 eV 
Min energy per nucleon for multifragmentation       200 GeV
Limit excitation energy for Fermi BreakUp           20 MeV
Level density (1/MeV)                               0.075
Use simple level density model                      1
Use discrete excitation energy of the residual      0
Time limit for long lived isomeres                  1 ns 
Isomer production flag                              1
Internal e- conversion flag                         1
Store e- internal conversion data                   1
Correlated gamma emission flag                      0
Max 2J for sampling of angular correlations         10
=======================================================================
         gamma, kinetic energy (MeV) =     0.226131, position (cm) = (-72.4774,24.8187,500),	 weight = 1.90735e-06
       neutron, kinetic energy (MeV) =      38.7572, position (cm) = (-72.9751,12.1281,500),	 weight = 1.90735e-06
       neutron, kinetic energy (MeV) =      8.36751, position (cm) = (-93.9379,17.6205,500),	 weight = 1.90735e-06
         gamma, kinetic energy (MeV) =     0.124502, position (cm) = (-13.8553,-7.44823,500),	 weight = 1.90735e-06
         gamma, kinetic energy (MeV) =      1.54115, position (cm) = (-12.0591,-4.11185,500),	 weight = 1.90735e-06
         gamma, kinetic energy (MeV) =      5.88359, position (cm) = (-13.5248,-8.00434,500),	 weight = 1.90735e-06
       neutron, kinetic energy (MeV) =      29.8135, position (cm) = (-15.1931,-10.8324,500),	 weight = 1.90735e-06
       neutron, kinetic energy (MeV) =      54.1364, position (cm) = (-13.4846,-2.15215,500),	 weight = 1.90735e-06
       neutron, kinetic energy (MeV) =      53.4279, position (cm) = (-18.9056,9.89572,500),	 weight = 1.90735e-06
         gamma, kinetic energy (MeV) =     0.359782, position (cm) = (22.4603,38.3883,500),	 weight = 1.90735e-06
         gamma, kinetic energy (MeV) =     0.544608, position (cm) = (39.1972,27.2931,500),	 weight = 1.90735e-06
       neutron, kinetic energy (MeV) =  0.000237835, position (cm) = (12.8684,36.9606,500),	 weight = 1.90735e-06
       neutron, kinetic energy (MeV) =   2.6518e-07, position (cm) = (51.6445,-11.8875,500),	 weight = 1.90735e-06
         gamma, kinetic energy (MeV) =      2.28812, position (cm) = (50.702,26.6176,500),	 weight = 1.90735e-06
         gamma, kinetic energy (MeV) =    0.0913786, position (cm) = (93.8975,23.8702,500),	 weight = 7.62939e-06
       neutron, kinetic energy (MeV) =      15.1774, position (cm) = (91.3146,80.9589,500),	 weight = 1.90735e-06
       neutron, kinetic energy (MeV) =      46.9423, position (cm) = (64.869,49.9589,500),	 weight = 1.90735e-06
       neutron, kinetic energy (MeV) =  1.81215e-08, position (cm) = (49.5131,65.493,500),	 weight = 1.90735e-06
         gamma, kinetic energy (MeV) =     0.978268, position (cm) = (98.2959,65.2129,500),	 weight = 1.90735e-06
       neutron, kinetic energy (MeV) =      27.7248, position (cm) = (-49.6737,66.2967,500),	 weight = 1.90735e-06
       neutron, kinetic energy (MeV) =      2.55348, position (cm) = (-127.073,-49.1906,500),	 weight = 1.90735e-06
         gamma, kinetic energy (MeV) =     0.904498, position (cm) = (-123.879,-89.7034,500),	 weight = 1.90735e-06
         gamma, kinetic energy (MeV) =      1.79885, position (cm) = (-125.645,-90.8531,500),	 weight = 1.90735e-06
       neutron, kinetic energy (MeV) =  1.85192e-08, position (cm) = (-142.121,-118.98,500),	 weight = 1.90735e-06
         gamma, kinetic energy (MeV) =      2.46947, position (cm) = (-91.0339,-73.1851,500),	 weight = 1.90735e-06
         gamma, kinetic energy (MeV) =     0.543777, position (cm) = (-138.524,-68.6306,500),	 weight = 1.90735e-06
         gamma, kinetic energy (MeV) =    0.0796696, position (cm) = (-146.105,-81.8312,500),	 weight = 1.90735e-06
         gamma, kinetic energy (MeV) =      1.19778, position (cm) = (-142.67,-80.8011,500),	 weight = 1.90735e-06
         gamma, kinetic energy (MeV) =      1.48254, position (cm) = (-146.489,-58.1096,500),	 weight = 1.90735e-06
         gamma, kinetic energy (MeV) =     0.102645, position (cm) = (-123.081,-75.4988,500),	 weight = 1.90735e-06
         gamma, kinetic energy (MeV) =     0.434094, position (cm) = (-125.208,-29.6397,500),	 weight = 1.90735e-06
         gamma, kinetic energy (MeV) =     0.113374, position (cm) = (-84.1036,119.416,500),	 weight = 1.90735e-06
         gamma, kinetic energy (MeV) =      2.42054, position (cm) = (-91.8915,123.001,500),	 weight = 1.90735e-06
         gamma, kinetic energy (MeV) =      1.56533, position (cm) = (-91.4621,-17.0562,500),	 weight = 1.90735e-06
         gamma, kinetic energy (MeV) =      3.73226, position (cm) = (-86.45,-22.4915,500),	 weight = 1.90735e-06
       neutron, kinetic energy (MeV) =      36.4673, position (cm) = (92.1037,-71.1682,500),	 weight = 1.90735e-06
       neutron, kinetic energy (MeV) =      63.7091, position (cm) = (98.4864,-68.7633,500),	 weight = 1.90735e-06
       neutron, kinetic energy (MeV) =      7.03303, position (cm) = (124.911,137.867,500),	 weight = 1.90735e-06
         gamma, kinetic energy (MeV) =     0.199269, position (cm) = (143.5,108.171,500),	 weight = 1.90735e-06
         gamma, kinetic energy (MeV) =    0.0764011, position (cm) = (133.949,78.8899,500),	 weight = 1.90735e-06
         gamma, kinetic energy (MeV) =      1.94289, position (cm) = (72.3042,121.831,500),	 weight = 1.90735e-06
         gamma, kinetic energy (MeV) =       2.1389, position (cm) = (78.6679,-31.5612,500),	 weight = 1.90735e-06
         gamma, kinetic energy (MeV) =      0.26965, position (cm) = (75.1897,-44.3791,500),	 weight = 1.90735e-06
         gamma, kinetic energy (MeV) =      2.82127, position (cm) = (114.503,-67.4164,500),	 weight = 1.90735e-06
       neutron, kinetic energy (MeV) =      41.7118, position (cm) = (121.976,-41.3085,500),	 weight = 1.90735e-06
       neutron, kinetic energy (MeV) =   3.4718e-07, position (cm) = (55.6437,57.2184,500),	 weight = 1.90735e-06
       neutron, kinetic energy (MeV) =      5.68264, position (cm) = (66.2679,71.2686,500),	 weight = 1.90735e-06
       neutron, kinetic energy (MeV) =     0.282976, position (cm) = (65.1853,29.7366,500),	 weight = 1.90735e-06
         gamma, kinetic energy (MeV) =      6.73555, position (cm) = (35.5915,34.1291,500),	 weight = 1.90735e-06
         gamma, kinetic energy (MeV) =      3.51433, position (cm) = (39.6566,89.3424,500),	 weight = 3.8147e-06
         gamma, kinetic energy (MeV) =     0.266842, position (cm) = (45.3632,64.4958,500),	 weight = 1.90735e-06
       neutron, kinetic energy (MeV) =      53.6854, position (cm) = (30.478,39.3568,500),	 weight = 1.90735e-06
       neutron, kinetic energy (MeV) =      24.9611, position (cm) = (-51.6609,5.98166,500),	 weight = 1.90735e-06
         gamma, kinetic energy (MeV) =     0.919309, position (cm) = (-80.4495,125.285,500),	 weight = 1.90735e-06
       neutron, kinetic energy (MeV) =      44.6636, position (cm) = (-94.4087,127.276,500),	 weight = 1.90735e-06
       neutron, kinetic energy (MeV) =      64.9239, position (cm) = (-88.8637,126.592,500),	 weight = 1.90735e-06
         gamma, kinetic energy (MeV) =    0.0641977, position (cm) = (-80.1032,113.634,500),	 weight = 1.90735e-06
         gamma, kinetic energy (MeV) =      1.73878, position (cm) = (-77.3501,132.522,500),	 weight = 1.90735e-06
         gamma, kinetic energy (MeV) =     0.150901, position (cm) = (-101.168,126.169,500),	 weight = 1.90735e-06
         gamma, kinetic energy (MeV) =     0.275672, position (cm) = (-94.6588,134.804,500),	 weight = 1.90735e-06
       neutron, kinetic energy (MeV) =      2.93788, position (cm) = (-94.4943,134.655,500),	 weight = 1.90735e-06
         gamma, kinetic energy (MeV) =     0.098135, position (cm) = (-100.069,130.69,500),	 weight = 1.90735e-06
         gamma, kinetic energy (MeV) =     0.196053, position (cm) = (-106.654,142.273,500),	 weight = 1.90735e-06
         gamma, kinetic energy (MeV) =       6.0931, position (cm) = (-95.0747,134.97,500),	 weight = 1.90735e-06
         gamma, kinetic energy (MeV) =     0.837291, position (cm) = (-100.356,143.827,500),	 weight = 1.90735e-06
       neutron, kinetic energy (MeV) =      12.8346, position (cm) = (-107.15,123.837,500),	 weight = 1.90735e-06
         gamma, kinetic energy (MeV) =    0.0677409, position (cm) = (-121.288,137.822,500),	 weight = 1.90735e-06
       neutron, kinetic energy (MeV) =      3.97662, position (cm) = (-121.573,144.127,500),	 weight = 1.90735e-06
         gamma, kinetic energy (MeV) =     0.278602, position (cm) = (-120.38,142.073,500),	 weight = 1.90735e-06
       neutron, kinetic energy (MeV) =  6.03725e-05, position (cm) = (-118.893,144.953,500),	 weight = 1.90735e-06
       neutron, kinetic energy (MeV) =    0.0425339, position (cm) = (-123.055,142.929,500),	 weight = 1.90735e-06
         gamma, kinetic energy (MeV) =     0.870445, position (cm) = (-121.251,137.923,500),	 weight = 1.90735e-06
         gamma, kinetic energy (MeV) =      6.30068, position (cm) = (-74.1284,100.282,500),	 weight = 7.62939e-06
       neutron, kinetic energy (MeV) =      19.0352, position (cm) = (-107.235,115.002,500),	 weight = 1.90735e-06
       neutron, kinetic energy (MeV) =      52.1637, position (cm) = (-103.587,132.195,500),	 weight = 1.90735e-06
       neutron, kinetic energy (MeV) =      31.2214, position (cm) = (-111.752,142.73,500),	 weight = 1.90735e-06
         gamma, kinetic energy (MeV) =     0.104629, position (cm) = (-69.0395,58.8819,500),	 weight = 1.90735e-06
         gamma, kinetic energy (MeV) =      5.70918, position (cm) = (-93.0694,94.4915,500),	 weight = 1.90735e-06
       neutron, kinetic energy (MeV) =     0.508529, position (cm) = (-119.425,75.2318,500),	 weight = 1.90735e-06
         gamma, kinetic energy (MeV) =     0.222398, position (cm) = (-102.945,62.2156,500),	 weight = 1.90735e-06
       neutron, kinetic energy (MeV) =      1.75074, position (cm) = (-103.068,62.5389,500),	 weight = 1.90735e-06
       neutron, kinetic energy (MeV) =      3.42704, position (cm) = (-99.2255,57.3698,500),	 weight = 1.90735e-06
         gamma, kinetic energy (MeV) =      4.15989, position (cm) = (-104.053,61.4641,500),	 weight = 1.90735e-06
         gamma, kinetic energy (MeV) =      7.40142, position (cm) = (-35.229,112.403,500),	 weight = 3.8147e-06
       neutron, kinetic energy (MeV) =  4.23053e-08, position (cm) = (-44.2805,89.2122,500),	 weight = 1.90735e-06
       neutron, kinetic energy (MeV) =  3.19447e-07, position (cm) = (-42.0268,84.879,500),	 weight = 1.90735e-06
       neutron, kinetic energy (MeV) =      1.37736, position (cm) = (-110.651,20.6924,500),	 weight = 1.90735e-06
         gamma, kinetic energy (MeV) =     0.104306, position (cm) = (-126.062,17.5281,500),	 weight = 1.90735e-06
       neutron, kinetic energy (MeV) =      19.7635, position (cm) = (-75.0296,-119.034,500),	 weight = 1.90735e-06
         gamma, kinetic energy (MeV) =     0.653719, position (cm) = (-49.434,-112.146,500),	 weight = 1.90735e-06
       neutron, kinetic energy (MeV) =      82.5306, position (cm) = (-67.9466,-123.955,500),	 weight = 1.90735e-06
         gamma, kinetic energy (MeV) =     0.737313, position (cm) = (-68.3691,-115.128,500),	 weight = 1.90735e-06
         gamma, kinetic energy (MeV) =       3.8516, position (cm) = (-67.2096,-136.985,500),	 weight = 1.90735e-06
       neutron, kinetic energy (MeV) =      25.2739, position (cm) = (-69.4857,-127.379,500),	 weight = 1.90735e-06
         gamma, kinetic energy (MeV) =      1.23816, position (cm) = (-5.12902,0.198486,500),	 weight = 3.8147e-06
         gamma, kinetic energy (MeV) =      2.22306, position (cm) = (37.8684,-36.5986,500),	 weight = 1.90735e-06
         gamma, kinetic energy (MeV) =     0.443778, position (cm) = (27.7953,-46.0403,500),	 weight = 1.90735e-06
       neutron, kinetic energy (MeV) =       43.617, position (cm) = (32.8993,-79.9212,500),	 weight = 1.90735e-06
       neutron, kinetic energy (MeV) =      44.2572, position (cm) = (26.7011,-82.2345,500),	 weight = 1.90735e-06
       neutron, kinetic energy (MeV) =      73.1365, position (cm) = (25.3847,14.881,500),	 weight = 1.90735e-06
       neutron, kinetic energy (MeV) =      73.4526, position (cm) = (35.9132,10.7953,500),	 weight = 1.90735e-06
       neutron, kinetic energy (MeV) =      1.38628, position (cm) = (40.4478,-5.51033,500),	 weight = 1.90735e-06
       neutron, kinetic energy (MeV) =      34.3022, position (cm) = (37.3168,-2.65119,500),	 weight = 1.90735e-06
         gamma, kinetic energy (MeV) =      3.99161, position (cm) = (12.2222,0.127782,500),	 weight = 1.90735e-06
         gamma, kinetic energy (MeV) =      2.77892, position (cm) = (-102.531,-88.805,500),	 weight = 1.90735e-06
         gamma, kinetic energy (MeV) =      0.16079, position (cm) = (-111.184,-115.471,500),	 weight = 3.8147e-06
         gamma, kinetic energy (MeV) =     0.182641, position (cm) = (-48.4593,-46.239,500),	 weight = 3.8147e-06
         gamma, kinetic energy (MeV) =     0.388485, position (cm) = (-15.7077,41.6025,500),	 weight = 7.62939e-06
         gamma, kinetic energy (MeV) =     0.151077, position (cm) = (10.7809,76.2806,500),	 weight = 3.8147e-06
       neutron, kinetic energy (MeV) =      4.52574, position (cm) = (-8.88809,81.7114,500),	 weight = 1.90735e-06
         gamma, kinetic energy (MeV) =      5.35958, position (cm) = (-23.6671,142.875,500),	 weight = 7.62939e-06
         gamma, kinetic energy (MeV) =      1.33691, position (cm) = (-30.219,88.1139,500),	 weight = 1.90735e-06
       neutron, kinetic energy (MeV) =      5.66504, position (cm) = (19.2472,73.6164,500),	 weight = 1.90735e-06
         gamma, kinetic energy (MeV) =     0.310145, position (cm) = (40.1694,74.5798,500),	 weight = 1.90735e-06
       neutron, kinetic energy (MeV) =      79.3749, position (cm) = (32.7274,77.3588,500),	 weight = 1.90735e-06
         gamma, kinetic energy (MeV) =     0.510999, position (cm) = (23.9884,14.831,500),	 weight = 1.90735e-06
         gamma, kinetic energy (MeV) =      1.72526, position (cm) = (42.574,37.8388,500),	 weight = 1.90735e-06
         gamma, kinetic energy (MeV) =        3.102, position (cm) = (42.5772,36.4295,500),	 weight = 1.90735e-06
         gamma, kinetic energy (MeV) =     0.276474, position (cm) = (80.0783,-33.085,500),	 weight = 3.8147e-06
       neutron, kinetic energy (MeV) =  1.11777e-05, position (cm) = (41.1616,-14.3355,500),	 weight = 1.90735e-06
       neutron, kinetic energy (MeV) =  0.000784639, position (cm) = (-16.1296,-54.7227,500),	 weight = 1.90735e-06
       neutron, kinetic energy (MeV) =  6.82228e-05, position (cm) = (-49.4167,-28.5569,500),	 weight = 1.90735e-06
         gamma, kinetic energy (MeV) =      0.93284, position (cm) = (-45.9463,-31.6001,500),	 weight = 3.8147e-06
       neutron, kinetic energy (MeV) =      1.85973, position (cm) = (59.6882,44.0683,500),	 weight = 1.90735e-06
         gamma, kinetic energy (MeV) =      1.28326, position (cm) = (77.5666,64.8952,500),	 weight = 7.62939e-06
         gamma, kinetic energy (MeV) =      1.85891, position (cm) = (65.504,-117.873,500),	 weight = 7.62939e-06
       neutron, kinetic energy (MeV) =      71.9168, position (cm) = (128.28,-62.8187,500),	 weight = 1.90735e-06
         gamma, kinetic energy (MeV) =      0.13155, position (cm) = (97.0689,-59.9976,500),	 weight = 1.90735e-06
       neutron, kinetic energy (MeV) =      1.25285, position (cm) = (95.4483,-79.7111,500),	 weight = 1.90735e-06
         gamma, kinetic energy (MeV) =     0.231483, position (cm) = (95.2868,-63.937,500),	 weight = 1.90735e-06
         gamma, kinetic energy (MeV) =     0.977498, position (cm) = (90.6588,-64.2763,500),	 weight = 3.8147e-06
       neutron, kinetic energy (MeV) =      84.7259, position (cm) = (90.2362,-9.0663,500),	 weight = 1.90735e-06
       neutron, kinetic energy (MeV) =      85.5414, position (cm) = (88.2649,-15.3681,500),	 weight = 1.90735e-06
       neutron, kinetic energy (MeV) =      19.0833, position (cm) = (98.6882,-19.5781,500),	 weight = 1.90735e-06
       neutron, kinetic energy (MeV) =      37.1081, position (cm) = (91.0128,-13.2948,500),	 weight = 1.90735e-06
       neutron, kinetic energy (MeV) =      85.4277, position (cm) = (93.1954,-19.3227,500),	 weight = 1.90735e-06
       neutron, kinetic energy (MeV) =      85.7824, position (cm) = (92.2482,-15.8259,500),	 weight = 1.90735e-06
         gamma, kinetic energy (MeV) =     0.462784, position (cm) = (81.8897,-48.8318,500),	 weight = 1.90735e-06
         gamma, kinetic energy (MeV) =     0.719121, position (cm) = (86.6289,-1.05491,500),	 weight = 1.90735e-06
       neutron, kinetic energy (MeV) =      18.7057, position (cm) = (71.954,10.9085,500),	 weight = 1.90735e-06
       neutron, kinetic energy (MeV) =  1.08228e-06, position (cm) = (89.3578,41.5346,500),	 weight = 1.90735e-06
       neutron, kinetic energy (MeV) =      1.31041, position (cm) = (95.5963,35.751,500),	 weight = 1.90735e-06
         gamma, kinetic energy (MeV) =       6.8163, position (cm) = (85.5911,37.1819,500),	 weight = 1.90735e-06
       neutron, kinetic energy (MeV) =      61.6718, position (cm) = (75.2331,21.7596,500),	 weight = 1.90735e-06
       neutron, kinetic energy (MeV) =     0.117102, position (cm) = (112.485,-80.9356,500),	 weight = 1.90735e-06
         gamma, kinetic energy (MeV) =     0.150537, position (cm) = (20.0695,-36.0113,500),	 weight = 1.90735e-06
       neutron, kinetic energy (MeV) =     0.625278, position (cm) = (14.5855,-43.8601,500),	 weight = 1.90735e-06
         gamma, kinetic energy (MeV) =     0.107103, position (cm) = (59.3404,-9.11225,500),	 weight = 1.90735e-06
       neutron, kinetic energy (MeV) =      68.3963, position (cm) = (57.9978,-30.3262,500),	 weight = 1.90735e-06
         gamma, kinetic energy (MeV) =      0.15425, position (cm) = (72.6893,-25.6295,500),	 weight = 1.90735e-06
       neutron, kinetic energy (MeV) =      58.5169, position (cm) = (43.7865,-20.4349,500),	 weight = 1.90735e-06
       neutron, kinetic energy (MeV) =      86.8917, position (cm) = (91.9134,-12.6616,500),	 weight = 1.90735e-06
         gamma, kinetic energy (MeV) =      6.80022, position (cm) = (94.4968,-14.6672,500),	 weight = 1.90735e-06
         gamma, kinetic energy (MeV) =     0.205917, position (cm) = (79.7725,0.44448,500),	 weight = 1.90735e-06
       neutron, kinetic energy (MeV) =  5.97929e-06, position (cm) = (84.4059,2.25827,500),	 weight = 1.90735e-06
       neutron, kinetic energy (MeV) =      87.1354, position (cm) = (78.4823,-3.1236,500),	 weight = 1.90735e-06
       neutron, kinetic energy (MeV) =      70.2286, position (cm) = (70.4427,-9.17204,500),	 weight = 1.90735e-06
       neutron, kinetic energy (MeV) =      87.0759, position (cm) = (83.3339,-6.83739,500),	 weight = 1.90735e-06
         gamma, kinetic energy (MeV) =    0.0902732, position (cm) = (60.5744,-73.8602,500),	 weight = 3.8147e-06
         gamma, kinetic energy (MeV) =     0.305285, position (cm) = (68.8014,-34.224,500),	 weight = 3.8147e-06
       neutron, kinetic energy (MeV) =      85.2931, position (cm) = (115.475,-37.5983,500),	 weight = 1.90735e-06
       neutron, kinetic energy (MeV) =      85.2931, position (cm) = (115.475,-37.5983,500),	 weight = 1.90735e-06
       neutron, kinetic energy (MeV) =      85.2931, position (cm) = (115.475,-37.5983,500),	 weight = 1.90735e-06
         gamma, kinetic energy (MeV) =     0.362736, position (cm) = (115.276,-36.2482,500),	 weight = 1.90735e-06
       neutron, kinetic energy (MeV) =      26.8566, position (cm) = (102.463,-87.8157,500),	 weight = 1.90735e-06
       neutron, kinetic energy (MeV) =      30.3556, position (cm) = (93.0246,-92.4433,500),	 weight = 1.90735e-06
         gamma, kinetic energy (MeV) =    0.0806382, position (cm) = (126.417,-146.879,500),	 weight = 3.8147e-06
       neutron, kinetic energy (MeV) =      0.34112, position (cm) = (-83.3868,37.8245,500),	 weight = 1.90735e-06
         gamma, kinetic energy (MeV) =      4.38499, position (cm) = (-51.6263,42.2312,500),	 weight = 1.90735e-06
         gamma, kinetic energy (MeV) =     0.671443, position (cm) = (-22.6782,-41.9765,500),	 weight = 3.8147e-06
         gamma, kinetic energy (MeV) =     0.499957, position (cm) = (2.97577,-13.4629,500),	 weight = 1.90735e-06
         gamma, kinetic energy (MeV) =      4.07209, position (cm) = (17.0907,33.8209,500),	 weight = 1.90735e-06
         gamma, kinetic energy (MeV) =      1.01758, position (cm) = (14.591,0.183785,500),	 weight = 1.90735e-06
       neutron, kinetic energy (MeV) =      95.8202, position (cm) = (-50.4194,8.53069,500),	 weight = 1.90735e-06
       neutron, kinetic energy (MeV) =       96.242, position (cm) = (-45.1912,5.07192,500),	 weight = 1.90735e-06
       neutron, kinetic energy (MeV) =       96.242, position (cm) = (-45.1912,5.07192,500),	 weight = 1.90735e-06
         gamma, kinetic energy (MeV) =      0.24465, position (cm) = (81.9088,-10.8015,500),	 weight = 1.90735e-06
       neutron, kinetic energy (MeV) =      1.40049, position (cm) = (21.8551,-32.6055,500),	 weight = 1.90735e-06
         gamma, kinetic energy (MeV) =      0.28294, position (cm) = (79.7525,-63.9313,500),	 weight = 1.90735e-06
       neutron, kinetic energy (MeV) =      46.4617, position (cm) = (88.9773,9.08998,500),	 weight = 1.90735e-06
         gamma, kinetic energy (MeV) =      6.44469, position (cm) = (-3.49861,46.9005,500),	 weight = 1.52588e-05
       neutron, kinetic energy (MeV) =      68.5993, position (cm) = (-91.9599,12.904,500),	 weight = 1.90735e-06
       neutron, kinetic energy (MeV) =      83.7143, position (cm) = (-83.0009,18.8346,500),	 weight = 1.90735e-06
         gamma, kinetic energy (MeV) =    0.0677742, position (cm) = (-106.072,-18.7379,500),	 weight = 1.90735e-06
         gamma, kinetic energy (MeV) =     0.333118, position (cm) = (-105.911,6.74931,500),	 weight = 1.90735e-06
       neutron, kinetic energy (MeV) =      26.3082, position (cm) = (-91.9633,21.5326,500),	 weight = 1.90735e-06
         gamma, kinetic energy (MeV) =      2.50281, position (cm) = (-59.4788,14.6444,500),	 weight = 1.90735e-06
         gamma, kinetic energy (MeV) =     0.132385, position (cm) = (-80.2868,23.3518,500),	 weight = 1.90735e-06
       neutron, kinetic energy (MeV) =      15.7772, position (cm) = (-81.3825,23.2464,500),	 weight = 1.90735e-06
       neutron, kinetic energy (MeV) =      70.9625, position (cm) = (-76.0148,31.2376,500),	 weight = 1.90735e-06
       neutron, kinetic energy (MeV) =      4.83688, position (cm) = (119.569,97.6577,500),	 weight = 1.90735e-06
         gamma, kinetic energy (MeV) =     0.900124, position (cm) = (126.841,102.905,500),	 weight = 3.8147e-06
         gamma, kinetic energy (MeV) =      4.42934, position (cm) = (79.1784,123.033,500),	 weight = 1.90735e-06
       neutron, kinetic energy (MeV) =      1.01052, position (cm) = (70.9149,132.44,500),	 weight = 1.90735e-06
       neutron, kinetic energy (MeV) =      96.3903, position (cm) = (79.3815,145.092,500),	 weight = 1.90735e-06
       neutron, kinetic energy (MeV) =      96.2651, position (cm) = (90.7626,138.466,500),	 weight = 1.90735e-06
       neutron, kinetic energy (MeV) =      96.2651, position (cm) = (90.7626,138.466,500),	 weight = 1.90735e-06
         gamma, kinetic energy (MeV) =      3.94461, position (cm) = (-41.8271,-148.231,500),	 weight = 7.62939e-06
       neutron, kinetic energy (MeV) =   0.00719036, position (cm) = (-105.012,-124.211,500),	 weight = 1.90735e-06
         gamma, kinetic energy (MeV) =      2.04709, position (cm) = (-20.446,-8.17023,500),	 weight = 1.90735e-06
       neutron, kinetic energy (MeV) =  6.60589e-09, position (cm) = (-55.4849,-32.8509,500),	 weight = 1.90735e-06
       neutron, kinetic energy (MeV) =      76.0258, position (cm) = (-68.6826,3.63607,500),	 weight = 1.90735e-06
       neutron, kinetic energy (MeV) =      6.06958, position (cm) = (-68.3272,11.0321,500),	 weight = 1.90735e-06
         gamma, kinetic energy (MeV) =       1.3631, position (cm) = (-84.4025,-42.4517,500),	 weight = 3.8147e-06
       neutron, kinetic energy (MeV) =      52.8383, position (cm) = (-67.3493,-36.9989,500),	 weight = 1.90735e-06
         gamma, kinetic energy (MeV) =     0.293923, position (cm) = (-39.759,-26.495,500),	 weight = 1.90735e-06
         gamma, kinetic energy (MeV) =     0.510999, position (cm) = (-74.617,-18.3004,500),	 weight = 1.90735e-06
       neutron, kinetic energy (MeV) =      15.0125, position (cm) = (-68.1761,-23.6833,500),	 weight = 1.90735e-06
       neutron, kinetic energy (MeV) =  2.06159e-08, position (cm) = (-85.0121,-16.9046,500),	 weight = 1.90735e-06
         gamma, kinetic energy (MeV) =     0.116491, position (cm) = (-72.0773,-40.3711,500),	 weight = 1.90735e-06
       neutron, kinetic energy (MeV) =  2.89896e-08, position (cm) = (-64.7497,-52.1139,500),	 weight = 1.90735e-06
         gamma, kinetic energy (MeV) =     0.558097, position (cm) = (-91.9352,15.4519,500),	 weight = 1.90735e-06
         gamma, kinetic energy (MeV) =      2.03422, position (cm) = (-86.8627,6.38278,500),	 weight = 1.90735e-06
       neutron, kinetic energy (MeV) =  2.47995e-07, position (cm) = (-69.0398,3.16327,500),	 weight = 1.90735e-06
         gamma, kinetic energy (MeV) =       6.0719, position (cm) = (-80.6472,-20.1535,500),	 weight = 3.8147e-06
       neutron, kinetic energy (MeV) =       77.206, position (cm) = (-123.994,13.2511,500),	 weight = 1.90735e-06
       neutron, kinetic energy (MeV) =  3.12785e-08, position (cm) = (-106.408,1.25104,500),	 weight = 1.90735e-06
         gamma, kinetic energy (MeV) =     0.233033, position (cm) = (-142.339,6.11758,500),	 weight = 1.90735e-06
         gamma, kinetic energy (MeV) =      9.10079, position (cm) = (74.5546,43.4195,500),	 weight = 3.8147e-06
         gamma, kinetic energy (MeV) =      7.14879, position (cm) = (51.1335,-142.108,500),	 weight = 1.90735e-06
         gamma, kinetic energy (MeV) =      1.21174, position (cm) = (50.5814,-129.143,500),	 weight = 1.90735e-06
         gamma, kinetic energy (MeV) =      1.58616, position (cm) = (42.8979,-143.203,500),	 weight = 1.90735e-06
       neutron, kinetic energy (MeV) =      86.1783, position (cm) = (51.4131,-145.208,500),	 weight = 1.90735e-06
         gamma, kinetic energy (MeV) =     0.125872, position (cm) = (42.3381,-139.432,500),	 weight = 1.90735e-06
         gamma, kinetic energy (MeV) =     0.610154, position (cm) = (5.49547,-124.913,500),	 weight = 1.90735e-06
       neutron, kinetic energy (MeV) =      23.5169, position (cm) = (11.2486,-145.499,500),	 weight = 1.90735e-06
       neutron, kinetic energy (MeV) =       39.964, position (cm) = (78.7782,-117.171,500),	 weight = 1.90735e-06
         gamma, kinetic energy (MeV) =     0.152907, position (cm) = (25.2787,-141.74,500),	 weight = 1.90735e-06
         gamma, kinetic energy (MeV) =       1.1075, position (cm) = (4.46005,-134.238,500),	 weight = 1.90735e-06
         gamma, kinetic energy (MeV) =     0.676947, position (cm) = (-30.3253,-137.28,500),	 weight = 1.90735e-06
         gamma, kinetic energy (MeV) =      1.53085, position (cm) = (86.0341,-100.929,500),	 weight = 1.90735e-06
         gamma, kinetic energy (MeV) =     0.396311, position (cm) = (38.966,-125.394,500),	 weight = 1.90735e-06
         gamma, kinetic energy (MeV) =      3.29526, position (cm) = (53.0331,-125.45,500),	 weight = 1.90735e-06
       neutron, kinetic energy (MeV) =      59.4213, position (cm) = (-14.5264,-126.82,500),	 weight = 1.90735e-06
         gamma, kinetic energy (MeV) =      2.41975, position (cm) = (-15.1506,-125.921,500),	 weight = 1.90735e-06
         gamma, kinetic energy (MeV) =      6.91889, position (cm) = (-16.8854,-131.801,500),	 weight = 1.90735e-06
         gamma, kinetic energy (MeV) =      0.19752, position (cm) = (-4.5994,-135.449,500),	 weight = 1.90735e-06
         gamma, kinetic energy (MeV) =      2.02782, position (cm) = (-36.6802,-145.54,500),	 weight = 1.90735e-06
         gamma, kinetic energy (MeV) =      3.12226, position (cm) = (-37.7454,-142.089,500),	 weight = 1.90735e-06
       neutron, kinetic energy (MeV) =      4.84338, position (cm) = (-18.7163,-119.062,500),	 weight = 1.90735e-06
       neutron, kinetic energy (MeV) =      81.9024, position (cm) = (-18.72,-134.848,500),	 weight = 1.90735e-06
Graphics systems deleted.
Visualization Manager deleting...
