
        ############################################
        !!! WARNING - FPE detection is activated !!!
        ############################################

**************************************************************
 Geant4 version Name: geant4-11-02-ref-02 [MT]   (29-February-2024)
  << in Multi-threaded mode >> 
                       Copyright : Geant4 Collaboration
                      References : NIM A 506 (2003), 250-303
                                 : IEEE-TNS 53 (2006), 270-278
                                 : NIM A 835 (2016), 186-225
                             WWW : http://geant4.org/
**************************************************************

PhysicsList::AddPhysicsList: <dna_opt2>

---------------------------------------------------------
---> The tracking cut to all particles is set to 10 eV 
---> The Absorber is a sphere of 1 m   radius of G4_WATER made of
 
 Material: G4_WATER H_2O   density:  1.000 g/cm3   RadL:  36.083 cm   Nucl.Int.Length:  75.375 cm 
                       Imean:  78.000 eV   temperature: 293.15 K  pressure:   1.00 atm

   --->  Element: H (H)   Z =  1.0   N =     1   A =  1.008 g/mole
         --->  Isotope:    H1   Z =  1   N =   1   A =   1.01 g/mole   abundance: 99.989 %
         --->  Isotope:    H2   Z =  1   N =   2   A =   2.01 g/mole   abundance:  0.011 %
          ElmMassFraction:  11.19 %  ElmAbundance  66.67 % 

   --->  Element: O (O)   Z =  8.0   N =    16   A = 15.999 g/mole
         --->  Isotope:   O16   Z =  8   N =  16   A =  15.99 g/mole   abundance: 99.757 %
         --->  Isotope:   O17   Z =  8   N =  17   A =  17.00 g/mole   abundance:  0.038 %
         --->  Isotope:   O18   Z =  8   N =  18   A =  18.00 g/mole   abundance:  0.205 %
          ElmMassFraction:  88.81 %  ElmAbundance  33.33 % 


---------------------------------------------------------
=======================================================================
======                 Electromagnetic Physics Parameters      ========
=======================================================================
LPM effect enabled                                 1
Enable creation and use of sampling tables         0
Apply cuts on all EM processes                     0
Use combined TransportationWithMsc                 Disabled
Use general process                                0
Enable linear polarisation for gamma               0
Enable photoeffect sampling below K-shell          1
Enable sampling of quantum entanglement            0
X-section factor for integral approach             0.8
Min kinetic energy for tables                      10 eV 
Max kinetic energy for tables                      1 GeV
Number of bins per decade of a table               20
Verbose level                                      1
Verbose level for worker thread                    0
Bremsstrahlung energy threshold above which 
  primary e+- is added to the list of secondary    100 TeV
Bremsstrahlung energy threshold above which primary
  muon/hadron is added to the list of secondary    100 TeV
Lowest triplet kinetic energy                      1 MeV
Enable sampling of gamma linear polarisation       0
5D gamma conversion model type                     0
5D gamma conversion model on isolated ion          0
Livermore data directory                           epics_2017
=======================================================================
======                 Ionisation Parameters                   ========
=======================================================================
Step function for e+-                              (0.2, 0.01 mm)
Step function for muons/hadrons                    (0.1, 0.05 mm)
Step function for light ions                       (0.1, 0.02 mm)
Step function for general ions                     (0.1, 0.001 mm)
Lowest e+e- kinetic energy                         0 eV 
Lowest muon/hadron kinetic energy                  1 keV
Use ICRU90 data                                    1
Fluctuations of dE/dx are enabled                  1
Type of fluctuation model for leptons and hadrons  Universal
Use built-in Birks satuaration                     0
Build CSDA range enabled                           0
Use cut as a final range enabled                   0
Enable angular generator interface                 1
Max kinetic energy for CSDA tables                 1 GeV
Max kinetic energy for NIEL computation            0 eV 
Linear loss limit                                  0.01
Read data from file for e+e- pair production by mu 0
=======================================================================
======                 Multiple Scattering Parameters          ========
=======================================================================
Type of msc step limit algorithm for e+-           2
Type of msc step limit algorithm for muons/hadrons 0
Msc lateral displacement for e+- enabled           1
Msc lateral displacement for muons and hadrons     0
Urban msc model lateral displacement alg96         1
Range factor for msc step limit for e+-            0.08
Range factor for msc step limit for muons/hadrons  0.2
Geometry factor for msc step limitation of e+-     2.5
Safety factor for msc step limit for e+-           0.6
Skin parameter for msc step limitation of e+-      3
Lambda limit for msc step limit for e+-            1 mm
Use Mott correction for e- scattering              1
Factor used for dynamic computation of angular 
  limit between single and multiple scattering     1
Fixed angular limit between single 
  and multiple scattering                          3.1416 rad
Upper energy limit for e+- multiple scattering     100 MeV
Type of electron single scattering model           0
Type of nuclear form-factor                        1
Screening factor                                   1
=======================================================================
======                 Atomic Deexcitation Parameters          ========
=======================================================================
Fluorescence enabled                               1
Directory in G4LEDATA for fluorescence data files  fluor
Auger electron cascade enabled                     1
PIXE atomic de-excitation enabled                  0
De-excitation module ignores cuts                  1
Type of PIXE cross section for hadrons             Empirical
Type of PIXE cross section for e+-                 Livermore
=======================================================================
======                 DNA Physics Parameters                  ========
=======================================================================
Use fast sampling in DNA models                    1
Use Stationary option in DNA models                0
Use DNA with multiple scattering of e-             0
Use DNA e- solvation model type                    11003
=======================================================================

### ===  Deexcitation model UAtomDeexcitation is activated for 1 region:
          DefaultRegionForTheWorld  1  1  0
### ===  Auger flag: 1
### ===  Ignore cuts flag:   1

phot:  for gamma SubType=12 BuildTable=0
      LambdaPrime table from 200 keV to 1 GeV in 74 bins 
      ===== EM models for the G4Region  DefaultRegionForTheWorld ======
 LivermorePhElectric : Emin=    0 eV  Emax=    1 GeV  SauterGavrila Fluo

compt:  for gamma SubType=13 BuildTable=1
      Lambda table from 10 eV  to 1 MeV, 20 bins/decade, spline: 1
      LambdaPrime table from 1 MeV to 1 GeV in 60 bins 
      ===== EM models for the G4Region  DefaultRegionForTheWorld ======
   LowEPComptonModel : Emin=    0 eV  Emax=   20 MeV Fluo
        KleinNishina : Emin=   20 MeV Emax=    1 GeV Fluo

conv:  for gamma SubType=14 BuildTable=1
      Lambda table from 1.022 MeV to 1 GeV, 27 bins/decade, spline: 1
      ===== EM models for the G4Region  DefaultRegionForTheWorld ======
     BetheHeitlerLPM : Emin=    0 eV  Emax=    1 GeV  ModifiedTsai

Rayl:  for gamma SubType=11 BuildTable=1
      Lambda table from 10 eV  to 150 keV, 20 bins/decade, spline: 0
      LambdaPrime table from 150 keV to 1 GeV in 76 bins 
      ===== EM models for the G4Region  DefaultRegionForTheWorld ======
   LivermoreRayleigh : Emin=    0 eV  Emax=    1 GeV  CullenGenerator

msc:  for e-  SubType= 10
      ===== EM models for the G4Region  DefaultRegionForTheWorld ======
  GoudsmitSaunderson : Emin=    1 MeV Emax=    1 GeV Nbins=60   1 MeV -   1 GeV
          StepLim=SafetyPlus Rfact=0.08 Gfact=2.5 Sfact=0.6 DispFlag:1 Skin=3 Llim=1 mm

eIoni:  for e-  XStype:1  SubType=2
      dE/dx and range tables from 10 eV  to 1 GeV in 160 bins
      Lambda tables from threshold to 1 GeV, 20 bins/decade, spline: 1
      StepFunction=(0.2, 0.01 mm), integ: 1, fluct: 1, linLossLim= 0.01
      ===== EM models for the G4Region  DefaultRegionForTheWorld ======
        MollerBhabha : Emin=    1 MeV Emax=    1 GeV  deltaVI

eBrem:  for e-  XStype:4  SubType=3
      dE/dx and range tables from 10 eV  to 1 GeV in 160 bins
      Lambda tables from threshold to 1 GeV, 20 bins/decade, spline: 1
      LPM flag: 1 for E > 1 GeV,  VertexHighEnergyTh(GeV)= 100000
      ===== EM models for the G4Region  DefaultRegionForTheWorld ======
             eBremSB : Emin=    1 MeV Emax=    1 GeV  AngularGen2BS

e-_G4DNAElectronSolvation:  for e- SubType=58 BuildTable=0
      ===== EM models for the G4Region  DefaultRegionForTheWorld ======
DNAOneStepThermalizationModel_Meesungnoen2002 : Emin=    0 eV  Emax=  7.4 eV 
          DummyModel : Emin=  7.4 eV  Emax=    1 GeV
          StepLim=UseSafety Rfact=0.04 Gfact=2.5 Sfact=0.6 DispFlag:1 Skin=1 Llim=1 mm

e-_G4DNAElastic:  for e- SubType=51 BuildTable=0
      ===== EM models for the G4Region  DefaultRegionForTheWorld ======
DNAChampionElasticModel : Emin=    0 eV  Emax=    1 MeV
          DummyModel : Emin=    1 MeV Emax=    1 GeV
          StepLim=UseSafety Rfact=0.04 Gfact=2.5 Sfact=0.6 DispFlag:1 Skin=1 Llim=1 mm

e-_G4DNAExcitation:  for e- SubType=52 BuildTable=0
      ===== EM models for the G4Region  DefaultRegionForTheWorld ======
DNABornExcitationModel : Emin=    0 eV  Emax=    1 MeV
          DummyModel : Emin=    1 MeV Emax=    1 GeV
          StepLim=UseSafety Rfact=0.04 Gfact=2.5 Sfact=0.6 DispFlag:1 Skin=1 Llim=1 mm

e-_G4DNAIonisation:  for e- SubType=53 BuildTable=0
      ===== EM models for the G4Region  DefaultRegionForTheWorld ======
DNABornIonisationModel : Emin=    0 eV  Emax=    1 MeV  deltaBorn Fluo
          DummyModel : Emin=    1 MeV Emax=    1 GeV
          StepLim=UseSafety Rfact=0.04 Gfact=2.5 Sfact=0.6 DispFlag:1 Skin=1 Llim=1 mm

e-_G4DNAVibExcitation:  for e- SubType=54 BuildTable=0
      ===== EM models for the G4Region  DefaultRegionForTheWorld ======
DNASancheExcitationModel : Emin=    0 eV  Emax=  100 eV 
          DummyModel : Emin=  100 eV  Emax=    1 GeV
          StepLim=UseSafety Rfact=0.04 Gfact=2.5 Sfact=0.6 DispFlag:1 Skin=1 Llim=1 mm

e-_G4DNAAttachment:  for e- SubType=55 BuildTable=0
      ===== EM models for the G4Region  DefaultRegionForTheWorld ======
DNAMeltonAttachmentModel : Emin=    0 eV  Emax=   13 eV 
          DummyModel : Emin=   13 eV  Emax=    1 GeV
          StepLim=UseSafety Rfact=0.04 Gfact=2.5 Sfact=0.6 DispFlag:1 Skin=1 Llim=1 mm

msc:  for e+  SubType= 10
      ===== EM models for the G4Region  DefaultRegionForTheWorld ======
  GoudsmitSaunderson : Emin=    0 eV  Emax=    1 GeV Nbins=140 100 eV  -   1 GeV
          StepLim=SafetyPlus Rfact=0.08 Gfact=2.5 Sfact=0.6 DispFlag:1 Skin=3 Llim=1 mm

eIoni:  for e+  XStype:1  SubType=2
      dE/dx and range tables from 10 eV  to 1 GeV in 160 bins
      Lambda tables from threshold to 1 GeV, 20 bins/decade, spline: 1
      StepFunction=(0.2, 0.01 mm), integ: 1, fluct: 1, linLossLim= 0.01
      ===== EM models for the G4Region  DefaultRegionForTheWorld ======
        MollerBhabha : Emin=    0 eV  Emax=    1 GeV  deltaVI

eBrem:  for e+  XStype:4  SubType=3
      dE/dx and range tables from 10 eV  to 1 GeV in 160 bins
      Lambda tables from threshold to 1 GeV, 20 bins/decade, spline: 1
      LPM flag: 1 for E > 1 GeV,  VertexHighEnergyTh(GeV)= 100000
      ===== EM models for the G4Region  DefaultRegionForTheWorld ======
             eBremSB : Emin=    0 eV  Emax=    1 GeV  AngularGen2BS

annihil:  for e+ XStype:2 SubType=5 BuildTable=0
      ===== EM models for the G4Region  DefaultRegionForTheWorld ======
            eplus2gg : Emin=    0 eV  Emax=    1 GeV

msc:  for proton  SubType= 10
      ===== EM models for the G4Region  DefaultRegionForTheWorld ======
            UrbanMsc : Emin=    1 MeV Emax=    1 GeV Nbins=60   1 MeV -   1 GeV
          StepLim=Minimal Rfact=0.2 Gfact=2.5 Sfact=0.6 DispFlag:0 Skin=3 Llim=1 mm

hIoni:  for proton  XStype:3  SubType=2
      dE/dx and range tables from 10 eV  to 1 GeV in 160 bins
      Lambda tables from threshold to 1 GeV, 20 bins/decade, spline: 1
      StepFunction=(0.1, 0.05 mm), integ: 3, fluct: 1, linLossLim= 0.01
      ===== EM models for the G4Region  DefaultRegionForTheWorld ======
          BetheBloch : Emin=  300 MeV Emax=    1 GeV  deltaVI

proton_G4DNAElastic:  for proton SubType=51 BuildTable=0
      ===== EM models for the G4Region  DefaultRegionForTheWorld ======
  DNAIonElasticModel : Emin=    0 eV  Emax=    1 MeV
          DummyModel : Emin=    1 MeV Emax=    1 GeV
          StepLim=UseSafety Rfact=0.04 Gfact=2.5 Sfact=0.6 DispFlag:1 Skin=1 Llim=1 mm

proton_G4DNAExcitation:  for proton SubType=52 BuildTable=0
      ===== EM models for the G4Region  DefaultRegionForTheWorld ======
DNAMillerGreenExcitationModel : Emin=    0 eV  Emax=  500 keV
DNABornExcitationModel : Emin=  500 keV Emax=  100 MeV
DNARPWBAExcitationModel : Emin=  100 MeV Emax=  300 MeV
          DummyModel : Emin=  300 MeV Emax=    1 GeV
          StepLim=UseSafety Rfact=0.04 Gfact=2.5 Sfact=0.6 DispFlag:1 Skin=1 Llim=1 mm

proton_G4DNAIonisation:  for proton SubType=53 BuildTable=0
      ===== EM models for the G4Region  DefaultRegionForTheWorld ======
DNARuddIonisationExtendedModel : Emin=    0 eV  Emax=  500 keV  deltaRudd Fluo
DNABornIonisationModel : Emin=  500 keV Emax=  100 MeV  deltaBorn Fluo
DNARPWBAIonisationModel : Emin=  100 MeV Emax=  300 MeV  deltaBorn Fluo
          DummyModel : Emin=  300 MeV Emax=    1 GeV
          StepLim=UseSafety Rfact=0.04 Gfact=2.5 Sfact=0.6 DispFlag:1 Skin=1 Llim=1 mm

proton_G4DNAChargeDecrease:  for proton SubType=56 BuildTable=0
      ===== EM models for the G4Region  DefaultRegionForTheWorld ======
DNADingfelderChargeDecreaseModel : Emin=    0 eV  Emax=    1 GeV

msc:  for GenericIon  SubType= 10
      ===== EM models for the G4Region  DefaultRegionForTheWorld ======
            UrbanMsc : Emin=    1 MeV Emax=    1 GeV
          StepLim=Minimal Rfact=0.2 Gfact=2.5 Sfact=0.6 DispFlag:0 Skin=3 Llim=1 mm

ionIoni:  for GenericIon  XStype:3  SubType=2
      dE/dx and range tables from 10 eV  to 1 GeV in 160 bins
      Lambda tables from threshold to 1 GeV, 20 bins/decade, spline: 1
      StepFunction=(0.1, 0.001 mm), integ: 3, fluct: 1, linLossLim= 0.02
      ===== EM models for the G4Region  DefaultRegionForTheWorld ======
          BetheBloch : Emin=  300 MeV Emax=    1 GeV  deltaVI

GenericIon_G4DNAIonisation:  for GenericIon SubType=53 BuildTable=0
      ===== EM models for the G4Region  DefaultRegionForTheWorld ======
DNARuddIonisationExtendedModel : Emin=    0 eV  Emax=  300 MeV  deltaRudd Fluo
          DummyModel : Emin=  300 MeV Emax=    1 GeV
          StepLim=UseSafety Rfact=0.04 Gfact=2.5 Sfact=0.6 DispFlag:1 Skin=1 Llim=1 mm

msc:  for alpha  SubType= 10
      ===== EM models for the G4Region  DefaultRegionForTheWorld ======
            UrbanMsc : Emin=    1 MeV Emax=    1 GeV
          StepLim=Minimal Rfact=0.2 Gfact=2.5 Sfact=0.6 DispFlag:0 Skin=3 Llim=1 mm

ionIoni:  for alpha  XStype:1  SubType=2
      dE/dx and range tables from 10 eV  to 1 GeV in 160 bins
      Lambda tables from threshold to 1 GeV, 20 bins/decade, spline: 1
      StepFunction=(0.1, 0.02 mm), integ: 1, fluct: 1, linLossLim= 0.02
      ===== EM models for the G4Region  DefaultRegionForTheWorld ======
          BetheBloch : Emin=  300 MeV Emax=    1 GeV  deltaVI

alpha_G4DNAElastic:  for alpha SubType=51 BuildTable=0
      ===== EM models for the G4Region  DefaultRegionForTheWorld ======
  DNAIonElasticModel : Emin=    0 eV  Emax=    1 MeV
          DummyModel : Emin=    1 MeV Emax=    1 GeV
          StepLim=UseSafety Rfact=0.04 Gfact=2.5 Sfact=0.6 DispFlag:1 Skin=1 Llim=1 mm

alpha_G4DNAExcitation:  for alpha SubType=52 BuildTable=0
      ===== EM models for the G4Region  DefaultRegionForTheWorld ======
DNAMillerGreenExcitationModel : Emin=    0 eV  Emax=  300 MeV
          DummyModel : Emin=  300 MeV Emax=    1 GeV
          StepLim=UseSafety Rfact=0.04 Gfact=2.5 Sfact=0.6 DispFlag:1 Skin=1 Llim=1 mm

alpha_G4DNAIonisation:  for alpha SubType=53 BuildTable=0
      ===== EM models for the G4Region  DefaultRegionForTheWorld ======
DNARuddIonisationExtendedModel : Emin=    0 eV  Emax=  300 MeV  deltaRudd Fluo
          DummyModel : Emin=  300 MeV Emax=    1 GeV
          StepLim=UseSafety Rfact=0.04 Gfact=2.5 Sfact=0.6 DispFlag:1 Skin=1 Llim=1 mm

alpha_G4DNAChargeDecrease:  for alpha SubType=56 BuildTable=0
      ===== EM models for the G4Region  DefaultRegionForTheWorld ======
DNADingfelderChargeDecreaseModel : Emin=    0 eV  Emax=    1 GeV

msc:  for alpha+  SubType= 10
      ===== EM models for the G4Region  DefaultRegionForTheWorld ======
            UrbanMsc : Emin=    1 MeV Emax=    1 GeV
          StepLim=Minimal Rfact=0.2 Gfact=2.5 Sfact=0.6 DispFlag:0 Skin=3 Llim=1 mm

hIoni:  for alpha+  XStype:3  SubType=2
      dE/dx and range tables from 10 eV  to 1 GeV in 160 bins
      Lambda tables from threshold to 1 GeV, 20 bins/decade, spline: 1
      StepFunction=(0.1, 0.05 mm), integ: 3, fluct: 1, linLossLim= 0.01
      ===== EM models for the G4Region  DefaultRegionForTheWorld ======
          BetheBloch : Emin=  300 MeV Emax=    1 GeV  deltaVI

alpha+_G4DNAElastic:  for alpha+ SubType=51 BuildTable=0
      ===== EM models for the G4Region  DefaultRegionForTheWorld ======
  DNAIonElasticModel : Emin=    0 eV  Emax=    1 MeV
          DummyModel : Emin=    1 MeV Emax=    1 GeV
          StepLim=UseSafety Rfact=0.04 Gfact=2.5 Sfact=0.6 DispFlag:1 Skin=1 Llim=1 mm

alpha+_G4DNAExcitation:  for alpha+ SubType=52 BuildTable=0
      ===== EM models for the G4Region  DefaultRegionForTheWorld ======
DNAMillerGreenExcitationModel : Emin=    0 eV  Emax=  300 MeV
          DummyModel : Emin=  300 MeV Emax=    1 GeV
          StepLim=UseSafety Rfact=0.04 Gfact=2.5 Sfact=0.6 DispFlag:1 Skin=1 Llim=1 mm

alpha+_G4DNAIonisation:  for alpha+ SubType=53 BuildTable=0
      ===== EM models for the G4Region  DefaultRegionForTheWorld ======
DNARuddIonisationExtendedModel : Emin=    0 eV  Emax=  300 MeV  deltaRudd Fluo
          DummyModel : Emin=  300 MeV Emax=    1 GeV
          StepLim=UseSafety Rfact=0.04 Gfact=2.5 Sfact=0.6 DispFlag:1 Skin=1 Llim=1 mm

alpha+_G4DNAChargeIncrease:  for alpha+ SubType=57 BuildTable=0
      ===== EM models for the G4Region  DefaultRegionForTheWorld ======
DNADingfelderChargeIncreaseModel : Emin=    0 eV  Emax=    1 GeV

alpha+_G4DNAChargeDecrease:  for alpha+ SubType=56 BuildTable=0
      ===== EM models for the G4Region  DefaultRegionForTheWorld ======
DNADingfelderChargeDecreaseModel : Emin=    0 eV  Emax=    1 GeV

msc:  for anti_proton  SubType= 10
      ===== EM models for the G4Region  DefaultRegionForTheWorld ======
        WentzelVIUni : Emin=    0 eV  Emax=    1 GeV
          StepLim=Minimal Rfact=0.2 Gfact=2.5 Sfact=0.6 DispFlag:0 Skin=3 Llim=1 mm

hIoni:  for anti_proton  XStype:3  SubType=2
      dE/dx and range tables from 10 eV  to 1 GeV in 160 bins
      Lambda tables from threshold to 1 GeV, 20 bins/decade, spline: 1
      StepFunction=(0.1, 0.05 mm), integ: 3, fluct: 1, linLossLim= 0.01
      ===== EM models for the G4Region  DefaultRegionForTheWorld ======
            ICRU73QO : Emin=    0 eV  Emax=    2 MeV  deltaVI
          BetheBloch : Emin=    2 MeV Emax=    1 GeV  deltaVI

helium_G4DNAElastic:  for helium SubType=51 BuildTable=0
      ===== EM models for the G4Region  DefaultRegionForTheWorld ======
  DNAIonElasticModel : Emin=    0 eV  Emax=    1 MeV
          DummyModel : Emin=    1 MeV Emax=    1 GeV
          StepLim=UseSafety Rfact=0.04 Gfact=2.5 Sfact=0.6 DispFlag:1 Skin=1 Llim=1 mm

helium_G4DNAExcitation:  for helium SubType=52 BuildTable=0
      ===== EM models for the G4Region  DefaultRegionForTheWorld ======
DNAMillerGreenExcitationModel : Emin=    0 eV  Emax=  300 MeV
          DummyModel : Emin=  300 MeV Emax=    1 GeV
          StepLim=UseSafety Rfact=0.04 Gfact=2.5 Sfact=0.6 DispFlag:1 Skin=1 Llim=1 mm

helium_G4DNAIonisation:  for helium SubType=53 BuildTable=0
      ===== EM models for the G4Region  DefaultRegionForTheWorld ======
DNARuddIonisationExtendedModel : Emin=    0 eV  Emax=  300 MeV  deltaRudd Fluo
          DummyModel : Emin=  300 MeV Emax=    1 GeV
          StepLim=UseSafety Rfact=0.04 Gfact=2.5 Sfact=0.6 DispFlag:1 Skin=1 Llim=1 mm

helium_G4DNAChargeIncrease:  for helium SubType=57 BuildTable=0
      ===== EM models for the G4Region  DefaultRegionForTheWorld ======
DNADingfelderChargeIncreaseModel : Emin=    0 eV  Emax=    1 GeV

hydrogen_G4DNAElastic:  for hydrogen SubType=51 BuildTable=0
      ===== EM models for the G4Region  DefaultRegionForTheWorld ======
  DNAIonElasticModel : Emin=    0 eV  Emax=    1 MeV
          DummyModel : Emin=    1 MeV Emax=    1 GeV
          StepLim=UseSafety Rfact=0.04 Gfact=2.5 Sfact=0.6 DispFlag:1 Skin=1 Llim=1 mm

hydrogen_G4DNAExcitation:  for hydrogen SubType=52 BuildTable=0
      ===== EM models for the G4Region  DefaultRegionForTheWorld ======
DNAMillerGreenExcitationModel : Emin=    0 eV  Emax=  300 MeV
          DummyModel : Emin=  300 MeV Emax=    1 GeV
          StepLim=UseSafety Rfact=0.04 Gfact=2.5 Sfact=0.6 DispFlag:1 Skin=1 Llim=1 mm

hydrogen_G4DNAIonisation:  for hydrogen SubType=53 BuildTable=0
      ===== EM models for the G4Region  DefaultRegionForTheWorld ======
DNARuddIonisationExtendedModel : Emin=    0 eV  Emax=  300 MeV  deltaRudd Fluo
          DummyModel : Emin=  300 MeV Emax=    1 GeV
          StepLim=UseSafety Rfact=0.04 Gfact=2.5 Sfact=0.6 DispFlag:1 Skin=1 Llim=1 mm

hydrogen_G4DNAChargeIncrease:  for hydrogen SubType=57 BuildTable=0
      ===== EM models for the G4Region  DefaultRegionForTheWorld ======
DNADingfelderChargeIncreaseModel : Emin=    0 eV  Emax=    1 GeV

msc:  for kaon+  SubType= 10
      ===== EM models for the G4Region  DefaultRegionForTheWorld ======
        WentzelVIUni : Emin=    0 eV  Emax=    1 GeV
          StepLim=Minimal Rfact=0.2 Gfact=2.5 Sfact=0.6 DispFlag:0 Skin=3 Llim=1 mm

hIoni:  for kaon+  XStype:3  SubType=2
      dE/dx and range tables from 10 eV  to 1 GeV in 160 bins
      Lambda tables from threshold to 1 GeV, 20 bins/decade, spline: 1
      StepFunction=(0.1, 0.05 mm), integ: 3, fluct: 1, linLossLim= 0.01
      ===== EM models for the G4Region  DefaultRegionForTheWorld ======
               Bragg : Emin=    0 eV  Emax=1.05231 MeV  deltaVI
          BetheBloch : Emin=1.05231 MeV Emax=    1 GeV  deltaVI

msc:  for kaon-  SubType= 10
      ===== EM models for the G4Region  DefaultRegionForTheWorld ======
        WentzelVIUni : Emin=    0 eV  Emax=    1 GeV
          StepLim=Minimal Rfact=0.2 Gfact=2.5 Sfact=0.6 DispFlag:0 Skin=3 Llim=1 mm

hIoni:  for kaon-  XStype:3  SubType=2
      dE/dx and range tables from 10 eV  to 1 GeV in 160 bins
      Lambda tables from threshold to 1 GeV, 20 bins/decade, spline: 1
      StepFunction=(0.1, 0.05 mm), integ: 3, fluct: 1, linLossLim= 0.01
      ===== EM models for the G4Region  DefaultRegionForTheWorld ======
            ICRU73QO : Emin=    0 eV  Emax=1.05231 MeV  deltaVI
          BetheBloch : Emin=1.05231 MeV Emax=    1 GeV  deltaVI

msc:  for mu+  SubType= 10
      ===== EM models for the G4Region  DefaultRegionForTheWorld ======
        WentzelVIUni : Emin=    0 eV  Emax=    1 GeV
          StepLim=Minimal Rfact=0.2 Gfact=2.5 Sfact=0.6 DispFlag:0 Skin=3 Llim=1 mm

hIoni:  for mu+  XStype:3  SubType=2
      dE/dx and range tables from 10 eV  to 1 GeV in 160 bins
      Lambda tables from threshold to 1 GeV, 20 bins/decade, spline: 1
      StepFunction=(0.1, 0.05 mm), integ: 3, fluct: 1, linLossLim= 0.01
      ===== EM models for the G4Region  DefaultRegionForTheWorld ======
               Bragg : Emin=    0 eV  Emax=225.219 keV  deltaVI
          BetheBloch : Emin=225.219 keV Emax=    1 GeV  deltaVI

msc:  for mu-  SubType= 10
      ===== EM models for the G4Region  DefaultRegionForTheWorld ======
        WentzelVIUni : Emin=    0 eV  Emax=    1 GeV
          StepLim=Minimal Rfact=0.2 Gfact=2.5 Sfact=0.6 DispFlag:0 Skin=3 Llim=1 mm

hIoni:  for mu-  XStype:3  SubType=2
      dE/dx and range tables from 10 eV  to 1 GeV in 160 bins
      Lambda tables from threshold to 1 GeV, 20 bins/decade, spline: 1
      StepFunction=(0.1, 0.05 mm), integ: 3, fluct: 1, linLossLim= 0.01
      ===== EM models for the G4Region  DefaultRegionForTheWorld ======
            ICRU73QO : Emin=    0 eV  Emax=225.219 keV  deltaVI
          BetheBloch : Emin=225.219 keV Emax=    1 GeV  deltaVI

msc:  for pi+  SubType= 10
      ===== EM models for the G4Region  DefaultRegionForTheWorld ======
        WentzelVIUni : Emin=    0 eV  Emax=    1 GeV
          StepLim=Minimal Rfact=0.2 Gfact=2.5 Sfact=0.6 DispFlag:0 Skin=3 Llim=1 mm

hIoni:  for pi+  XStype:3  SubType=2
      dE/dx and range tables from 10 eV  to 1 GeV in 160 bins
      Lambda tables from threshold to 1 GeV, 20 bins/decade, spline: 1
      StepFunction=(0.1, 0.05 mm), integ: 3, fluct: 1, linLossLim= 0.01
      ===== EM models for the G4Region  DefaultRegionForTheWorld ======
               Bragg : Emin=    0 eV  Emax=297.505 keV  deltaVI
          BetheBloch : Emin=297.505 keV Emax=    1 GeV  deltaVI

msc:  for pi-  SubType= 10
      ===== EM models for the G4Region  DefaultRegionForTheWorld ======
        WentzelVIUni : Emin=    0 eV  Emax=    1 GeV
          StepLim=Minimal Rfact=0.2 Gfact=2.5 Sfact=0.6 DispFlag:0 Skin=3 Llim=1 mm

hIoni:  for pi-  XStype:3  SubType=2
      dE/dx and range tables from 10 eV  to 1 GeV in 160 bins
      Lambda tables from threshold to 1 GeV, 20 bins/decade, spline: 1
      StepFunction=(0.1, 0.05 mm), integ: 3, fluct: 1, linLossLim= 0.01
      ===== EM models for the G4Region  DefaultRegionForTheWorld ======
            ICRU73QO : Emin=    0 eV  Emax=297.505 keV  deltaVI
          BetheBloch : Emin=297.505 keV Emax=    1 GeV  deltaVI

=========================================================================
--> G4TaskRunManager::CreateAndStartWorkers() --> Initializing workers...
=========================================================================


========================================================================================
--> G4TaskRunManager::CreateAndStartWorkers() --> Creating 1 tasks with 1 events/task...
========================================================================================

G4WT0 > 
G4WT0 > *********************************************************************************************************
G4WT0 > * G4Track Information:   Particle = proton,   Track ID = 1,   Parent ID = 0
G4WT0 > *********************************************************************************************************
G4WT0 > 
G4WT0 > Step#      X         Y         Z        KineE    dEStep   StepLeng  TrakLeng    Volume     Process
G4WT0 >     0      0 fm      0 fm      0 fm     99 eV      0 eV      0 fm      0 fm   Absorber   initStep
G4WT0 >     1 -3.98e-297 fm 2.63e-297 fm 1.96e-297 fm      0 eV     99 eV 5.16e-297 fm 5.16e-297 fm   Absorber   proton_G4DNAIonisation
G4WT0 >     2 -3.98e-297 fm 2.63e-297 fm 1.96e-297 fm      0 eV      0 eV 5.16e-297 fm 1.03e-296 fm   Absorber   proton_G4DNAIonisation

 ======================= run summary ====================

 The run is 1 proton of 99.00 eV  through a sphere of radius 1.00 m  of G4_WATER (density: 1.00 g/cm3 )

 Track length of primary track = 0.000 fm  +- 0.000 fm 
 Projected range               = 0.000 fm  +- 0.000 fm 
 Penetration                   = 0.000 fm  +- 0.000 fm 

========================================================================================
--> G4TaskRunManager::CreateAndStartWorkers() --> Creating 1 tasks with 1 events/task...
========================================================================================

G4WT0 > 
G4WT0 > *********************************************************************************************************
G4WT0 > * G4Track Information:   Particle = proton,   Track ID = 1,   Parent ID = 0
G4WT0 > *********************************************************************************************************
G4WT0 > 
G4WT0 > Step#      X         Y         Z        KineE    dEStep   StepLeng  TrakLeng    Volume     Process
G4WT0 >     0      0 fm      0 fm      0 fm    105 eV      0 eV      0 fm      0 fm   Absorber   initStep
G4WT0 >     1   -586 fm   20.8 fm -3.3e+03 fm    105 eV   4.09 meV3.35e+03 fm 3.35e+03 fm   Absorber   proton_G4DNAElastic
G4WT0 >     2 -8.87e+03 fm   -657 fm -4.62e+04 fm    105 eV   10.8 eV 4.37e+04 fm 4.71e+04 fm   Absorber   proton_G4DNAChargeDecrease
G4WT0 > 
G4WT0 > *********************************************************************************************************
G4WT0 > * G4Track Information:   Particle = hydrogen,   Track ID = 2,   Parent ID = 1
G4WT0 > *********************************************************************************************************
G4WT0 > 
G4WT0 > Step#      X         Y         Z        KineE    dEStep   StepLeng  TrakLeng    Volume     Process
G4WT0 >     0 -8.87e+03 fm   -657 fm -4.62e+04 fm    108 eV      0 eV      0 fm      0 fm   Absorber   initStep
G4WT0 >     1 -2.49e+04 fm -1.97e+03 fm  -1.29 Ang   108 eV   3.07 meV8.48e+04 fm 8.48e+04 fm   Absorber   hydrogen_G4DNAElastic
G4WT0 >     2 -2.77e+04 fm -2.1e+03 fm  -1.45 Ang   108 eV   5.44 meV1.61e+04 fm   1.01 Ang  Absorber   hydrogen_G4DNAElastic
G4WT0 >     3 -3.78e+04 fm -2.03e+03 fm  -2.17 Ang   108 eV   1.77 meV7.24e+04 fm   1.73 Ang  Absorber   hydrogen_G4DNAElastic
G4WT0 >     4 -5.79e+04 fm   -565 fm  -3.77 Ang   108 eV   1.48 meV  1.61 Ang  3.34 Ang  Absorber   hydrogen_G4DNAElastic
G4WT0 >     5 -8.38e+04 fm 4.65e+03 fm  -5.88 Ang   108 eV  0.551 meV  2.13 Ang  5.47 Ang  Absorber   hydrogen_G4DNAElastic
G4WT0 >     6  -1.14 Ang1.12e+04 fm  -8.15 Ang   108 eV    138 meV  2.29 Ang  7.76 Ang  Absorber   hydrogen_G4DNAElastic
G4WT0 >     7  -1.45 Ang7.31e+04 fm  -1.17 nm    108 eV  0.796 meV  3.58 Ang  1.13 nm   Absorber   hydrogen_G4DNAElastic
G4WT0 >     8  -1.58 Ang  1.03 Ang -1.32 nm    108 eV  0.971 meV  1.61 Ang  1.29 nm   Absorber   hydrogen_G4DNAElastic
G4WT0 >     9  -1.64 Ang  1.19 Ang -1.41 nm    107 eV    124 meV8.52e+04 fm   1.38 nm   Absorber   hydrogen_G4DNAElastic
G4WT0 >    10     -2 Ang  1.34 Ang -1.66 nm    103 eV   4.96 eV   2.57 Ang  1.64 nm   Absorber   hydrogen_G4DNAElastic
G4WT0 >    11  -1.48 Ang7.96e+04 fm  -1.73 nm    102 eV   16.6 meV  1.04 Ang  1.74 nm   Absorber   hydrogen_G4DNAElastic
G4WT0 >    12 -4.7e+03 fm -8.65e+04 fm  -1.93 nm    102 eV   1.08 meV  2.94 Ang  2.04 nm   Absorber   hydrogen_G4DNAElastic
G4WT0 >    13 7.59e+04 fm   -1.8 Ang -2.04 nm    102 eV   1.41 meV  1.64 Ang   2.2 nm   Absorber   hydrogen_G4DNAElastic
G4WT0 >    14 8.21e+04 fm  -1.87 Ang -2.04 nm    102 eV   13.7 meV1.26e+04 fm   2.21 nm   Absorber   hydrogen_G4DNAElastic
G4WT0 >    15   1.51 Ang -2.76 Ang -2.15 nm    102 eV   41.6 meV  1.54 Ang  2.37 nm   Absorber   hydrogen_G4DNAElastic
G4WT0 >    16   2.28 Ang -3.63 Ang -2.27 nm   97.1 eV   5.39 eV   1.69 Ang  2.53 nm   Absorber   hydrogen_G4DNAElastic
G4WT0 >    17   2.28 Ang -3.63 Ang -2.27 nm      0 eV   97.1 eV 6.28e-297 fm   2.53 nm   Absorber   hydrogen_G4DNAIonisation
G4WT0 >    18   2.28 Ang -3.63 Ang -2.27 nm      0 eV      0 eV 6.28e-297 fm   2.53 nm   Absorber   hydrogen_G4DNAIonisation

 ======================= run summary ====================

 The run is 1 proton of 105.00 eV  through a sphere of radius 1.00 m  of G4_WATER (density: 1.00 g/cm3 )

 Track length of primary track = 2.582 nm  +- 0.000 fm 
 Projected range               = 2.196 nm  +- 0.000 fm 
 Penetration                   = 2.313 nm  +- 0.000 fm 

========================================================================================
--> G4TaskRunManager::CreateAndStartWorkers() --> Creating 1 tasks with 1 events/task...
========================================================================================

G4WT0 > 
G4WT0 > *********************************************************************************************************
G4WT0 > * G4Track Information:   Particle = alpha,   Track ID = 1,   Parent ID = 0
G4WT0 > *********************************************************************************************************
G4WT0 > 
G4WT0 > Step#      X         Y         Z        KineE    dEStep   StepLeng  TrakLeng    Volume     Process
G4WT0 >     0      0 fm      0 fm      0 fm    105 eV      0 eV      0 fm      0 fm   Absorber   initStep
G4WT0 >     1 3.64e+03 fm -1.52e+04 fm 1.43e+04 fm    105 eV   1.31 meV2.12e+04 fm 2.12e+04 fm   Absorber   alpha_G4DNAElastic
G4WT0 >     2 3.7e+03 fm -1.54e+04 fm 1.45e+04 fm    105 eV  0.427 meV   317 fm 2.15e+04 fm   Absorber   alpha_G4DNAElastic
G4WT0 >     3  7e+03 fm -2.9e+04 fm 2.7e+04 fm    105 eV   8.18 meV1.87e+04 fm 4.02e+04 fm   Absorber   alpha_G4DNAElastic
G4WT0 >     4 3.68e+04 fm  -1.56 Ang   1.4 Ang   105 eV   5.74 meV  1.72 Ang  2.12 Ang  Absorber   alpha_G4DNAElastic
G4WT0 >     5 5.4e+04 fm  -2.23 Ang     2 Ang   105 eV   18.4 meV9.15e+04 fm   3.04 Ang  Absorber   alpha_G4DNAElastic
G4WT0 >     6 5.43e+04 fm  -2.24 Ang  2.01 Ang   105 eV   1.99 meV1.76e+03 fm   3.06 Ang  Absorber   alpha_G4DNAElastic
G4WT0 >     7 5.43e+04 fm  -2.24 Ang  2.01 Ang   105 eV    167 meV    75 fm   3.06 Ang  Absorber   alpha_G4DNAElastic
G4WT0 >     8 5.6e+04 fm  -2.38 Ang  2.12 Ang   105 eV  0.983 meV1.74e+04 fm   3.23 Ang  Absorber   alpha_G4DNAElastic
G4WT0 >     9 6.09e+04 fm  -2.75 Ang  2.41 Ang   105 eV   1.72 meV4.8e+04 fm   3.71 Ang  Absorber   alpha_G4DNAElastic
G4WT0 >    10 6.27e+04 fm  -2.89 Ang  2.52 Ang   104 eV    320 meV1.72e+04 fm   3.88 Ang  Absorber   alpha_G4DNAElastic
G4WT0 >    11 6.3e+04 fm  -3.99 Ang  3.48 Ang   104 eV  0.428 meV  1.46 Ang  5.35 Ang  Absorber   alpha_G4DNAElastic
G4WT0 >    12 6.31e+04 fm  -4.12 Ang  3.59 Ang   104 eV   2.26 meV1.75e+04 fm   5.52 Ang  Absorber   alpha_G4DNAElastic
G4WT0 >    13 6.33e+04 fm  -4.56 Ang  3.99 Ang   103 eV   1.83 eV 5.92e+04 fm   6.11 Ang  Absorber   alpha_G4DNAElastic
G4WT0 >    14   1.07 Ang -5.66 Ang  5.25 Ang   103 eV  0.492 meV  1.73 Ang  7.84 Ang  Absorber   alpha_G4DNAElastic
G4WT0 >    15   1.19 Ang -5.95 Ang  5.57 Ang   103 eV  0.556 meV4.46e+04 fm   8.29 Ang  Absorber   alpha_G4DNAElastic
G4WT0 >    16   1.26 Ang -6.12 Ang  5.78 Ang   103 eV   10.4 meV2.76e+04 fm   8.57 Ang  Absorber   alpha_G4DNAElastic
G4WT0 >    17   1.27 Ang -6.14 Ang   5.8 Ang   103 eV  0.599 meV3.43e+03 fm    8.6 Ang  Absorber   alpha_G4DNAElastic
G4WT0 >    18   1.34 Ang -6.33 Ang  6.02 Ang   101 eV   1.91 eV 3.05e+04 fm    8.9 Ang  Absorber   alpha_G4DNAElastic
G4WT0 >    19   2.18 Ang -7.19 Ang  7.51 Ang   101 eV  0.406 meV  1.91 Ang  1.08 nm   Absorber   alpha_G4DNAElastic
G4WT0 >    20   2.29 Ang  -7.3 Ang   7.7 Ang   101 eV    1.2 meV2.48e+04 fm   1.11 nm   Absorber   alpha_G4DNAElastic
G4WT0 >    21   2.35 Ang -7.35 Ang   7.8 Ang   101 eV   5.92 meV1.29e+04 fm   1.12 nm   Absorber   alpha_G4DNAElastic
G4WT0 >    22   3.35 Ang -8.39 Ang  9.61 Ang  99.6 eV    1.1 eV   2.31 Ang  1.35 nm   Absorber   alpha_G4DNAElastic
G4WT0 >    23   3.35 Ang -8.39 Ang  9.61 Ang     0 eV   99.6 eV 2.87e-297 fm   1.35 nm   Absorber   alpha_G4DNAElastic

 ======================= run summary ====================

 The run is 1 alpha of 105.00 eV  through a sphere of radius 1.00 m  of G4_WATER (density: 1.00 g/cm3 )

 Track length of primary track = 1.350 nm  +- 0.000 fm 
 Projected range               = 1.308 nm  +- 0.000 fm 
 Penetration                   = 1.319 nm  +- 0.000 fm 

========================================================================================
--> G4TaskRunManager::CreateAndStartWorkers() --> Creating 1 tasks with 1 events/task...
========================================================================================

G4WT0 > 
G4WT0 > *********************************************************************************************************
G4WT0 > * G4Track Information:   Particle = alpha,   Track ID = 1,   Parent ID = 0
G4WT0 > *********************************************************************************************************
G4WT0 > 
G4WT0 > Step#      X         Y         Z        KineE    dEStep   StepLeng  TrakLeng    Volume     Process
G4WT0 >     0      0 fm      0 fm      0 fm     99 eV      0 eV      0 fm      0 fm   Absorber   initStep
G4WT0 >     1 1.84e-297 fm 8.11e-298 fm -4.36e-297 fm      0 eV     99 eV 4.8e-297 fm 4.8e-297 fm   Absorber   alpha_G4DNAElastic

 ======================= run summary ====================

 The run is 1 alpha of 99.00 eV  through a sphere of radius 1.00 m  of G4_WATER (density: 1.00 g/cm3 )

 Track length of primary track = 0.000 fm  +- 0.000 fm 
 Projected range               = 0.000 fm  +- 0.000 fm 
 Penetration                   = 0.000 fm  +- 0.000 fm 

========================================================================================
--> G4TaskRunManager::CreateAndStartWorkers() --> Creating 1 tasks with 1 events/task...
========================================================================================

G4WT0 > 
G4WT0 > *********************************************************************************************************
G4WT0 > * G4Track Information:   Particle = hydrogen,   Track ID = 1,   Parent ID = 0
G4WT0 > *********************************************************************************************************
G4WT0 > 
G4WT0 > Step#      X         Y         Z        KineE    dEStep   StepLeng  TrakLeng    Volume     Process
G4WT0 >     0      0 fm      0 fm      0 fm     99 eV      0 eV      0 fm      0 fm   Absorber   initStep
G4WT0 >     1 2.78e-297 fm 9e-298 fm -3.19e-297 fm      0 eV     99 eV 4.32e-297 fm 4.32e-297 fm   Absorber   hydrogen_G4DNAElastic

 ======================= run summary ====================

 The run is 1 hydrogen of 99.00 eV  through a sphere of radius 1.00 m  of G4_WATER (density: 1.00 g/cm3 )

 Track length of primary track = 0.000 fm  +- 0.000 fm 
 Projected range               = 0.000 fm  +- 0.000 fm 
 Penetration                   = 0.000 fm  +- 0.000 fm 

========================================================================================
--> G4TaskRunManager::CreateAndStartWorkers() --> Creating 1 tasks with 1 events/task...
========================================================================================

G4WT0 > 
G4WT0 > *********************************************************************************************************
G4WT0 > * G4Track Information:   Particle = hydrogen,   Track ID = 1,   Parent ID = 0
G4WT0 > *********************************************************************************************************
G4WT0 > 
G4WT0 > Step#      X         Y         Z        KineE    dEStep   StepLeng  TrakLeng    Volume     Process
G4WT0 >     0      0 fm      0 fm      0 fm    102 eV      0 eV      0 fm      0 fm   Absorber   initStep
G4WT0 >     1 -7.67e+04 fm -4.53e+03 fm 7.5e+03 fm    102 eV   5.01 meV7.72e+04 fm 7.72e+04 fm   Absorber   hydrogen_G4DNAElastic
G4WT0 >     2  -3.21 Ang-2.33e+04 fm 2.55e+04 fm   99.4 eV   2.62 eV   2.46 Ang  3.23 Ang  Absorber   hydrogen_G4DNAElastic
G4WT0 >     3  -3.21 Ang-2.33e+04 fm 2.55e+04 fm      0 eV   99.4 eV 7.59e-298 fm   3.23 Ang  Absorber   hydrogen_G4DNAElastic

 ======================= run summary ====================

 The run is 1 hydrogen of 102.00 eV  through a sphere of radius 1.00 m  of G4_WATER (density: 1.00 g/cm3 )

 Track length of primary track = 3.231 Ang +- 0.000 fm 
 Projected range               = 3.230 Ang +- 0.000 fm 
 Penetration                   = 3.231 Ang +- 0.000 fm 

========================================================================================
--> G4TaskRunManager::CreateAndStartWorkers() --> Creating 1 tasks with 1 events/task...
========================================================================================

G4WT0 > 
G4WT0 > *********************************************************************************************************
G4WT0 > * G4Track Information:   Particle = Li7,   Track ID = 1,   Parent ID = 0
G4WT0 > *********************************************************************************************************
G4WT0 > 
G4WT0 > Step#      X         Y         Z        KineE    dEStep   StepLeng  TrakLeng    Volume     Process
G4WT0 >     0      0 fm      0 fm      0 fm    102 eV      0 eV      0 fm      0 fm   Absorber   initStep
G4WT0 >     1    202 um    134 um    143 um   85.9 eV   16.1 eV    281 um    281 um   Absorber   GenericIon_G4DNAIonisation
G4WT0 >     2    202 um    134 um    143 um      0 eV   85.9 eV 4.21e-298 fm    281 um   Absorber   GenericIon_G4DNAIonisation
G4WT0 >     3    202 um    134 um    143 um      0 eV      0 eV 4.21e-298 fm    281 um   Absorber   GenericIon_G4DNAIonisation
G4WT0 > 
G4WT0 > *********************************************************************************************************
G4WT0 > * G4Track Information:   Particle = e-,   Track ID = 2,   Parent ID = 1
G4WT0 > *********************************************************************************************************
G4WT0 > 
G4WT0 > Step#      X         Y         Z        KineE    dEStep   StepLeng  TrakLeng    Volume     Process
G4WT0 >     0    202 um    134 um    143 um   4.39 meV     0 eV      0 fm      0 fm   Absorber   initStep
G4WT0 >     1    202 um    134 um    143 um      0 eV   4.39 meV     0 fm      0 fm   Absorber   UserSpecialCut

 ======================= run summary ====================

 The run is 1 Li7 of 102.00 eV  through a sphere of radius 1.00 m  of G4_WATER (density: 1.00 g/cm3 )

 Track length of primary track = 281.377 um  +- 0.000 fm 
 Projected range               = 281.377 um  +- 0.000 fm 
 Penetration                   = 281.377 um  +- 0.000 fm 

========================================================================================
--> G4TaskRunManager::CreateAndStartWorkers() --> Creating 1 tasks with 1 events/task...
========================================================================================

G4WT0 > 
G4WT0 > *********************************************************************************************************
G4WT0 > * G4Track Information:   Particle = Li7,   Track ID = 1,   Parent ID = 0
G4WT0 > *********************************************************************************************************
G4WT0 > 
G4WT0 > Step#      X         Y         Z        KineE    dEStep   StepLeng  TrakLeng    Volume     Process
G4WT0 >     0      0 fm      0 fm      0 fm     99 eV      0 eV      0 fm      0 fm   Absorber   initStep
G4WT0 >     1 1.32e-297 fm -1.59e-297 fm -8.18e-298 fm      0 eV     99 eV 2.22e-297 fm 2.22e-297 fm   Absorber   GenericIon_G4DNAIonisation
G4WT0 >     2 1.32e-297 fm -1.59e-297 fm -8.18e-298 fm      0 eV      0 eV 2.22e-297 fm 4.45e-297 fm   Absorber   GenericIon_G4DNAIonisation

 ======================= run summary ====================

 The run is 1 Li7 of 99.00 eV  through a sphere of radius 1.00 m  of G4_WATER (density: 1.00 g/cm3 )

 Track length of primary track = 0.000 fm  +- 0.000 fm 
 Projected range               = 0.000 fm  +- 0.000 fm 
 Penetration                   = 0.000 fm  +- 0.000 fm 
