
        ############################################
        !!! WARNING - FPE detection is activated !!!
        ############################################

**************************************************************
 Geant4 version Name: geant4-11-02-ref-00 [MT]   (8-December-2023)
  << in Multi-threaded mode >> 
                       Copyright : Geant4 Collaboration
                      References : NIM A 506 (2003), 250-303
                                 : IEEE-TNS 53 (2006), 270-278
                                 : NIM A 835 (2016), 186-225
                             WWW : http://geant4.org/
**************************************************************

Visualization Manager instantiating with verbosity "warnings (3)"...
Visualization Manager initialising...
Registering graphics systems...

You have successfully registered the following graphics systems.
Registered graphics systems are:
  ASCIITree (ATree)
  DAWNFILE (DAWNFILE)
  G4HepRepFile (HepRepFile)
  RayTracer (RayTracer)
  VRML2FILE (VRML2FILE)
  gMocrenFile (gMocrenFile)
  TOOLSSG_OFFSCREEN (TSG_OFFSCREEN)
  TOOLSSG_OFFSCREEN (TSG_OFFSCREEN, TSG_FILE, TSG)
Default graphics system is: TSG_OFFSCREEN (based on batch session).
Default window size hint is: 600x600-0+0 (based on G4VisManager initialisation).
Note: Parameters specified on the command line will override these defaults.
      Use "vis/open" without parameters to get these defaults.

Registering model factories...

You have successfully registered the following model factories.
Registered model factories:
  generic
  drawByAttribute
  drawByCharge
  drawByOriginVolume
  drawByParticleID
  drawByEncounteredVolume

Registered models:
  None

Registered filter factories:
  attributeFilter
  chargeFilter
  originVolumeFilter
  particleFilter
  encounteredVolumeFilter

Registered filters:
  None

You have successfully registered the following user vis actions.
Run Duration User Vis Actions: none
End of Event User Vis Actions: none
End of Run User Vis Actions: none

Some /vis commands (optionally) take a string to specify colour.
"/vis/list" to see available colours.
WARNING: There is no world volume!
WARNING: There is no world volume!
PhysicsList::AddPhysicsList: <dna>

---------------------------------------------------------
---> The tracking cut to all particles is set to 10 eV 
---> The Absorber is a sphere of 1 m   radius of G4_WATER made of
 
 Material: G4_WATER H_2O   density:  1.000 g/cm3   RadL:  36.083 cm   Nucl.Int.Length:  75.375 cm 
                       Imean:  78.000 eV   temperature: 293.15 K  pressure:   1.00 atm

   --->  Element: H (H)   Z =  1.0   N =     1   A =  1.008 g/mole
         --->  Isotope:    H1   Z =  1   N =   1   A =   1.01 g/mole   abundance: 99.989 %
         --->  Isotope:    H2   Z =  1   N =   2   A =   2.01 g/mole   abundance:  0.011 %
          ElmMassFraction:  11.19 %  ElmAbundance  66.67 % 

   --->  Element: O (O)   Z =  8.0   N =    16   A = 15.999 g/mole
         --->  Isotope:   O16   Z =  8   N =  16   A =  15.99 g/mole   abundance: 99.757 %
         --->  Isotope:   O17   Z =  8   N =  17   A =  17.00 g/mole   abundance:  0.038 %
         --->  Isotope:   O18   Z =  8   N =  18   A =  18.00 g/mole   abundance:  0.205 %
          ElmMassFraction:  88.81 %  ElmAbundance  33.33 % 


---------------------------------------------------------
=======================================================================
======                 Electromagnetic Physics Parameters      ========
=======================================================================
LPM effect enabled                                 1
Enable creation and use of sampling tables         0
Apply cuts on all EM processes                     0
Use combined TransportationWithMsc                 Disabled
Use general process                                0
Enable linear polarisation for gamma               0
Enable photoeffect sampling below K-shell          1
Enable sampling of quantum entanglement            0
X-section factor for integral approach             0.8
Min kinetic energy for tables                      10 eV 
Max kinetic energy for tables                      300 MeV
Number of bins per decade of a table               20
Verbose level                                      1
Verbose level for worker thread                    0
Bremsstrahlung energy threshold above which 
  primary e+- is added to the list of secondary    100 TeV
Bremsstrahlung energy threshold above which primary
  muon/hadron is added to the list of secondary    100 TeV
Lowest triplet kinetic energy                      1 MeV
Enable sampling of gamma linear polarisation       0
5D gamma conversion model type                     0
5D gamma conversion model on isolated ion          0
Livermore data directory                           epics_2017
=======================================================================
======                 Ionisation Parameters                   ========
=======================================================================
Step function for e+-                              (0.2, 0.01 mm)
Step function for muons/hadrons                    (0.1, 0.05 mm)
Step function for light ions                       (0.1, 0.02 mm)
Step function for general ions                     (0.1, 0.001 mm)
Lowest e+e- kinetic energy                         0 eV 
Lowest muon/hadron kinetic energy                  1 keV
Use ICRU90 data                                    1
Fluctuations of dE/dx are enabled                  1
Type of fluctuation model for leptons and hadrons  Universal
Use built-in Birks satuaration                     0
Build CSDA range enabled                           0
Use cut as a final range enabled                   0
Enable angular generator interface                 1
Max kinetic energy for CSDA tables                 1 GeV
Max kinetic energy for NIEL computation            0 eV 
Linear loss limit                                  0.01
Read data from file for e+e- pair production by mu 0
=======================================================================
======                 Multiple Scattering Parameters          ========
=======================================================================
Type of msc step limit algorithm for e+-           2
Type of msc step limit algorithm for muons/hadrons 0
Msc lateral displacement for e+- enabled           1
Msc lateral displacement for muons and hadrons     0
Urban msc model lateral displacement alg96         1
Range factor for msc step limit for e+-            0.08
Range factor for msc step limit for muons/hadrons  0.2
Geometry factor for msc step limitation of e+-     2.5
Safety factor for msc step limit for e+-           0.6
Skin parameter for msc step limitation of e+-      3
Lambda limit for msc step limit for e+-            1 mm
Use Mott correction for e- scattering              1
Factor used for dynamic computation of angular 
  limit between single and multiple scattering     1
Fixed angular limit between single 
  and multiple scattering                          3.1416 rad
Upper energy limit for e+- multiple scattering     100 MeV
Type of electron single scattering model           0
Type of nuclear form-factor                        1
Screening factor                                   1
=======================================================================
======                 Atomic Deexcitation Parameters          ========
=======================================================================
Fluorescence enabled                               1
Directory in G4LEDATA for fluorescence data files  fluor
Auger electron cascade enabled                     1
PIXE atomic de-excitation enabled                  0
De-excitation module ignores cuts                  1
Type of PIXE cross section for hadrons             Empirical
Type of PIXE cross section for e+-                 Livermore
=======================================================================
======                 DNA Physics Parameters                  ========
=======================================================================
Use fast sampling in DNA models                    0
Use Stationary option in DNA models                0
Use DNA with multiple scattering of e-             0
Use DNA e- solvation model type                    11003
=======================================================================

### ===  Deexcitation model UAtomDeexcitation is activated for 1 region:
          DefaultRegionForTheWorld  1  1  0
### ===  Auger flag: 1
### ===  Ignore cuts flag:   1

phot:  for gamma SubType=12 BuildTable=0
      LambdaPrime table from 200 keV to 300 MeV in 59 bins 
      ===== EM models for the G4Region  DefaultRegionForTheWorld ======
 LivermorePhElectric : Emin=    0 eV  Emax=  300 MeV  SauterGavrila Fluo

compt:  for gamma SubType=13 BuildTable=1
      Lambda table from 10 eV  to 1 MeV, 19 bins/decade, spline: 1
      LambdaPrime table from 1 MeV to 300 MeV in 46 bins 
      ===== EM models for the G4Region  DefaultRegionForTheWorld ======
   LowEPComptonModel : Emin=    0 eV  Emax=   20 MeV Fluo
        KleinNishina : Emin=   20 MeV Emax=  300 MeV Fluo

conv:  for gamma SubType=14 BuildTable=1
      Lambda table from 1.022 MeV to 300 MeV, 30 bins/decade, spline: 1
      ===== EM models for the G4Region  DefaultRegionForTheWorld ======
     BetheHeitlerLPM : Emin=    0 eV  Emax=  300 MeV  ModifiedTsai

Rayl:  for gamma SubType=11 BuildTable=1
      Lambda table from 10 eV  to 150 keV, 19 bins/decade, spline: 0
      LambdaPrime table from 150 keV to 300 MeV in 62 bins 
      ===== EM models for the G4Region  DefaultRegionForTheWorld ======
   LivermoreRayleigh : Emin=    0 eV  Emax=  300 MeV  CullenGenerator

msc:  for e-  SubType= 10
      ===== EM models for the G4Region  DefaultRegionForTheWorld ======
  GoudsmitSaunderson : Emin=    1 MeV Emax=  300 MeV Nbins=40   1 MeV - 300 MeV
          StepLim=SafetyPlus Rfact=0.08 Gfact=2.5 Sfact=0.6 DispFlag:1 Skin=3 Llim=1 mm

eIoni:  for e-  XStype:1  SubType=2
      dE/dx and range tables from 10 eV  to 300 MeV in 140 bins
      Lambda tables from threshold to 300 MeV, 20 bins/decade, spline: 1
      StepFunction=(0.2, 0.01 mm), integ: 1, fluct: 1, linLossLim= 0.01
      ===== EM models for the G4Region  DefaultRegionForTheWorld ======
        MollerBhabha : Emin=    1 MeV Emax=  300 MeV  deltaVI

eBrem:  for e-  XStype:4  SubType=3
      dE/dx and range tables from 10 eV  to 300 MeV in 140 bins
      Lambda tables from threshold to 300 MeV, 20 bins/decade, spline: 1
      LPM flag: 1 for E > 0.3 GeV,  VertexHighEnergyTh(GeV)= 100000
      ===== EM models for the G4Region  DefaultRegionForTheWorld ======
             eBremSB : Emin=    1 MeV Emax=  300 MeV  AngularGen2BS

e-_G4DNAElectronSolvation:  for e- SubType=58 BuildTable=0
      ===== EM models for the G4Region  DefaultRegionForTheWorld ======
DNAOneStepThermalizationModel_Meesungnoen2002 : Emin=    0 eV  Emax=  7.4 eV 
          DummyModel : Emin=  7.4 eV  Emax=  300 MeV
          StepLim=UseSafety Rfact=0.04 Gfact=2.5 Sfact=0.6 DispFlag:1 Skin=1 Llim=1 mm

e-_G4DNAElastic:  for e- SubType=51 BuildTable=0
      ===== EM models for the G4Region  DefaultRegionForTheWorld ======
DNAChampionElasticModel : Emin=    0 eV  Emax=    1 MeV
          DummyModel : Emin=    1 MeV Emax=  300 MeV
          StepLim=UseSafety Rfact=0.04 Gfact=2.5 Sfact=0.6 DispFlag:1 Skin=1 Llim=1 mm

e-_G4DNAExcitation:  for e- SubType=52 BuildTable=0
      ===== EM models for the G4Region  DefaultRegionForTheWorld ======
DNABornExcitationModel : Emin=    0 eV  Emax=    1 MeV
          DummyModel : Emin=    1 MeV Emax=  300 MeV
          StepLim=UseSafety Rfact=0.04 Gfact=2.5 Sfact=0.6 DispFlag:1 Skin=1 Llim=1 mm

e-_G4DNAIonisation:  for e- SubType=53 BuildTable=0
      ===== EM models for the G4Region  DefaultRegionForTheWorld ======
DNABornIonisationModel : Emin=    0 eV  Emax=    1 MeV  deltaBorn Fluo
          DummyModel : Emin=    1 MeV Emax=  300 MeV
          StepLim=UseSafety Rfact=0.04 Gfact=2.5 Sfact=0.6 DispFlag:1 Skin=1 Llim=1 mm

e-_G4DNAVibExcitation:  for e- SubType=54 BuildTable=0
      ===== EM models for the G4Region  DefaultRegionForTheWorld ======
DNASancheExcitationModel : Emin=    0 eV  Emax=  100 eV 
          DummyModel : Emin=  100 eV  Emax=  300 MeV
          StepLim=UseSafety Rfact=0.04 Gfact=2.5 Sfact=0.6 DispFlag:1 Skin=1 Llim=1 mm

e-_G4DNAAttachment:  for e- SubType=55 BuildTable=0
      ===== EM models for the G4Region  DefaultRegionForTheWorld ======
DNAMeltonAttachmentModel : Emin=    0 eV  Emax=   13 eV 
          DummyModel : Emin=   13 eV  Emax=  300 MeV
          StepLim=UseSafety Rfact=0.04 Gfact=2.5 Sfact=0.6 DispFlag:1 Skin=1 Llim=1 mm

msc:  for e+  SubType= 10
      ===== EM models for the G4Region  DefaultRegionForTheWorld ======
  GoudsmitSaunderson : Emin=    0 eV  Emax=  300 MeV Nbins=120 100 eV  - 300 MeV
          StepLim=SafetyPlus Rfact=0.08 Gfact=2.5 Sfact=0.6 DispFlag:1 Skin=3 Llim=1 mm

eIoni:  for e+  XStype:1  SubType=2
      dE/dx and range tables from 10 eV  to 300 MeV in 140 bins
      Lambda tables from threshold to 300 MeV, 20 bins/decade, spline: 1
      StepFunction=(0.2, 0.01 mm), integ: 1, fluct: 1, linLossLim= 0.01
      ===== EM models for the G4Region  DefaultRegionForTheWorld ======
        MollerBhabha : Emin=    0 eV  Emax=  300 MeV  deltaVI

eBrem:  for e+  XStype:4  SubType=3
      dE/dx and range tables from 10 eV  to 300 MeV in 140 bins
      Lambda tables from threshold to 300 MeV, 20 bins/decade, spline: 1
      LPM flag: 1 for E > 0.3 GeV,  VertexHighEnergyTh(GeV)= 100000
      ===== EM models for the G4Region  DefaultRegionForTheWorld ======
             eBremSB : Emin=    0 eV  Emax=  300 MeV  AngularGen2BS

annihil:  for e+ XStype:2 SubType=5 BuildTable=0
      ===== EM models for the G4Region  DefaultRegionForTheWorld ======
            eplus2gg : Emin=    0 eV  Emax=  300 MeV

proton_G4DNAElastic:  for proton SubType=51 BuildTable=0
      ===== EM models for the G4Region  DefaultRegionForTheWorld ======
  DNAIonElasticModel : Emin=    0 eV  Emax=    1 MeV
          DummyModel : Emin=    1 MeV Emax=  300 MeV
          StepLim=UseSafety Rfact=0.04 Gfact=2.5 Sfact=0.6 DispFlag:1 Skin=1 Llim=1 mm

proton_G4DNAExcitation:  for proton SubType=52 BuildTable=0
      ===== EM models for the G4Region  DefaultRegionForTheWorld ======
DNAMillerGreenExcitationModel : Emin=    0 eV  Emax=  500 keV
DNABornExcitationModel : Emin=  500 keV Emax=  100 MeV
DNARPWBAExcitationModel : Emin=  100 MeV Emax=  300 MeV

proton_G4DNAIonisation:  for proton SubType=53 BuildTable=0
      ===== EM models for the G4Region  DefaultRegionForTheWorld ======
DNARuddIonisationModel : Emin=    0 eV  Emax=  500 keV  deltaRudd Fluo
DNABornIonisationModel : Emin=  500 keV Emax=  100 MeV  deltaBorn Fluo
DNARPWBAIonisationModel : Emin=  100 MeV Emax=  300 MeV  deltaBorn Fluo

proton_G4DNAChargeDecrease:  for proton SubType=56 BuildTable=0
      ===== EM models for the G4Region  DefaultRegionForTheWorld ======
DNADingfelderChargeDecreaseModel : Emin=    0 eV  Emax=  300 MeV

GenericIon_G4DNAIonisation:  for GenericIon SubType=53 BuildTable=0
      ===== EM models for the G4Region  DefaultRegionForTheWorld ======
          DummyModel : Emin=    0 eV  Emax=  100 eV 
          StepLim=UseSafety Rfact=0.04 Gfact=2.5 Sfact=0.6 DispFlag:1 Skin=1 Llim=1 mm
DNARuddIonisationExtendedModel : Emin=  100 eV  Emax=  300 MeV  deltaRudd Fluo

alpha_G4DNAElastic:  for alpha SubType=51 BuildTable=0
      ===== EM models for the G4Region  DefaultRegionForTheWorld ======
  DNAIonElasticModel : Emin=    0 eV  Emax=    1 MeV
          DummyModel : Emin=    1 MeV Emax=  300 MeV
          StepLim=UseSafety Rfact=0.04 Gfact=2.5 Sfact=0.6 DispFlag:1 Skin=1 Llim=1 mm

alpha_G4DNAExcitation:  for alpha SubType=52 BuildTable=0
      ===== EM models for the G4Region  DefaultRegionForTheWorld ======
DNAMillerGreenExcitationModel : Emin=    0 eV  Emax=  300 MeV

alpha_G4DNAIonisation:  for alpha SubType=53 BuildTable=0
      ===== EM models for the G4Region  DefaultRegionForTheWorld ======
          DummyModel : Emin=    0 eV  Emax=  100 eV 
          StepLim=UseSafety Rfact=0.04 Gfact=2.5 Sfact=0.6 DispFlag:1 Skin=1 Llim=1 mm
DNARuddIonisationModel : Emin=  100 eV  Emax=  300 MeV  deltaRudd Fluo

alpha_G4DNAChargeDecrease:  for alpha SubType=56 BuildTable=0
      ===== EM models for the G4Region  DefaultRegionForTheWorld ======
DNADingfelderChargeDecreaseModel : Emin=    0 eV  Emax=  300 MeV

alpha+_G4DNAElastic:  for alpha+ SubType=51 BuildTable=0
      ===== EM models for the G4Region  DefaultRegionForTheWorld ======
  DNAIonElasticModel : Emin=    0 eV  Emax=    1 MeV
          DummyModel : Emin=    1 MeV Emax=  300 MeV
          StepLim=UseSafety Rfact=0.04 Gfact=2.5 Sfact=0.6 DispFlag:1 Skin=1 Llim=1 mm

alpha+_G4DNAExcitation:  for alpha+ SubType=52 BuildTable=0
      ===== EM models for the G4Region  DefaultRegionForTheWorld ======
DNAMillerGreenExcitationModel : Emin=    0 eV  Emax=  300 MeV

alpha+_G4DNAIonisation:  for alpha+ SubType=53 BuildTable=0
      ===== EM models for the G4Region  DefaultRegionForTheWorld ======
          DummyModel : Emin=    0 eV  Emax=  100 eV 
          StepLim=UseSafety Rfact=0.04 Gfact=2.5 Sfact=0.6 DispFlag:1 Skin=1 Llim=1 mm
DNARuddIonisationModel : Emin=  100 eV  Emax=  300 MeV  deltaRudd Fluo

alpha+_G4DNAChargeIncrease:  for alpha+ SubType=57 BuildTable=0
      ===== EM models for the G4Region  DefaultRegionForTheWorld ======
DNADingfelderChargeIncreaseModel : Emin=    0 eV  Emax=  300 MeV

alpha+_G4DNAChargeDecrease:  for alpha+ SubType=56 BuildTable=0
      ===== EM models for the G4Region  DefaultRegionForTheWorld ======
DNADingfelderChargeDecreaseModel : Emin=    0 eV  Emax=  300 MeV

msc:  for anti_proton  SubType= 10
      ===== EM models for the G4Region  DefaultRegionForTheWorld ======
        WentzelVIUni : Emin=    0 eV  Emax=  300 MeV
          StepLim=Minimal Rfact=0.2 Gfact=2.5 Sfact=0.6 DispFlag:0 Skin=3 Llim=1 mm

hIoni:  for anti_proton  XStype:1  SubType=2
      dE/dx and range tables from 10 eV  to 300 MeV in 140 bins
      Lambda tables from threshold to 300 MeV, 20 bins/decade, spline: 1
      StepFunction=(0.1, 0.05 mm), integ: 1, fluct: 1, linLossLim= 0.01
      ===== EM models for the G4Region  DefaultRegionForTheWorld ======
            ICRU73QO : Emin=    0 eV  Emax=    2 MeV  deltaVI
          BetheBloch : Emin=    2 MeV Emax=  300 MeV  deltaVI

helium_G4DNAElastic:  for helium SubType=51 BuildTable=0
      ===== EM models for the G4Region  DefaultRegionForTheWorld ======
  DNAIonElasticModel : Emin=    0 eV  Emax=    1 MeV
          DummyModel : Emin=    1 MeV Emax=  300 MeV
          StepLim=UseSafety Rfact=0.04 Gfact=2.5 Sfact=0.6 DispFlag:1 Skin=1 Llim=1 mm

helium_G4DNAExcitation:  for helium SubType=52 BuildTable=0
      ===== EM models for the G4Region  DefaultRegionForTheWorld ======
DNAMillerGreenExcitationModel : Emin=    0 eV  Emax=  300 MeV

helium_G4DNAIonisation:  for helium SubType=53 BuildTable=0
      ===== EM models for the G4Region  DefaultRegionForTheWorld ======
          DummyModel : Emin=    0 eV  Emax=  100 eV 
          StepLim=UseSafety Rfact=0.04 Gfact=2.5 Sfact=0.6 DispFlag:1 Skin=1 Llim=1 mm
DNARuddIonisationModel : Emin=  100 eV  Emax=  300 MeV  deltaRudd Fluo

helium_G4DNAChargeIncrease:  for helium SubType=57 BuildTable=0
      ===== EM models for the G4Region  DefaultRegionForTheWorld ======
DNADingfelderChargeIncreaseModel : Emin=    0 eV  Emax=  300 MeV

hydrogen_G4DNAElastic:  for hydrogen SubType=51 BuildTable=0
      ===== EM models for the G4Region  DefaultRegionForTheWorld ======
  DNAIonElasticModel : Emin=    0 eV  Emax=    1 MeV
          DummyModel : Emin=    1 MeV Emax=  300 MeV
          StepLim=UseSafety Rfact=0.04 Gfact=2.5 Sfact=0.6 DispFlag:1 Skin=1 Llim=1 mm

hydrogen_G4DNAExcitation:  for hydrogen SubType=52 BuildTable=0
      ===== EM models for the G4Region  DefaultRegionForTheWorld ======
DNAMillerGreenExcitationModel : Emin=    0 eV  Emax=  300 MeV

hydrogen_G4DNAIonisation:  for hydrogen SubType=53 BuildTable=0
      ===== EM models for the G4Region  DefaultRegionForTheWorld ======
          DummyModel : Emin=    0 eV  Emax=  100 eV 
          StepLim=UseSafety Rfact=0.04 Gfact=2.5 Sfact=0.6 DispFlag:1 Skin=1 Llim=1 mm
DNARuddIonisationModel : Emin=  100 eV  Emax=  300 MeV  deltaRudd Fluo

hydrogen_G4DNAChargeIncrease:  for hydrogen SubType=57 BuildTable=0
      ===== EM models for the G4Region  DefaultRegionForTheWorld ======
DNADingfelderChargeIncreaseModel : Emin=    0 eV  Emax=  300 MeV

msc:  for kaon+  SubType= 10
      ===== EM models for the G4Region  DefaultRegionForTheWorld ======
        WentzelVIUni : Emin=    0 eV  Emax=  300 MeV
          StepLim=Minimal Rfact=0.2 Gfact=2.5 Sfact=0.6 DispFlag:0 Skin=3 Llim=1 mm

hIoni:  for kaon+  XStype:3  SubType=2
      dE/dx and range tables from 10 eV  to 300 MeV in 140 bins
      Lambda tables from threshold to 300 MeV, 20 bins/decade, spline: 1
      StepFunction=(0.1, 0.05 mm), integ: 3, fluct: 1, linLossLim= 0.01
      ===== EM models for the G4Region  DefaultRegionForTheWorld ======
               Bragg : Emin=    0 eV  Emax=1.05231 MeV  deltaVI
          BetheBloch : Emin=1.05231 MeV Emax=  300 MeV  deltaVI

msc:  for kaon-  SubType= 10
      ===== EM models for the G4Region  DefaultRegionForTheWorld ======
        WentzelVIUni : Emin=    0 eV  Emax=  300 MeV
          StepLim=Minimal Rfact=0.2 Gfact=2.5 Sfact=0.6 DispFlag:0 Skin=3 Llim=1 mm

hIoni:  for kaon-  XStype:3  SubType=2
      dE/dx and range tables from 10 eV  to 300 MeV in 140 bins
      Lambda tables from threshold to 300 MeV, 20 bins/decade, spline: 1
      StepFunction=(0.1, 0.05 mm), integ: 3, fluct: 1, linLossLim= 0.01
      ===== EM models for the G4Region  DefaultRegionForTheWorld ======
            ICRU73QO : Emin=    0 eV  Emax=1.05231 MeV  deltaVI
          BetheBloch : Emin=1.05231 MeV Emax=  300 MeV  deltaVI

msc:  for mu+  SubType= 10
      ===== EM models for the G4Region  DefaultRegionForTheWorld ======
        WentzelVIUni : Emin=    0 eV  Emax=  300 MeV
          StepLim=Minimal Rfact=0.2 Gfact=2.5 Sfact=0.6 DispFlag:0 Skin=3 Llim=1 mm

hIoni:  for mu+  XStype:3  SubType=2
      dE/dx and range tables from 10 eV  to 300 MeV in 140 bins
      Lambda tables from threshold to 300 MeV, 20 bins/decade, spline: 1
      ===== EM models for the G4Region  DefaultRegionForTheWorld ======
               Bragg : Emin=    0 eV  Emax=225.219 keV  deltaVI
          BetheBloch : Emin=225.219 keV Emax=  300 MeV  deltaVI

msc:  for mu-  SubType= 10
      ===== EM models for the G4Region  DefaultRegionForTheWorld ======
        WentzelVIUni : Emin=    0 eV  Emax=  300 MeV
          StepLim=Minimal Rfact=0.2 Gfact=2.5 Sfact=0.6 DispFlag:0 Skin=3 Llim=1 mm

hIoni:  for mu-  XStype:1  SubType=2
      dE/dx and range tables from 10 eV  to 300 MeV in 140 bins
      Lambda tables from threshold to 300 MeV, 20 bins/decade, spline: 1
      StepFunction=(0.1, 0.05 mm), integ: 1, fluct: 1, linLossLim= 0.01
      ===== EM models for the G4Region  DefaultRegionForTheWorld ======
            ICRU73QO : Emin=    0 eV  Emax=225.219 keV  deltaVI
          BetheBloch : Emin=225.219 keV Emax=  300 MeV  deltaVI

msc:  for pi+  SubType= 10
      ===== EM models for the G4Region  DefaultRegionForTheWorld ======
        WentzelVIUni : Emin=    0 eV  Emax=  300 MeV
          StepLim=Minimal Rfact=0.2 Gfact=2.5 Sfact=0.6 DispFlag:0 Skin=3 Llim=1 mm

hIoni:  for pi+  XStype:3  SubType=2
      dE/dx and range tables from 10 eV  to 300 MeV in 140 bins
      Lambda tables from threshold to 300 MeV, 20 bins/decade, spline: 1
      StepFunction=(0.1, 0.05 mm), integ: 3, fluct: 1, linLossLim= 0.01
      ===== EM models for the G4Region  DefaultRegionForTheWorld ======
               Bragg : Emin=    0 eV  Emax=297.505 keV  deltaVI
          BetheBloch : Emin=297.505 keV Emax=  300 MeV  deltaVI

msc:  for pi-  SubType= 10
      ===== EM models for the G4Region  DefaultRegionForTheWorld ======
        WentzelVIUni : Emin=    0 eV  Emax=  300 MeV
          StepLim=Minimal Rfact=0.2 Gfact=2.5 Sfact=0.6 DispFlag:0 Skin=3 Llim=1 mm

hIoni:  for pi-  XStype:3  SubType=2
      dE/dx and range tables from 10 eV  to 300 MeV in 140 bins
      Lambda tables from threshold to 300 MeV, 20 bins/decade, spline: 1
      StepFunction=(0.1, 0.05 mm), integ: 3, fluct: 1, linLossLim= 0.01
      ===== EM models for the G4Region  DefaultRegionForTheWorld ======
            ICRU73QO : Emin=    0 eV  Emax=297.505 keV  deltaVI
          BetheBloch : Emin=297.505 keV Emax=  300 MeV  deltaVI

=========================================================================
--> G4TaskRunManager::CreateAndStartWorkers() --> Initializing workers...
=========================================================================

G4VisManager: Using G4TrajectoryDrawByCharge as fallback trajectory model.
See commands in /vis/modeling/trajectories/ for other options.

==========================================================================================
--> G4TaskRunManager::CreateAndStartWorkers() --> Creating 32 tasks with 31 events/task...
==========================================================================================


 ======================= run summary ====================

 The run is 1000 e- of 12.00 eV  through a sphere of radius 1.00 m  of G4_WATER (density: 1.00 g/cm3 )

 Track length of primary track = 29.216 nm  +- 18.837 nm 
 Projected range               = 5.342 Ang +- 2.719 nm 
 Penetration                   = 4.165 nm  +- 2.505 nm 
There are histograms that can be viewed with visualization:
  4 h1 histograms(s)
  List them with "/analysis/list".
  View them immediately with "/vis/plot" or "/vis/reviewPlots".
  But...there are no entries. To make your histograms available for
  plotting in this UI session, use CloseFile(false) in your
  EndOfRunAction and Reset() in your BeginOfRunAction.

==========================================================================================
--> G4TaskRunManager::CreateAndStartWorkers() --> Creating 32 tasks with 31 events/task...
==========================================================================================


 ======================= run summary ====================

 The run is 1000 e- of 14.00 eV  through a sphere of radius 1.00 m  of G4_WATER (density: 1.00 g/cm3 )

 Track length of primary track = 22.807 nm  +- 24.569 nm 
 Projected range               = 3.874 Ang +- 2.593 nm 
 Penetration                   = 3.547 nm  +- 2.771 nm 
There are histograms that can be viewed with visualization:
  4 h1 histograms(s)
  List them with "/analysis/list".
  View them immediately with "/vis/plot" or "/vis/reviewPlots".
  But...there are no entries. To make your histograms available for
  plotting in this UI session, use CloseFile(false) in your
  EndOfRunAction and Reset() in your BeginOfRunAction.

==========================================================================================
--> G4TaskRunManager::CreateAndStartWorkers() --> Creating 32 tasks with 31 events/task...
==========================================================================================


 ======================= run summary ====================

 The run is 1000 e- of 16.00 eV  through a sphere of radius 1.00 m  of G4_WATER (density: 1.00 g/cm3 )

 Track length of primary track = 11.255 nm  +- 14.907 nm 
 Projected range               = 3.802 Ang +- 1.818 nm 
 Penetration                   = 2.405 nm  +- 1.880 nm 
There are histograms that can be viewed with visualization:
  4 h1 histograms(s)
  List them with "/analysis/list".
  View them immediately with "/vis/plot" or "/vis/reviewPlots".
  But...there are no entries. To make your histograms available for
  plotting in this UI session, use CloseFile(false) in your
  EndOfRunAction and Reset() in your BeginOfRunAction.

==========================================================================================
--> G4TaskRunManager::CreateAndStartWorkers() --> Creating 32 tasks with 31 events/task...
==========================================================================================


 ======================= run summary ====================

 The run is 1000 e- of 18.00 eV  through a sphere of radius 1.00 m  of G4_WATER (density: 1.00 g/cm3 )

 Track length of primary track = 7.052 nm  +- 7.498 nm 
 Projected range               = 4.290 Ang +- 1.513 nm 
 Penetration                   = 1.983 nm  +- 1.569 nm 
There are histograms that can be viewed with visualization:
  4 h1 histograms(s)
  List them with "/analysis/list".
  View them immediately with "/vis/plot" or "/vis/reviewPlots".
  But...there are no entries. To make your histograms available for
  plotting in this UI session, use CloseFile(false) in your
  EndOfRunAction and Reset() in your BeginOfRunAction.

==========================================================================================
--> G4TaskRunManager::CreateAndStartWorkers() --> Creating 32 tasks with 31 events/task...
==========================================================================================


 ======================= run summary ====================

 The run is 1000 e- of 20.00 eV  through a sphere of radius 1.00 m  of G4_WATER (density: 1.00 g/cm3 )

 Track length of primary track = 6.347 nm  +- 7.737 nm 
 Projected range               = 4.410 Ang +- 1.443 nm 
 Penetration                   = 1.886 nm  +- 1.490 nm 
There are histograms that can be viewed with visualization:
  4 h1 histograms(s)
  List them with "/analysis/list".
  View them immediately with "/vis/plot" or "/vis/reviewPlots".
  But...there are no entries. To make your histograms available for
  plotting in this UI session, use CloseFile(false) in your
  EndOfRunAction and Reset() in your BeginOfRunAction.

==========================================================================================
--> G4TaskRunManager::CreateAndStartWorkers() --> Creating 32 tasks with 31 events/task...
==========================================================================================


 ======================= run summary ====================

 The run is 1000 e- of 25.00 eV  through a sphere of radius 1.00 m  of G4_WATER (density: 1.00 g/cm3 )

 Track length of primary track = 14.090 nm  +- 16.911 nm 
 Projected range               = 5.897 Ang +- 2.025 nm 
 Penetration                   = 2.760 nm  +- 2.185 nm 
There are histograms that can be viewed with visualization:
  4 h1 histograms(s)
  List them with "/analysis/list".
  View them immediately with "/vis/plot" or "/vis/reviewPlots".
  But...there are no entries. To make your histograms available for
  plotting in this UI session, use CloseFile(false) in your
  EndOfRunAction and Reset() in your BeginOfRunAction.

==========================================================================================
--> G4TaskRunManager::CreateAndStartWorkers() --> Creating 32 tasks with 31 events/task...
==========================================================================================


 ======================= run summary ====================

 The run is 1000 e- of 30.00 eV  through a sphere of radius 1.00 m  of G4_WATER (density: 1.00 g/cm3 )

 Track length of primary track = 16.335 nm  +- 16.797 nm 
 Projected range               = 6.288 Ang +- 2.310 nm 
 Penetration                   = 3.140 nm  +- 2.162 nm 
There are histograms that can be viewed with visualization:
  4 h1 histograms(s)
  List them with "/analysis/list".
  View them immediately with "/vis/plot" or "/vis/reviewPlots".
  But...there are no entries. To make your histograms available for
  plotting in this UI session, use CloseFile(false) in your
  EndOfRunAction and Reset() in your BeginOfRunAction.

==========================================================================================
--> G4TaskRunManager::CreateAndStartWorkers() --> Creating 32 tasks with 31 events/task...
==========================================================================================


 ======================= run summary ====================

 The run is 1000 e- of 35.00 eV  through a sphere of radius 1.00 m  of G4_WATER (density: 1.00 g/cm3 )

 Track length of primary track = 15.591 nm  +- 18.344 nm 
 Projected range               = 6.711 Ang +- 2.354 nm 
 Penetration                   = 3.055 nm  +- 2.241 nm 
There are histograms that can be viewed with visualization:
  4 h1 histograms(s)
  List them with "/analysis/list".
  View them immediately with "/vis/plot" or "/vis/reviewPlots".
  But...there are no entries. To make your histograms available for
  plotting in this UI session, use CloseFile(false) in your
  EndOfRunAction and Reset() in your BeginOfRunAction.

==========================================================================================
--> G4TaskRunManager::CreateAndStartWorkers() --> Creating 32 tasks with 31 events/task...
==========================================================================================


 ======================= run summary ====================

 The run is 1000 e- of 40.00 eV  through a sphere of radius 1.00 m  of G4_WATER (density: 1.00 g/cm3 )

 Track length of primary track = 13.616 nm  +- 15.896 nm 
 Projected range               = 7.153 Ang +- 2.219 nm 
 Penetration                   = 2.963 nm  +- 2.089 nm 
There are histograms that can be viewed with visualization:
  4 h1 histograms(s)
  List them with "/analysis/list".
  View them immediately with "/vis/plot" or "/vis/reviewPlots".
  But...there are no entries. To make your histograms available for
  plotting in this UI session, use CloseFile(false) in your
  EndOfRunAction and Reset() in your BeginOfRunAction.

==========================================================================================
--> G4TaskRunManager::CreateAndStartWorkers() --> Creating 32 tasks with 31 events/task...
==========================================================================================


 ======================= run summary ====================

 The run is 1000 e- of 45.00 eV  through a sphere of radius 1.00 m  of G4_WATER (density: 1.00 g/cm3 )

 Track length of primary track = 14.581 nm  +- 16.024 nm 
 Projected range               = 6.775 Ang +- 2.328 nm 
 Penetration                   = 3.091 nm  +- 2.176 nm 
There are histograms that can be viewed with visualization:
  4 h1 histograms(s)
  List them with "/analysis/list".
  View them immediately with "/vis/plot" or "/vis/reviewPlots".
  But...there are no entries. To make your histograms available for
  plotting in this UI session, use CloseFile(false) in your
  EndOfRunAction and Reset() in your BeginOfRunAction.

==========================================================================================
--> G4TaskRunManager::CreateAndStartWorkers() --> Creating 32 tasks with 31 events/task...
==========================================================================================


 ======================= run summary ====================

 The run is 1000 e- of 50.00 eV  through a sphere of radius 1.00 m  of G4_WATER (density: 1.00 g/cm3 )

 Track length of primary track = 14.881 nm  +- 15.913 nm 
 Projected range               = 9.054 Ang +- 2.185 nm 
 Penetration                   = 3.158 nm  +- 2.024 nm 
There are histograms that can be viewed with visualization:
  4 h1 histograms(s)
  List them with "/analysis/list".
  View them immediately with "/vis/plot" or "/vis/reviewPlots".
  But...there are no entries. To make your histograms available for
  plotting in this UI session, use CloseFile(false) in your
  EndOfRunAction and Reset() in your BeginOfRunAction.

==========================================================================================
--> G4TaskRunManager::CreateAndStartWorkers() --> Creating 32 tasks with 31 events/task...
==========================================================================================


 ======================= run summary ====================

 The run is 1000 e- of 60.00 eV  through a sphere of radius 1.00 m  of G4_WATER (density: 1.00 g/cm3 )

 Track length of primary track = 15.161 nm  +- 16.005 nm 
 Projected range               = 7.305 Ang +- 2.370 nm 
 Penetration                   = 3.258 nm  +- 2.007 nm 
There are histograms that can be viewed with visualization:
  4 h1 histograms(s)
  List them with "/analysis/list".
  View them immediately with "/vis/plot" or "/vis/reviewPlots".
  But...there are no entries. To make your histograms available for
  plotting in this UI session, use CloseFile(false) in your
  EndOfRunAction and Reset() in your BeginOfRunAction.

==========================================================================================
--> G4TaskRunManager::CreateAndStartWorkers() --> Creating 32 tasks with 31 events/task...
==========================================================================================


 ======================= run summary ====================

 The run is 1000 e- of 70.00 eV  through a sphere of radius 1.00 m  of G4_WATER (density: 1.00 g/cm3 )

 Track length of primary track = 16.505 nm  +- 16.083 nm 
 Projected range               = 1.047 nm  +- 2.475 nm 
 Penetration                   = 3.477 nm  +- 2.182 nm 
There are histograms that can be viewed with visualization:
  4 h1 histograms(s)
  List them with "/analysis/list".
  View them immediately with "/vis/plot" or "/vis/reviewPlots".
  But...there are no entries. To make your histograms available for
  plotting in this UI session, use CloseFile(false) in your
  EndOfRunAction and Reset() in your BeginOfRunAction.

==========================================================================================
--> G4TaskRunManager::CreateAndStartWorkers() --> Creating 32 tasks with 31 events/task...
==========================================================================================


 ======================= run summary ====================

 The run is 1000 e- of 80.00 eV  through a sphere of radius 1.00 m  of G4_WATER (density: 1.00 g/cm3 )

 Track length of primary track = 16.659 nm  +- 17.107 nm 
 Projected range               = 1.168 nm  +- 2.543 nm 
 Penetration                   = 3.613 nm  +- 2.178 nm 
There are histograms that can be viewed with visualization:
  4 h1 histograms(s)
  List them with "/analysis/list".
  View them immediately with "/vis/plot" or "/vis/reviewPlots".
  But...there are no entries. To make your histograms available for
  plotting in this UI session, use CloseFile(false) in your
  EndOfRunAction and Reset() in your BeginOfRunAction.

==========================================================================================
--> G4TaskRunManager::CreateAndStartWorkers() --> Creating 32 tasks with 31 events/task...
==========================================================================================


 ======================= run summary ====================

 The run is 1000 e- of 90.00 eV  through a sphere of radius 1.00 m  of G4_WATER (density: 1.00 g/cm3 )

 Track length of primary track = 16.748 nm  +- 15.982 nm 
 Projected range               = 1.323 nm  +- 2.529 nm 
 Penetration                   = 3.738 nm  +- 2.119 nm 
There are histograms that can be viewed with visualization:
  4 h1 histograms(s)
  List them with "/analysis/list".
  View them immediately with "/vis/plot" or "/vis/reviewPlots".
  But...there are no entries. To make your histograms available for
  plotting in this UI session, use CloseFile(false) in your
  EndOfRunAction and Reset() in your BeginOfRunAction.

==========================================================================================
--> G4TaskRunManager::CreateAndStartWorkers() --> Creating 32 tasks with 31 events/task...
==========================================================================================


 ======================= run summary ====================

 The run is 1000 e- of 100.00 eV  through a sphere of radius 1.00 m  of G4_WATER (density: 1.00 g/cm3 )

 Track length of primary track = 17.997 nm  +- 17.334 nm 
 Projected range               = 1.373 nm  +- 2.656 nm 
 Penetration                   = 3.981 nm  +- 2.278 nm 
There are histograms that can be viewed with visualization:
  4 h1 histograms(s)
  List them with "/analysis/list".
  View them immediately with "/vis/plot" or "/vis/reviewPlots".
  But...there are no entries. To make your histograms available for
  plotting in this UI session, use CloseFile(false) in your
  EndOfRunAction and Reset() in your BeginOfRunAction.

==========================================================================================
--> G4TaskRunManager::CreateAndStartWorkers() --> Creating 32 tasks with 31 events/task...
==========================================================================================


 ======================= run summary ====================

 The run is 1000 e- of 150.00 eV  through a sphere of radius 1.00 m  of G4_WATER (density: 1.00 g/cm3 )

 Track length of primary track = 31.722 nm  +- 58.084 nm 
 Projected range               = 2.132 nm  +- 3.622 nm 
 Penetration                   = 5.247 nm  +- 3.295 nm 
There are histograms that can be viewed with visualization:
  4 h1 histograms(s)
  List them with "/analysis/list".
  View them immediately with "/vis/plot" or "/vis/reviewPlots".
  But...there are no entries. To make your histograms available for
  plotting in this UI session, use CloseFile(false) in your
  EndOfRunAction and Reset() in your BeginOfRunAction.

==========================================================================================
--> G4TaskRunManager::CreateAndStartWorkers() --> Creating 32 tasks with 31 events/task...
==========================================================================================


 ======================= run summary ====================

 The run is 1000 e- of 200.00 eV  through a sphere of radius 1.00 m  of G4_WATER (density: 1.00 g/cm3 )

 Track length of primary track = 33.907 nm  +- 54.948 nm 
 Projected range               = 2.815 nm  +- 4.356 nm 
 Penetration                   = 6.425 nm  +- 3.454 nm 
There are histograms that can be viewed with visualization:
  4 h1 histograms(s)
  List them with "/analysis/list".
  View them immediately with "/vis/plot" or "/vis/reviewPlots".
  But...there are no entries. To make your histograms available for
  plotting in this UI session, use CloseFile(false) in your
  EndOfRunAction and Reset() in your BeginOfRunAction.

==========================================================================================
--> G4TaskRunManager::CreateAndStartWorkers() --> Creating 32 tasks with 31 events/task...
==========================================================================================


 ======================= run summary ====================

 The run is 1000 e- of 250.00 eV  through a sphere of radius 1.00 m  of G4_WATER (density: 1.00 g/cm3 )

 Track length of primary track = 37.783 nm  +- 59.061 nm 
 Projected range               = 3.882 nm  +- 4.686 nm 
 Penetration                   = 7.530 nm  +- 3.876 nm 
There are histograms that can be viewed with visualization:
  4 h1 histograms(s)
  List them with "/analysis/list".
  View them immediately with "/vis/plot" or "/vis/reviewPlots".
  But...there are no entries. To make your histograms available for
  plotting in this UI session, use CloseFile(false) in your
  EndOfRunAction and Reset() in your BeginOfRunAction.

==========================================================================================
--> G4TaskRunManager::CreateAndStartWorkers() --> Creating 32 tasks with 31 events/task...
==========================================================================================


 ======================= run summary ====================

 The run is 1000 e- of 300.00 eV  through a sphere of radius 1.00 m  of G4_WATER (density: 1.00 g/cm3 )

 Track length of primary track = 37.419 nm  +- 51.257 nm 
 Projected range               = 4.553 nm  +- 5.362 nm 
 Penetration                   = 8.577 nm  +- 4.271 nm 
There are histograms that can be viewed with visualization:
  4 h1 histograms(s)
  List them with "/analysis/list".
  View them immediately with "/vis/plot" or "/vis/reviewPlots".
  But...there are no entries. To make your histograms available for
  plotting in this UI session, use CloseFile(false) in your
  EndOfRunAction and Reset() in your BeginOfRunAction.

==========================================================================================
--> G4TaskRunManager::CreateAndStartWorkers() --> Creating 32 tasks with 31 events/task...
==========================================================================================


 ======================= run summary ====================

 The run is 1000 e- of 350.00 eV  through a sphere of radius 1.00 m  of G4_WATER (density: 1.00 g/cm3 )

 Track length of primary track = 43.176 nm  +- 53.832 nm 
 Projected range               = 5.568 nm  +- 5.882 nm 
 Penetration                   = 10.054 nm  +- 4.600 nm 
There are histograms that can be viewed with visualization:
  4 h1 histograms(s)
  List them with "/analysis/list".
  View them immediately with "/vis/plot" or "/vis/reviewPlots".
  But...there are no entries. To make your histograms available for
  plotting in this UI session, use CloseFile(false) in your
  EndOfRunAction and Reset() in your BeginOfRunAction.

==========================================================================================
--> G4TaskRunManager::CreateAndStartWorkers() --> Creating 32 tasks with 31 events/task...
==========================================================================================


 ======================= run summary ====================

 The run is 1000 e- of 400.00 eV  through a sphere of radius 1.00 m  of G4_WATER (density: 1.00 g/cm3 )

 Track length of primary track = 48.839 nm  +- 63.597 nm 
 Projected range               = 6.876 nm  +- 7.088 nm 
 Penetration                   = 11.956 nm  +- 5.649 nm 
There are histograms that can be viewed with visualization:
  4 h1 histograms(s)
  List them with "/analysis/list".
  View them immediately with "/vis/plot" or "/vis/reviewPlots".
  But...there are no entries. To make your histograms available for
  plotting in this UI session, use CloseFile(false) in your
  EndOfRunAction and Reset() in your BeginOfRunAction.

==========================================================================================
--> G4TaskRunManager::CreateAndStartWorkers() --> Creating 32 tasks with 31 events/task...
==========================================================================================


 ======================= run summary ====================

 The run is 1000 e- of 450.00 eV  through a sphere of radius 1.00 m  of G4_WATER (density: 1.00 g/cm3 )

 Track length of primary track = 51.397 nm  +- 66.593 nm 
 Projected range               = 8.032 nm  +- 7.995 nm 
 Penetration                   = 13.542 nm  +- 6.206 nm 
There are histograms that can be viewed with visualization:
  4 h1 histograms(s)
  List them with "/analysis/list".
  View them immediately with "/vis/plot" or "/vis/reviewPlots".
  But...there are no entries. To make your histograms available for
  plotting in this UI session, use CloseFile(false) in your
  EndOfRunAction and Reset() in your BeginOfRunAction.

==========================================================================================
--> G4TaskRunManager::CreateAndStartWorkers() --> Creating 32 tasks with 31 events/task...
==========================================================================================


 ======================= run summary ====================

 The run is 1000 e- of 500.00 eV  through a sphere of radius 1.00 m  of G4_WATER (density: 1.00 g/cm3 )

 Track length of primary track = 52.651 nm  +- 61.187 nm 
 Projected range               = 9.588 nm  +- 8.811 nm 
 Penetration                   = 15.725 nm  +- 6.978 nm 
There are histograms that can be viewed with visualization:
  4 h1 histograms(s)
  List them with "/analysis/list".
  View them immediately with "/vis/plot" or "/vis/reviewPlots".
  But...there are no entries. To make your histograms available for
  plotting in this UI session, use CloseFile(false) in your
  EndOfRunAction and Reset() in your BeginOfRunAction.

==========================================================================================
--> G4TaskRunManager::CreateAndStartWorkers() --> Creating 32 tasks with 31 events/task...
==========================================================================================


 ======================= run summary ====================

 The run is 1000 e- of 600.00 eV  through a sphere of radius 1.00 m  of G4_WATER (density: 1.00 g/cm3 )

 Track length of primary track = 55.383 nm  +- 50.570 nm 
 Projected range               = 13.089 nm  +- 10.229 nm 
 Penetration                   = 19.695 nm  +- 7.993 nm 
There are histograms that can be viewed with visualization:
  4 h1 histograms(s)
  List them with "/analysis/list".
  View them immediately with "/vis/plot" or "/vis/reviewPlots".
  But...there are no entries. To make your histograms available for
  plotting in this UI session, use CloseFile(false) in your
  EndOfRunAction and Reset() in your BeginOfRunAction.

==========================================================================================
--> G4TaskRunManager::CreateAndStartWorkers() --> Creating 32 tasks with 31 events/task...
==========================================================================================


 ======================= run summary ====================

 The run is 1000 e- of 700.00 eV  through a sphere of radius 1.00 m  of G4_WATER (density: 1.00 g/cm3 )

 Track length of primary track = 67.355 nm  +- 62.538 nm 
 Projected range               = 15.199 nm  +- 12.596 nm 
 Penetration                   = 24.074 nm  +- 9.869 nm 
There are histograms that can be viewed with visualization:
  4 h1 histograms(s)
  List them with "/analysis/list".
  View them immediately with "/vis/plot" or "/vis/reviewPlots".
  But...there are no entries. To make your histograms available for
  plotting in this UI session, use CloseFile(false) in your
  EndOfRunAction and Reset() in your BeginOfRunAction.

==========================================================================================
--> G4TaskRunManager::CreateAndStartWorkers() --> Creating 32 tasks with 31 events/task...
==========================================================================================


 ======================= run summary ====================

 The run is 1000 e- of 800.00 eV  through a sphere of radius 1.00 m  of G4_WATER (density: 1.00 g/cm3 )

 Track length of primary track = 75.256 nm  +- 57.965 nm 
 Projected range               = 18.688 nm  +- 15.110 nm 
 Penetration                   = 29.211 nm  +- 11.430 nm 
There are histograms that can be viewed with visualization:
  4 h1 histograms(s)
  List them with "/analysis/list".
  View them immediately with "/vis/plot" or "/vis/reviewPlots".
  But...there are no entries. To make your histograms available for
  plotting in this UI session, use CloseFile(false) in your
  EndOfRunAction and Reset() in your BeginOfRunAction.

==========================================================================================
--> G4TaskRunManager::CreateAndStartWorkers() --> Creating 32 tasks with 31 events/task...
==========================================================================================


 ======================= run summary ====================

 The run is 1000 e- of 900.00 eV  through a sphere of radius 1.00 m  of G4_WATER (density: 1.00 g/cm3 )

 Track length of primary track = 87.465 nm  +- 65.775 nm 
 Projected range               = 23.985 nm  +- 17.687 nm 
 Penetration                   = 35.434 nm  +- 13.827 nm 
There are histograms that can be viewed with visualization:
  4 h1 histograms(s)
  List them with "/analysis/list".
  View them immediately with "/vis/plot" or "/vis/reviewPlots".
  But...there are no entries. To make your histograms available for
  plotting in this UI session, use CloseFile(false) in your
  EndOfRunAction and Reset() in your BeginOfRunAction.

==========================================================================================
--> G4TaskRunManager::CreateAndStartWorkers() --> Creating 32 tasks with 31 events/task...
==========================================================================================


 ======================= run summary ====================

 The run is 1000 e- of 1.00 keV through a sphere of radius 1.00 m  of G4_WATER (density: 1.00 g/cm3 )

 Track length of primary track = 97.164 nm  +- 64.430 nm 
 Projected range               = 26.993 nm  +- 19.919 nm 
 Penetration                   = 41.329 nm  +- 14.952 nm 
There are histograms that can be viewed with visualization:
  4 h1 histograms(s)
  List them with "/analysis/list".
  View them immediately with "/vis/plot" or "/vis/reviewPlots".
  But...there are no entries. To make your histograms available for
  plotting in this UI session, use CloseFile(false) in your
  EndOfRunAction and Reset() in your BeginOfRunAction.

==========================================================================================
--> G4TaskRunManager::CreateAndStartWorkers() --> Creating 32 tasks with 31 events/task...
==========================================================================================


 ======================= run summary ====================

 The run is 1000 e- of 2.00 keV through a sphere of radius 1.00 m  of G4_WATER (density: 1.00 g/cm3 )

 Track length of primary track = 220.695 nm  +- 81.918 nm 
 Projected range               = 83.030 nm  +- 53.882 nm 
 Penetration                   = 121.981 nm  +- 43.413 nm 
There are histograms that can be viewed with visualization:
  4 h1 histograms(s)
  List them with "/analysis/list".
  View them immediately with "/vis/plot" or "/vis/reviewPlots".
  But...there are no entries. To make your histograms available for
  plotting in this UI session, use CloseFile(false) in your
  EndOfRunAction and Reset() in your BeginOfRunAction.

==========================================================================================
--> G4TaskRunManager::CreateAndStartWorkers() --> Creating 32 tasks with 31 events/task...
==========================================================================================


 ======================= run summary ====================

 The run is 1000 e- of 3.00 keV through a sphere of radius 1.00 m  of G4_WATER (density: 1.00 g/cm3 )

 Track length of primary track = 390.617 nm  +- 114.348 nm 
 Projected range               = 160.392 nm  +- 101.355 nm 
 Penetration                   = 233.942 nm  +- 78.895 nm 
There are histograms that can be viewed with visualization:
  4 h1 histograms(s)
  List them with "/analysis/list".
  View them immediately with "/vis/plot" or "/vis/reviewPlots".
  But...there are no entries. To make your histograms available for
  plotting in this UI session, use CloseFile(false) in your
  EndOfRunAction and Reset() in your BeginOfRunAction.

==========================================================================================
--> G4TaskRunManager::CreateAndStartWorkers() --> Creating 32 tasks with 31 events/task...
==========================================================================================


 ======================= run summary ====================

 The run is 1000 e- of 4.00 keV through a sphere of radius 1.00 m  of G4_WATER (density: 1.00 g/cm3 )

 Track length of primary track = 614.752 nm  +- 157.914 nm 
 Projected range               = 274.190 nm  +- 167.198 nm 
 Penetration                   = 381.402 nm  +- 131.146 nm 
There are histograms that can be viewed with visualization:
  4 h1 histograms(s)
  List them with "/analysis/list".
  View them immediately with "/vis/plot" or "/vis/reviewPlots".
  But...there are no entries. To make your histograms available for
  plotting in this UI session, use CloseFile(false) in your
  EndOfRunAction and Reset() in your BeginOfRunAction.

==========================================================================================
--> G4TaskRunManager::CreateAndStartWorkers() --> Creating 32 tasks with 31 events/task...
==========================================================================================


 ======================= run summary ====================

 The run is 1000 e- of 5.00 keV through a sphere of radius 1.00 m  of G4_WATER (density: 1.00 g/cm3 )

 Track length of primary track = 875.312 nm  +- 210.037 nm 
 Projected range               = 404.991 nm  +- 226.992 nm 
 Penetration                   = 561.007 nm  +- 172.558 nm 
There are histograms that can be viewed with visualization:
  4 h1 histograms(s)
  List them with "/analysis/list".
  View them immediately with "/vis/plot" or "/vis/reviewPlots".
  But...there are no entries. To make your histograms available for
  plotting in this UI session, use CloseFile(false) in your
  EndOfRunAction and Reset() in your BeginOfRunAction.
Graphics systems deleted.
Visualization Manager deleting...
