
        ############################################
        !!! WARNING - FPE detection is activated !!!
        ############################################

**************************************************************
 Geant4 version Name: geant4-11-02-ref-00 [MT]   (8-December-2023)
  << in Multi-threaded mode >> 
                       Copyright : Geant4 Collaboration
                      References : NIM A 506 (2003), 250-303
                                 : IEEE-TNS 53 (2006), 270-278
                                 : NIM A 835 (2016), 186-225
                             WWW : http://geant4.org/
**************************************************************

Visualization Manager instantiating with verbosity "warnings (3)"...
Visualization Manager initialising...
Registering graphics systems...

You have successfully registered the following graphics systems.
Registered graphics systems are:
  ASCIITree (ATree)
  DAWNFILE (DAWNFILE)
  G4HepRepFile (HepRepFile)
  RayTracer (RayTracer)
  VRML2FILE (VRML2FILE)
  gMocrenFile (gMocrenFile)
  TOOLSSG_OFFSCREEN (TSG_OFFSCREEN)
  TOOLSSG_OFFSCREEN (TSG_OFFSCREEN, TSG_FILE, TSG)
Default graphics system is: TSG_OFFSCREEN (based on batch session).
Default window size hint is: 600x600-0+0 (based on G4VisManager initialisation).
Note: Parameters specified on the command line will override these defaults.
      Use "vis/open" without parameters to get these defaults.

Registering model factories...

You have successfully registered the following model factories.
Registered model factories:
  generic
  drawByAttribute
  drawByCharge
  drawByOriginVolume
  drawByParticleID
  drawByEncounteredVolume

Registered models:
  None

Registered filter factories:
  attributeFilter
  chargeFilter
  originVolumeFilter
  particleFilter
  encounteredVolumeFilter

Registered filters:
  None

You have successfully registered the following user vis actions.
Run Duration User Vis Actions: none
End of Event User Vis Actions: none
End of Run User Vis Actions: none

Some /vis commands (optionally) take a string to specify colour.
"/vis/list" to see available colours.
WARNING: There is no world volume!
WARNING: There is no world volume!
PhysicsList::AddPhysicsList: <dna_opt2>

---------------------------------------------------------
---> The tracking cut to all particles is set to 10 eV 
---> The Absorber is a sphere of 1 m   radius of G4_WATER made of
 
 Material: G4_WATER H_2O   density:  1.000 g/cm3   RadL:  36.083 cm   Nucl.Int.Length:  75.375 cm 
                       Imean:  78.000 eV   temperature: 293.15 K  pressure:   1.00 atm

   --->  Element: H (H)   Z =  1.0   N =     1   A =  1.008 g/mole
         --->  Isotope:    H1   Z =  1   N =   1   A =   1.01 g/mole   abundance: 99.989 %
         --->  Isotope:    H2   Z =  1   N =   2   A =   2.01 g/mole   abundance:  0.011 %
          ElmMassFraction:  11.19 %  ElmAbundance  66.67 % 

   --->  Element: O (O)   Z =  8.0   N =    16   A = 15.999 g/mole
         --->  Isotope:   O16   Z =  8   N =  16   A =  15.99 g/mole   abundance: 99.757 %
         --->  Isotope:   O17   Z =  8   N =  17   A =  17.00 g/mole   abundance:  0.038 %
         --->  Isotope:   O18   Z =  8   N =  18   A =  18.00 g/mole   abundance:  0.205 %
          ElmMassFraction:  88.81 %  ElmAbundance  33.33 % 


---------------------------------------------------------
=======================================================================
======                 Electromagnetic Physics Parameters      ========
=======================================================================
LPM effect enabled                                 1
Enable creation and use of sampling tables         0
Apply cuts on all EM processes                     0
Use combined TransportationWithMsc                 Disabled
Use general process                                0
Enable linear polarisation for gamma               0
Enable photoeffect sampling below K-shell          1
Enable sampling of quantum entanglement            0
X-section factor for integral approach             0.8
Min kinetic energy for tables                      10 eV 
Max kinetic energy for tables                      300 MeV
Number of bins per decade of a table               20
Verbose level                                      1
Verbose level for worker thread                    0
Bremsstrahlung energy threshold above which 
  primary e+- is added to the list of secondary    100 TeV
Bremsstrahlung energy threshold above which primary
  muon/hadron is added to the list of secondary    100 TeV
Lowest triplet kinetic energy                      1 MeV
Enable sampling of gamma linear polarisation       0
5D gamma conversion model type                     0
5D gamma conversion model on isolated ion          0
Livermore data directory                           epics_2017
=======================================================================
======                 Ionisation Parameters                   ========
=======================================================================
Step function for e+-                              (0.2, 0.01 mm)
Step function for muons/hadrons                    (0.1, 0.05 mm)
Step function for light ions                       (0.1, 0.02 mm)
Step function for general ions                     (0.1, 0.001 mm)
Lowest e+e- kinetic energy                         0 eV 
Lowest muon/hadron kinetic energy                  1 keV
Use ICRU90 data                                    1
Fluctuations of dE/dx are enabled                  1
Type of fluctuation model for leptons and hadrons  Universal
Use built-in Birks satuaration                     0
Build CSDA range enabled                           0
Use cut as a final range enabled                   0
Enable angular generator interface                 1
Max kinetic energy for CSDA tables                 1 GeV
Max kinetic energy for NIEL computation            0 eV 
Linear loss limit                                  0.01
Read data from file for e+e- pair production by mu 0
=======================================================================
======                 Multiple Scattering Parameters          ========
=======================================================================
Type of msc step limit algorithm for e+-           2
Type of msc step limit algorithm for muons/hadrons 0
Msc lateral displacement for e+- enabled           1
Msc lateral displacement for muons and hadrons     0
Urban msc model lateral displacement alg96         1
Range factor for msc step limit for e+-            0.08
Range factor for msc step limit for muons/hadrons  0.2
Geometry factor for msc step limitation of e+-     2.5
Safety factor for msc step limit for e+-           0.6
Skin parameter for msc step limitation of e+-      3
Lambda limit for msc step limit for e+-            1 mm
Use Mott correction for e- scattering              1
Factor used for dynamic computation of angular 
  limit between single and multiple scattering     1
Fixed angular limit between single 
  and multiple scattering                          3.1416 rad
Upper energy limit for e+- multiple scattering     100 MeV
Type of electron single scattering model           0
Type of nuclear form-factor                        1
Screening factor                                   1
=======================================================================
======                 Atomic Deexcitation Parameters          ========
=======================================================================
Fluorescence enabled                               1
Directory in G4LEDATA for fluorescence data files  fluor
Auger electron cascade enabled                     1
PIXE atomic de-excitation enabled                  0
De-excitation module ignores cuts                  1
Type of PIXE cross section for hadrons             Empirical
Type of PIXE cross section for e+-                 Livermore
=======================================================================
======                 DNA Physics Parameters                  ========
=======================================================================
Use fast sampling in DNA models                    1
Use Stationary option in DNA models                0
Use DNA with multiple scattering of e-             0
Use DNA e- solvation model type                    11003
=======================================================================

### ===  Deexcitation model UAtomDeexcitation is activated for 1 region:
          DefaultRegionForTheWorld  1  1  0
### ===  Auger flag: 1
### ===  Ignore cuts flag:   1

phot:  for gamma SubType=12 BuildTable=0
      LambdaPrime table from 200 keV to 300 MeV in 59 bins 
      ===== EM models for the G4Region  DefaultRegionForTheWorld ======
 LivermorePhElectric : Emin=    0 eV  Emax=  300 MeV  SauterGavrila Fluo

compt:  for gamma SubType=13 BuildTable=1
      Lambda table from 10 eV  to 1 MeV, 19 bins/decade, spline: 1
      LambdaPrime table from 1 MeV to 300 MeV in 46 bins 
      ===== EM models for the G4Region  DefaultRegionForTheWorld ======
   LowEPComptonModel : Emin=    0 eV  Emax=   20 MeV Fluo
        KleinNishina : Emin=   20 MeV Emax=  300 MeV Fluo

conv:  for gamma SubType=14 BuildTable=1
      Lambda table from 1.022 MeV to 300 MeV, 30 bins/decade, spline: 1
      ===== EM models for the G4Region  DefaultRegionForTheWorld ======
     BetheHeitlerLPM : Emin=    0 eV  Emax=  300 MeV  ModifiedTsai

Rayl:  for gamma SubType=11 BuildTable=1
      Lambda table from 10 eV  to 150 keV, 19 bins/decade, spline: 0
      LambdaPrime table from 150 keV to 300 MeV in 62 bins 
      ===== EM models for the G4Region  DefaultRegionForTheWorld ======
   LivermoreRayleigh : Emin=    0 eV  Emax=  300 MeV  CullenGenerator

msc:  for e-  SubType= 10
      ===== EM models for the G4Region  DefaultRegionForTheWorld ======
  GoudsmitSaunderson : Emin=    1 MeV Emax=  300 MeV Nbins=40   1 MeV - 300 MeV
          StepLim=SafetyPlus Rfact=0.08 Gfact=2.5 Sfact=0.6 DispFlag:1 Skin=3 Llim=1 mm

eIoni:  for e-  XStype:1  SubType=2
      dE/dx and range tables from 10 eV  to 300 MeV in 140 bins
      Lambda tables from threshold to 300 MeV, 20 bins/decade, spline: 1
      StepFunction=(0.2, 0.01 mm), integ: 1, fluct: 1, linLossLim= 0.01
      ===== EM models for the G4Region  DefaultRegionForTheWorld ======
        MollerBhabha : Emin=    1 MeV Emax=  300 MeV  deltaVI

eBrem:  for e-  XStype:4  SubType=3
      dE/dx and range tables from 10 eV  to 300 MeV in 140 bins
      Lambda tables from threshold to 300 MeV, 20 bins/decade, spline: 1
      LPM flag: 1 for E > 0.3 GeV,  VertexHighEnergyTh(GeV)= 100000
      ===== EM models for the G4Region  DefaultRegionForTheWorld ======
             eBremSB : Emin=    1 MeV Emax=  300 MeV  AngularGen2BS

e-_G4DNAElectronSolvation:  for e- SubType=58 BuildTable=0
      ===== EM models for the G4Region  DefaultRegionForTheWorld ======
DNAOneStepThermalizationModel_Meesungnoen2002 : Emin=    0 eV  Emax=  7.4 eV 
          DummyModel : Emin=  7.4 eV  Emax=  300 MeV
          StepLim=UseSafety Rfact=0.04 Gfact=2.5 Sfact=0.6 DispFlag:1 Skin=1 Llim=1 mm

e-_G4DNAElastic:  for e- SubType=51 BuildTable=0
      ===== EM models for the G4Region  DefaultRegionForTheWorld ======
DNAChampionElasticModel : Emin=    0 eV  Emax=    1 MeV
          DummyModel : Emin=    1 MeV Emax=  300 MeV
          StepLim=UseSafety Rfact=0.04 Gfact=2.5 Sfact=0.6 DispFlag:1 Skin=1 Llim=1 mm

e-_G4DNAExcitation:  for e- SubType=52 BuildTable=0
      ===== EM models for the G4Region  DefaultRegionForTheWorld ======
DNABornExcitationModel : Emin=    0 eV  Emax=    1 MeV
          DummyModel : Emin=    1 MeV Emax=  300 MeV
          StepLim=UseSafety Rfact=0.04 Gfact=2.5 Sfact=0.6 DispFlag:1 Skin=1 Llim=1 mm

e-_G4DNAIonisation:  for e- SubType=53 BuildTable=0
      ===== EM models for the G4Region  DefaultRegionForTheWorld ======
DNABornIonisationModel : Emin=    0 eV  Emax=    1 MeV  deltaBorn Fluo
          DummyModel : Emin=    1 MeV Emax=  300 MeV
          StepLim=UseSafety Rfact=0.04 Gfact=2.5 Sfact=0.6 DispFlag:1 Skin=1 Llim=1 mm

e-_G4DNAVibExcitation:  for e- SubType=54 BuildTable=0
      ===== EM models for the G4Region  DefaultRegionForTheWorld ======
DNASancheExcitationModel : Emin=    0 eV  Emax=  100 eV 
          DummyModel : Emin=  100 eV  Emax=  300 MeV
          StepLim=UseSafety Rfact=0.04 Gfact=2.5 Sfact=0.6 DispFlag:1 Skin=1 Llim=1 mm

e-_G4DNAAttachment:  for e- SubType=55 BuildTable=0
      ===== EM models for the G4Region  DefaultRegionForTheWorld ======
DNAMeltonAttachmentModel : Emin=    0 eV  Emax=   13 eV 
          DummyModel : Emin=   13 eV  Emax=  300 MeV
          StepLim=UseSafety Rfact=0.04 Gfact=2.5 Sfact=0.6 DispFlag:1 Skin=1 Llim=1 mm

msc:  for e+  SubType= 10
      ===== EM models for the G4Region  DefaultRegionForTheWorld ======
  GoudsmitSaunderson : Emin=    0 eV  Emax=  300 MeV Nbins=120 100 eV  - 300 MeV
          StepLim=SafetyPlus Rfact=0.08 Gfact=2.5 Sfact=0.6 DispFlag:1 Skin=3 Llim=1 mm

eIoni:  for e+  XStype:1  SubType=2
      dE/dx and range tables from 10 eV  to 300 MeV in 140 bins
      Lambda tables from threshold to 300 MeV, 20 bins/decade, spline: 1
      StepFunction=(0.2, 0.01 mm), integ: 1, fluct: 1, linLossLim= 0.01
      ===== EM models for the G4Region  DefaultRegionForTheWorld ======
        MollerBhabha : Emin=    0 eV  Emax=  300 MeV  deltaVI

eBrem:  for e+  XStype:4  SubType=3
      dE/dx and range tables from 10 eV  to 300 MeV in 140 bins
      Lambda tables from threshold to 300 MeV, 20 bins/decade, spline: 1
      LPM flag: 1 for E > 0.3 GeV,  VertexHighEnergyTh(GeV)= 100000
      ===== EM models for the G4Region  DefaultRegionForTheWorld ======
             eBremSB : Emin=    0 eV  Emax=  300 MeV  AngularGen2BS

annihil:  for e+ XStype:2 SubType=5 BuildTable=0
      ===== EM models for the G4Region  DefaultRegionForTheWorld ======
            eplus2gg : Emin=    0 eV  Emax=  300 MeV

proton_G4DNAElastic:  for proton SubType=51 BuildTable=0
      ===== EM models for the G4Region  DefaultRegionForTheWorld ======
  DNAIonElasticModel : Emin=    0 eV  Emax=    1 MeV
          DummyModel : Emin=    1 MeV Emax=  300 MeV
          StepLim=UseSafety Rfact=0.04 Gfact=2.5 Sfact=0.6 DispFlag:1 Skin=1 Llim=1 mm

proton_G4DNAExcitation:  for proton SubType=52 BuildTable=0
      ===== EM models for the G4Region  DefaultRegionForTheWorld ======
DNAMillerGreenExcitationModel : Emin=    0 eV  Emax=  500 keV
DNABornExcitationModel : Emin=  500 keV Emax=  100 MeV
DNARPWBAExcitationModel : Emin=  100 MeV Emax=  300 MeV

proton_G4DNAIonisation:  for proton SubType=53 BuildTable=0
      ===== EM models for the G4Region  DefaultRegionForTheWorld ======
DNARuddIonisationExtendedModel : Emin=    0 eV  Emax=  500 keV  deltaRudd Fluo
DNABornIonisationModel : Emin=  500 keV Emax=  100 MeV  deltaBorn Fluo
DNARPWBAIonisationModel : Emin=  100 MeV Emax=  300 MeV  deltaBorn Fluo

proton_G4DNAChargeDecrease:  for proton SubType=56 BuildTable=0
      ===== EM models for the G4Region  DefaultRegionForTheWorld ======
DNADingfelderChargeDecreaseModel : Emin=    0 eV  Emax=  300 MeV

GenericIon_G4DNAIonisation:  for GenericIon SubType=53 BuildTable=0
      ===== EM models for the G4Region  DefaultRegionForTheWorld ======
          DummyModel : Emin=    0 eV  Emax=  100 eV 
          StepLim=UseSafety Rfact=0.04 Gfact=2.5 Sfact=0.6 DispFlag:1 Skin=1 Llim=1 mm
DNARuddIonisationExtendedModel : Emin=  100 eV  Emax=  300 MeV  deltaRudd Fluo

alpha_G4DNAElastic:  for alpha SubType=51 BuildTable=0
      ===== EM models for the G4Region  DefaultRegionForTheWorld ======
  DNAIonElasticModel : Emin=    0 eV  Emax=    1 MeV
          DummyModel : Emin=    1 MeV Emax=  300 MeV
          StepLim=UseSafety Rfact=0.04 Gfact=2.5 Sfact=0.6 DispFlag:1 Skin=1 Llim=1 mm

alpha_G4DNAExcitation:  for alpha SubType=52 BuildTable=0
      ===== EM models for the G4Region  DefaultRegionForTheWorld ======
DNAMillerGreenExcitationModel : Emin=    0 eV  Emax=  300 MeV

alpha_G4DNAIonisation:  for alpha SubType=53 BuildTable=0
      ===== EM models for the G4Region  DefaultRegionForTheWorld ======
          DummyModel : Emin=    0 eV  Emax=  100 eV 
          StepLim=UseSafety Rfact=0.04 Gfact=2.5 Sfact=0.6 DispFlag:1 Skin=1 Llim=1 mm
DNARuddIonisationExtendedModel : Emin=  100 eV  Emax=  300 MeV  deltaRudd Fluo

alpha_G4DNAChargeDecrease:  for alpha SubType=56 BuildTable=0
      ===== EM models for the G4Region  DefaultRegionForTheWorld ======
DNADingfelderChargeDecreaseModel : Emin=    0 eV  Emax=  300 MeV

alpha+_G4DNAElastic:  for alpha+ SubType=51 BuildTable=0
      ===== EM models for the G4Region  DefaultRegionForTheWorld ======
  DNAIonElasticModel : Emin=    0 eV  Emax=    1 MeV
          DummyModel : Emin=    1 MeV Emax=  300 MeV
          StepLim=UseSafety Rfact=0.04 Gfact=2.5 Sfact=0.6 DispFlag:1 Skin=1 Llim=1 mm

alpha+_G4DNAExcitation:  for alpha+ SubType=52 BuildTable=0
      ===== EM models for the G4Region  DefaultRegionForTheWorld ======
DNAMillerGreenExcitationModel : Emin=    0 eV  Emax=  300 MeV

alpha+_G4DNAIonisation:  for alpha+ SubType=53 BuildTable=0
      ===== EM models for the G4Region  DefaultRegionForTheWorld ======
          DummyModel : Emin=    0 eV  Emax=  100 eV 
          StepLim=UseSafety Rfact=0.04 Gfact=2.5 Sfact=0.6 DispFlag:1 Skin=1 Llim=1 mm
DNARuddIonisationExtendedModel : Emin=  100 eV  Emax=  300 MeV  deltaRudd Fluo

alpha+_G4DNAChargeIncrease:  for alpha+ SubType=57 BuildTable=0
      ===== EM models for the G4Region  DefaultRegionForTheWorld ======
DNADingfelderChargeIncreaseModel : Emin=    0 eV  Emax=  300 MeV

alpha+_G4DNAChargeDecrease:  for alpha+ SubType=56 BuildTable=0
      ===== EM models for the G4Region  DefaultRegionForTheWorld ======
DNADingfelderChargeDecreaseModel : Emin=    0 eV  Emax=  300 MeV

msc:  for anti_proton  SubType= 10
      ===== EM models for the G4Region  DefaultRegionForTheWorld ======
        WentzelVIUni : Emin=    0 eV  Emax=  300 MeV
          StepLim=Minimal Rfact=0.2 Gfact=2.5 Sfact=0.6 DispFlag:0 Skin=3 Llim=1 mm

hIoni:  for anti_proton  XStype:1  SubType=2
      dE/dx and range tables from 10 eV  to 300 MeV in 140 bins
      Lambda tables from threshold to 300 MeV, 20 bins/decade, spline: 1
      StepFunction=(0.1, 0.05 mm), integ: 1, fluct: 1, linLossLim= 0.01
      ===== EM models for the G4Region  DefaultRegionForTheWorld ======
            ICRU73QO : Emin=    0 eV  Emax=    2 MeV  deltaVI
          BetheBloch : Emin=    2 MeV Emax=  300 MeV  deltaVI

helium_G4DNAElastic:  for helium SubType=51 BuildTable=0
      ===== EM models for the G4Region  DefaultRegionForTheWorld ======
  DNAIonElasticModel : Emin=    0 eV  Emax=    1 MeV
          DummyModel : Emin=    1 MeV Emax=  300 MeV
          StepLim=UseSafety Rfact=0.04 Gfact=2.5 Sfact=0.6 DispFlag:1 Skin=1 Llim=1 mm

helium_G4DNAExcitation:  for helium SubType=52 BuildTable=0
      ===== EM models for the G4Region  DefaultRegionForTheWorld ======
DNAMillerGreenExcitationModel : Emin=    0 eV  Emax=  300 MeV

helium_G4DNAIonisation:  for helium SubType=53 BuildTable=0
      ===== EM models for the G4Region  DefaultRegionForTheWorld ======
          DummyModel : Emin=    0 eV  Emax=  100 eV 
          StepLim=UseSafety Rfact=0.04 Gfact=2.5 Sfact=0.6 DispFlag:1 Skin=1 Llim=1 mm
DNARuddIonisationExtendedModel : Emin=  100 eV  Emax=  300 MeV  deltaRudd Fluo

helium_G4DNAChargeIncrease:  for helium SubType=57 BuildTable=0
      ===== EM models for the G4Region  DefaultRegionForTheWorld ======
DNADingfelderChargeIncreaseModel : Emin=    0 eV  Emax=  300 MeV

hydrogen_G4DNAElastic:  for hydrogen SubType=51 BuildTable=0
      ===== EM models for the G4Region  DefaultRegionForTheWorld ======
  DNAIonElasticModel : Emin=    0 eV  Emax=    1 MeV
          DummyModel : Emin=    1 MeV Emax=  300 MeV
          StepLim=UseSafety Rfact=0.04 Gfact=2.5 Sfact=0.6 DispFlag:1 Skin=1 Llim=1 mm

hydrogen_G4DNAExcitation:  for hydrogen SubType=52 BuildTable=0
      ===== EM models for the G4Region  DefaultRegionForTheWorld ======
DNAMillerGreenExcitationModel : Emin=    0 eV  Emax=  300 MeV

hydrogen_G4DNAIonisation:  for hydrogen SubType=53 BuildTable=0
      ===== EM models for the G4Region  DefaultRegionForTheWorld ======
          DummyModel : Emin=    0 eV  Emax=  100 eV 
          StepLim=UseSafety Rfact=0.04 Gfact=2.5 Sfact=0.6 DispFlag:1 Skin=1 Llim=1 mm
DNARuddIonisationExtendedModel : Emin=  100 eV  Emax=  300 MeV  deltaRudd Fluo

hydrogen_G4DNAChargeIncrease:  for hydrogen SubType=57 BuildTable=0
      ===== EM models for the G4Region  DefaultRegionForTheWorld ======
DNADingfelderChargeIncreaseModel : Emin=    0 eV  Emax=  300 MeV

msc:  for kaon+  SubType= 10
      ===== EM models for the G4Region  DefaultRegionForTheWorld ======
        WentzelVIUni : Emin=    0 eV  Emax=  300 MeV
          StepLim=Minimal Rfact=0.2 Gfact=2.5 Sfact=0.6 DispFlag:0 Skin=3 Llim=1 mm

hIoni:  for kaon+  XStype:3  SubType=2
      dE/dx and range tables from 10 eV  to 300 MeV in 140 bins
      Lambda tables from threshold to 300 MeV, 20 bins/decade, spline: 1
      StepFunction=(0.1, 0.05 mm), integ: 3, fluct: 1, linLossLim= 0.01
      ===== EM models for the G4Region  DefaultRegionForTheWorld ======
               Bragg : Emin=    0 eV  Emax=1.05231 MeV  deltaVI
          BetheBloch : Emin=1.05231 MeV Emax=  300 MeV  deltaVI

msc:  for kaon-  SubType= 10
      ===== EM models for the G4Region  DefaultRegionForTheWorld ======
        WentzelVIUni : Emin=    0 eV  Emax=  300 MeV
          StepLim=Minimal Rfact=0.2 Gfact=2.5 Sfact=0.6 DispFlag:0 Skin=3 Llim=1 mm

hIoni:  for kaon-  XStype:3  SubType=2
      dE/dx and range tables from 10 eV  to 300 MeV in 140 bins
      Lambda tables from threshold to 300 MeV, 20 bins/decade, spline: 1
      StepFunction=(0.1, 0.05 mm), integ: 3, fluct: 1, linLossLim= 0.01
      ===== EM models for the G4Region  DefaultRegionForTheWorld ======
            ICRU73QO : Emin=    0 eV  Emax=1.05231 MeV  deltaVI
          BetheBloch : Emin=1.05231 MeV Emax=  300 MeV  deltaVI

msc:  for mu+  SubType= 10
      ===== EM models for the G4Region  DefaultRegionForTheWorld ======
        WentzelVIUni : Emin=    0 eV  Emax=  300 MeV
          StepLim=Minimal Rfact=0.2 Gfact=2.5 Sfact=0.6 DispFlag:0 Skin=3 Llim=1 mm

hIoni:  for mu+  XStype:3  SubType=2
      dE/dx and range tables from 10 eV  to 300 MeV in 140 bins
      Lambda tables from threshold to 300 MeV, 20 bins/decade, spline: 1
      ===== EM models for the G4Region  DefaultRegionForTheWorld ======
               Bragg : Emin=    0 eV  Emax=225.219 keV  deltaVI
          BetheBloch : Emin=225.219 keV Emax=  300 MeV  deltaVI

msc:  for mu-  SubType= 10
      ===== EM models for the G4Region  DefaultRegionForTheWorld ======
        WentzelVIUni : Emin=    0 eV  Emax=  300 MeV
          StepLim=Minimal Rfact=0.2 Gfact=2.5 Sfact=0.6 DispFlag:0 Skin=3 Llim=1 mm

hIoni:  for mu-  XStype:1  SubType=2
      dE/dx and range tables from 10 eV  to 300 MeV in 140 bins
      Lambda tables from threshold to 300 MeV, 20 bins/decade, spline: 1
      StepFunction=(0.1, 0.05 mm), integ: 1, fluct: 1, linLossLim= 0.01
      ===== EM models for the G4Region  DefaultRegionForTheWorld ======
            ICRU73QO : Emin=    0 eV  Emax=225.219 keV  deltaVI
          BetheBloch : Emin=225.219 keV Emax=  300 MeV  deltaVI

msc:  for pi+  SubType= 10
      ===== EM models for the G4Region  DefaultRegionForTheWorld ======
        WentzelVIUni : Emin=    0 eV  Emax=  300 MeV
          StepLim=Minimal Rfact=0.2 Gfact=2.5 Sfact=0.6 DispFlag:0 Skin=3 Llim=1 mm

hIoni:  for pi+  XStype:3  SubType=2
      dE/dx and range tables from 10 eV  to 300 MeV in 140 bins
      Lambda tables from threshold to 300 MeV, 20 bins/decade, spline: 1
      StepFunction=(0.1, 0.05 mm), integ: 3, fluct: 1, linLossLim= 0.01
      ===== EM models for the G4Region  DefaultRegionForTheWorld ======
               Bragg : Emin=    0 eV  Emax=297.505 keV  deltaVI
          BetheBloch : Emin=297.505 keV Emax=  300 MeV  deltaVI

msc:  for pi-  SubType= 10
      ===== EM models for the G4Region  DefaultRegionForTheWorld ======
        WentzelVIUni : Emin=    0 eV  Emax=  300 MeV
          StepLim=Minimal Rfact=0.2 Gfact=2.5 Sfact=0.6 DispFlag:0 Skin=3 Llim=1 mm

hIoni:  for pi-  XStype:3  SubType=2
      dE/dx and range tables from 10 eV  to 300 MeV in 140 bins
      Lambda tables from threshold to 300 MeV, 20 bins/decade, spline: 1
      StepFunction=(0.1, 0.05 mm), integ: 3, fluct: 1, linLossLim= 0.01
      ===== EM models for the G4Region  DefaultRegionForTheWorld ======
            ICRU73QO : Emin=    0 eV  Emax=297.505 keV  deltaVI
          BetheBloch : Emin=297.505 keV Emax=  300 MeV  deltaVI

=========================================================================
--> G4TaskRunManager::CreateAndStartWorkers() --> Initializing workers...
=========================================================================

G4VisManager: Using G4TrajectoryDrawByCharge as fallback trajectory model.
See commands in /vis/modeling/trajectories/ for other options.

==========================================================================================
--> G4TaskRunManager::CreateAndStartWorkers() --> Creating 32 tasks with 31 events/task...
==========================================================================================


 ======================= run summary ====================

 The run is 1000 e- of 12.00 eV  through a sphere of radius 1.00 m  of G4_WATER (density: 1.00 g/cm3 )

 Track length of primary track = 29.216 nm  +- 18.837 nm 
 Projected range               = 5.342 Ang +- 2.719 nm 
 Penetration                   = 4.165 nm  +- 2.505 nm 
There are histograms that can be viewed with visualization:
  4 h1 histograms(s)
  List them with "/analysis/list".
  View them immediately with "/vis/plot" or "/vis/reviewPlots".
  But...there are no entries. To make your histograms available for
  plotting in this UI session, use CloseFile(false) in your
  EndOfRunAction and Reset() in your BeginOfRunAction.

==========================================================================================
--> G4TaskRunManager::CreateAndStartWorkers() --> Creating 32 tasks with 31 events/task...
==========================================================================================


 ======================= run summary ====================

 The run is 1000 e- of 14.00 eV  through a sphere of radius 1.00 m  of G4_WATER (density: 1.00 g/cm3 )

 Track length of primary track = 22.807 nm  +- 24.569 nm 
 Projected range               = 3.874 Ang +- 2.593 nm 
 Penetration                   = 3.547 nm  +- 2.771 nm 
There are histograms that can be viewed with visualization:
  4 h1 histograms(s)
  List them with "/analysis/list".
  View them immediately with "/vis/plot" or "/vis/reviewPlots".
  But...there are no entries. To make your histograms available for
  plotting in this UI session, use CloseFile(false) in your
  EndOfRunAction and Reset() in your BeginOfRunAction.

==========================================================================================
--> G4TaskRunManager::CreateAndStartWorkers() --> Creating 32 tasks with 31 events/task...
==========================================================================================


 ======================= run summary ====================

 The run is 1000 e- of 16.00 eV  through a sphere of radius 1.00 m  of G4_WATER (density: 1.00 g/cm3 )

 Track length of primary track = 11.255 nm  +- 14.907 nm 
 Projected range               = 3.802 Ang +- 1.818 nm 
 Penetration                   = 2.405 nm  +- 1.880 nm 
There are histograms that can be viewed with visualization:
  4 h1 histograms(s)
  List them with "/analysis/list".
  View them immediately with "/vis/plot" or "/vis/reviewPlots".
  But...there are no entries. To make your histograms available for
  plotting in this UI session, use CloseFile(false) in your
  EndOfRunAction and Reset() in your BeginOfRunAction.

==========================================================================================
--> G4TaskRunManager::CreateAndStartWorkers() --> Creating 32 tasks with 31 events/task...
==========================================================================================


 ======================= run summary ====================

 The run is 1000 e- of 18.00 eV  through a sphere of radius 1.00 m  of G4_WATER (density: 1.00 g/cm3 )

 Track length of primary track = 7.052 nm  +- 7.498 nm 
 Projected range               = 4.290 Ang +- 1.513 nm 
 Penetration                   = 1.983 nm  +- 1.569 nm 
There are histograms that can be viewed with visualization:
  4 h1 histograms(s)
  List them with "/analysis/list".
  View them immediately with "/vis/plot" or "/vis/reviewPlots".
  But...there are no entries. To make your histograms available for
  plotting in this UI session, use CloseFile(false) in your
  EndOfRunAction and Reset() in your BeginOfRunAction.

==========================================================================================
--> G4TaskRunManager::CreateAndStartWorkers() --> Creating 32 tasks with 31 events/task...
==========================================================================================


 ======================= run summary ====================

 The run is 1000 e- of 20.00 eV  through a sphere of radius 1.00 m  of G4_WATER (density: 1.00 g/cm3 )

 Track length of primary track = 6.347 nm  +- 7.737 nm 
 Projected range               = 4.410 Ang +- 1.443 nm 
 Penetration                   = 1.886 nm  +- 1.490 nm 
There are histograms that can be viewed with visualization:
  4 h1 histograms(s)
  List them with "/analysis/list".
  View them immediately with "/vis/plot" or "/vis/reviewPlots".
  But...there are no entries. To make your histograms available for
  plotting in this UI session, use CloseFile(false) in your
  EndOfRunAction and Reset() in your BeginOfRunAction.

==========================================================================================
--> G4TaskRunManager::CreateAndStartWorkers() --> Creating 32 tasks with 31 events/task...
==========================================================================================


 ======================= run summary ====================

 The run is 1000 e- of 25.00 eV  through a sphere of radius 1.00 m  of G4_WATER (density: 1.00 g/cm3 )

 Track length of primary track = 13.890 nm  +- 16.738 nm 
 Projected range               = 6.062 Ang +- 2.102 nm 
 Penetration                   = 2.739 nm  +- 2.219 nm 
There are histograms that can be viewed with visualization:
  4 h1 histograms(s)
  List them with "/analysis/list".
  View them immediately with "/vis/plot" or "/vis/reviewPlots".
  But...there are no entries. To make your histograms available for
  plotting in this UI session, use CloseFile(false) in your
  EndOfRunAction and Reset() in your BeginOfRunAction.

==========================================================================================
--> G4TaskRunManager::CreateAndStartWorkers() --> Creating 32 tasks with 31 events/task...
==========================================================================================


 ======================= run summary ====================

 The run is 1000 e- of 30.00 eV  through a sphere of radius 1.00 m  of G4_WATER (density: 1.00 g/cm3 )

 Track length of primary track = 17.003 nm  +- 18.014 nm 
 Projected range               = 6.792 Ang +- 2.262 nm 
 Penetration                   = 3.109 nm  +- 2.215 nm 
There are histograms that can be viewed with visualization:
  4 h1 histograms(s)
  List them with "/analysis/list".
  View them immediately with "/vis/plot" or "/vis/reviewPlots".
  But...there are no entries. To make your histograms available for
  plotting in this UI session, use CloseFile(false) in your
  EndOfRunAction and Reset() in your BeginOfRunAction.

==========================================================================================
--> G4TaskRunManager::CreateAndStartWorkers() --> Creating 32 tasks with 31 events/task...
==========================================================================================


 ======================= run summary ====================

 The run is 1000 e- of 35.00 eV  through a sphere of radius 1.00 m  of G4_WATER (density: 1.00 g/cm3 )

 Track length of primary track = 14.701 nm  +- 16.825 nm 
 Projected range               = 6.064 Ang +- 2.171 nm 
 Penetration                   = 2.992 nm  +- 2.104 nm 
There are histograms that can be viewed with visualization:
  4 h1 histograms(s)
  List them with "/analysis/list".
  View them immediately with "/vis/plot" or "/vis/reviewPlots".
  But...there are no entries. To make your histograms available for
  plotting in this UI session, use CloseFile(false) in your
  EndOfRunAction and Reset() in your BeginOfRunAction.

==========================================================================================
--> G4TaskRunManager::CreateAndStartWorkers() --> Creating 32 tasks with 31 events/task...
==========================================================================================


 ======================= run summary ====================

 The run is 1000 e- of 40.00 eV  through a sphere of radius 1.00 m  of G4_WATER (density: 1.00 g/cm3 )

 Track length of primary track = 13.340 nm  +- 15.557 nm 
 Projected range               = 7.260 Ang +- 2.202 nm 
 Penetration                   = 3.010 nm  +- 2.030 nm 
There are histograms that can be viewed with visualization:
  4 h1 histograms(s)
  List them with "/analysis/list".
  View them immediately with "/vis/plot" or "/vis/reviewPlots".
  But...there are no entries. To make your histograms available for
  plotting in this UI session, use CloseFile(false) in your
  EndOfRunAction and Reset() in your BeginOfRunAction.

==========================================================================================
--> G4TaskRunManager::CreateAndStartWorkers() --> Creating 32 tasks with 31 events/task...
==========================================================================================


 ======================= run summary ====================

 The run is 1000 e- of 45.00 eV  through a sphere of radius 1.00 m  of G4_WATER (density: 1.00 g/cm3 )

 Track length of primary track = 13.800 nm  +- 14.980 nm 
 Projected range               = 7.625 Ang +- 2.213 nm 
 Penetration                   = 3.064 nm  +- 2.197 nm 
There are histograms that can be viewed with visualization:
  4 h1 histograms(s)
  List them with "/analysis/list".
  View them immediately with "/vis/plot" or "/vis/reviewPlots".
  But...there are no entries. To make your histograms available for
  plotting in this UI session, use CloseFile(false) in your
  EndOfRunAction and Reset() in your BeginOfRunAction.

==========================================================================================
--> G4TaskRunManager::CreateAndStartWorkers() --> Creating 32 tasks with 31 events/task...
==========================================================================================


 ======================= run summary ====================

 The run is 1000 e- of 50.00 eV  through a sphere of radius 1.00 m  of G4_WATER (density: 1.00 g/cm3 )

 Track length of primary track = 15.585 nm  +- 17.512 nm 
 Projected range               = 7.452 Ang +- 2.214 nm 
 Penetration                   = 3.114 nm  +- 2.073 nm 
There are histograms that can be viewed with visualization:
  4 h1 histograms(s)
  List them with "/analysis/list".
  View them immediately with "/vis/plot" or "/vis/reviewPlots".
  But...there are no entries. To make your histograms available for
  plotting in this UI session, use CloseFile(false) in your
  EndOfRunAction and Reset() in your BeginOfRunAction.

==========================================================================================
--> G4TaskRunManager::CreateAndStartWorkers() --> Creating 32 tasks with 31 events/task...
==========================================================================================


 ======================= run summary ====================

 The run is 1000 e- of 60.00 eV  through a sphere of radius 1.00 m  of G4_WATER (density: 1.00 g/cm3 )

 Track length of primary track = 15.735 nm  +- 15.971 nm 
 Projected range               = 8.690 Ang +- 2.389 nm 
 Penetration                   = 3.381 nm  +- 2.167 nm 
There are histograms that can be viewed with visualization:
  4 h1 histograms(s)
  List them with "/analysis/list".
  View them immediately with "/vis/plot" or "/vis/reviewPlots".
  But...there are no entries. To make your histograms available for
  plotting in this UI session, use CloseFile(false) in your
  EndOfRunAction and Reset() in your BeginOfRunAction.

==========================================================================================
--> G4TaskRunManager::CreateAndStartWorkers() --> Creating 32 tasks with 31 events/task...
==========================================================================================


 ======================= run summary ====================

 The run is 1000 e- of 70.00 eV  through a sphere of radius 1.00 m  of G4_WATER (density: 1.00 g/cm3 )

 Track length of primary track = 16.007 nm  +- 15.525 nm 
 Projected range               = 1.008 nm  +- 2.516 nm 
 Penetration                   = 3.558 nm  +- 2.125 nm 
There are histograms that can be viewed with visualization:
  4 h1 histograms(s)
  List them with "/analysis/list".
  View them immediately with "/vis/plot" or "/vis/reviewPlots".
  But...there are no entries. To make your histograms available for
  plotting in this UI session, use CloseFile(false) in your
  EndOfRunAction and Reset() in your BeginOfRunAction.

==========================================================================================
--> G4TaskRunManager::CreateAndStartWorkers() --> Creating 32 tasks with 31 events/task...
==========================================================================================


 ======================= run summary ====================

 The run is 1000 e- of 80.00 eV  through a sphere of radius 1.00 m  of G4_WATER (density: 1.00 g/cm3 )

 Track length of primary track = 17.255 nm  +- 16.603 nm 
 Projected range               = 1.017 nm  +- 2.582 nm 
 Penetration                   = 3.740 nm  +- 2.167 nm 
There are histograms that can be viewed with visualization:
  4 h1 histograms(s)
  List them with "/analysis/list".
  View them immediately with "/vis/plot" or "/vis/reviewPlots".
  But...there are no entries. To make your histograms available for
  plotting in this UI session, use CloseFile(false) in your
  EndOfRunAction and Reset() in your BeginOfRunAction.

==========================================================================================
--> G4TaskRunManager::CreateAndStartWorkers() --> Creating 32 tasks with 31 events/task...
==========================================================================================


 ======================= run summary ====================

 The run is 1000 e- of 90.00 eV  through a sphere of radius 1.00 m  of G4_WATER (density: 1.00 g/cm3 )

 Track length of primary track = 16.340 nm  +- 15.956 nm 
 Projected range               = 1.273 nm  +- 2.470 nm 
 Penetration                   = 3.685 nm  +- 2.108 nm 
There are histograms that can be viewed with visualization:
  4 h1 histograms(s)
  List them with "/analysis/list".
  View them immediately with "/vis/plot" or "/vis/reviewPlots".
  But...there are no entries. To make your histograms available for
  plotting in this UI session, use CloseFile(false) in your
  EndOfRunAction and Reset() in your BeginOfRunAction.

==========================================================================================
--> G4TaskRunManager::CreateAndStartWorkers() --> Creating 32 tasks with 31 events/task...
==========================================================================================


 ======================= run summary ====================

 The run is 1000 e- of 100.00 eV  through a sphere of radius 1.00 m  of G4_WATER (density: 1.00 g/cm3 )

 Track length of primary track = 17.595 nm  +- 15.788 nm 
 Projected range               = 1.273 nm  +- 2.810 nm 
 Penetration                   = 4.032 nm  +- 2.265 nm 
There are histograms that can be viewed with visualization:
  4 h1 histograms(s)
  List them with "/analysis/list".
  View them immediately with "/vis/plot" or "/vis/reviewPlots".
  But...there are no entries. To make your histograms available for
  plotting in this UI session, use CloseFile(false) in your
  EndOfRunAction and Reset() in your BeginOfRunAction.

==========================================================================================
--> G4TaskRunManager::CreateAndStartWorkers() --> Creating 32 tasks with 31 events/task...
==========================================================================================


 ======================= run summary ====================

 The run is 1000 e- of 150.00 eV  through a sphere of radius 1.00 m  of G4_WATER (density: 1.00 g/cm3 )

 Track length of primary track = 38.308 nm  +- 73.427 nm 
 Projected range               = 2.094 nm  +- 4.124 nm 
 Penetration                   = 5.567 nm  +- 3.873 nm 
There are histograms that can be viewed with visualization:
  4 h1 histograms(s)
  List them with "/analysis/list".
  View them immediately with "/vis/plot" or "/vis/reviewPlots".
  But...there are no entries. To make your histograms available for
  plotting in this UI session, use CloseFile(false) in your
  EndOfRunAction and Reset() in your BeginOfRunAction.

==========================================================================================
--> G4TaskRunManager::CreateAndStartWorkers() --> Creating 32 tasks with 31 events/task...
==========================================================================================


 ======================= run summary ====================

 The run is 1000 e- of 200.00 eV  through a sphere of radius 1.00 m  of G4_WATER (density: 1.00 g/cm3 )

 Track length of primary track = 33.620 nm  +- 54.363 nm 
 Projected range               = 2.666 nm  +- 4.067 nm 
 Penetration                   = 6.277 nm  +- 3.660 nm 
There are histograms that can be viewed with visualization:
  4 h1 histograms(s)
  List them with "/analysis/list".
  View them immediately with "/vis/plot" or "/vis/reviewPlots".
  But...there are no entries. To make your histograms available for
  plotting in this UI session, use CloseFile(false) in your
  EndOfRunAction and Reset() in your BeginOfRunAction.

==========================================================================================
--> G4TaskRunManager::CreateAndStartWorkers() --> Creating 32 tasks with 31 events/task...
==========================================================================================


 ======================= run summary ====================

 The run is 1000 e- of 250.00 eV  through a sphere of radius 1.00 m  of G4_WATER (density: 1.00 g/cm3 )

 Track length of primary track = 38.654 nm  +- 71.058 nm 
 Projected range               = 4.127 nm  +- 4.597 nm 
 Penetration                   = 7.670 nm  +- 4.070 nm 
There are histograms that can be viewed with visualization:
  4 h1 histograms(s)
  List them with "/analysis/list".
  View them immediately with "/vis/plot" or "/vis/reviewPlots".
  But...there are no entries. To make your histograms available for
  plotting in this UI session, use CloseFile(false) in your
  EndOfRunAction and Reset() in your BeginOfRunAction.

==========================================================================================
--> G4TaskRunManager::CreateAndStartWorkers() --> Creating 32 tasks with 31 events/task...
==========================================================================================


 ======================= run summary ====================

 The run is 1000 e- of 300.00 eV  through a sphere of radius 1.00 m  of G4_WATER (density: 1.00 g/cm3 )

 Track length of primary track = 40.747 nm  +- 64.859 nm 
 Projected range               = 4.648 nm  +- 5.668 nm 
 Penetration                   = 8.935 nm  +- 4.382 nm 
There are histograms that can be viewed with visualization:
  4 h1 histograms(s)
  List them with "/analysis/list".
  View them immediately with "/vis/plot" or "/vis/reviewPlots".
  But...there are no entries. To make your histograms available for
  plotting in this UI session, use CloseFile(false) in your
  EndOfRunAction and Reset() in your BeginOfRunAction.

==========================================================================================
--> G4TaskRunManager::CreateAndStartWorkers() --> Creating 32 tasks with 31 events/task...
==========================================================================================


 ======================= run summary ====================

 The run is 1000 e- of 350.00 eV  through a sphere of radius 1.00 m  of G4_WATER (density: 1.00 g/cm3 )

 Track length of primary track = 43.761 nm  +- 74.242 nm 
 Projected range               = 5.575 nm  +- 6.023 nm 
 Penetration                   = 10.169 nm  +- 4.652 nm 
There are histograms that can be viewed with visualization:
  4 h1 histograms(s)
  List them with "/analysis/list".
  View them immediately with "/vis/plot" or "/vis/reviewPlots".
  But...there are no entries. To make your histograms available for
  plotting in this UI session, use CloseFile(false) in your
  EndOfRunAction and Reset() in your BeginOfRunAction.

==========================================================================================
--> G4TaskRunManager::CreateAndStartWorkers() --> Creating 32 tasks with 31 events/task...
==========================================================================================


 ======================= run summary ====================

 The run is 1000 e- of 400.00 eV  through a sphere of radius 1.00 m  of G4_WATER (density: 1.00 g/cm3 )

 Track length of primary track = 52.062 nm  +- 78.550 nm 
 Projected range               = 7.278 nm  +- 7.061 nm 
 Penetration                   = 12.092 nm  +- 5.909 nm 
There are histograms that can be viewed with visualization:
  4 h1 histograms(s)
  List them with "/analysis/list".
  View them immediately with "/vis/plot" or "/vis/reviewPlots".
  But...there are no entries. To make your histograms available for
  plotting in this UI session, use CloseFile(false) in your
  EndOfRunAction and Reset() in your BeginOfRunAction.

==========================================================================================
--> G4TaskRunManager::CreateAndStartWorkers() --> Creating 32 tasks with 31 events/task...
==========================================================================================


 ======================= run summary ====================

 The run is 1000 e- of 450.00 eV  through a sphere of radius 1.00 m  of G4_WATER (density: 1.00 g/cm3 )

 Track length of primary track = 46.174 nm  +- 53.359 nm 
 Projected range               = 8.240 nm  +- 7.724 nm 
 Penetration                   = 13.557 nm  +- 5.751 nm 
There are histograms that can be viewed with visualization:
  4 h1 histograms(s)
  List them with "/analysis/list".
  View them immediately with "/vis/plot" or "/vis/reviewPlots".
  But...there are no entries. To make your histograms available for
  plotting in this UI session, use CloseFile(false) in your
  EndOfRunAction and Reset() in your BeginOfRunAction.

==========================================================================================
--> G4TaskRunManager::CreateAndStartWorkers() --> Creating 32 tasks with 31 events/task...
==========================================================================================


 ======================= run summary ====================

 The run is 1000 e- of 500.00 eV  through a sphere of radius 1.00 m  of G4_WATER (density: 1.00 g/cm3 )

 Track length of primary track = 51.623 nm  +- 65.456 nm 
 Projected range               = 9.411 nm  +- 8.710 nm 
 Penetration                   = 15.314 nm  +- 6.645 nm 
There are histograms that can be viewed with visualization:
  4 h1 histograms(s)
  List them with "/analysis/list".
  View them immediately with "/vis/plot" or "/vis/reviewPlots".
  But...there are no entries. To make your histograms available for
  plotting in this UI session, use CloseFile(false) in your
  EndOfRunAction and Reset() in your BeginOfRunAction.

==========================================================================================
--> G4TaskRunManager::CreateAndStartWorkers() --> Creating 32 tasks with 31 events/task...
==========================================================================================


 ======================= run summary ====================

 The run is 1000 e- of 600.00 eV  through a sphere of radius 1.00 m  of G4_WATER (density: 1.00 g/cm3 )

 Track length of primary track = 60.288 nm  +- 67.628 nm 
 Projected range               = 12.185 nm  +- 10.933 nm 
 Penetration                   = 19.664 nm  +- 8.093 nm 
There are histograms that can be viewed with visualization:
  4 h1 histograms(s)
  List them with "/analysis/list".
  View them immediately with "/vis/plot" or "/vis/reviewPlots".
  But...there are no entries. To make your histograms available for
  plotting in this UI session, use CloseFile(false) in your
  EndOfRunAction and Reset() in your BeginOfRunAction.

==========================================================================================
--> G4TaskRunManager::CreateAndStartWorkers() --> Creating 32 tasks with 31 events/task...
==========================================================================================


 ======================= run summary ====================

 The run is 1000 e- of 700.00 eV  through a sphere of radius 1.00 m  of G4_WATER (density: 1.00 g/cm3 )

 Track length of primary track = 69.024 nm  +- 67.225 nm 
 Projected range               = 15.729 nm  +- 12.558 nm 
 Penetration                   = 24.104 nm  +- 9.952 nm 
There are histograms that can be viewed with visualization:
  4 h1 histograms(s)
  List them with "/analysis/list".
  View them immediately with "/vis/plot" or "/vis/reviewPlots".
  But...there are no entries. To make your histograms available for
  plotting in this UI session, use CloseFile(false) in your
  EndOfRunAction and Reset() in your BeginOfRunAction.

==========================================================================================
--> G4TaskRunManager::CreateAndStartWorkers() --> Creating 32 tasks with 31 events/task...
==========================================================================================


 ======================= run summary ====================

 The run is 1000 e- of 800.00 eV  through a sphere of radius 1.00 m  of G4_WATER (density: 1.00 g/cm3 )

 Track length of primary track = 73.896 nm  +- 57.455 nm 
 Projected range               = 19.006 nm  +- 15.319 nm 
 Penetration                   = 29.622 nm  +- 11.863 nm 
There are histograms that can be viewed with visualization:
  4 h1 histograms(s)
  List them with "/analysis/list".
  View them immediately with "/vis/plot" or "/vis/reviewPlots".
  But...there are no entries. To make your histograms available for
  plotting in this UI session, use CloseFile(false) in your
  EndOfRunAction and Reset() in your BeginOfRunAction.

==========================================================================================
--> G4TaskRunManager::CreateAndStartWorkers() --> Creating 32 tasks with 31 events/task...
==========================================================================================


 ======================= run summary ====================

 The run is 1000 e- of 900.00 eV  through a sphere of radius 1.00 m  of G4_WATER (density: 1.00 g/cm3 )

 Track length of primary track = 85.784 nm  +- 67.774 nm 
 Projected range               = 23.448 nm  +- 18.046 nm 
 Penetration                   = 35.272 nm  +- 13.667 nm 
There are histograms that can be viewed with visualization:
  4 h1 histograms(s)
  List them with "/analysis/list".
  View them immediately with "/vis/plot" or "/vis/reviewPlots".
  But...there are no entries. To make your histograms available for
  plotting in this UI session, use CloseFile(false) in your
  EndOfRunAction and Reset() in your BeginOfRunAction.

==========================================================================================
--> G4TaskRunManager::CreateAndStartWorkers() --> Creating 32 tasks with 31 events/task...
==========================================================================================


 ======================= run summary ====================

 The run is 1000 e- of 1.00 keV through a sphere of radius 1.00 m  of G4_WATER (density: 1.00 g/cm3 )

 Track length of primary track = 97.664 nm  +- 68.749 nm 
 Projected range               = 25.881 nm  +- 21.159 nm 
 Penetration                   = 40.873 nm  +- 14.940 nm 
There are histograms that can be viewed with visualization:
  4 h1 histograms(s)
  List them with "/analysis/list".
  View them immediately with "/vis/plot" or "/vis/reviewPlots".
  But...there are no entries. To make your histograms available for
  plotting in this UI session, use CloseFile(false) in your
  EndOfRunAction and Reset() in your BeginOfRunAction.

==========================================================================================
--> G4TaskRunManager::CreateAndStartWorkers() --> Creating 32 tasks with 31 events/task...
==========================================================================================


 ======================= run summary ====================

 The run is 1000 e- of 2.00 keV through a sphere of radius 1.00 m  of G4_WATER (density: 1.00 g/cm3 )

 Track length of primary track = 222.249 nm  +- 79.502 nm 
 Projected range               = 84.627 nm  +- 56.781 nm 
 Penetration                   = 125.218 nm  +- 41.842 nm 
There are histograms that can be viewed with visualization:
  4 h1 histograms(s)
  List them with "/analysis/list".
  View them immediately with "/vis/plot" or "/vis/reviewPlots".
  But...there are no entries. To make your histograms available for
  plotting in this UI session, use CloseFile(false) in your
  EndOfRunAction and Reset() in your BeginOfRunAction.

==========================================================================================
--> G4TaskRunManager::CreateAndStartWorkers() --> Creating 32 tasks with 31 events/task...
==========================================================================================


 ======================= run summary ====================

 The run is 1000 e- of 3.00 keV through a sphere of radius 1.00 m  of G4_WATER (density: 1.00 g/cm3 )

 Track length of primary track = 399.841 nm  +- 116.328 nm 
 Projected range               = 152.531 nm  +- 111.324 nm 
 Penetration                   = 232.285 nm  +- 80.301 nm 
There are histograms that can be viewed with visualization:
  4 h1 histograms(s)
  List them with "/analysis/list".
  View them immediately with "/vis/plot" or "/vis/reviewPlots".
  But...there are no entries. To make your histograms available for
  plotting in this UI session, use CloseFile(false) in your
  EndOfRunAction and Reset() in your BeginOfRunAction.

==========================================================================================
--> G4TaskRunManager::CreateAndStartWorkers() --> Creating 32 tasks with 31 events/task...
==========================================================================================


 ======================= run summary ====================

 The run is 1000 e- of 4.00 keV through a sphere of radius 1.00 m  of G4_WATER (density: 1.00 g/cm3 )

 Track length of primary track = 616.798 nm  +- 152.486 nm 
 Projected range               = 276.431 nm  +- 160.199 nm 
 Penetration                   = 383.378 nm  +- 124.528 nm 
There are histograms that can be viewed with visualization:
  4 h1 histograms(s)
  List them with "/analysis/list".
  View them immediately with "/vis/plot" or "/vis/reviewPlots".
  But...there are no entries. To make your histograms available for
  plotting in this UI session, use CloseFile(false) in your
  EndOfRunAction and Reset() in your BeginOfRunAction.

==========================================================================================
--> G4TaskRunManager::CreateAndStartWorkers() --> Creating 32 tasks with 31 events/task...
==========================================================================================


 ======================= run summary ====================

 The run is 1000 e- of 5.00 keV through a sphere of radius 1.00 m  of G4_WATER (density: 1.00 g/cm3 )

 Track length of primary track = 876.757 nm  +- 213.926 nm 
 Projected range               = 414.788 nm  +- 232.200 nm 
 Penetration                   = 568.286 nm  +- 176.277 nm 
There are histograms that can be viewed with visualization:
  4 h1 histograms(s)
  List them with "/analysis/list".
  View them immediately with "/vis/plot" or "/vis/reviewPlots".
  But...there are no entries. To make your histograms available for
  plotting in this UI session, use CloseFile(false) in your
  EndOfRunAction and Reset() in your BeginOfRunAction.
Graphics systems deleted.
Visualization Manager deleting...
