
        ############################################
        !!! WARNING - FPE detection is activated !!!
        ############################################

**************************************************************
 Geant4 version Name: geant4-11-02-ref-00 [MT]   (8-December-2023)
  << in Multi-threaded mode >> 
                       Copyright : Geant4 Collaboration
                      References : NIM A 506 (2003), 250-303
                                 : IEEE-TNS 53 (2006), 270-278
                                 : NIM A 835 (2016), 186-225
                             WWW : http://geant4.org/
**************************************************************

Visualization Manager instantiating with verbosity "warnings (3)"...
Visualization Manager initialising...
Registering graphics systems...

You have successfully registered the following graphics systems.
Registered graphics systems are:
  ASCIITree (ATree)
  DAWNFILE (DAWNFILE)
  G4HepRepFile (HepRepFile)
  RayTracer (RayTracer)
  VRML2FILE (VRML2FILE)
  gMocrenFile (gMocrenFile)
  TOOLSSG_OFFSCREEN (TSG_OFFSCREEN)
  TOOLSSG_OFFSCREEN (TSG_OFFSCREEN, TSG_FILE, TSG)
Default graphics system is: TSG_OFFSCREEN (based on batch session).
Default window size hint is: 600x600-0+0 (based on G4VisManager initialisation).
Note: Parameters specified on the command line will override these defaults.
      Use "vis/open" without parameters to get these defaults.

Registering model factories...

You have successfully registered the following model factories.
Registered model factories:
  generic
  drawByAttribute
  drawByCharge
  drawByOriginVolume
  drawByParticleID
  drawByEncounteredVolume

Registered models:
  None

Registered filter factories:
  attributeFilter
  chargeFilter
  originVolumeFilter
  particleFilter
  encounteredVolumeFilter

Registered filters:
  None

You have successfully registered the following user vis actions.
Run Duration User Vis Actions: none
End of Event User Vis Actions: none
End of Run User Vis Actions: none

Some /vis commands (optionally) take a string to specify colour.
"/vis/list" to see available colours.
WARNING: There is no world volume!
WARNING: There is no world volume!
PhysicsList::AddPhysicsList: <dna_opt2>

---------------------------------------------------------
---> The tracking cut to all particles is set to 10 eV 
---> The Absorber is a sphere of 1 m   radius of G4_WATER made of
 
 Material: G4_WATER H_2O   density:  1.000 g/cm3   RadL:  36.083 cm   Nucl.Int.Length:  75.375 cm 
                       Imean:  78.000 eV   temperature: 293.15 K  pressure:   1.00 atm

   --->  Element: H (H)   Z =  1.0   N =     1   A =  1.008 g/mole
         --->  Isotope:    H1   Z =  1   N =   1   A =   1.01 g/mole   abundance: 99.989 %
         --->  Isotope:    H2   Z =  1   N =   2   A =   2.01 g/mole   abundance:  0.011 %
          ElmMassFraction:  11.19 %  ElmAbundance  66.67 % 

   --->  Element: O (O)   Z =  8.0   N =    16   A = 15.999 g/mole
         --->  Isotope:   O16   Z =  8   N =  16   A =  15.99 g/mole   abundance: 99.757 %
         --->  Isotope:   O17   Z =  8   N =  17   A =  17.00 g/mole   abundance:  0.038 %
         --->  Isotope:   O18   Z =  8   N =  18   A =  18.00 g/mole   abundance:  0.205 %
          ElmMassFraction:  88.81 %  ElmAbundance  33.33 % 


---------------------------------------------------------
=======================================================================
======                 Electromagnetic Physics Parameters      ========
=======================================================================
LPM effect enabled                                 1
Enable creation and use of sampling tables         0
Apply cuts on all EM processes                     0
Use combined TransportationWithMsc                 Disabled
Use general process                                0
Enable linear polarisation for gamma               0
Enable photoeffect sampling below K-shell          1
Enable sampling of quantum entanglement            0
X-section factor for integral approach             0.8
Min kinetic energy for tables                      10 eV 
Max kinetic energy for tables                      1 GeV
Number of bins per decade of a table               20
Verbose level                                      1
Verbose level for worker thread                    0
Bremsstrahlung energy threshold above which 
  primary e+- is added to the list of secondary    100 TeV
Bremsstrahlung energy threshold above which primary
  muon/hadron is added to the list of secondary    100 TeV
Lowest triplet kinetic energy                      1 MeV
Enable sampling of gamma linear polarisation       0
5D gamma conversion model type                     0
5D gamma conversion model on isolated ion          0
Livermore data directory                           epics_2017
=======================================================================
======                 Ionisation Parameters                   ========
=======================================================================
Step function for e+-                              (0.2, 0.01 mm)
Step function for muons/hadrons                    (0.1, 0.05 mm)
Step function for light ions                       (0.1, 0.02 mm)
Step function for general ions                     (0.1, 0.001 mm)
Lowest e+e- kinetic energy                         0 eV 
Lowest muon/hadron kinetic energy                  1 keV
Use ICRU90 data                                    1
Fluctuations of dE/dx are enabled                  1
Type of fluctuation model for leptons and hadrons  Universal
Use built-in Birks satuaration                     0
Build CSDA range enabled                           0
Use cut as a final range enabled                   0
Enable angular generator interface                 1
Max kinetic energy for CSDA tables                 1 GeV
Max kinetic energy for NIEL computation            0 eV 
Linear loss limit                                  0.01
Read data from file for e+e- pair production by mu 0
=======================================================================
======                 Multiple Scattering Parameters          ========
=======================================================================
Type of msc step limit algorithm for e+-           2
Type of msc step limit algorithm for muons/hadrons 0
Msc lateral displacement for e+- enabled           1
Msc lateral displacement for muons and hadrons     0
Urban msc model lateral displacement alg96         1
Range factor for msc step limit for e+-            0.08
Range factor for msc step limit for muons/hadrons  0.2
Geometry factor for msc step limitation of e+-     2.5
Safety factor for msc step limit for e+-           0.6
Skin parameter for msc step limitation of e+-      3
Lambda limit for msc step limit for e+-            1 mm
Use Mott correction for e- scattering              1
Factor used for dynamic computation of angular 
  limit between single and multiple scattering     1
Fixed angular limit between single 
  and multiple scattering                          3.1416 rad
Upper energy limit for e+- multiple scattering     100 MeV
Type of electron single scattering model           0
Type of nuclear form-factor                        1
Screening factor                                   1
=======================================================================
======                 Atomic Deexcitation Parameters          ========
=======================================================================
Fluorescence enabled                               1
Directory in G4LEDATA for fluorescence data files  fluor
Auger electron cascade enabled                     1
PIXE atomic de-excitation enabled                  0
De-excitation module ignores cuts                  1
Type of PIXE cross section for hadrons             Empirical
Type of PIXE cross section for e+-                 Livermore
=======================================================================
======                 DNA Physics Parameters                  ========
=======================================================================
Use fast sampling in DNA models                    1
Use Stationary option in DNA models                0
Use DNA with multiple scattering of e-             0
Use DNA e- solvation model type                    11003
=======================================================================

### ===  Deexcitation model UAtomDeexcitation is activated for 1 region:
          DefaultRegionForTheWorld  1  1  0
### ===  Auger flag: 1
### ===  Ignore cuts flag:   1

phot:  for gamma SubType=12 BuildTable=0
      LambdaPrime table from 200 keV to 1 GeV in 74 bins 
      ===== EM models for the G4Region  DefaultRegionForTheWorld ======
 LivermorePhElectric : Emin=    0 eV  Emax=    1 GeV  SauterGavrila Fluo

compt:  for gamma SubType=13 BuildTable=1
      Lambda table from 10 eV  to 1 MeV, 20 bins/decade, spline: 1
      LambdaPrime table from 1 MeV to 1 GeV in 60 bins 
      ===== EM models for the G4Region  DefaultRegionForTheWorld ======
   LowEPComptonModel : Emin=    0 eV  Emax=   20 MeV Fluo
        KleinNishina : Emin=   20 MeV Emax=    1 GeV Fluo

conv:  for gamma SubType=14 BuildTable=1
      Lambda table from 1.022 MeV to 1 GeV, 27 bins/decade, spline: 1
      ===== EM models for the G4Region  DefaultRegionForTheWorld ======
     BetheHeitlerLPM : Emin=    0 eV  Emax=    1 GeV  ModifiedTsai

Rayl:  for gamma SubType=11 BuildTable=1
      Lambda table from 10 eV  to 150 keV, 20 bins/decade, spline: 0
      LambdaPrime table from 150 keV to 1 GeV in 76 bins 
      ===== EM models for the G4Region  DefaultRegionForTheWorld ======
   LivermoreRayleigh : Emin=    0 eV  Emax=    1 GeV  CullenGenerator

msc:  for e-  SubType= 10
      ===== EM models for the G4Region  DefaultRegionForTheWorld ======
  GoudsmitSaunderson : Emin=    1 MeV Emax=    1 GeV Nbins=60   1 MeV -   1 GeV
          StepLim=SafetyPlus Rfact=0.08 Gfact=2.5 Sfact=0.6 DispFlag:1 Skin=3 Llim=1 mm

eIoni:  for e-  XStype:1  SubType=2
      dE/dx and range tables from 10 eV  to 1 GeV in 160 bins
      Lambda tables from threshold to 1 GeV, 20 bins/decade, spline: 1
      StepFunction=(0.2, 0.01 mm), integ: 1, fluct: 1, linLossLim= 0.01
      ===== EM models for the G4Region  DefaultRegionForTheWorld ======
        MollerBhabha : Emin=    1 MeV Emax=    1 GeV  deltaVI

eBrem:  for e-  XStype:4  SubType=3
      dE/dx and range tables from 10 eV  to 1 GeV in 160 bins
      Lambda tables from threshold to 1 GeV, 20 bins/decade, spline: 1
      LPM flag: 1 for E > 1 GeV,  VertexHighEnergyTh(GeV)= 100000
      ===== EM models for the G4Region  DefaultRegionForTheWorld ======
             eBremSB : Emin=    1 MeV Emax=    1 GeV  AngularGen2BS

e-_G4DNAElectronSolvation:  for e- SubType=58 BuildTable=0
      ===== EM models for the G4Region  DefaultRegionForTheWorld ======
DNAOneStepThermalizationModel_Meesungnoen2002 : Emin=    0 eV  Emax=  7.4 eV 
          DummyModel : Emin=  7.4 eV  Emax=    1 GeV
          StepLim=UseSafety Rfact=0.04 Gfact=2.5 Sfact=0.6 DispFlag:1 Skin=1 Llim=1 mm

e-_G4DNAElastic:  for e- SubType=51 BuildTable=0
      ===== EM models for the G4Region  DefaultRegionForTheWorld ======
DNAChampionElasticModel : Emin=    0 eV  Emax=    1 MeV
          DummyModel : Emin=    1 MeV Emax=    1 GeV
          StepLim=UseSafety Rfact=0.04 Gfact=2.5 Sfact=0.6 DispFlag:1 Skin=1 Llim=1 mm

e-_G4DNAExcitation:  for e- SubType=52 BuildTable=0
      ===== EM models for the G4Region  DefaultRegionForTheWorld ======
DNABornExcitationModel : Emin=    0 eV  Emax=    1 MeV
          DummyModel : Emin=    1 MeV Emax=    1 GeV
          StepLim=UseSafety Rfact=0.04 Gfact=2.5 Sfact=0.6 DispFlag:1 Skin=1 Llim=1 mm

e-_G4DNAIonisation:  for e- SubType=53 BuildTable=0
      ===== EM models for the G4Region  DefaultRegionForTheWorld ======
DNABornIonisationModel : Emin=    0 eV  Emax=    1 MeV  deltaBorn Fluo
          DummyModel : Emin=    1 MeV Emax=    1 GeV
          StepLim=UseSafety Rfact=0.04 Gfact=2.5 Sfact=0.6 DispFlag:1 Skin=1 Llim=1 mm

e-_G4DNAVibExcitation:  for e- SubType=54 BuildTable=0
      ===== EM models for the G4Region  DefaultRegionForTheWorld ======
DNASancheExcitationModel : Emin=    0 eV  Emax=  100 eV 
          DummyModel : Emin=  100 eV  Emax=    1 GeV
          StepLim=UseSafety Rfact=0.04 Gfact=2.5 Sfact=0.6 DispFlag:1 Skin=1 Llim=1 mm

e-_G4DNAAttachment:  for e- SubType=55 BuildTable=0
      ===== EM models for the G4Region  DefaultRegionForTheWorld ======
DNAMeltonAttachmentModel : Emin=    0 eV  Emax=   13 eV 
          DummyModel : Emin=   13 eV  Emax=    1 GeV
          StepLim=UseSafety Rfact=0.04 Gfact=2.5 Sfact=0.6 DispFlag:1 Skin=1 Llim=1 mm

msc:  for e+  SubType= 10
      ===== EM models for the G4Region  DefaultRegionForTheWorld ======
  GoudsmitSaunderson : Emin=    0 eV  Emax=    1 GeV Nbins=140 100 eV  -   1 GeV
          StepLim=SafetyPlus Rfact=0.08 Gfact=2.5 Sfact=0.6 DispFlag:1 Skin=3 Llim=1 mm

eIoni:  for e+  XStype:1  SubType=2
      dE/dx and range tables from 10 eV  to 1 GeV in 160 bins
      Lambda tables from threshold to 1 GeV, 20 bins/decade, spline: 1
      StepFunction=(0.2, 0.01 mm), integ: 1, fluct: 1, linLossLim= 0.01
      ===== EM models for the G4Region  DefaultRegionForTheWorld ======
        MollerBhabha : Emin=    0 eV  Emax=    1 GeV  deltaVI

eBrem:  for e+  XStype:4  SubType=3
      dE/dx and range tables from 10 eV  to 1 GeV in 160 bins
      Lambda tables from threshold to 1 GeV, 20 bins/decade, spline: 1
      LPM flag: 1 for E > 1 GeV,  VertexHighEnergyTh(GeV)= 100000
      ===== EM models for the G4Region  DefaultRegionForTheWorld ======
             eBremSB : Emin=    0 eV  Emax=    1 GeV  AngularGen2BS

annihil:  for e+ XStype:2 SubType=5 BuildTable=0
      ===== EM models for the G4Region  DefaultRegionForTheWorld ======
            eplus2gg : Emin=    0 eV  Emax=    1 GeV

msc:  for proton  SubType= 10
      ===== EM models for the G4Region  DefaultRegionForTheWorld ======
            UrbanMsc : Emin=    1 MeV Emax=    1 GeV Nbins=60   1 MeV -   1 GeV
          StepLim=Minimal Rfact=0.2 Gfact=2.5 Sfact=0.6 DispFlag:0 Skin=3 Llim=1 mm

hIoni:  for proton  XStype:3  SubType=2
      dE/dx and range tables from 10 eV  to 1 GeV in 160 bins
      Lambda tables from threshold to 1 GeV, 20 bins/decade, spline: 1
      StepFunction=(0.1, 0.05 mm), integ: 3, fluct: 1, linLossLim= 0.01
      ===== EM models for the G4Region  DefaultRegionForTheWorld ======
          BetheBloch : Emin=  300 MeV Emax=    1 GeV  deltaVI

proton_G4DNAElastic:  for proton SubType=51 BuildTable=0
      ===== EM models for the G4Region  DefaultRegionForTheWorld ======
  DNAIonElasticModel : Emin=    0 eV  Emax=    1 MeV
          DummyModel : Emin=    1 MeV Emax=    1 GeV
          StepLim=UseSafety Rfact=0.04 Gfact=2.5 Sfact=0.6 DispFlag:1 Skin=1 Llim=1 mm

proton_G4DNAExcitation:  for proton SubType=52 BuildTable=0
      ===== EM models for the G4Region  DefaultRegionForTheWorld ======
DNAMillerGreenExcitationModel : Emin=    0 eV  Emax=  500 keV
DNABornExcitationModel : Emin=  500 keV Emax=  100 MeV
DNARPWBAExcitationModel : Emin=  100 MeV Emax=  300 MeV
          DummyModel : Emin=  300 MeV Emax=    1 GeV
          StepLim=UseSafety Rfact=0.04 Gfact=2.5 Sfact=0.6 DispFlag:1 Skin=1 Llim=1 mm

proton_G4DNAIonisation:  for proton SubType=53 BuildTable=0
      ===== EM models for the G4Region  DefaultRegionForTheWorld ======
DNARuddIonisationExtendedModel : Emin=    0 eV  Emax=  500 keV  deltaRudd Fluo
DNABornIonisationModel : Emin=  500 keV Emax=  100 MeV  deltaBorn Fluo
DNARPWBAIonisationModel : Emin=  100 MeV Emax=  300 MeV  deltaBorn Fluo
          DummyModel : Emin=  300 MeV Emax=    1 GeV
          StepLim=UseSafety Rfact=0.04 Gfact=2.5 Sfact=0.6 DispFlag:1 Skin=1 Llim=1 mm

proton_G4DNAChargeDecrease:  for proton SubType=56 BuildTable=0
      ===== EM models for the G4Region  DefaultRegionForTheWorld ======
DNADingfelderChargeDecreaseModel : Emin=    0 eV  Emax=    1 GeV

msc:  for GenericIon  SubType= 10
      ===== EM models for the G4Region  DefaultRegionForTheWorld ======
            UrbanMsc : Emin=    1 MeV Emax=    1 GeV
          StepLim=Minimal Rfact=0.2 Gfact=2.5 Sfact=0.6 DispFlag:0 Skin=3 Llim=1 mm

ionIoni:  for GenericIon  XStype:3  SubType=2
      dE/dx and range tables from 10 eV  to 1 GeV in 160 bins
      Lambda tables from threshold to 1 GeV, 20 bins/decade, spline: 1
      StepFunction=(0.1, 0.001 mm), integ: 3, fluct: 1, linLossLim= 0.02
      ===== EM models for the G4Region  DefaultRegionForTheWorld ======
          BetheBloch : Emin=  300 MeV Emax=    1 GeV  deltaVI

GenericIon_G4DNAIonisation:  for GenericIon SubType=53 BuildTable=0
      ===== EM models for the G4Region  DefaultRegionForTheWorld ======
DNARuddIonisationExtendedModel : Emin=    0 eV  Emax=  300 MeV  deltaRudd Fluo
          DummyModel : Emin=  300 MeV Emax=    1 GeV
          StepLim=UseSafety Rfact=0.04 Gfact=2.5 Sfact=0.6 DispFlag:1 Skin=1 Llim=1 mm

msc:  for alpha  SubType= 10
      ===== EM models for the G4Region  DefaultRegionForTheWorld ======
            UrbanMsc : Emin=    1 MeV Emax=    1 GeV
          StepLim=Minimal Rfact=0.2 Gfact=2.5 Sfact=0.6 DispFlag:0 Skin=3 Llim=1 mm

ionIoni:  for alpha  XStype:1  SubType=2
      dE/dx and range tables from 10 eV  to 1 GeV in 160 bins
      Lambda tables from threshold to 1 GeV, 20 bins/decade, spline: 1
      StepFunction=(0.1, 0.02 mm), integ: 1, fluct: 1, linLossLim= 0.02
      ===== EM models for the G4Region  DefaultRegionForTheWorld ======
          BetheBloch : Emin=  300 MeV Emax=    1 GeV  deltaVI

alpha_G4DNAElastic:  for alpha SubType=51 BuildTable=0
      ===== EM models for the G4Region  DefaultRegionForTheWorld ======
  DNAIonElasticModel : Emin=    0 eV  Emax=    1 MeV
          DummyModel : Emin=    1 MeV Emax=    1 GeV
          StepLim=UseSafety Rfact=0.04 Gfact=2.5 Sfact=0.6 DispFlag:1 Skin=1 Llim=1 mm

alpha_G4DNAExcitation:  for alpha SubType=52 BuildTable=0
      ===== EM models for the G4Region  DefaultRegionForTheWorld ======
DNAMillerGreenExcitationModel : Emin=    0 eV  Emax=  300 MeV
          DummyModel : Emin=  300 MeV Emax=    1 GeV
          StepLim=UseSafety Rfact=0.04 Gfact=2.5 Sfact=0.6 DispFlag:1 Skin=1 Llim=1 mm

alpha_G4DNAIonisation:  for alpha SubType=53 BuildTable=0
      ===== EM models for the G4Region  DefaultRegionForTheWorld ======
DNARuddIonisationExtendedModel : Emin=    0 eV  Emax=  300 MeV  deltaRudd Fluo
          DummyModel : Emin=  300 MeV Emax=    1 GeV
          StepLim=UseSafety Rfact=0.04 Gfact=2.5 Sfact=0.6 DispFlag:1 Skin=1 Llim=1 mm

alpha_G4DNAChargeDecrease:  for alpha SubType=56 BuildTable=0
      ===== EM models for the G4Region  DefaultRegionForTheWorld ======
DNADingfelderChargeDecreaseModel : Emin=    0 eV  Emax=    1 GeV

msc:  for alpha+  SubType= 10
      ===== EM models for the G4Region  DefaultRegionForTheWorld ======
            UrbanMsc : Emin=    1 MeV Emax=    1 GeV
          StepLim=Minimal Rfact=0.2 Gfact=2.5 Sfact=0.6 DispFlag:0 Skin=3 Llim=1 mm

hIoni:  for alpha+  XStype:3  SubType=2
      dE/dx and range tables from 10 eV  to 1 GeV in 160 bins
      Lambda tables from threshold to 1 GeV, 20 bins/decade, spline: 1
      StepFunction=(0.1, 0.05 mm), integ: 3, fluct: 1, linLossLim= 0.01
      ===== EM models for the G4Region  DefaultRegionForTheWorld ======
          BetheBloch : Emin=  300 MeV Emax=    1 GeV  deltaVI

alpha+_G4DNAElastic:  for alpha+ SubType=51 BuildTable=0
      ===== EM models for the G4Region  DefaultRegionForTheWorld ======
  DNAIonElasticModel : Emin=    0 eV  Emax=    1 MeV
          DummyModel : Emin=    1 MeV Emax=    1 GeV
          StepLim=UseSafety Rfact=0.04 Gfact=2.5 Sfact=0.6 DispFlag:1 Skin=1 Llim=1 mm

alpha+_G4DNAExcitation:  for alpha+ SubType=52 BuildTable=0
      ===== EM models for the G4Region  DefaultRegionForTheWorld ======
DNAMillerGreenExcitationModel : Emin=    0 eV  Emax=  300 MeV
          DummyModel : Emin=  300 MeV Emax=    1 GeV
          StepLim=UseSafety Rfact=0.04 Gfact=2.5 Sfact=0.6 DispFlag:1 Skin=1 Llim=1 mm

alpha+_G4DNAIonisation:  for alpha+ SubType=53 BuildTable=0
      ===== EM models for the G4Region  DefaultRegionForTheWorld ======
DNARuddIonisationExtendedModel : Emin=    0 eV  Emax=  300 MeV  deltaRudd Fluo
          DummyModel : Emin=  300 MeV Emax=    1 GeV
          StepLim=UseSafety Rfact=0.04 Gfact=2.5 Sfact=0.6 DispFlag:1 Skin=1 Llim=1 mm

alpha+_G4DNAChargeIncrease:  for alpha+ SubType=57 BuildTable=0
      ===== EM models for the G4Region  DefaultRegionForTheWorld ======
DNADingfelderChargeIncreaseModel : Emin=    0 eV  Emax=    1 GeV

alpha+_G4DNAChargeDecrease:  for alpha+ SubType=56 BuildTable=0
      ===== EM models for the G4Region  DefaultRegionForTheWorld ======
DNADingfelderChargeDecreaseModel : Emin=    0 eV  Emax=    1 GeV

msc:  for anti_proton  SubType= 10
      ===== EM models for the G4Region  DefaultRegionForTheWorld ======
        WentzelVIUni : Emin=    0 eV  Emax=    1 GeV
          StepLim=Minimal Rfact=0.2 Gfact=2.5 Sfact=0.6 DispFlag:0 Skin=3 Llim=1 mm

hIoni:  for anti_proton  XStype:3  SubType=2
      dE/dx and range tables from 10 eV  to 1 GeV in 160 bins
      Lambda tables from threshold to 1 GeV, 20 bins/decade, spline: 1
      StepFunction=(0.1, 0.05 mm), integ: 3, fluct: 1, linLossLim= 0.01
      ===== EM models for the G4Region  DefaultRegionForTheWorld ======
            ICRU73QO : Emin=    0 eV  Emax=    2 MeV  deltaVI
          BetheBloch : Emin=    2 MeV Emax=    1 GeV  deltaVI

helium_G4DNAElastic:  for helium SubType=51 BuildTable=0
      ===== EM models for the G4Region  DefaultRegionForTheWorld ======
  DNAIonElasticModel : Emin=    0 eV  Emax=    1 MeV
          DummyModel : Emin=    1 MeV Emax=    1 GeV
          StepLim=UseSafety Rfact=0.04 Gfact=2.5 Sfact=0.6 DispFlag:1 Skin=1 Llim=1 mm

helium_G4DNAExcitation:  for helium SubType=52 BuildTable=0
      ===== EM models for the G4Region  DefaultRegionForTheWorld ======
DNAMillerGreenExcitationModel : Emin=    0 eV  Emax=  300 MeV
          DummyModel : Emin=  300 MeV Emax=    1 GeV
          StepLim=UseSafety Rfact=0.04 Gfact=2.5 Sfact=0.6 DispFlag:1 Skin=1 Llim=1 mm

helium_G4DNAIonisation:  for helium SubType=53 BuildTable=0
      ===== EM models for the G4Region  DefaultRegionForTheWorld ======
DNARuddIonisationExtendedModel : Emin=    0 eV  Emax=  300 MeV  deltaRudd Fluo
          DummyModel : Emin=  300 MeV Emax=    1 GeV
          StepLim=UseSafety Rfact=0.04 Gfact=2.5 Sfact=0.6 DispFlag:1 Skin=1 Llim=1 mm

helium_G4DNAChargeIncrease:  for helium SubType=57 BuildTable=0
      ===== EM models for the G4Region  DefaultRegionForTheWorld ======
DNADingfelderChargeIncreaseModel : Emin=    0 eV  Emax=    1 GeV

hydrogen_G4DNAElastic:  for hydrogen SubType=51 BuildTable=0
      ===== EM models for the G4Region  DefaultRegionForTheWorld ======
  DNAIonElasticModel : Emin=    0 eV  Emax=    1 MeV
          DummyModel : Emin=    1 MeV Emax=    1 GeV
          StepLim=UseSafety Rfact=0.04 Gfact=2.5 Sfact=0.6 DispFlag:1 Skin=1 Llim=1 mm

hydrogen_G4DNAExcitation:  for hydrogen SubType=52 BuildTable=0
      ===== EM models for the G4Region  DefaultRegionForTheWorld ======
DNAMillerGreenExcitationModel : Emin=    0 eV  Emax=  300 MeV
          DummyModel : Emin=  300 MeV Emax=    1 GeV
          StepLim=UseSafety Rfact=0.04 Gfact=2.5 Sfact=0.6 DispFlag:1 Skin=1 Llim=1 mm

hydrogen_G4DNAIonisation:  for hydrogen SubType=53 BuildTable=0
      ===== EM models for the G4Region  DefaultRegionForTheWorld ======
DNARuddIonisationExtendedModel : Emin=    0 eV  Emax=  300 MeV  deltaRudd Fluo
          DummyModel : Emin=  300 MeV Emax=    1 GeV
          StepLim=UseSafety Rfact=0.04 Gfact=2.5 Sfact=0.6 DispFlag:1 Skin=1 Llim=1 mm

hydrogen_G4DNAChargeIncrease:  for hydrogen SubType=57 BuildTable=0
      ===== EM models for the G4Region  DefaultRegionForTheWorld ======
DNADingfelderChargeIncreaseModel : Emin=    0 eV  Emax=    1 GeV

msc:  for kaon+  SubType= 10
      ===== EM models for the G4Region  DefaultRegionForTheWorld ======
        WentzelVIUni : Emin=    0 eV  Emax=    1 GeV
          StepLim=Minimal Rfact=0.2 Gfact=2.5 Sfact=0.6 DispFlag:0 Skin=3 Llim=1 mm

hIoni:  for kaon+  XStype:3  SubType=2
      dE/dx and range tables from 10 eV  to 1 GeV in 160 bins
      Lambda tables from threshold to 1 GeV, 20 bins/decade, spline: 1
      StepFunction=(0.1, 0.05 mm), integ: 3, fluct: 1, linLossLim= 0.01
      ===== EM models for the G4Region  DefaultRegionForTheWorld ======
               Bragg : Emin=    0 eV  Emax=1.05231 MeV  deltaVI
          BetheBloch : Emin=1.05231 MeV Emax=    1 GeV  deltaVI

msc:  for kaon-  SubType= 10
      ===== EM models for the G4Region  DefaultRegionForTheWorld ======
        WentzelVIUni : Emin=    0 eV  Emax=    1 GeV
          StepLim=Minimal Rfact=0.2 Gfact=2.5 Sfact=0.6 DispFlag:0 Skin=3 Llim=1 mm

hIoni:  for kaon-  XStype:3  SubType=2
      dE/dx and range tables from 10 eV  to 1 GeV in 160 bins
      Lambda tables from threshold to 1 GeV, 20 bins/decade, spline: 1
      StepFunction=(0.1, 0.05 mm), integ: 3, fluct: 1, linLossLim= 0.01
      ===== EM models for the G4Region  DefaultRegionForTheWorld ======
            ICRU73QO : Emin=    0 eV  Emax=1.05231 MeV  deltaVI
          BetheBloch : Emin=1.05231 MeV Emax=    1 GeV  deltaVI

msc:  for mu+  SubType= 10
      ===== EM models for the G4Region  DefaultRegionForTheWorld ======
        WentzelVIUni : Emin=    0 eV  Emax=    1 GeV
          StepLim=Minimal Rfact=0.2 Gfact=2.5 Sfact=0.6 DispFlag:0 Skin=3 Llim=1 mm

hIoni:  for mu+  XStype:3  SubType=2
      dE/dx and range tables from 10 eV  to 1 GeV in 160 bins
      Lambda tables from threshold to 1 GeV, 20 bins/decade, spline: 1
      StepFunction=(0.1, 0.05 mm), integ: 3, fluct: 1, linLossLim= 0.01
      ===== EM models for the G4Region  DefaultRegionForTheWorld ======
               Bragg : Emin=    0 eV  Emax=225.219 keV  deltaVI
          BetheBloch : Emin=225.219 keV Emax=    1 GeV  deltaVI

msc:  for mu-  SubType= 10
      ===== EM models for the G4Region  DefaultRegionForTheWorld ======
        WentzelVIUni : Emin=    0 eV  Emax=    1 GeV
          StepLim=Minimal Rfact=0.2 Gfact=2.5 Sfact=0.6 DispFlag:0 Skin=3 Llim=1 mm

hIoni:  for mu-  XStype:3  SubType=2
      dE/dx and range tables from 10 eV  to 1 GeV in 160 bins
      Lambda tables from threshold to 1 GeV, 20 bins/decade, spline: 1
      StepFunction=(0.1, 0.05 mm), integ: 3, fluct: 1, linLossLim= 0.01
      ===== EM models for the G4Region  DefaultRegionForTheWorld ======
            ICRU73QO : Emin=    0 eV  Emax=225.219 keV  deltaVI
          BetheBloch : Emin=225.219 keV Emax=    1 GeV  deltaVI

msc:  for pi+  SubType= 10
      ===== EM models for the G4Region  DefaultRegionForTheWorld ======
        WentzelVIUni : Emin=    0 eV  Emax=    1 GeV
          StepLim=Minimal Rfact=0.2 Gfact=2.5 Sfact=0.6 DispFlag:0 Skin=3 Llim=1 mm

hIoni:  for pi+  XStype:3  SubType=2
      dE/dx and range tables from 10 eV  to 1 GeV in 160 bins
      Lambda tables from threshold to 1 GeV, 20 bins/decade, spline: 1
      StepFunction=(0.1, 0.05 mm), integ: 3, fluct: 1, linLossLim= 0.01
      ===== EM models for the G4Region  DefaultRegionForTheWorld ======
               Bragg : Emin=    0 eV  Emax=297.505 keV  deltaVI
          BetheBloch : Emin=297.505 keV Emax=    1 GeV  deltaVI

msc:  for pi-  SubType= 10
      ===== EM models for the G4Region  DefaultRegionForTheWorld ======
        WentzelVIUni : Emin=    0 eV  Emax=    1 GeV
          StepLim=Minimal Rfact=0.2 Gfact=2.5 Sfact=0.6 DispFlag:0 Skin=3 Llim=1 mm

hIoni:  for pi-  XStype:3  SubType=2
      dE/dx and range tables from 10 eV  to 1 GeV in 160 bins
      Lambda tables from threshold to 1 GeV, 20 bins/decade, spline: 1
      StepFunction=(0.1, 0.05 mm), integ: 3, fluct: 1, linLossLim= 0.01
      ===== EM models for the G4Region  DefaultRegionForTheWorld ======
            ICRU73QO : Emin=    0 eV  Emax=297.505 keV  deltaVI
          BetheBloch : Emin=297.505 keV Emax=    1 GeV  deltaVI

=========================================================================
--> G4TaskRunManager::CreateAndStartWorkers() --> Initializing workers...
=========================================================================

G4VisManager: Using G4TrajectoryDrawByCharge as fallback trajectory model.
See commands in /vis/modeling/trajectories/ for other options.

========================================================================================
--> G4TaskRunManager::CreateAndStartWorkers() --> Creating 3 tasks with 3 events/task...
========================================================================================


 ======================= run summary ====================

 The run is 10 proton of 1.00 MeV through a sphere of radius 1.00 m  of G4_WATER (density: 1.00 g/cm3 )

 Track length of primary track = 24.635 um  +- 310.346 nm 
 Projected range               = 24.176 um  +- 311.598 nm 
 Penetration                   = 24.260 um  +- 305.614 nm 
There are histograms that can be viewed with visualization:
  4 h1 histograms(s)
  List them with "/analysis/list".
  View them immediately with "/vis/plot" or "/vis/reviewPlots".
  But...there are no entries. To make your histograms available for
  plotting in this UI session, use CloseFile(false) in your
  EndOfRunAction and Reset() in your BeginOfRunAction.

========================================================================================
--> G4TaskRunManager::CreateAndStartWorkers() --> Creating 3 tasks with 3 events/task...
========================================================================================


 ======================= run summary ====================

 The run is 10 proton of 100.00 MeV through a sphere of radius 1.00 m  of G4_WATER (density: 1.00 g/cm3 )

 Track length of primary track = 7.654 cm  +- 780.868 um 
 Projected range               = 7.649 cm  +- 782.279 um 
 Penetration                   = 7.652 cm  +- 781.638 um 
There are histograms that can be viewed with visualization:
  4 h1 histograms(s)
  List them with "/analysis/list".
  View them immediately with "/vis/plot" or "/vis/reviewPlots".
  But...there are no entries. To make your histograms available for
  plotting in this UI session, use CloseFile(false) in your
  EndOfRunAction and Reset() in your BeginOfRunAction.

========================================================================================
--> G4TaskRunManager::CreateAndStartWorkers() --> Creating 3 tasks with 3 events/task...
========================================================================================


 ======================= run summary ====================

 The run is 10 proton of 299.00 MeV through a sphere of radius 1.00 m  of G4_WATER (density: 1.00 g/cm3 )

 Track length of primary track = 51.372 cm  +- 5.408 mm 
 Projected range               = 51.349 cm  +- 5.436 mm 
 Penetration                   = 51.362 cm  +- 5.420 mm 
There are histograms that can be viewed with visualization:
  4 h1 histograms(s)
  List them with "/analysis/list".
  View them immediately with "/vis/plot" or "/vis/reviewPlots".
  But...there are no entries. To make your histograms available for
  plotting in this UI session, use CloseFile(false) in your
  EndOfRunAction and Reset() in your BeginOfRunAction.
Graphics systems deleted.
Visualization Manager deleting...
