
        ############################################
        !!! WARNING - FPE detection is activated !!!
        ############################################

**************************************************************
 Geant4 version Name: geant4-11-02-ref-03 [MT]   (28-March-2024)
  << in Multi-threaded mode >> 
                       Copyright : Geant4 Collaboration
                      References : NIM A 506 (2003), 250-303
                                 : IEEE-TNS 53 (2006), 270-278
                                 : NIM A 835 (2016), 186-225
                             WWW : http://geant4.org/
**************************************************************


***** Table : Nb of materials = 8 *****

 Material:    Water    density:  1.000 g/cm3   RadL:  36.092 cm   Nucl.Int.Length:  75.356 cm 
                       Imean:  78.000 eV   temperature: 293.15 K  pressure:   1.00 atm

   --->  Element: Hydrogen (H)   Z =  1.0   N =     1   A =  1.010 g/mole
         --->  Isotope:    H1   Z =  1   N =   1   A =   1.01 g/mole   abundance: 99.989 %
         --->  Isotope:    H2   Z =  1   N =   2   A =   2.01 g/mole   abundance:  0.011 %
          ElmMassFraction:  11.21 %  ElmAbundance  66.67 % 

   --->  Element: Oxygen (O)   Z =  8.0   N =    16   A = 16.000 g/mole
         --->  Isotope:   O16   Z =  8   N =  16   A =  15.99 g/mole   abundance: 99.757 %
         --->  Isotope:   O17   Z =  8   N =  17   A =  17.00 g/mole   abundance:  0.038 %
         --->  Isotope:   O18   Z =  8   N =  18   A =  18.00 g/mole   abundance:  0.205 %
          ElmMassFraction:  88.79 %  ElmAbundance  33.33 % 


 Material: Water_gas    density:  1.000 mg/cm3  RadL: 360.924 m    Nucl.Int.Length: 753.560 m  
                       Imean:  78.000 eV   temperature: 293.15 K  pressure:   1.00 atm

   --->  Element: Hydrogen (H)   Z =  1.0   N =     1   A =  1.010 g/mole
         --->  Isotope:    H1   Z =  1   N =   1   A =   1.01 g/mole   abundance: 99.989 %
         --->  Isotope:    H2   Z =  1   N =   2   A =   2.01 g/mole   abundance:  0.011 %
          ElmMassFraction:  11.21 %  ElmAbundance  66.67 % 

   --->  Element: Oxygen (O)   Z =  8.0   N =    16   A = 16.000 g/mole
         --->  Isotope:   O16   Z =  8   N =  16   A =  15.99 g/mole   abundance: 99.757 %
         --->  Isotope:   O17   Z =  8   N =  17   A =  17.00 g/mole   abundance:  0.038 %
         --->  Isotope:   O18   Z =  8   N =  18   A =  18.00 g/mole   abundance:  0.205 %
          ElmMassFraction:  88.79 %  ElmAbundance  33.33 % 


 Material: Graphite    density:  2.265 g/cm3   RadL:  18.851 cm   Nucl.Int.Length:  35.388 cm 
                       Imean:  81.000 eV   temperature: 293.15 K  pressure:   1.00 atm

   --->  Element: C (C)   Z =  6.0   N =    12   A = 12.011 g/mole
         --->  Isotope:   C12   Z =  6   N =  12   A =  12.00 g/mole   abundance: 98.930 %
         --->  Isotope:   C13   Z =  6   N =  13   A =  13.00 g/mole   abundance:  1.070 %
          ElmMassFraction: 100.00 %  ElmAbundance 100.00 % 


 Material: Graphite_gas    density:  2.265 mg/cm3  RadL: 188.508 m    Nucl.Int.Length: 353.880 m  
                       Imean:  81.000 eV   temperature: 293.15 K  pressure:   1.00 atm

   --->  Element: C (C)   Z =  6.0   N =    12   A = 12.011 g/mole
         --->  Isotope:   C12   Z =  6   N =  12   A =  12.00 g/mole   abundance: 98.930 %
         --->  Isotope:   C13   Z =  6   N =  13   A =  13.00 g/mole   abundance:  1.070 %
          ElmMassFraction: 100.00 %  ElmAbundance 100.00 % 


 Material: Aluminium    density:  2.700 g/cm3   RadL:   8.893 cm   Nucl.Int.Length:  38.880 cm 
                       Imean: 166.000 eV   temperature: 293.15 K  pressure:   1.00 atm

   --->  Element: Al (Al)   Z = 13.0   N =    27   A = 26.982 g/mole
         --->  Isotope:  Al27   Z = 13   N =  27   A =  26.98 g/mole   abundance: 100.000 %
          ElmMassFraction: 100.00 %  ElmAbundance 100.00 % 


 Material: Aluminium_gas    density:  2.700 mg/cm3  RadL:  88.930 m    Nucl.Int.Length: 388.800 m  
                       Imean: 166.000 eV   temperature: 293.15 K  pressure:   1.00 atm

   --->  Element: Al (Al)   Z = 13.0   N =    27   A = 26.982 g/mole
         --->  Isotope:  Al27   Z = 13   N =  27   A =  26.98 g/mole   abundance: 100.000 %
          ElmMassFraction: 100.00 %  ElmAbundance 100.00 % 


 Material: G4_WATER H_2O   density:  1.000 g/cm3   RadL:  36.083 cm   Nucl.Int.Length:  75.375 cm 
                       Imean:  78.000 eV   temperature: 293.15 K  pressure:   1.00 atm

   --->  Element: H (H)   Z =  1.0   N =     1   A =  1.008 g/mole
         --->  Isotope:    H1   Z =  1   N =   1   A =   1.01 g/mole   abundance: 99.989 %
         --->  Isotope:    H2   Z =  1   N =   2   A =   2.01 g/mole   abundance:  0.011 %
          ElmMassFraction:  11.19 %  ElmAbundance  66.67 % 

   --->  Element: O (O)   Z =  8.0   N =    16   A = 15.999 g/mole
         --->  Isotope:   O16   Z =  8   N =  16   A =  15.99 g/mole   abundance: 99.757 %
         --->  Isotope:   O17   Z =  8   N =  17   A =  17.00 g/mole   abundance:  0.038 %
         --->  Isotope:   O18   Z =  8   N =  18   A =  18.00 g/mole   abundance:  0.205 %
          ElmMassFraction:  88.81 %  ElmAbundance  33.33 % 


 Material: g4Water_gas H_2O   density:  1.000 mg/cm3  RadL: 360.830 m    Nucl.Int.Length: 753.748 m  
                       Imean:  78.000 eV   temperature: 293.15 K  pressure:   1.00 atm

   --->  Element: H (H)   Z =  1.0   N =     1   A =  1.008 g/mole
         --->  Isotope:    H1   Z =  1   N =   1   A =   1.01 g/mole   abundance: 99.989 %
         --->  Isotope:    H2   Z =  1   N =   2   A =   2.01 g/mole   abundance:  0.011 %
          ElmMassFraction:  11.19 %  ElmAbundance  66.67 % 

   --->  Element: O (O)   Z =  8.0   N =    16   A = 15.999 g/mole
         --->  Isotope:   O16   Z =  8   N =  16   A =  15.99 g/mole   abundance: 99.757 %
         --->  Isotope:   O17   Z =  8   N =  17   A =  17.00 g/mole   abundance:  0.038 %
         --->  Isotope:   O18   Z =  8   N =  18   A =  18.00 g/mole   abundance:  0.205 %
          ElmMassFraction:  88.81 %  ElmAbundance  33.33 % 



/control/cout/ignoreThreadsExcept 0
/run/verbose 1
/testem/phys/addPhysics standard_opt3
PhysicsList::AddPhysicsList: <standard_opt3>
/process/eLoss/StepFunction 0.2 10 um
/run/physicsModified
/run/initialize

==========================================================================================
G4TaskRunManager :: Using G4ThreadPool...
==========================================================================================


---------------------------------------------------------
---> The Wall is 5 mm  of G4_WATER ( 1 g/cm3  )
     The Cavity is 2 mm  of g4Water_gas ( 1 mg/cm3 )
---------------------------------------------------------

PhysicsList::SetCuts:CutLength : 10 km 
/run/physicsModified
=======================================================================
======                 Electromagnetic Physics Parameters      ========
=======================================================================
LPM effect enabled                                 1
Enable creation and use of sampling tables         0
Apply cuts on all EM processes                     0
Use combined TransportationWithMsc                 Disabled
Use general process                                0
Enable linear polarisation for gamma               0
Enable photoeffect sampling below K-shell          1
Enable sampling of quantum entanglement            0
X-section factor for integral approach             0.8
Min kinetic energy for tables                      10 eV 
Max kinetic energy for tables                      10 GeV
Number of bins per decade of a table               20
Verbose level                                      1
Verbose level for worker thread                    0
Bremsstrahlung energy threshold above which 
  primary e+- is added to the list of secondary    100 TeV
Bremsstrahlung energy threshold above which primary
  muon/hadron is added to the list of secondary    100 TeV
Lowest triplet kinetic energy                      1 MeV
Enable sampling of gamma linear polarisation       0
5D gamma conversion model type                     0
5D gamma conversion model on isolated ion          0
Livermore data directory                           epics_2017
=======================================================================
======                 Ionisation Parameters                   ========
=======================================================================
Step function for e+-                              (0.2, 0.01 mm)
Step function for muons/hadrons                    (0.2, 0.1 mm)
Step function for light ions                       (0.2, 0.1 mm)
Step function for general ions                     (0.2, 0.1 mm)
Lowest e+e- kinetic energy                         100 eV 
Lowest muon/hadron kinetic energy                  1 keV
Use ICRU90 data                                    0
Fluctuations of dE/dx are enabled                  1
Type of fluctuation model for leptons and hadrons  Urban
Use built-in Birks satuaration                     0
Build CSDA range enabled                           1
Use cut as a final range enabled                   0
Enable angular generator interface                 0
Max kinetic energy for CSDA tables                 10 GeV
Max kinetic energy for NIEL computation            0 eV 
Linear loss limit                                  0.01
Read data from file for e+e- pair production by mu 0
=======================================================================
======                 Multiple Scattering Parameters          ========
=======================================================================
Type of msc step limit algorithm for e+-           3
Type of msc step limit algorithm for muons/hadrons 0
Msc lateral displacement for e+- enabled           1
Msc lateral displacement for muons and hadrons     0
Urban msc model lateral displacement alg96         1
Range factor for msc step limit for e+-            0.04
Range factor for msc step limit for muons/hadrons  0.2
Geometry factor for msc step limitation of e+-     2.5
Safety factor for msc step limit for e+-           0.6
Skin parameter for msc step limitation of e+-      1
Lambda limit for msc step limit for e+-            1 mm
Use Mott correction for e- scattering              0
Factor used for dynamic computation of angular 
  limit between single and multiple scattering     1
Fixed angular limit between single 
  and multiple scattering                          3.1416 rad
Upper energy limit for e+- multiple scattering     100 MeV
Type of electron single scattering model           0
Type of nuclear form-factor                        1
Screening factor                                   1
=======================================================================

phot:  for gamma SubType=12 BuildTable=0
      LambdaPrime table from 200 keV to 10 GeV in 94 bins 
      ===== EM models for the G4Region  DefaultRegionForTheWorld ======
       PhotoElectric : Emin=    0 eV  Emax=   10 GeV  SauterGavrila

compt:  for gamma SubType=13 BuildTable=1
      Lambda table from 10 eV  to 1 MeV, 20 bins/decade, spline: 1
      LambdaPrime table from 1 MeV to 10 GeV in 80 bins 
      ===== EM models for the G4Region  DefaultRegionForTheWorld ======
     myKlein-Nishina : Emin=    0 eV  Emax=   10 GeV

conv:  for gamma SubType=14 BuildTable=1
      Lambda table from 1.022 MeV to 10 GeV, 25 bins/decade, spline: 1
      ===== EM models for the G4Region  DefaultRegionForTheWorld ======
     BetheHeitlerLPM : Emin=    0 eV  Emax=   10 GeV  ModifiedTsai

msc:  for e-  SubType= 10
      ===== EM models for the G4Region  DefaultRegionForTheWorld ======
            UrbanMsc : Emin=    0 eV  Emax=   10 GeV Nbins=160 100 eV  -  10 GeV
          StepLim=DistanceToBoundary Rfact=0.04 Gfact=2.5 Sfact=0.6 DispFlag:1 Skin=1 Llim=1 mm

eIoni:  for e-  XStype:1  SubType=2
      dE/dx and range tables from 10 eV  to 10 GeV in 180 bins
      Lambda tables from threshold to 10 GeV, 20 bins/decade, spline: 1
      StepFunction=(0.2, 0.01 mm), integ: 1, fluct: 1, linLossLim= 0.01
      ===== EM models for the G4Region  DefaultRegionForTheWorld ======
      myMollerBhabha : Emin=    0 eV  Emax=   10 GeV
      CSDA range table up to 10 GeV in 180 bins

msc:  for e+  SubType= 10
      ===== EM models for the G4Region  DefaultRegionForTheWorld ======
            UrbanMsc : Emin=    0 eV  Emax=   10 GeV Nbins=160 100 eV  -  10 GeV
          StepLim=DistanceToBoundary Rfact=0.04 Gfact=2.5 Sfact=0.6 DispFlag:1 Skin=1 Llim=1 mm

eIoni:  for e+  XStype:1  SubType=2
      dE/dx and range tables from 10 eV  to 10 GeV in 180 bins
      Lambda tables from threshold to 10 GeV, 20 bins/decade, spline: 1
      StepFunction=(0.2, 0.01 mm), integ: 1, fluct: 1, linLossLim= 0.01
      ===== EM models for the G4Region  DefaultRegionForTheWorld ======
      myMollerBhabha : Emin=    0 eV  Emax=   10 GeV
      CSDA range table up to 10 GeV in 180 bins

annihil:  for e+ XStype:2 SubType=5 BuildTable=0
      ===== EM models for the G4Region  DefaultRegionForTheWorld ======
            eplus2gg : Emin=    0 eV  Emax=   10 GeV

msc:  for proton  SubType= 10
      ===== EM models for the G4Region  DefaultRegionForTheWorld ======
            UrbanMsc : Emin=    0 eV  Emax=   10 GeV Nbins=160 100 eV  -  10 GeV
          StepLim=Minimal Rfact=0.2 Gfact=2.5 Sfact=0.6 DispFlag:0 Skin=1 Llim=1 mm

hIoni:  for proton  XStype:1  SubType=2
      dE/dx and range tables from 10 eV  to 10 GeV in 180 bins
      Lambda tables from threshold to 10 GeV, 20 bins/decade, spline: 1
      StepFunction=(0.2, 0.1 mm), integ: 1, fluct: 1, linLossLim= 0.01
      ===== EM models for the G4Region  DefaultRegionForTheWorld ======
               Bragg : Emin=    0 eV  Emax=    2 MeV
          BetheBloch : Emin=    2 MeV Emax=   10 GeV
      CSDA range table up to 10 GeV in 180 bins

=========================================================================
--> G4TaskRunManager::CreateAndStartWorkers() --> Initializing workers...
=========================================================================

G4WT0 > /control/cout/ignoreThreadsExcept 0
G4WT0 > /run/verbose 1
G4WT0 > /testem/phys/addPhysics standard_opt3
G4WT0 > /run/physicsModified 
G4WT0 > /run/initialize 
G4WT0 > /run/physicsModified 
G4WT0 > /control/verbose 1
G4WT0 > /control/cout/ignoreThreadsExcept 0
G4WT0 > /run/verbose 1
G4WT0 > /testem/phys/addPhysics standard_opt3
G4WT0 > /run/physicsModified 
G4WT0 > /run/initialize 
G4WT0 > /run/physicsModified 
/run/printProgress 1000
/run/beamOn 4000

========= Table of registered couples ============================

Index : 0     used in the geometry : Yes
 Material : G4_WATER
 Range cuts        :  gamma  10 km     e-  10 km     e+  10 km  proton 10 km 
 Energy thresholds :  gamma  9.54965 GeV    e-  9.54965 GeV    e+  9.54965 GeV proton 1 TeV
 Region(s) which use this couple : 
    DefaultRegionForTheWorld

Index : 1     used in the geometry : Yes
 Material : g4Water_gas
 Range cuts        :  gamma  10 km     e-  10 km     e+  10 km  proton 10 km 
 Energy thresholds :  gamma  9.54965 GeV    e-  9.54965 GeV    e+  9.54965 GeV proton 1 TeV
 Region(s) which use this couple : 
    DefaultRegionForTheWorld

==================================================================

### Run 0 starts.
### Run 0 start.
G4WT0 > /run/printProgress 1000

==========================================================================================
--> G4TaskRunManager::CreateAndStartWorkers() --> Creating 63 tasks with 63 events/task...
==========================================================================================

G4WT0 > ### Run 0 starts on worker thread 0.
G4WT0 > ### Run 0 start.
G4WT0 > [thread 0] Thread-local run terminated.
G4WT0 > [thread 0] Run Summary
G4WT0 > [thread 0]   Number of events processed : 315
G4WT0 > [thread 0]   User=5.020000s Real=0.455332s Sys=0.000000s [Cpu=1102.5%]
 Run terminated.
Run Summary
  Number of events processed : 4000
  User=5.240000s Real=0.681400s Sys=0.010000s [Cpu=770.5%]

 ======================== run summary ======================

 The run consists of 4000 gamma of 1.250 MeV through 2*5.000 mm  of G4_WATER (density: 1.000 g/cm3 )

 the cavity is 2.000 mm  of g4Water_gas (density: 1.000 mg/cm3); Mass = 0.628 mg

 ============================================================

 Process calls frequency --->  compt= 281466  Transportation= 76870  msc= 638857  eIoni= 2191852

 Gamma crossSections in wall material :  compt= 63.464 cm2/g   --> total= 63.464 cm2/g

 Mean energy of secondary e- = 587.6705 keV +- 0.1031 %  (--> range in wall material = 2.2182 mm )
 Mass_energy_transfer coef: 29.8366 cm2/g

 StoppingPower in wall   = 1.9647 MeV*cm2/g
               in cavity = 1.9647 MeV*cm2/g

 Charged particle flow in cavity :
      Enter --> nbParticles = 18618	 Energy = 9.5066 GeV
      Exit  --> nbParticles = 18612	 Energy = 9.5024 GeV

 Total edep in cavity = 12.6975 MeV +- 3.0136 %	 Total charged trackLength = 51.6025 m     (mean value = 2.7716 mm )
 Total dose in cavity = 20.2087 MeV/mg
 Dose/EnergyFluence   = 28.5693 cm2/g

 (Dose/EnergyFluence)/Mass_energy_transfer = 0.95753 +- 0.02887

 StepSize of ch. tracks in wall   = 167.4276 um  +- 185.9535 um 	 (nbSteps/track = 10.0349)
 StepSize of ch. tracks in cavity = 683.4047 um  +- 751.0887 um 	 (nbSteps/track = 4.0556)
G4WT0 > ================== Deleting memory pools ===================
G4WT0 > Number of memory pools allocated: 9; of which, static: 0
G4WT0 > Dynamic pools deleted: 9 / Total memory freed: 0.062 MB
G4WT0 > ============================================================
================== Deleting memory pools ===================
Number of memory pools allocated: 4; of which, static: 0
Dynamic pools deleted: 4 / Total memory freed: 0.0058 MB
============================================================
