Environment variable "G4FORCE_RUN_MANAGER_TYPE" enabled with value == Serial. Forcing G4RunManager type...

        ############################################
        !!! WARNING - FPE detection is activated !!!
        ############################################


          ################################
          !!! G4Backtrace is activated !!!
          ################################


**************************************************************
 Geant4 version Name: geant4-11-03-ref-09    (30-September-2025)
                       Copyright : Geant4 Collaboration
                      References : NIM A 506 (2003), 250-303
                                 : IEEE-TNS 53 (2006), 270-278
                                 : NIM A 835 (2016), 186-225
                             WWW : http://geant4.org/
**************************************************************

<<< Geant4 Physics List simulation engine: FTFP_BERT

G4VModularPhysicsList::ReplacePhysics: G4EmStandard with type : 2 is replaced with G4EmStandard_opt4
Using 
Visualization Manager instantiating with verbosity "warnings (3)"...
Visualization Manager initialising...
Registering graphics systems...

You have successfully registered the following graphics systems.
Registered graphics systems are:
  ASCIITree (ATree)
  DAWNFILE (DAWNFILE)
  G4HepRepFile (HepRepFile)
  RayTracer (RT)
  VRML2FILE (VRML2FILE)
  gMocrenFile (gMocrenFile)
  TOOLSSG_OFFSCREEN (TSG_OFFSCREEN, TSG_FILE)
  OpenGLImmediateQt (OGLIQt, OGLI)
  OpenGLStoredQt (OGLSQt, OGLS)
  OpenGLImmediateXm (OGLIXm, OGLIQt_FALLBACK)
  OpenGLStoredXm (OGLSXm, OGLSQt_FALLBACK)
  OpenGLImmediateX (OGLIX, OGLIQt_FALLBACK, OGLIXm_FALLBACK)
  OpenGLStoredX (OGLSX, OGLSQt_FALLBACK, OGLSXm_FALLBACK)
  RayTracerX (RTX)
  RayTracerQt (RTQt)
  Qt3D (Qt3D)
  TOOLSSG_X11_GLES (TSG_X11_GLES, TSGX11, TSG_XT_GLES_FALLBACK)
  TOOLSSG_X11_ZB (TSG_X11_ZB, TSGX11ZB)
  TOOLSSG_XT_GLES (TSG_XT_GLES, TSGXt, TSG_QT_GLES_FALLBACK)
  TOOLSSG_XT_ZB (TSG_XT_ZB, TSGXtZB)
  TOOLSSG_QT_GLES (TSG_QT_GLES, TSGQt, TSG, OGL)
  TOOLSSG_QT_ZB (TSG_QT_ZB, TSGQtZB, TSGZB)
You may choose a graphics system (driver) with a parameter of
the command "/vis/open" or "/vis/sceneHandler/create",
or you may omit the driver parameter and choose at run time:
- by argument in the construction of G4VisExecutive
- by environment variable "G4VIS_DEFAULT_DRIVER"
- by entry in "~/.g4session"
- by build flags.
- Note: This feature is not allowed in batch mode.
For further information see "examples/basic/B1/exampleB1.cc"
and "vis.mac".

Registering model factories...

You have successfully registered the following model factories.
Registered model factories:
  generic
  drawByAttribute
  drawByCharge
  drawByOriginVolume
  drawByParticleID
  drawByEncounteredVolume

Registered models:
  None

Registered filter factories:
  attributeFilter
  chargeFilter
  originVolumeFilter
  particleFilter
  encounteredVolumeFilter

Registered filters:
  None

You have successfully registered the following user vis actions.
Run Duration User Vis Actions: none
End of Event User Vis Actions: none
End of Run User Vis Actions: none

Some /vis commands (optionally) take a string to specify colour.
"/vis/list" to see available colours.
/run/verbose 1
/tracking/verbose 0
/event/verbose 0
/WLS/setPhotonDetGeometry Circle
/run/geometryModified
/WLS/setNumOfLayers 2
/run/geometryModified
/WLS/setSurfaceRoughness 0.999
/run/geometryModified
/WLS/setXYRatio 0.8
/run/geometryModified
/WLS/setWLSLength 1. m
/run/geometryModified
/WLS/setWLSRadius 0.5 mm
/run/geometryModified
/WLS/setClad1Radius 0.3 mm
/run/geometryModified
/WLS/setClad2Radius 0.1 mm
/run/geometryModified
/WLS/setPhotonDetHalfLength 0.6 mm
/run/geometryModified
/WLS/setGap 0.15 mm
/run/geometryModified
/WLS/setAlignment 0.1 deg
/run/geometryModified
/WLS/setMirror true
/run/geometryModified
/WLS/setBarLength 1.1 m
/run/geometryModified
/WLS/setBarBase 9.5 mm
/run/geometryModified
/WLS/setHoleRadius 0.9 mm
/run/geometryModified
/WLS/setCoatingThickness 0.3 mm
/run/geometryModified
/WLS/setCoatingRadius 1.775 mm
/run/geometryModified
/run/initialize
G4NistMaterialBuilder::FindOrBuildMaterial G4_Galactic
G4NistMaterialBuilder: BuildMaterial #286
New material nComponents= 1
G4NistElementBuilder: Build Element <H>  Z= 1  Aeff= 1.00794  with natural isotope composition
G4Material: Mean excitation energy is changed for G4_Galactic Iold= 19.2eV Inew= 21.8 eV
G4NistMaterialBuilder::FindOrBuildMaterial G4_AIR
G4NistMaterialBuilder: BuildMaterial #104
New material nComponents= 4
G4NistElementBuilder: Build Element <C>  Z= 6  Aeff= 12.0107  with natural isotope composition
G4NistElementBuilder: Build Element <N>  Z= 7  Aeff= 14.0068  with natural isotope composition
G4NistElementBuilder: Build Element <O>  Z= 8  Aeff= 15.9994  with natural isotope composition
G4NistElementBuilder: Build Element <Ar>  Z= 18  Aeff= 39.9477  with natural isotope composition
G4NistMaterialBuilder::FindOrBuildMaterial PMMA
G4NistMaterialBuilder::FindOrBuildMaterial WARNING: material <PMMA> is not found.
New material PMMA is prepared  nMaterials= 310 nComponents= 780 nCurrent= 3
G4NistMaterialBuilder: BuildMaterial #309
New material nComponents= 3
G4NistMaterialBuilder::FindOrBuildMaterial Pethylene
G4NistMaterialBuilder::FindOrBuildMaterial WARNING: material <Pethylene> is not found.
New material Pethylene is prepared  nMaterials= 311 nComponents= 783 nCurrent= 2
G4NistMaterialBuilder: BuildMaterial #310
New material nComponents= 2
G4NistMaterialBuilder::FindOrBuildMaterial FPethylene
G4NistMaterialBuilder::FindOrBuildMaterial WARNING: material <FPethylene> is not found.
New material FPethylene is prepared  nMaterials= 312 nComponents= 785 nCurrent= 2
G4NistMaterialBuilder: BuildMaterial #311
New material nComponents= 2
G4NistMaterialBuilder::FindOrBuildMaterial Polystyrene
G4NistMaterialBuilder::FindOrBuildMaterial WARNING: material <Polystyrene> is not found.
New material Polystyrene is prepared  nMaterials= 313 nComponents= 787 nCurrent= 2
G4NistMaterialBuilder: BuildMaterial #312
New material nComponents= 2
G4NistMaterialBuilder::FindOrBuildMaterial Silicone
G4NistMaterialBuilder::FindOrBuildMaterial WARNING: material <Silicone> is not found.
New material Silicone is prepared  nMaterials= 314 nComponents= 789 nCurrent= 2
G4NistMaterialBuilder: BuildMaterial #313
New material nComponents= 2
G4NistMaterialBuilder::FindOrBuildMaterial G4_Al
G4NistMaterialBuilder: BuildMaterial #13
New material nComponents= 1
G4NistElementBuilder: Build Element <Al>  Z= 13  Aeff= 26.9815  with natural isotope composition
G4NistMaterialBuilder::FindOrBuildMaterial TiO2
G4NistMaterialBuilder::FindOrBuildMaterial WARNING: material <TiO2> is not found.
New material TiO2 is prepared  nMaterials= 315 nComponents= 791 nCurrent= 2
G4NistMaterialBuilder: BuildMaterial #314
New material nComponents= 2
G4NistElementBuilder: Build Element <Ti>  Z= 22  Aeff= 47.8667  with natural isotope composition

 hInelastic FTFP_BERT : threshold between BERT and FTFP is over the interval 
 for pions :   3 to 6 GeV
 for kaons :   3 to 6 GeV
 for proton :  3 to 6 GeV
 for neutron : 3 to 6 GeV

### Adding tracking cuts for neutron  TimeCut(ns)= 10000  KinEnergyCut(MeV)= 0
### Birks coefficients used in run time
   Polystyrene     0.126 mm/MeV     0.01323 g/cm^2/MeV  massFactor=  504.5 effCharge= 18.5
/hits/verbose 2
/process/optical/verbose 1
/run/physicsModified
/gps/particle e-
/gps/energy 10 MeV
/gps/pos/type Plane
/gps/pos/shape Circle
/gps/pos/radius 0.5 mm
/gps/pos/centre 0.0 0.0 0.0 cm
/gps/pos/rot1 0 1 0
/gps/pos/rot2 0 0 1
/gps/ang/type iso
/gps/ang/mintheta 0.0 deg
/gps/ang/maxtheta 90.0 deg
/run/printProgress 1
/run/beamOn 10
=======================================================================
======                 Electromagnetic Physics Parameters      ========
=======================================================================
LPM effect enabled                                 1
Enable creation and use of sampling tables         0
Apply cuts on all EM processes                     0
Use combined TransportationWithMsc                 Disabled
Use general process                                1
Enable linear polarisation for gamma               0
Enable photoeffect sampling below K-shell          1
Enable sampling of quantum entanglement            0
X-section factor for integral approach             0.8
Min kinetic energy for tables                      100 eV 
Max kinetic energy for tables                      100 TeV
Number of bins per decade of a table               20
Verbose level                                      1
Verbose level for worker thread                    0
Bremsstrahlung energy threshold above which 
  primary e+- is added to the list of secondary    100 TeV
Bremsstrahlung energy threshold above which primary
  muon/hadron is added to the list of secondary    100 TeV
Positron annihilation at rest model                AllisonPositronium
Enable 3 gamma annihilation on fly                 1
Lowest triplet kinetic energy                      1 MeV
Enable sampling of gamma linear polarisation       0
5D gamma conversion model type                     0
5D gamma conversion model on isolated ion          0
Use RiGe 5D e+e- pair production model by muons    0
Livermore data directory                           epics_2017
=======================================================================
======                 Ionisation Parameters                   ========
=======================================================================
Step function for e+-                              (0.2, 0.01 mm)
Step function for muons/hadrons                    (0.1, 0.05 mm)
Step function for light ions                       (0.1, 0.02 mm)
Step function for general ions                     (0.1, 0.001 mm)
Lowest e+e- kinetic energy                         100 eV 
Lowest muon/hadron kinetic energy                  1 keV
Use ICRU90 data                                    1
Fluctuations of dE/dx are enabled                  1
Type of fluctuation model for leptons and hadrons  Urban
Use built-in Birks satuaration                     1
Build CSDA range enabled                           0
Use cut as a final range enabled                   0
Enable angular generator interface                 1
Max kinetic energy for CSDA tables                 1 GeV
Max kinetic energy for NIEL computation            1 MeV
Linear loss limit                                  0.01
Read data from file for e+e- pair production by mu 0
=======================================================================
======                 Multiple Scattering Parameters          ========
=======================================================================
Type of msc step limit algorithm for e+-           2
Type of msc step limit algorithm for muons/hadrons 0
Msc lateral displacement for e+- enabled           1
Msc lateral displacement for muons and hadrons     1
Urban msc model lateral displacement alg96         1
Range factor for msc step limit for e+-            0.08
Range factor for msc step limit for muons/hadrons  0.2
Geometry factor for msc step limitation of e+-     2.5
Safety factor for msc step limit for e+-           0.6
Skin parameter for msc step limitation of e+-      3
Lambda limit for msc step limit for e+-            1 mm
Use Mott correction for e- scattering              1
Factor used for dynamic computation of angular 
  limit between single and multiple scattering     1
Fixed angular limit between single 
  and multiple scattering                          3.1416 rad
Upper energy limit for e+- multiple scattering     100 MeV
Type of electron single scattering model           0
Type of nuclear form-factor                        1
Screening factor                                   1
=======================================================================
======                 Atomic Deexcitation Parameters          ========
=======================================================================
Fluorescence enabled                               1
Directory in G4LEDATA for fluorescence data files  fluor
Auger electron cascade enabled                     0
PIXE atomic de-excitation enabled                  0
De-excitation module ignores cuts                  0
Type of PIXE cross section for hadrons             Empirical
Type of PIXE cross section for e+-                 Livermore
=======================================================================

### ===  Deexcitation model UAtomDeexcitation is activated for 1 region:
          DefaultRegionForTheWorld  1  0  0
### ===  Ignore cuts flag:   0

phot:  for gamma SubType=12 BuildTable=0
      LambdaPrime table from 200 keV to 100 TeV in 174 bins 
      ===== EM models for the G4Region  DefaultRegionForTheWorld ======
 LivermorePhElectric : Emin=    0 eV  Emax=  100 TeV  SauterGavrila Fluo

compt:  for gamma SubType=13 BuildTable=1
      Lambda table from 100 eV  to 1 MeV, 20 bins/decade, spline: 1
      LambdaPrime table from 1 MeV to 100 TeV in 160 bins 
      ===== EM models for the G4Region  DefaultRegionForTheWorld ======
   LowEPComptonModel : Emin=    0 eV  Emax=   20 MeV Fluo
        KleinNishina : Emin=   20 MeV Emax=  100 TeV Fluo

conv:  for gamma SubType=14 BuildTable=1
      Lambda table from 1.022 MeV to 100 TeV, 20 bins/decade, spline: 1
      ===== EM models for the G4Region  DefaultRegionForTheWorld ======
      BetheHeitler5D : Emin=    0 eV  Emax=  100 TeV  ModifiedTsai

Rayl:  for gamma SubType=11 BuildTable=1
      Lambda table from 100 eV  to 150 keV, 20 bins/decade, spline: 0
      LambdaPrime table from 150 keV to 100 TeV in 176 bins 
      ===== EM models for the G4Region  DefaultRegionForTheWorld ======
   LivermoreRayleigh : Emin=    0 eV  Emax=  100 TeV  CullenGenerator

msc:  for e-  SubType= 10
      ===== EM models for the G4Region  DefaultRegionForTheWorld ======
  GoudsmitSaunderson : Emin=    0 eV  Emax=  100 MeV Nbins=120 100 eV  - 100 MeV
          StepLim=SafetyPlus Rfact=0.08 Gfact=2.5 Sfact=0.6 DispFlag:1 Skin=3 Llim=1 mm
        WentzelVIUni : Emin=  100 MeV Emax=  100 TeV Nbins=120 100 MeV - 100 TeV
          StepLim=SafetyPlus Rfact=0.08 Gfact=2.5 Sfact=0.6 DispFlag:1 Skin=3 Llim=1 mm

eIoni:  for e-  XStype:3  SubType=2
      dE/dx and range tables from 100 eV  to 100 TeV in 240 bins
      Lambda tables from threshold to 100 TeV, 20 bins/decade, spline: 1
      StepFunction=(0.2, 0.01 mm), integ: 3, fluct: 1, linLossLim= 0.01
      ===== EM models for the G4Region  DefaultRegionForTheWorld ======
             PenIoni : Emin=    0 eV  Emax=  100 keV
        MollerBhabha : Emin=  100 keV Emax=  100 TeV  deltaVI

eBrem:  for e-  XStype:4  SubType=3
      dE/dx and range tables from 100 eV  to 100 TeV in 240 bins
      Lambda tables from threshold to 100 TeV, 20 bins/decade, spline: 1
      LPM flag: 1 for E > 1 GeV,  VertexHighEnergyTh(GeV)= 100000
      ===== EM models for the G4Region  DefaultRegionForTheWorld ======
             eBremSB : Emin=    0 eV  Emax=    1 GeV  AngularGen2BS
            eBremLPM : Emin=    1 GeV Emax=  100 TeV  AngularGen2BS

ePairProd:  for e-  XStype:1  SubType=4
      dE/dx and range tables from 100 eV  to 100 TeV in 240 bins
      Lambda tables from threshold to 100 TeV, 20 bins/decade, spline: 0
      Sampling table 25x1001 from 0.1 GeV to 100 TeV 
      ===== EM models for the G4Region  DefaultRegionForTheWorld ======
           ePairProd : Emin=    0 eV  Emax=  100 TeV  ModifiedMephi

CoulombScat:  for e- XStype:1 SubType=1 BuildTable=1
      Lambda table from 100 MeV to 100 TeV, 20 bins/decade, spline: 0
      ThetaMin(p) < Theta(degree) < 180, pLimit(GeV^1)= 0.139531
      ===== EM models for the G4Region  DefaultRegionForTheWorld ======
  eCoulombScattering : Emin=  100 MeV Emax=  100 TeV

msc:  for e+  SubType= 10
      ===== EM models for the G4Region  DefaultRegionForTheWorld ======
  GoudsmitSaunderson : Emin=    0 eV  Emax=  100 MeV Nbins=120 100 eV  - 100 MeV
          StepLim=SafetyPlus Rfact=0.08 Gfact=2.5 Sfact=0.6 DispFlag:1 Skin=3 Llim=1 mm
        WentzelVIUni : Emin=  100 MeV Emax=  100 TeV Nbins=120 100 MeV - 100 TeV
          StepLim=SafetyPlus Rfact=0.08 Gfact=2.5 Sfact=0.6 DispFlag:1 Skin=3 Llim=1 mm

eIoni:  for e+  XStype:3  SubType=2
      dE/dx and range tables from 100 eV  to 100 TeV in 240 bins
      Lambda tables from threshold to 100 TeV, 20 bins/decade, spline: 1
      StepFunction=(0.2, 0.01 mm), integ: 3, fluct: 1, linLossLim= 0.01
      ===== EM models for the G4Region  DefaultRegionForTheWorld ======
             PenIoni : Emin=    0 eV  Emax=  100 keV
        MollerBhabha : Emin=  100 keV Emax=  100 TeV  deltaVI

eBrem:  for e+  XStype:4  SubType=3
      dE/dx and range tables from 100 eV  to 100 TeV in 240 bins
      Lambda tables from threshold to 100 TeV, 20 bins/decade, spline: 1
      LPM flag: 1 for E > 1 GeV,  VertexHighEnergyTh(GeV)= 100000
      ===== EM models for the G4Region  DefaultRegionForTheWorld ======
             eBremSB : Emin=    0 eV  Emax=    1 GeV  AngularGen2BS
            eBremLPM : Emin=    1 GeV Emax=  100 TeV  AngularGen2BS

ePairProd:  for e+  XStype:1  SubType=4
      dE/dx and range tables from 100 eV  to 100 TeV in 240 bins
      Lambda tables from threshold to 100 TeV, 20 bins/decade, spline: 0
      Sampling table 25x1001 from 0.1 GeV to 100 TeV 
      ===== EM models for the G4Region  DefaultRegionForTheWorld ======
           ePairProd : Emin=    0 eV  Emax=  100 TeV  ModifiedMephi

annihil:  for e+ XStype:2 SubType=5 AtRestModel:Allison BuildTable=0
      ===== EM models for the G4Region  DefaultRegionForTheWorld ======
    eplusTo2or3gamma : Emin=    0 eV  Emax=  100 TeV

CoulombScat:  for e+ XStype:1 SubType=1 BuildTable=1
      Lambda table from 100 MeV to 100 TeV, 20 bins/decade, spline: 0
      ThetaMin(p) < Theta(degree) < 180, pLimit(GeV^1)= 0.139531
      ===== EM models for the G4Region  DefaultRegionForTheWorld ======
  eCoulombScattering : Emin=  100 MeV Emax=  100 TeV

msc:  for proton  SubType= 10
      ===== EM models for the G4Region  DefaultRegionForTheWorld ======
        WentzelVIUni : Emin=    0 eV  Emax=  100 TeV Nbins=240 100 eV  - 100 TeV
          StepLim=Minimal Rfact=0.2 Gfact=2.5 Sfact=0.6 DispFlag:1 Skin=3 Llim=1 mm

hIoni:  for proton  XStype:3  SubType=2
      dE/dx and range tables from 100 eV  to 100 TeV in 240 bins
      Lambda tables from threshold to 100 TeV, 20 bins/decade, spline: 1
      StepFunction=(0.1, 0.05 mm), integ: 3, fluct: 1, linLossLim= 0.01
      ===== EM models for the G4Region  DefaultRegionForTheWorld ======
               Bragg : Emin=    0 eV  Emax=    2 MeV  deltaVI
          BetheBloch : Emin=    2 MeV Emax=  100 TeV  deltaVI

hBrems:  for proton  XStype:1  SubType=3
      dE/dx and range tables from 100 eV  to 100 TeV in 240 bins
      Lambda tables from threshold to 100 TeV, 20 bins/decade, spline: 1
      ===== EM models for the G4Region  DefaultRegionForTheWorld ======
               hBrem : Emin=    0 eV  Emax=  100 TeV  ModifiedMephi

hPairProd:  for proton  XStype:1  SubType=4
      dE/dx and range tables from 100 eV  to 100 TeV in 240 bins
      Lambda tables from threshold to 100 TeV, 20 bins/decade, spline: 1
      Sampling table 17x1001, from 7.50618 GeV to 100 TeV 
      ===== EM models for the G4Region  DefaultRegionForTheWorld ======
           hPairProd : Emin=    0 eV  Emax=  100 TeV  ModifiedMephi

CoulombScat:  for proton XStype:1 SubType=1 BuildTable=1
      Lambda table from threshold  to 100 TeV, 20 bins/decade, spline: 0
      ThetaMin(p) < Theta(degree) < 180, pLimit(GeV^1)= 0.139531
      ===== EM models for the G4Region  DefaultRegionForTheWorld ======
  eCoulombScattering : Emin=    0 eV  Emax=  100 TeV

nuclearStopping:  for proton SubType=8 BuildTable=0
      ===== EM models for the G4Region  DefaultRegionForTheWorld ======
   ICRU49NucStopping : Emin=    0 eV  Emax=    1 MeV

msc:  for GenericIon  SubType= 10
      ===== EM models for the G4Region  DefaultRegionForTheWorld ======
            UrbanMsc : Emin=    0 eV  Emax=  100 TeV
          StepLim=Minimal Rfact=0.2 Gfact=2.5 Sfact=0.6 DispFlag:1 Skin=3 Llim=1 mm

ionIoni:  for GenericIon  XStype:3  SubType=2
      dE/dx and range tables from 100 eV  to 100 TeV in 240 bins
      Lambda tables from threshold to 100 TeV, 20 bins/decade, spline: 1
      StepFunction=(0.1, 0.001 mm), integ: 3, fluct: 1, linLossLim= 0.02
      ===== EM models for the G4Region  DefaultRegionForTheWorld ======
    LindhardSorensen : Emin=    0 eV  Emax=  100 TeV  deltaVI

nuclearStopping:  for GenericIon SubType=8 BuildTable=0
      ===== EM models for the G4Region  DefaultRegionForTheWorld ======
   ICRU49NucStopping : Emin=    0 eV  Emax=    1 MeV

msc:  for alpha  SubType= 10
      ===== EM models for the G4Region  DefaultRegionForTheWorld ======
            UrbanMsc : Emin=    0 eV  Emax=  100 TeV
          StepLim=Minimal Rfact=0.2 Gfact=2.5 Sfact=0.6 DispFlag:1 Skin=3 Llim=1 mm

ionIoni:  for alpha  XStype:3  SubType=2
      dE/dx and range tables from 100 eV  to 100 TeV in 240 bins
      Lambda tables from threshold to 100 TeV, 20 bins/decade, spline: 1
      StepFunction=(0.1, 0.02 mm), integ: 3, fluct: 1, linLossLim= 0.02
      ===== EM models for the G4Region  DefaultRegionForTheWorld ======
            BraggIon : Emin=    0 eV  Emax=7.9452 MeV  deltaVI
          BetheBloch : Emin=7.9452 MeV Emax=  100 TeV  deltaVI

nuclearStopping:  for alpha SubType=8 BuildTable=0
      ===== EM models for the G4Region  DefaultRegionForTheWorld ======
   ICRU49NucStopping : Emin=    0 eV  Emax=    1 MeV

msc:  for anti_proton  SubType= 10
      ===== EM models for the G4Region  DefaultRegionForTheWorld ======
        WentzelVIUni : Emin=    0 eV  Emax=  100 TeV Nbins=240 100 eV  - 100 TeV
          StepLim=Minimal Rfact=0.2 Gfact=2.5 Sfact=0.6 DispFlag:1 Skin=3 Llim=1 mm

hIoni:  for anti_proton  XStype:3  SubType=2
      dE/dx and range tables from 100 eV  to 100 TeV in 240 bins
      Lambda tables from threshold to 100 TeV, 20 bins/decade, spline: 1
      StepFunction=(0.1, 0.05 mm), integ: 3, fluct: 1, linLossLim= 0.01
      ===== EM models for the G4Region  DefaultRegionForTheWorld ======
            ICRU73QO : Emin=    0 eV  Emax=    2 MeV  deltaVI
          BetheBloch : Emin=    2 MeV Emax=  100 TeV  deltaVI

hBrems:  for anti_proton  XStype:1  SubType=3
      dE/dx and range tables from 100 eV  to 100 TeV in 240 bins
      Lambda tables from threshold to 100 TeV, 20 bins/decade, spline: 1
      ===== EM models for the G4Region  DefaultRegionForTheWorld ======
               hBrem : Emin=    0 eV  Emax=  100 TeV  ModifiedMephi

hPairProd:  for anti_proton  XStype:1  SubType=4
      dE/dx and range tables from 100 eV  to 100 TeV in 240 bins
      Lambda tables from threshold to 100 TeV, 20 bins/decade, spline: 1
      Sampling table 17x1001, from 7.50618 GeV to 100 TeV 
      ===== EM models for the G4Region  DefaultRegionForTheWorld ======
           hPairProd : Emin=    0 eV  Emax=  100 TeV  ModifiedMephi

CoulombScat:  for anti_proton XStype:1 SubType=1 BuildTable=1
      Lambda table from threshold  to 100 TeV, 20 bins/decade, spline: 0
      ThetaMin(p) < Theta(degree) < 180, pLimit(GeV^1)= 0.139531
      ===== EM models for the G4Region  DefaultRegionForTheWorld ======
  eCoulombScattering : Emin=    0 eV  Emax=  100 TeV

msc:  for kaon+  SubType= 10
      ===== EM models for the G4Region  DefaultRegionForTheWorld ======
        WentzelVIUni : Emin=    0 eV  Emax=  100 TeV Nbins=240 100 eV  - 100 TeV
          StepLim=Minimal Rfact=0.2 Gfact=2.5 Sfact=0.6 DispFlag:1 Skin=3 Llim=1 mm

hIoni:  for kaon+  XStype:3  SubType=2
      dE/dx and range tables from 100 eV  to 100 TeV in 240 bins
      Lambda tables from threshold to 100 TeV, 20 bins/decade, spline: 1
      StepFunction=(0.1, 0.05 mm), integ: 3, fluct: 1, linLossLim= 0.01
      ===== EM models for the G4Region  DefaultRegionForTheWorld ======
               Bragg : Emin=    0 eV  Emax=1.05231 MeV  deltaVI
          BetheBloch : Emin=1.05231 MeV Emax=  100 TeV  deltaVI

hBrems:  for kaon+  XStype:1  SubType=3
      dE/dx and range tables from 100 eV  to 100 TeV in 240 bins
      Lambda tables from threshold to 100 TeV, 20 bins/decade, spline: 1
      ===== EM models for the G4Region  DefaultRegionForTheWorld ======
               hBrem : Emin=    0 eV  Emax=  100 TeV  ModifiedMephi

hPairProd:  for kaon+  XStype:1  SubType=4
      dE/dx and range tables from 100 eV  to 100 TeV in 240 bins
      Lambda tables from threshold to 100 TeV, 20 bins/decade, spline: 1
      Sampling table 18x1001, from 3.94942 GeV to 100 TeV 
      ===== EM models for the G4Region  DefaultRegionForTheWorld ======
           hPairProd : Emin=    0 eV  Emax=  100 TeV  ModifiedMephi

CoulombScat:  for kaon+ XStype:1 SubType=1 BuildTable=1
      Lambda table from threshold  to 100 TeV, 20 bins/decade, spline: 0
      ThetaMin(p) < Theta(degree) < 180, pLimit(GeV^1)= 0.139531
      ===== EM models for the G4Region  DefaultRegionForTheWorld ======
  eCoulombScattering : Emin=    0 eV  Emax=  100 TeV

msc:  for kaon-  SubType= 10
      ===== EM models for the G4Region  DefaultRegionForTheWorld ======
        WentzelVIUni : Emin=    0 eV  Emax=  100 TeV Nbins=240 100 eV  - 100 TeV
          StepLim=Minimal Rfact=0.2 Gfact=2.5 Sfact=0.6 DispFlag:1 Skin=3 Llim=1 mm

hIoni:  for kaon-  XStype:3  SubType=2
      dE/dx and range tables from 100 eV  to 100 TeV in 240 bins
      Lambda tables from threshold to 100 TeV, 20 bins/decade, spline: 1
      StepFunction=(0.1, 0.05 mm), integ: 3, fluct: 1, linLossLim= 0.01
      ===== EM models for the G4Region  DefaultRegionForTheWorld ======
            ICRU73QO : Emin=    0 eV  Emax=1.05231 MeV  deltaVI
          BetheBloch : Emin=1.05231 MeV Emax=  100 TeV  deltaVI

hBrems:  for kaon-  XStype:1  SubType=3
      dE/dx and range tables from 100 eV  to 100 TeV in 240 bins
      Lambda tables from threshold to 100 TeV, 20 bins/decade, spline: 1
      ===== EM models for the G4Region  DefaultRegionForTheWorld ======
               hBrem : Emin=    0 eV  Emax=  100 TeV  ModifiedMephi

hPairProd:  for kaon-  XStype:1  SubType=4
      dE/dx and range tables from 100 eV  to 100 TeV in 240 bins
      Lambda tables from threshold to 100 TeV, 20 bins/decade, spline: 1
      Sampling table 18x1001, from 3.94942 GeV to 100 TeV 
      ===== EM models for the G4Region  DefaultRegionForTheWorld ======
           hPairProd : Emin=    0 eV  Emax=  100 TeV  ModifiedMephi

CoulombScat:  for kaon- XStype:1 SubType=1 BuildTable=1
      Used Lambda table of kaon+
      ThetaMin(p) < Theta(degree) < 180, pLimit(GeV^1)= 0.139531
      ===== EM models for the G4Region  DefaultRegionForTheWorld ======
  eCoulombScattering : Emin=    0 eV  Emax=  100 TeV

msc:  for mu+  SubType= 10
      ===== EM models for the G4Region  DefaultRegionForTheWorld ======
        WentzelVIUni : Emin=    0 eV  Emax=  100 TeV Nbins=240 100 eV  - 100 TeV
          StepLim=Minimal Rfact=0.2 Gfact=2.5 Sfact=0.6 DispFlag:1 Skin=3 Llim=1 mm

muIoni:  for mu+  XStype:3  SubType=2
      dE/dx and range tables from 100 eV  to 100 TeV in 240 bins
      Lambda tables from threshold to 100 TeV, 20 bins/decade, spline: 1
      StepFunction=(0.1, 0.05 mm), integ: 3, fluct: 1, linLossLim= 0.01
      ===== EM models for the G4Region  DefaultRegionForTheWorld ======
               Bragg : Emin=    0 eV  Emax=  200 keV  deltaVI
        MuBetheBloch : Emin=  200 keV Emax=  100 TeV  deltaVI

muBrems:  for mu+  XStype:1  SubType=3
      dE/dx and range tables from 100 eV  to 100 TeV in 240 bins
      Lambda tables from threshold to 100 TeV, 20 bins/decade, spline: 1
      ===== EM models for the G4Region  DefaultRegionForTheWorld ======
              MuBrem : Emin=    0 eV  Emax=  100 TeV  ModifiedMephi

muPairProd:  for mu+  XStype:1  SubType=4
      dE/dx and range tables from 100 eV  to 100 TeV in 240 bins
      Lambda tables from threshold to 100 TeV, 20 bins/decade, spline: 1
      Sampling table 21x1001, from 0.85 GeV to 100 TeV 
      ===== EM models for the G4Region  DefaultRegionForTheWorld ======
          muPairProd : Emin=    0 eV  Emax=  100 TeV  ModifiedMephi

CoulombScat:  for mu+ XStype:1 SubType=1 BuildTable=1
      Lambda table from threshold  to 100 TeV, 20 bins/decade, spline: 0
      ThetaMin(p) < Theta(degree) < 180, pLimit(GeV^1)= 0.139531
      ===== EM models for the G4Region  DefaultRegionForTheWorld ======
  eCoulombScattering : Emin=    0 eV  Emax=  100 TeV

msc:  for mu-  SubType= 10
      ===== EM models for the G4Region  DefaultRegionForTheWorld ======
        WentzelVIUni : Emin=    0 eV  Emax=  100 TeV Nbins=240 100 eV  - 100 TeV
          StepLim=Minimal Rfact=0.2 Gfact=2.5 Sfact=0.6 DispFlag:1 Skin=3 Llim=1 mm

muIoni:  for mu-  XStype:3  SubType=2
      dE/dx and range tables from 100 eV  to 100 TeV in 240 bins
      Lambda tables from threshold to 100 TeV, 20 bins/decade, spline: 1
      StepFunction=(0.1, 0.05 mm), integ: 3, fluct: 1, linLossLim= 0.01
      ===== EM models for the G4Region  DefaultRegionForTheWorld ======
            ICRU73QO : Emin=    0 eV  Emax=  200 keV  deltaVI
        MuBetheBloch : Emin=  200 keV Emax=  100 TeV  deltaVI

muBrems:  for mu-  XStype:1  SubType=3
      dE/dx and range tables from 100 eV  to 100 TeV in 240 bins
      Lambda tables from threshold to 100 TeV, 20 bins/decade, spline: 1
      ===== EM models for the G4Region  DefaultRegionForTheWorld ======
              MuBrem : Emin=    0 eV  Emax=  100 TeV  ModifiedMephi

muPairProd:  for mu-  XStype:1  SubType=4
      dE/dx and range tables from 100 eV  to 100 TeV in 240 bins
      Lambda tables from threshold to 100 TeV, 20 bins/decade, spline: 1
      Sampling table 21x1001, from 0.85 GeV to 100 TeV 
      ===== EM models for the G4Region  DefaultRegionForTheWorld ======
          muPairProd : Emin=    0 eV  Emax=  100 TeV  ModifiedMephi

CoulombScat:  for mu- XStype:1 SubType=1 BuildTable=1
      Used Lambda table of mu+
      ThetaMin(p) < Theta(degree) < 180, pLimit(GeV^1)= 0.139531
      ===== EM models for the G4Region  DefaultRegionForTheWorld ======
  eCoulombScattering : Emin=    0 eV  Emax=  100 TeV

msc:  for pi+  SubType= 10
      ===== EM models for the G4Region  DefaultRegionForTheWorld ======
        WentzelVIUni : Emin=    0 eV  Emax=  100 TeV Nbins=240 100 eV  - 100 TeV
          StepLim=Minimal Rfact=0.2 Gfact=2.5 Sfact=0.6 DispFlag:1 Skin=3 Llim=1 mm

hIoni:  for pi+  XStype:3  SubType=2
      dE/dx and range tables from 100 eV  to 100 TeV in 240 bins
      Lambda tables from threshold to 100 TeV, 20 bins/decade, spline: 1
      StepFunction=(0.1, 0.05 mm), integ: 3, fluct: 1, linLossLim= 0.01
      ===== EM models for the G4Region  DefaultRegionForTheWorld ======
               Bragg : Emin=    0 eV  Emax=297.505 keV  deltaVI
          BetheBloch : Emin=297.505 keV Emax=  100 TeV  deltaVI

hBrems:  for pi+  XStype:1  SubType=3
      dE/dx and range tables from 100 eV  to 100 TeV in 240 bins
      Lambda tables from threshold to 100 TeV, 20 bins/decade, spline: 1
      ===== EM models for the G4Region  DefaultRegionForTheWorld ======
               hBrem : Emin=    0 eV  Emax=  100 TeV  ModifiedMephi

hPairProd:  for pi+  XStype:1  SubType=4
      dE/dx and range tables from 100 eV  to 100 TeV in 240 bins
      Lambda tables from threshold to 100 TeV, 20 bins/decade, spline: 1
      Sampling table 20x1001, from 1.11656 GeV to 100 TeV 
      ===== EM models for the G4Region  DefaultRegionForTheWorld ======
           hPairProd : Emin=    0 eV  Emax=  100 TeV  ModifiedMephi

CoulombScat:  for pi+ XStype:1 SubType=1 BuildTable=1
      Lambda table from threshold  to 100 TeV, 20 bins/decade, spline: 0
      ThetaMin(p) < Theta(degree) < 180, pLimit(GeV^1)= 0.139531
      ===== EM models for the G4Region  DefaultRegionForTheWorld ======
  eCoulombScattering : Emin=    0 eV  Emax=  100 TeV

msc:  for pi-  SubType= 10
      ===== EM models for the G4Region  DefaultRegionForTheWorld ======
        WentzelVIUni : Emin=    0 eV  Emax=  100 TeV Nbins=240 100 eV  - 100 TeV
          StepLim=Minimal Rfact=0.2 Gfact=2.5 Sfact=0.6 DispFlag:1 Skin=3 Llim=1 mm

hIoni:  for pi-  XStype:3  SubType=2
      dE/dx and range tables from 100 eV  to 100 TeV in 240 bins
      Lambda tables from threshold to 100 TeV, 20 bins/decade, spline: 1
      StepFunction=(0.1, 0.05 mm), integ: 3, fluct: 1, linLossLim= 0.01
      ===== EM models for the G4Region  DefaultRegionForTheWorld ======
            ICRU73QO : Emin=    0 eV  Emax=297.505 keV  deltaVI
          BetheBloch : Emin=297.505 keV Emax=  100 TeV  deltaVI

hBrems:  for pi-  XStype:1  SubType=3
      dE/dx and range tables from 100 eV  to 100 TeV in 240 bins
      Lambda tables from threshold to 100 TeV, 20 bins/decade, spline: 1
      ===== EM models for the G4Region  DefaultRegionForTheWorld ======
               hBrem : Emin=    0 eV  Emax=  100 TeV  ModifiedMephi

hPairProd:  for pi-  XStype:1  SubType=4
      dE/dx and range tables from 100 eV  to 100 TeV in 240 bins
      Lambda tables from threshold to 100 TeV, 20 bins/decade, spline: 1
      Sampling table 20x1001, from 1.11656 GeV to 100 TeV 
      ===== EM models for the G4Region  DefaultRegionForTheWorld ======
           hPairProd : Emin=    0 eV  Emax=  100 TeV  ModifiedMephi

CoulombScat:  for pi- XStype:1 SubType=1 BuildTable=1
      Used Lambda table of pi+
      ThetaMin(p) < Theta(degree) < 180, pLimit(GeV^1)= 0.139531
      ===== EM models for the G4Region  DefaultRegionForTheWorld ======
  eCoulombScattering : Emin=    0 eV  Emax=  100 TeV

====================================================================
                  HADRONIC PROCESSES SUMMARY (verbose level 1)
-----------------------------------------------------------------------
                           Hadronic Processes for neutron
  Process: hadElastic
        Model:             hElasticCHIPS: 0 eV  ---> 100 TeV
     Cr_sctns:        G4NeutronElasticXS: 0 eV  ---> 100 TeV
  Process: neutronInelastic
        Model:                      FTFP: 3 GeV ---> 100 TeV
        Model:            BertiniCascade: 0 eV  ---> 6 GeV
     Cr_sctns:      G4NeutronInelasticXS: 0 eV  ---> 100 TeV
  Process: nCapture
        Model:               nRadCapture: 0 eV  ---> 100 TeV
     Cr_sctns:        G4NeutronCaptureXS: 0 eV  ---> 100 TeV
  Process: nKiller
-----------------------------------------------------------------------
                           Hadronic Processes for B-
  Process: hadElastic
        Model:              hElasticLHEP: 0 eV  ---> 100 TeV
     Cr_sctns:            Glauber-Gribov: 0 eV  ---> 100 TeV
  Process: B-Inelastic
        Model:                      FTFP: 0 eV  ---> 100 TeV
     Cr_sctns:            Glauber-Gribov: 0 eV  ---> 100 TeV
-----------------------------------------------------------------------
                           Hadronic Processes for D-
  Process: hadElastic
        Model:              hElasticLHEP: 0 eV  ---> 100 TeV
     Cr_sctns:            Glauber-Gribov: 0 eV  ---> 100 TeV
  Process: D-Inelastic
        Model:                      FTFP: 0 eV  ---> 100 TeV
     Cr_sctns:            Glauber-Gribov: 0 eV  ---> 100 TeV
-----------------------------------------------------------------------
                           Hadronic Processes for GenericIon
  Process: ionInelastic
        Model:  Binary Light Ion Cascade: 0 eV /n ---> 6 GeV/n
        Model:                      FTFP: 3 GeV/n ---> 100 TeV/n
     Cr_sctns:  Glauber-Gribov Nucl-nucl: 0 eV  ---> 25.6 PeV
-----------------------------------------------------------------------
                           Hadronic Processes for He3
  Process: hadElastic
        Model:              hElasticLHEP: 0 eV /n ---> 100 TeV/n
     Cr_sctns:  Glauber-Gribov Nucl-nucl: 0 eV  ---> 25.6 PeV
  Process: He3Inelastic
        Model:  Binary Light Ion Cascade: 0 eV /n ---> 6 GeV/n
        Model:                      FTFP: 3 GeV/n ---> 100 TeV/n
     Cr_sctns:  Glauber-Gribov Nucl-nucl: 0 eV  ---> 25.6 PeV
-----------------------------------------------------------------------
                           Hadronic Processes for alpha
  Process: hadElastic
        Model:              hElasticLHEP: 0 eV /n ---> 100 TeV/n
     Cr_sctns:  Glauber-Gribov Nucl-nucl: 0 eV  ---> 25.6 PeV
  Process: alphaInelastic
        Model:  Binary Light Ion Cascade: 0 eV /n ---> 6 GeV/n
        Model:                      FTFP: 3 GeV/n ---> 100 TeV/n
     Cr_sctns:  Glauber-Gribov Nucl-nucl: 0 eV  ---> 25.6 PeV
-----------------------------------------------------------------------
                           Hadronic Processes for anti_He3
  Process: hadElastic
        Model:              hElasticLHEP: 0 eV /n ---> 100.1 MeV/n
        Model:              AntiAElastic: 100 MeV/n ---> 100 TeV/n
     Cr_sctns:              AntiAGlauber: 0 eV  ---> 25.6 PeV
  Process: anti_He3Inelastic
        Model:                      FTFP: 0 eV /n ---> 100 TeV/n
     Cr_sctns:              AntiAGlauber: 0 eV  ---> 25.6 PeV
  Process: hFritiofCaptureAtRest
-----------------------------------------------------------------------
                           Hadronic Processes for anti_alpha
  Process: hadElastic
        Model:              hElasticLHEP: 0 eV /n ---> 100.1 MeV/n
        Model:              AntiAElastic: 100 MeV/n ---> 100 TeV/n
     Cr_sctns:              AntiAGlauber: 0 eV  ---> 25.6 PeV
  Process: anti_alphaInelastic
        Model:                      FTFP: 0 eV /n ---> 100 TeV/n
     Cr_sctns:              AntiAGlauber: 0 eV  ---> 25.6 PeV
  Process: hFritiofCaptureAtRest
-----------------------------------------------------------------------
                           Hadronic Processes for anti_deuteron
  Process: hadElastic
        Model:              hElasticLHEP: 0 eV /n ---> 100.1 MeV/n
        Model:              AntiAElastic: 100 MeV/n ---> 100 TeV/n
     Cr_sctns:              AntiAGlauber: 0 eV  ---> 25.6 PeV
  Process: anti_deuteronInelastic
        Model:                      FTFP: 0 eV /n ---> 100 TeV/n
     Cr_sctns:              AntiAGlauber: 0 eV  ---> 25.6 PeV
  Process: hFritiofCaptureAtRest
-------------------------------------------------------------------------
                           Hadronic Processes for anti_hypertriton
  Process: hFritiofCaptureAtRest
-----------------------------------------------------------------------
                           Hadronic Processes for anti_lambda
  Process: hadElastic
        Model:              hElasticLHEP: 0 eV  ---> 100 TeV
     Cr_sctns:            Glauber-Gribov: 0 eV  ---> 100 TeV
  Process: anti_lambdaInelastic
        Model:                      FTFP: 0 eV  ---> 100 TeV
     Cr_sctns:            Glauber-Gribov: 0 eV  ---> 100 TeV
  Process: hFritiofCaptureAtRest
-----------------------------------------------------------------------
                           Hadronic Processes for anti_neutron
  Process: hadElastic
        Model:              hElasticLHEP: 0 eV  ---> 100.1 MeV
        Model:              AntiAElastic: 100 MeV ---> 100 TeV
     Cr_sctns:              AntiAGlauber: 0 eV  ---> 25.6 PeV
  Process: anti_neutronInelastic
        Model:                      FTFP: 0 eV  ---> 100 TeV
     Cr_sctns:              AntiAGlauber: 0 eV  ---> 25.6 PeV
  Process: hFritiofCaptureAtRest
-----------------------------------------------------------------------
                           Hadronic Processes for anti_proton
  Process: hadElastic
        Model:              hElasticLHEP: 0 eV  ---> 100.1 MeV
        Model:              AntiAElastic: 100 MeV ---> 100 TeV
     Cr_sctns:              AntiAGlauber: 0 eV  ---> 25.6 PeV
  Process: anti_protonInelastic
        Model:                      FTFP: 0 eV  ---> 100 TeV
     Cr_sctns:              AntiAGlauber: 0 eV  ---> 25.6 PeV
  Process: hFritiofCaptureAtRest
-----------------------------------------------------------------------
                           Hadronic Processes for anti_triton
  Process: hadElastic
        Model:              hElasticLHEP: 0 eV /n ---> 100.1 MeV/n
        Model:              AntiAElastic: 100 MeV/n ---> 100 TeV/n
     Cr_sctns:              AntiAGlauber: 0 eV  ---> 25.6 PeV
  Process: anti_tritonInelastic
        Model:                      FTFP: 0 eV /n ---> 100 TeV/n
     Cr_sctns:              AntiAGlauber: 0 eV  ---> 25.6 PeV
  Process: hFritiofCaptureAtRest
-----------------------------------------------------------------------
                           Hadronic Processes for deuteron
  Process: hadElastic
        Model:              hElasticLHEP: 0 eV /n ---> 100 TeV/n
     Cr_sctns:  Glauber-Gribov Nucl-nucl: 0 eV  ---> 25.6 PeV
  Process: dInelastic
        Model:  Binary Light Ion Cascade: 0 eV /n ---> 6 GeV/n
        Model:                      FTFP: 3 GeV/n ---> 100 TeV/n
     Cr_sctns:  Glauber-Gribov Nucl-nucl: 0 eV  ---> 25.6 PeV
-----------------------------------------------------------------------
                           Hadronic Processes for e+
  Process: positronNuclear
        Model:   G4ElectroVDNuclearModel: 0 eV  ---> 1 PeV
     Cr_sctns:          ElectroNuclearXS: 0 eV  ---> 100 TeV
-----------------------------------------------------------------------
                           Hadronic Processes for e-
  Process: electronNuclear
        Model:   G4ElectroVDNuclearModel: 0 eV  ---> 1 PeV
     Cr_sctns:          ElectroNuclearXS: 0 eV  ---> 100 TeV
-----------------------------------------------------------------------
                           Hadronic Processes for gamma
  Process: photonNuclear
        Model:               GammaNPreco: 0 eV  ---> 200 MeV
        Model:            BertiniCascade: 199 MeV ---> 6 GeV
        Model:           TheoFSGenerator: 3 GeV ---> 100 TeV
     Cr_sctns:            GammaNuclearXS: 0 eV  ---> 100 TeV
-----------------------------------------------------------------------
                           Hadronic Processes for kaon+
  Process: hadElastic
        Model:              hElasticLHEP: 0 eV  ---> 100 TeV
     Cr_sctns:            Glauber-Gribov: 0 eV  ---> 100 TeV
  Process: kaon+Inelastic
        Model:                      FTFP: 3 GeV ---> 100 TeV
        Model:            BertiniCascade: 0 eV  ---> 6 GeV
     Cr_sctns:            Glauber-Gribov: 0 eV  ---> 100 TeV
-----------------------------------------------------------------------
                           Hadronic Processes for kaon-
  Process: hadElastic
        Model:              hElasticLHEP: 0 eV  ---> 100 TeV
     Cr_sctns:            Glauber-Gribov: 0 eV  ---> 100 TeV
  Process: kaon-Inelastic
        Model:                      FTFP: 3 GeV ---> 100 TeV
        Model:            BertiniCascade: 0 eV  ---> 6 GeV
     Cr_sctns:            Glauber-Gribov: 0 eV  ---> 100 TeV
  Process: hBertiniCaptureAtRest
-----------------------------------------------------------------------
                           Hadronic Processes for lambda
  Process: hadElastic
        Model:              hElasticLHEP: 0 eV  ---> 100 TeV
     Cr_sctns:            Glauber-Gribov: 0 eV  ---> 100 TeV
  Process: lambdaInelastic
        Model:                      FTFP: 3 GeV ---> 100 TeV
        Model:            BertiniCascade: 0 eV  ---> 6 GeV
     Cr_sctns:            Glauber-Gribov: 0 eV  ---> 100 TeV
-----------------------------------------------------------------------
                           Hadronic Processes for mu+
  Process: muonNuclear
        Model:      G4MuonVDNuclearModel: 0 eV  ---> 1 PeV
     Cr_sctns:     KokoulinMuonNuclearXS: 0 eV  ---> 100 TeV
-----------------------------------------------------------------------
                           Hadronic Processes for mu-
  Process: muonNuclear
        Model:      G4MuonVDNuclearModel: 0 eV  ---> 1 PeV
     Cr_sctns:     KokoulinMuonNuclearXS: 0 eV  ---> 100 TeV
  Process: muMinusCaptureAtRest
-----------------------------------------------------------------------
                           Hadronic Processes for pi+
  Process: hadElastic
        Model:           hElasticGlauber: 0 eV  ---> 100 TeV
     Cr_sctns:  BarashenkovGlauberGribov: 0 eV  ---> 100 TeV
  Process: pi+Inelastic
        Model:                      FTFP: 3 GeV ---> 100 TeV
        Model:            BertiniCascade: 0 eV  ---> 6 GeV
     Cr_sctns:  BarashenkovGlauberGribov: 0 eV  ---> 100 TeV
-----------------------------------------------------------------------
                           Hadronic Processes for pi-
  Process: hadElastic
        Model:           hElasticGlauber: 0 eV  ---> 100 TeV
     Cr_sctns:  BarashenkovGlauberGribov: 0 eV  ---> 100 TeV
  Process: pi-Inelastic
        Model:                      FTFP: 3 GeV ---> 100 TeV
        Model:            BertiniCascade: 0 eV  ---> 6 GeV
     Cr_sctns:  BarashenkovGlauberGribov: 0 eV  ---> 100 TeV
  Process: hBertiniCaptureAtRest
-----------------------------------------------------------------------
                           Hadronic Processes for proton
  Process: hadElastic
        Model:             hElasticCHIPS: 0 eV  ---> 100 TeV
     Cr_sctns:  BarashenkovGlauberGribov: 0 eV  ---> 100 TeV
  Process: protonInelastic
        Model:                      FTFP: 3 GeV ---> 100 TeV
        Model:            BertiniCascade: 0 eV  ---> 6 GeV
     Cr_sctns:  BarashenkovGlauberGribov: 0 eV  ---> 100 TeV
-----------------------------------------------------------------------
                           Hadronic Processes for sigma-
  Process: hadElastic
        Model:              hElasticLHEP: 0 eV  ---> 100 TeV
     Cr_sctns:            Glauber-Gribov: 0 eV  ---> 100 TeV
  Process: sigma-Inelastic
        Model:                      FTFP: 3 GeV ---> 100 TeV
        Model:            BertiniCascade: 0 eV  ---> 6 GeV
     Cr_sctns:            Glauber-Gribov: 0 eV  ---> 100 TeV
  Process: hBertiniCaptureAtRest
-----------------------------------------------------------------------
                           Hadronic Processes for triton
  Process: hadElastic
        Model:              hElasticLHEP: 0 eV /n ---> 100 TeV/n
     Cr_sctns:  Glauber-Gribov Nucl-nucl: 0 eV  ---> 25.6 PeV
  Process: tInelastic
        Model:  Binary Light Ion Cascade: 0 eV /n ---> 6 GeV/n
        Model:                      FTFP: 3 GeV/n ---> 100 TeV/n
     Cr_sctns:  Glauber-Gribov Nucl-nucl: 0 eV  ---> 25.6 PeV
=======================================================================
======       Geant4 Native Pre-compound Model Parameters       ========
=======================================================================
Type of pre-compound model                          0
Type of pre-compound inverse x-section              1
Pre-compound model active                           1
Pre-compound excitation low energy                  100 keV
Pre-compound excitation high energy                 30 MeV
Angular generator for pre-compound model            1
Use NeverGoBack option for pre-compound model       0
Use SoftCutOff option for pre-compound model        0
Use CEM transitions for pre-compound model          1
Use GNASH transitions for pre-compound model        0
Use HETC submodel for pre-compound model            0
=======================================================================
======       Nuclear De-excitation Module Parameters           ========
=======================================================================
Type of de-excitation inverse x-section             3
Type of de-excitation factory                       Evaporation+GEM
Number of de-excitation channels                    68
Type of Fermi BreakUp model                         ModelVI
Min excitation energy                               10 eV 
Min energy per nucleon for multifragmentation       200 GeV
Limit excitation energy for Fermi BreakUp           20 MeV
Level density (1/MeV)                               0.075
Use simple level density model                      1
Use discrete excitation energy of the residual      0
Time limit for long lived isomeres                  1 ns 
Isomer production flag                              1
Internal e- conversion flag                         1
Store e- internal conversion data                   1
Correlated gamma emission flag                      0
Max 2J for sampling of angular correlations         10
=======================================================================

========= Table of registered couples ============================

Index : 0     used in the geometry : Yes
 Material : G4_AIR
 Range cuts        :  gamma  700 um     e-  700 um     e+  700 um  proton 700 um 
 Energy thresholds :  gamma  990 eV     e-  990 eV     e+  990 eV  proton 70 keV
 Region(s) which use this couple : 
    DefaultRegionForTheWorld

Index : 1     used in the geometry : Yes
 Material : Coating
 Range cuts        :  gamma  700 um     e-  700 um     e+  700 um  proton 700 um 
 Energy thresholds :  gamma  2.94006 keV    e-  353.752 keV    e+  343.944 keV proton 70 keV
 Region(s) which use this couple : 
    DefaultRegionForTheWorld

Index : 2     used in the geometry : Yes
 Material : Polystyrene
 Range cuts        :  gamma  700 um     e-  700 um     e+  700 um  proton 700 um 
 Energy thresholds :  gamma  2.11747 keV    e-  283.267 keV    e+  276.345 keV proton 70 keV
 Region(s) which use this couple : 
    DefaultRegionForTheWorld

Index : 3     used in the geometry : Yes
 Material : FPethylene
 Range cuts        :  gamma  700 um     e-  700 um     e+  700 um  proton 700 um 
 Energy thresholds :  gamma  2.29509 keV    e-  361.129 keV    e+  351.337 keV proton 70 keV
 Region(s) which use this couple : 
    DefaultRegionForTheWorld

Index : 4     used in the geometry : Yes
 Material : Pethylene
 Range cuts        :  gamma  700 um     e-  700 um     e+  700 um  proton 700 um 
 Energy thresholds :  gamma  2.1663 keV    e-  325.767 keV    e+  317.398 keV proton 70 keV
 Region(s) which use this couple : 
    DefaultRegionForTheWorld

Index : 5     used in the geometry : Yes
 Material : PMMA
 Range cuts        :  gamma  700 um     e-  700 um     e+  700 um  proton 700 um 
 Energy thresholds :  gamma  2.41092 keV    e-  306.404 keV    e+  298.561 keV proton 70 keV
 Region(s) which use this couple : 
    DefaultRegionForTheWorld

Index : 6     used in the geometry : Yes
 Material : G4_Al
 Range cuts        :  gamma  700 um     e-  700 um     e+  700 um  proton 700 um 
 Energy thresholds :  gamma  5.84707 keV    e-  461.19 keV    e+  445.1 keV proton 70 keV
 Region(s) which use this couple : 
    DefaultRegionForTheWorld

==================================================================

### Run 0 starts.
... set ntuple merging row mode : row-wise - done
... create file : wls.root - done
... open analysis file : wls.root - done
... open analysis file : wls.root - done
--> Event 0 starts.

-------->Hits Collection: in this event there are 31 hits in the photon detector: 
Arrival time: 6.97992 ns Arrival position: (197.655 um , -242.53 um ) Exit position: (192.027 um , -354.529 um ) Energy: 2.85272 eV 
Arrival time: 11.8077 ns Arrival position: (116.447 um , -498.252 um ) Exit position: (134.313 um , -386.918 um ) Energy: 2.54243 eV 
Arrival time: 7.66482 ns Arrival position: (-106.055 um , -216.837 um ) Exit position: (-152.49 um , -221.164 um ) Energy: 2.89862 eV 
Arrival time: 7.05507 ns Arrival position: (134.812 um , -444.616 um ) Exit position: (179.086 um , -314.236 um ) Energy: 2.59405 eV 
Arrival time: 29.0756 ns Arrival position: (-222.735 um , -202.25 um ) Exit position: (-128.388 um , -152.411 um ) Energy: 2.55054 eV 
Arrival time: 23.7517 ns Arrival position: ( 24.094 um , 42.8111 um ) Exit position: (-62.4308 um , 62.9837 um ) Energy: 2.50824 eV 
Arrival time: 12.0507 ns Arrival position: (-51.7463 um , 443.511 um ) Exit position: (-139.207 um , 361.455 um ) Energy: 2.43449 eV 
Arrival time: 27.1242 ns Arrival position: (184.894 um , 218.356 um ) Exit position: (99.3356 um , 274.309 um ) Energy:   2.623 eV 
Arrival time: 16.4005 ns Arrival position: (348.966 um , -55.9804 um ) Exit position: (366.301 um , 75.6465 um ) Energy: 2.43165 eV 
Arrival time: 9.33463 ns Arrival position: (171.942 um , -153.294 um ) Exit position: (247.927 um , -137.714 um ) Energy: 2.55436 eV 
Arrival time: 16.7763 ns Arrival position: (-146.806 um , 479.383 um ) Exit position: (-215.278 um , 412.884 um ) Energy: 2.86137 eV 
Arrival time: 11.7582 ns Arrival position: (-337.251 um , -44.2881 um ) Exit position: (-221.406 um , 54.5134 um ) Energy: 2.31645 eV 
Arrival time: 9.71395 ns Arrival position: (-230.194 um , 191.762 um ) Exit position: (-154.18 um , 260.517 um ) Energy: 2.70323 eV 
Arrival time: 9.60187 ns Arrival position: ( -95.26 um , -56.7677 um ) Exit position: (-74.5566 um , -101.354 um ) Energy: 2.33088 eV 
Arrival time: 24.6026 ns Arrival position: (-232.366 um , -320.224 um ) Exit position: (-297.644 um , -140.54 um ) Energy: 2.79838 eV 
Arrival time: 26.1788 ns Arrival position: (-216.769 um , 88.0457 um ) Exit position: (-148.524 um , 24.4711 um ) Energy: 2.82496 eV 
Arrival time: 7.02712 ns Arrival position: (-204.237 um , 383.974 um ) Exit position: (-161.367 um , 338.626 um ) Energy: 2.60298 eV 
Arrival time: 6.64261 ns Arrival position: (-172.915 um , 98.2478 um ) Exit position: (-210.502 um ,  22.494 um ) Energy: 2.71664 eV 
Arrival time: 9.80024 ns Arrival position: (-44.2266 um , 330.289 um ) Exit position: (31.3729 um , 312.351 um ) Energy: 2.77639 eV 
Arrival time:  14.629 ns Arrival position: (248.113 um , -40.7901 um ) Exit position: (236.547 um , -78.4345 um ) Energy: 2.43653 eV 
Arrival time: 44.4067 ns Arrival position: (500.344 um , 120.785 um ) Exit position: (327.672 um , -213.695 um ) Energy: 2.47766 eV 
Arrival time: 22.3799 ns Arrival position: (-202.391 um , 117.293 um ) Exit position: (-157.926 um , 136.463 um ) Energy: 2.56474 eV 
Arrival time: 25.5922 ns Arrival position: (-192.779 um , 182.558 um ) Exit position: (-335.757 um , 131.312 um ) Energy: 2.21775 eV 
Arrival time: 20.7664 ns Arrival position: (-275.623 um , 271.576 um ) Exit position: (-240.867 um , 335.195 um ) Energy: 2.36531 eV 
Arrival time: 10.0778 ns Arrival position: (-15.2754 um , 174.381 um ) Exit position: (-76.0671 um , 157.371 um ) Energy: 2.69513 eV 
Arrival time: 6.73995 ns Arrival position: (303.434 um , 308.653 um ) Exit position: (280.761 um , 308.912 um ) Energy: 2.80684 eV 
Arrival time:  9.2835 ns Arrival position: (-109.492 um , -270.118 um ) Exit position: (-134.515 um , -273.206 um ) Energy: 2.43507 eV 
Arrival time: 8.57901 ns Arrival position: (-317.961 um , 203.569 um ) Exit position: (-359.397 um , 187.863 um ) Energy: 2.77613 eV 
Arrival time: 11.3523 ns Arrival position: (225.999 um ,  159.89 um ) Exit position: (250.535 um , 174.428 um ) Energy: 2.39095 eV 
Arrival time: 11.0981 ns Arrival position: (-184.238 um , -400.927 um ) Exit position: (-74.5295 um , -387.393 um ) Energy: 2.15872 eV 
Arrival time: 27.4269 ns Arrival position: (-69.6086 um , 413.445 um ) Exit position: (-123.569 um ,  393.35 um ) Energy:   2.576 eV 
--> Event 1 starts.

-------->Hits Collection: in this event there are 13 hits in the photon detector: 
Arrival time:  5.9685 ns Arrival position: (117.357 um , -147.365 um ) Exit position: (87.7853 um , -187.159 um ) Energy: 2.59934 eV 
Arrival time: 6.14637 ns Arrival position: (-114.204 um , -472.81 um ) Exit position: (-71.8354 um , -388.944 um ) Energy: 2.63268 eV 
Arrival time: 17.2555 ns Arrival position: (182.837 um , -458.722 um ) Exit position: (204.889 um , -394.778 um ) Energy: 2.74708 eV 
Arrival time: 20.0511 ns Arrival position: (368.636 um , 310.313 um ) Exit position: (254.602 um , 306.818 um ) Energy: 2.87393 eV 
Arrival time: 12.6788 ns Arrival position: (133.134 um , 116.533 um ) Exit position: (87.3223 um , 71.7233 um ) Energy: 2.84259 eV 
Arrival time: 26.1985 ns Arrival position: (129.746 um ,  430.82 um ) Exit position: (31.8345 um , 376.235 um ) Energy: 2.53709 eV 
Arrival time: 18.8391 ns Arrival position: (-48.3145 um , -551.33 um ) Exit position: (-18.0156 um , -475.977 um ) Energy: 2.67557 eV 
Arrival time: 15.7019 ns Arrival position: (356.999 um , 87.0593 um ) Exit position: (235.767 um ,  302.75 um ) Energy: 2.81773 eV 
Arrival time: 18.3428 ns Arrival position: (68.1613 um , 194.972 um ) Exit position: (110.563 um , 93.8208 um ) Energy: 2.68664 eV 
Arrival time: 35.8001 ns Arrival position: (61.6002 um , -303.043 um ) Exit position: (153.404 um , -331.883 um ) Energy: 2.90749 eV 
Arrival time: 6.20797 ns Arrival position: (-159.108 um , 289.726 um ) Exit position: (-170.579 um , 260.954 um ) Energy:  2.8735 eV 
Arrival time: 9.63634 ns Arrival position: (-317.183 um , 66.5415 um ) Exit position: (-340.525 um , 222.622 um ) Energy:  2.2195 eV 
Arrival time:  12.513 ns Arrival position: (264.749 um , 234.805 um ) Exit position: (114.412 um , 419.053 um ) Energy: 2.20063 eV 
--> Event 2 starts.

-------->Hits Collection: in this event there are 9 hits in the photon detector: 
Arrival time: 7.97725 ns Arrival position: (-51.3178 um , -480.389 um ) Exit position: ( 47.796 um , -478.53 um ) Energy: 2.83278 eV 
Arrival time: 22.5741 ns Arrival position: (-30.0443 um , -357.227 um ) Exit position: (-13.4637 um , -434.834 um ) Energy: 2.60492 eV 
Arrival time:  9.0307 ns Arrival position: (-100.39 um , 319.627 um ) Exit position: (-84.3016 um , 389.675 um ) Energy: 2.62939 eV 
Arrival time: 18.2763 ns Arrival position: ( 50.944 um , -93.4254 um ) Exit position: (37.0913 um , -19.7194 um ) Energy:  2.3416 eV 
Arrival time: 9.85379 ns Arrival position: (414.343 um , 19.8997 um ) Exit position: (393.478 um , 534.973 nm ) Energy: 2.89179 eV 
Arrival time: 11.0687 ns Arrival position: (99.5964 um , 354.629 um ) Exit position: ( 84.758 um , 277.804 um ) Energy:  2.9451 eV 
Arrival time: 18.2085 ns Arrival position: (-336.922 um , -234.143 um ) Exit position: (-293.123 um , -242.753 um ) Energy: 2.58775 eV 
Arrival time: 19.4143 ns Arrival position: (-272.171 um , 215.516 um ) Exit position: (-238.939 um , 329.471 um ) Energy: 2.83525 eV 
Arrival time: 6.69839 ns Arrival position: (138.231 um , 370.322 um ) Exit position: (311.594 um , 272.125 um ) Energy: 2.51919 eV 
--> Event 3 starts.

-------->Hits Collection: in this event there are 1 hits in the photon detector: 
Arrival time: 8.53569 ns Arrival position: (98.2426 um , -340.646 um ) Exit position: (94.5179 um , -244.197 um ) Energy:  2.5724 eV 
--> Event 4 starts.

-------->Hits Collection: in this event there are 0 hits in the photon detector: 
--> Event 5 starts.

-------->Hits Collection: in this event there are 13 hits in the photon detector: 
Arrival time: 5.90352 ns Arrival position: ( 152.86 um , -194.772 um ) Exit position: (71.7213 um , -74.7996 um ) Energy: 2.74958 eV 
Arrival time: 16.1838 ns Arrival position: (66.8458 um , -270.627 um ) Exit position: (1.35887 um , -268.221 um ) Energy: 2.73672 eV 
Arrival time: 19.2605 ns Arrival position: (-402.326 um , -68.3761 um ) Exit position: (-361.488 um , -86.3394 um ) Energy: 2.70288 eV 
Arrival time: 25.0187 ns Arrival position: (29.7677 um , -93.0425 um ) Exit position: (58.1393 um , -57.5966 um ) Energy: 2.45608 eV 
Arrival time: 11.0078 ns Arrival position: (-213.552 um , 69.3961 um ) Exit position: (-249.649 um , 61.6829 um ) Energy: 2.84026 eV 
Arrival time:  8.4363 ns Arrival position: (-348.954 um , -157.649 um ) Exit position: (-311.815 um , -194.875 um ) Energy:  2.6712 eV 
Arrival time:  13.521 ns Arrival position: (-120.078 um , -290.417 um ) Exit position: (-114.362 um , -125.866 um ) Energy:  2.7272 eV 
Arrival time: 16.8638 ns Arrival position: (-309.701 um , -258.41 um ) Exit position: (-289.672 um , -167.701 um ) Energy: 2.76872 eV 
Arrival time: 27.8328 ns Arrival position: (261.617 um , -146.79 um ) Exit position: (371.478 um , -138.543 um ) Energy: 2.33411 eV 
Arrival time: 20.3881 ns Arrival position: (41.9696 um , 490.885 um ) Exit position: (24.7932 um , 364.541 um ) Energy: 2.83601 eV 
Arrival time: 19.0542 ns Arrival position: (-392.395 um , 224.148 um ) Exit position: (-327.868 um , 167.872 um ) Energy: 2.81463 eV 
Arrival time: 11.1201 ns Arrival position: (-35.1491 um , 58.8442 um ) Exit position: (-57.4407 um , 82.0328 um ) Energy:  2.7531 eV 
Arrival time: 15.7388 ns Arrival position: (-337.125 um , -235.09 um ) Exit position: (-196.581 um , -298.292 um ) Energy: 2.40815 eV 
--> Event 6 starts.

-------->Hits Collection: in this event there are 17 hits in the photon detector: 
Arrival time: 18.5529 ns Arrival position: (-142.995 um , -287.572 um ) Exit position: (-112.731 um , -175.849 um ) Energy: 2.39752 eV 
Arrival time: 28.4851 ns Arrival position: (-329.341 um , 351.556 um ) Exit position: (-277.923 um , 329.209 um ) Energy: 2.49391 eV 
Arrival time: 17.1952 ns Arrival position: (-361.398 um , 258.734 um ) Exit position: (-229.691 um , 244.126 um ) Energy: 2.62979 eV 
Arrival time: 23.4955 ns Arrival position: (192.151 um ,   -3.36 um ) Exit position: (44.4216 um , 45.5082 um ) Energy: 2.83239 eV 
Arrival time: 17.1184 ns Arrival position: (-390.791 um , -265.59 um ) Exit position: (-263.788 um , -252.363 um ) Energy: 2.40756 eV 
Arrival time: 13.3068 ns Arrival position: (166.523 um , -158.493 um ) Exit position: ( 60.407 um , -120.288 um ) Energy:  2.4537 eV 
Arrival time: 27.9297 ns Arrival position: (-36.7438 um , -358.465 um ) Exit position: (14.9235 um , -208.456 um ) Energy: 2.93636 eV 
Arrival time: 22.9946 ns Arrival position: (-458.56 um , 166.099 um ) Exit position: (-133.942 um , 433.906 um ) Energy:  2.7922 eV 
Arrival time: 25.1446 ns Arrival position: (-29.6427 um , -130.712 um ) Exit position: (-58.2753 um , -180.222 um ) Energy: 2.42952 eV 
Arrival time: 6.95236 ns Arrival position: (-288.794 um , 213.854 um ) Exit position: (-226.953 um , 211.155 um ) Energy: 2.99792 eV 
Arrival time: 11.8809 ns Arrival position: (284.004 um , 25.0946 um ) Exit position: (214.016 um , 16.1704 um ) Energy: 2.50898 eV 
Arrival time: 11.9983 ns Arrival position: (199.504 um , -32.4876 um ) Exit position: (111.487 um , 41.0076 um ) Energy:  2.6327 eV 
Arrival time: 24.9101 ns Arrival position: (-151.458 um , 306.092 um ) Exit position: (-205.918 um , 357.924 um ) Energy: 2.63859 eV 
Arrival time:  126.62 ns Arrival position: (19.4247 um , 26.3952 um ) Exit position: (90.9525 um , 12.6081 um ) Energy: 2.14777 eV 
Arrival time:  32.019 ns Arrival position: (-366.846 um , -132.957 um ) Exit position: (-316.614 um , -19.2236 um ) Energy: 2.75647 eV 
Arrival time: 18.3341 ns Arrival position: (487.666 um , -77.1676 um ) Exit position: (269.177 um , -269.903 um ) Energy: 2.78861 eV 
Arrival time: 13.3232 ns Arrival position: ( 260.09 um , -10.9354 um ) Exit position: (246.037 um , 28.5043 um ) Energy: 2.88628 eV 
--> Event 7 starts.

-------->Hits Collection: in this event there are 1 hits in the photon detector: 
Arrival time:  6.2382 ns Arrival position: (-282.791 um ,  37.131 um ) Exit position: (-339.652 um , -61.8016 um ) Energy: 2.33286 eV 
--> Event 8 starts.

-------->Hits Collection: in this event there are 9 hits in the photon detector: 
Arrival time: 13.4056 ns Arrival position: (115.843 um , 257.839 um ) Exit position: (32.3546 um , 337.426 um ) Energy: 2.75219 eV 
Arrival time: 22.5672 ns Arrival position: (-70.9627 um ,  180.85 um ) Exit position: (-203.832 um , 210.384 um ) Energy:  2.6461 eV 
Arrival time: 19.5674 ns Arrival position: (367.208 um , -241.957 um ) Exit position: (341.899 um , -239.366 um ) Energy: 2.81319 eV 
Arrival time: 12.2583 ns Arrival position: (-240.268 um , -94.1508 um ) Exit position: (-281.413 um , -57.923 um ) Energy: 2.74149 eV 
Arrival time: 17.0649 ns Arrival position: (-286.196 um , 67.4554 um ) Exit position: (-300.867 um , 124.758 um ) Energy: 2.53972 eV 
Arrival time:  11.123 ns Arrival position: (-80.6736 um , 51.4509 um ) Exit position: (-70.8016 um , 120.343 um ) Energy: 2.65655 eV 
Arrival time: 8.62021 ns Arrival position: (-240.277 um , -58.8334 um ) Exit position: (-295.588 um , -94.1554 um ) Energy: 2.67382 eV 
Arrival time: 34.3372 ns Arrival position: (-196.56 um , 9.28756 um ) Exit position: (-217.168 um , -11.4812 um ) Energy: 2.46712 eV 
Arrival time: 12.9628 ns Arrival position: (-307.44 um , 158.235 um ) Exit position: (-317.109 um , -51.3076 um ) Energy: 2.63355 eV 
--> Event 9 starts.

-------->Hits Collection: in this event there are 14 hits in the photon detector: 
Arrival time: 6.30187 ns Arrival position: (-126.289 um , -2.94007 um ) Exit position: (-28.044 um , 76.8211 um ) Energy: 2.24112 eV 
Arrival time: 5.74671 ns Arrival position: (-334.021 um , 205.784 um ) Exit position: (-382.889 um , 104.608 um ) Energy: 2.48419 eV 
Arrival time: 5.79282 ns Arrival position: (228.837 um , -412.661 um ) Exit position: ( 279.16 um , -302.957 um ) Energy: 2.05689 eV 
Arrival time: 6.95193 ns Arrival position: (-121.805 um , -537.892 um ) Exit position: (-16.3943 um , -466.049 um ) Energy: 2.68592 eV 
Arrival time: 31.7666 ns Arrival position: (211.886 um , 447.531 um ) Exit position: (183.335 um , 457.436 um ) Energy: 2.58233 eV 
Arrival time: 26.1464 ns Arrival position: (-234.173 um , -299.752 um ) Exit position: (-365.68 um , -190.03 um ) Energy: 2.37925 eV 
Arrival time:  9.3398 ns Arrival position: (-39.0381 um , 41.0067 um ) Exit position: (-130.472 um , 64.4934 um ) Energy: 2.57408 eV 
Arrival time: 6.75296 ns Arrival position: (-407.062 um , 183.698 um ) Exit position: (-337.596 um , 51.4537 um ) Energy: 2.62808 eV 
Arrival time: 28.9168 ns Arrival position: (-134.16 um , -353.707 um ) Exit position: (-201.239 um , -371.791 um ) Energy: 2.56403 eV 
Arrival time: 31.4175 ns Arrival position: (133.482 um , 262.628 um ) Exit position: (167.012 um , 292.004 um ) Energy:  2.8619 eV 
Arrival time: 6.60066 ns Arrival position: (288.121 um , 210.325 um ) Exit position: (291.794 um , 215.891 um ) Energy: 2.83796 eV 
Arrival time: 7.56025 ns Arrival position: (173.492 um , -246.02 um ) Exit position: (303.793 um , -192.073 um ) Energy: 2.82037 eV 
Arrival time: 7.22161 ns Arrival position: (-278.806 um , 243.586 um ) Exit position: (-234.881 um , 344.138 um ) Energy: 2.51738 eV 
Arrival time: 15.7765 ns Arrival position: (24.9742 um , 217.037 um ) Exit position: (58.6328 um , 58.4055 um ) Energy: 2.42513 eV 
 Run terminated.
Run Summary
  Number of events processed : 10
  User=5.070000s Real=5.087963s Sys=0.010000s

 ----> print histograms statistics for the entire run 

 Mean number of photons detected/event: 10.8 rms = 8.84081
... write file : wls.root - done
... close file : wls.root - done

 ======================== run summary =====================
Average number per event:
 TIR:          1.09e+05 +- 8.79e+04
 Exiting:      2.55e+05 +- 1.79e+05
 Escaped Mid:  225 +- 173
 Escaped End:  11 +- 9.11
 Bounced:      9.14e+03 +- 7.06e+03
 WLS Bounce:   0 +- 0
 Clad1 Bounce: 6.17e+03 +- 4.75e+03
 Clad2 Bounce: 0 +- 0
 Reflected:    1.35e+04 +- 1.07e+04
 Escaped:      0.2 +- 0.4
 Mirror:       14.4 +- 11.1
 Detector hit: 10.8 +- 8.84

Graphics systems deleted.
Visualization Manager deleting...
================== Deleting memory pools ===================
Number of memory pools allocated: 14 of which, static: 0
Dynamic pools deleted: 14 / Total memory freed: 1.2 MB
============================================================
